data/sales_data.csv
product_id,sku,date,quantity,price,revenue,cost,profit,discount_percent,competitor_price,season,day_of_week,is_holiday,promotion_active
1,SKU0001,2024-05-08,192,233.01,44738.35,34915.2,9823.15,19.5,287.19,Spring,Wednesday,False,True
1,SKU0001,2024-05-09,110,304.93,33542.55,20003.5,13539.05,0.0,312.67,Spring,Thursday,False,False
1,SKU0001,2024-05-10,210,243.45,51123.6,38188.5,12935.1,22.79,327.54,Spring,Friday,False,True
1,SKU0001,2024-05-11,117,285.81,33439.28,21276.45,12162.83,0.0,278.39,Spring,Saturday,False,False
1,SKU0001,2024-05-12,139,300.26,41736.32,25277.15,16459.17,0.0,266.26,Spring,Sunday,False,False
1,SKU0001,2024-05-13,112,313.09,35065.88,20367.2,14698.68,0.0,271.5,Spring,Monday,False,False
1,SKU0001,2024-05-14,144,276.84,39865.15,26186.4,13678.75,0.0,266.09,Spring,Tuesday,False,False
1,SKU0001,2024-05-15,236,247.13,58323.19,42916.6,15406.59,22.18,310.94,Spring,Wednesday,False,True
1,SKU0001,2024-05-16,90,292.75,26347.84,16366.5,9981.34,0.0,289.77,Spring,Thursday,False,False
1,SKU0001,2024-05-17,87,318.25,27687.86,15820.95,11866.91,0.0,323.18,Spring,Friday,False,False
1,SKU0001,2024-05-18,137,309.17,42355.8,24913.45,17442.35,0.0,310.16,Spring,Saturday,False,False
1,SKU0001,2024-05-19,134,312.58,41885.82,24367.9,17517.92,0.0,267.46,Spring,Sunday,False,False
1,SKU0001,2024-05-20,122,295.05,35996.35,22185.7,13810.65,0.0,309.82,Spring,Monday,False,False
1,SKU0001,2024-05-21,156,324.0,50544.3,28368.6,22175.7,0.0,332.03,Spring,Tuesday,False,False
1,SKU0001,2024-05-23,116,323.05,37473.87,21094.6,16379.27,0.0,274.02,Spring,Thursday,False,False
1,SKU0001,2024-05-24,131,291.5,38186.69,23822.35,14364.34,0.0,258.17,Spring,Friday,False,False
1,SKU0001,2024-05-25,141,307.1,43301.12,25640.85,17660.27,0.0,270.52,Spring,Saturday,False,False
1,SKU0001,2024-05-26,143,274.63,39272.13,26004.55,13267.58,0.0,277.18,Spring,Sunday,False,False
1,SKU0001,2024-05-27,127,293.44,37266.34,23094.95,14171.39,0.0,323.23,Spring,Monday,False,False
1,SKU0001,2024-05-28,94,307.18,28874.66,17093.9,11780.76,0.0,262.4,Spring,Tuesday,False,False
1,SKU0001,2024-05-29,101,310.22,31332.51,18366.85,12965.66,0.0,282.36,Spring,Wednesday,False,False
1,SKU0001,2024-05-30,101,302.21,30523.3,18366.85,12156.45,0.0,282.46,Spring,Thursday,False,False
1,SKU0001,2024-05-31,123,279.67,34399.55,22367.55,12032.0,0.0,283.37,Spring,Friday,False,False
1,SKU0001,2024-06-01,206,302.27,62267.56,37461.1,24806.46,0.0,261.75,Summer,Saturday,False,False
1,SKU0001,2024-06-03,152,285.58,43407.58,27641.2,15766.38,0.0,280.85,Summer,Monday,False,False
1,SKU0001,2024-06-04,111,273.24,30329.7,20185.35,10144.35,0.0,273.59,Summer,Tuesday,False,False
1,SKU0001,2024-06-05,111,315.43,35012.26,20185.35,14826.91,0.0,333.39,Summer,Wednesday,False,False
1,SKU0001,2024-06-06,168,277.14,46559.68,30550.8,16008.88,0.0,261.46,Summer,Thursday,False,False
1,SKU0001,2024-06-07,232,253.25,58754.85,42189.2,16565.65,22.93,309.75,Summer,Friday,False,True
1,SKU0001,2024-06-08,131,298.09,39049.91,23822.35,15227.56,0.0,259.51,Summer,Saturday,False,False
1,SKU0001,2024-06-09,125,321.34,40168.12,22731.25,17436.87,0.0,333.27,Summer,Sunday,False,False
1,SKU0001,2024-06-10,158,278.11,43942.02,28732.3,15209.72,0.0,279.74,Summer,Monday,False,False
1,SKU0001,2024-06-11,112,304.53,34107.64,20367.2,13740.44,0.0,285.83,Summer,Tuesday,False,False
1,SKU0001,2024-06-12,137,292.96,40135.7,24913.45,15222.25,0.0,304.03,Summer,Wednesday,False,False
1,SKU0001,2024-06-13,127,303.68,38567.77,23094.95,15472.82,0.0,289.38,Summer,Thursday,False,False
1,SKU0001,2024-06-14,105,322.41,33853.41,19094.25,14759.16,0.0,279.1,Summer,Friday,False,False
1,SKU0001,2024-06-15,220,284.73,62640.56,40007.0,22633.56,0.0,326.74,Summer,Saturday,False,False
1,SKU0001,2024-06-16,184,283.51,52165.82,33460.4,18705.42,0.0,302.55,Summer,Sunday,False,False
1,SKU0001,2024-06-17,82,318.83,26144.28,14911.7,11232.58,0.0,341.65,Summer,Monday,False,False
1,SKU0001,2024-06-18,125,311.28,38910.16,22731.25,16178.91,0.0,336.2,Summer,Tuesday,False,False
1,SKU0001,2024-06-19,127,281.92,35804.15,23094.95,12709.2,0.0,297.83,Summer,Wednesday,False,False
1,SKU0001,2024-06-20,153,289.42,44281.51,27823.05,16458.46,0.0,303.75,Summer,Thursday,False,False
1,SKU0001,2024-06-21,113,300.17,33918.67,20549.05,13369.62,0.0,333.24,Summer,Friday,False,False
1,SKU0001,2024-06-22,275,250.93,69005.05,50008.75,18996.3,22.83,303.72,Summer,Saturday,False,True
1,SKU0001,2024-06-23,161,306.37,49325.96,29277.85,20048.11,0.0,339.07,Summer,Sunday,False,False
1,SKU0001,2024-06-24,131,321.86,42163.63,23822.35,18341.28,0.0,286.85,Summer,Monday,False,False
1,SKU0001,2024-06-25,115,281.92,32420.41,20912.75,11507.66,0.0,267.03,Summer,Tuesday,False,False
1,SKU0001,2024-06-26,126,293.59,36992.32,22913.1,14079.22,0.0,303.49,Summer,Wednesday,False,False
1,SKU0001,2024-06-27,127,287.79,36549.23,23094.95,13454.28,0.0,297.57,Summer,Thursday,False,False
1,SKU0001,2024-06-28,127,282.39,35864.11,23094.95,12769.16,0.0,283.34,Summer,Friday,False,False
1,SKU0001,2024-06-29,202,293.28,59243.06,36733.7,22509.36,0.0,329.38,Summer,Saturday,False,False
1,SKU0001,2024-06-30,184,276.77,50925.19,33460.4,17464.79,0.0,319.3,Summer,Sunday,False,False
1,SKU0001,2024-07-01,96,316.64,30397.62,17457.6,12940.02,0.0,340.03,Summer,Monday,False,False
1,SKU0001,2024-07-02,152,292.98,44532.82,27641.2,16891.62,0.0,270.48,Summer,Tuesday,False,False
1,SKU0001,2024-07-03,147,331.43,48720.19,26731.95,21988.24,0.0,293.26,Summer,Wednesday,False,False
1,SKU0001,2024-07-04,169,329.63,55707.46,30732.65,24974.81,0.0,291.87,Summer,Thursday,True,False
1,SKU0001,2024-07-05,90,322.06,28985.76,16366.5,12619.26,0.0,332.99,Summer,Friday,False,False
1,SKU0001,2024-07-06,134,314.32,42118.76,24367.9,17750.86,0.0,316.36,Summer,Saturday,False,False
1,SKU0001,2024-07-07,189,294.7,55699.16,34369.65,21329.51,0.0,274.01,Summer,Sunday,False,False
1,SKU0001,2024-07-08,100,330.22,33021.59,18185.0,14836.59,0.0,278.22,Summer,Monday,False,False
1,SKU0001,2024-07-09,154,277.45,42727.21,28004.9,14722.31,0.0,266.81,Summer,Tuesday,False,False
1,SKU0001,2024-07-10,129,323.39,41717.78,23458.65,18259.13,0.0,261.05,Summer,Wednesday,False,False
1,SKU0001,2024-07-11,101,319.22,32241.47,18366.85,13874.62,0.0,291.87,Summer,Thursday,False,False
1,SKU0001,2024-07-12,115,323.16,37163.95,20912.75,16251.2,0.0,331.18,Summer,Friday,False,False
1,SKU0001,2024-07-13,79,299.3,23644.86,14366.15,9278.71,0.0,319.12,Summer,Saturday,False,False
1,SKU0001,2024-07-14,131,299.7,39260.38,23822.35,15438.03,0.0,325.68,Summer,Sunday,False,False
1,SKU0001,2024-07-15,121,305.14,36922.14,22003.85,14918.29,0.0,331.14,Summer,Monday,False,False
1,SKU0001,2024-07-16,94,323.39,30398.96,17093.9,13305.06,0.0,343.73,Summer,Tuesday,False,False
1,SKU0001,2024-07-17,160,300.76,48121.15,29096.0,19025.15,0.0,292.34,Summer,Wednesday,False,False
1,SKU0001,2024-07-18,88,331.34,29158.21,16002.8,13155.41,0.0,330.47,Summer,Thursday,False,False
1,SKU0001,2024-07-19,127,287.93,36566.63,23094.95,13471.68,0.0,337.1,Summer,Friday,False,False
1,SKU0001,2024-07-20,175,278.99,48823.35,31823.75,16999.6,0.0,335.01,Summer,Saturday,False,False
1,SKU0001,2024-07-21,172,319.03,54873.0,31278.2,23594.8,0.0,339.93,Summer,Sunday,False,False
1,SKU0001,2024-07-22,101,299.29,30228.27,18366.85,11861.42,0.0,277.81,Summer,Monday,False,False
1,SKU0001,2024-07-24,219,262.16,57412.66,39825.15,17587.51,13.54,291.71,Summer,Wednesday,False,True
1,SKU0001,2024-07-25,194,254.84,49438.49,35278.9,14159.59,22.59,329.57,Summer,Thursday,False,True
1,SKU0001,2024-07-26,144,290.16,41783.25,26186.4,15596.85,0.0,320.91,Summer,Friday,False,False
1,SKU0001,2024-07-27,148,315.54,46699.74,26913.8,19785.94,0.0,258.1,Summer,Saturday,False,False
1,SKU0001,2024-07-28,300,223.35,67005.14,54555.0,12450.14,22.52,323.74,Summer,Sunday,False,True
1,SKU0001,2024-07-29,144,279.51,40249.69,26186.4,14063.29,0.0,285.0,Summer,Monday,False,False
1,SKU0001,2024-07-30,244,232.88,56823.85,44371.4,12452.45,21.91,267.7,Summer,Tuesday,False,True
1,SKU0001,2024-08-01,150,287.44,43115.6,27277.5,15838.1,0.0,296.65,Summer,Thursday,False,False
1,SKU0001,2024-08-02,170,287.35,48850.19,30914.5,17935.69,0.0,318.03,Summer,Friday,False,False
1,SKU0001,2024-08-03,180,295.3,53153.56,32733.0,20420.56,11.02,303.75,Summer,Saturday,False,True
1,SKU0001,2024-08-04,198,306.36,60659.77,36006.3,24653.47,0.0,300.36,Summer,Sunday,False,False
1,SKU0001,2024-08-05,78,332.24,25914.62,14184.3,11730.32,0.0,259.09,Summer,Monday,False,False
1,SKU0001,2024-08-06,130,293.67,38177.43,23640.5,14536.93,0.0,314.74,Summer,Tuesday,False,False
1,SKU0001,2024-08-07,129,317.34,40936.36,23458.65,17477.71,0.0,261.65,Summer,Wednesday,False,False
1,SKU0001,2024-08-08,121,322.08,38972.12,22003.85,16968.27,0.0,328.46,Summer,Thursday,False,False
1,SKU0001,2024-08-09,109,314.92,34326.68,19821.65,14505.03,0.0,331.4,Summer,Friday,False,False
1,SKU0001,2024-08-10,249,265.88,66204.88,45280.65,20924.23,16.87,261.6,Summer,Saturday,False,True
1,SKU0001,2024-08-11,162,275.31,44600.57,29459.7,15140.87,0.0,304.48,Summer,Sunday,False,False
1,SKU0001,2024-08-12,114,305.69,34848.47,20730.9,14117.57,0.0,326.11,Summer,Monday,False,False
1,SKU0001,2024-08-13,149,294.41,43867.14,27095.65,16771.49,0.0,336.34,Summer,Tuesday,False,False
1,SKU0001,2024-08-14,149,280.32,41767.26,27095.65,14671.61,0.0,338.49,Summer,Wednesday,False,False
1,SKU0001,2024-08-15,102,327.0,33354.14,18548.7,14805.44,0.0,346.15,Summer,Thursday,False,False
1,SKU0001,2024-08-16,144,302.93,43621.9,26186.4,17435.5,0.0,304.83,Summer,Friday,False,False
1,SKU0001,2024-08-17,149,316.84,47209.87,27095.65,20114.22,0.0,312.4,Summer,Saturday,False,False
1,SKU0001,2024-08-18,169,305.84,51686.36,30732.65,20953.71,0.0,264.9,Summer,Sunday,False,False
1,SKU0001,2024-08-19,147,291.35,42828.53,26731.95,16096.58,0.0,296.36,Summer,Monday,False,False
1,SKU0001,2024-08-21,121,294.14,35591.27,22003.85,13587.42,0.0,282.58,Summer,Wednesday,False,False
1,SKU0001,2024-08-22,125,330.23,41278.77,22731.25,18547.52,0.0,315.58,Summer,Thursday,False,False
1,SKU0001,2024-08-23,127,321.33,40809.07,23094.95,17714.12,0.0,344.25,Summer,Friday,False,False
1,SKU0001,2024-08-24,147,309.6,45511.29,26731.95,18779.34,0.0,260.78,Summer,Saturday,False,False
1,SKU0001,2024-08-25,256,270.38,69218.44,46553.6,22664.84,15.49,309.19,Summer,Sunday,False,True
1,SKU0001,2024-08-26,144,313.93,45206.5,26186.4,19020.1,0.0,291.44,Summer,Monday,False,False
1,SKU0001,2024-08-27,113,307.56,34754.38,20549.05,14205.33,0.0,293.81,Summer,Tuesday,False,False
1,SKU0001,2024-08-28,148,287.9,42609.56,26913.8,15695.76,0.0,324.51,Summer,Wednesday,False,False
1,SKU0001,2024-08-29,127,296.23,37621.16,23094.95,14526.21,0.0,281.42,Summer,Thursday,False,False
1,SKU0001,2024-08-30,125,299.82,37477.91,22731.25,14746.66,0.0,283.58,Summer,Friday,False,False
1,SKU0001,2024-08-31,178,302.55,53853.29,32369.3,21483.99,0.0,335.16,Summer,Saturday,False,False
1,SKU0001,2024-09-01,109,327.25,35669.85,19821.65,15848.2,0.0,265.6,Fall,Sunday,False,False
1,SKU0001,2024-09-02,92,324.02,29810.22,16730.2,13080.02,0.0,289.21,Fall,Monday,False,False
1,SKU0001,2024-09-03,220,234.21,51526.01,40007.0,11519.01,23.37,322.34,Fall,Tuesday,False,True
1,SKU0001,2024-09-04,87,311.43,27094.13,15820.95,11273.18,0.0,303.88,Fall,Wednesday,False,False
1,SKU0001,2024-09-05,109,284.95,31060.05,19821.65,11238.4,0.0,329.48,Fall,Thursday,False,False
1,SKU0001,2024-09-06,152,258.77,39332.5,27641.2,11691.3,15.53,307.78,Fall,Friday,False,True
1,SKU0001,2024-09-07,129,278.0,35861.75,23458.65,12403.1,0.0,348.51,Fall,Saturday,False,False
1,SKU0001,2024-09-08,106,304.64,32291.58,19276.1,13015.48,0.0,332.48,Fall,Sunday,False,False
1,SKU0001,2024-09-09,155,266.58,41320.13,28186.75,13133.38,19.64,319.46,Fall,Monday,False,True
1,SKU0001,2024-09-10,89,325.99,29013.15,16184.65,12828.5,0.0,315.79,Fall,Tuesday,False,False
1,SKU0001,2024-09-11,70,331.34,23194.02,12729.5,10464.52,0.0,340.42,Fall,Wednesday,False,False
1,SKU0001,2024-09-12,225,245.83,55312.84,40916.25,14396.59,12.3,286.96,Fall,Thursday,False,True
1,SKU0001,2024-09-13,80,293.75,23499.72,14548.0,8951.72,0.0,338.99,Fall,Friday,False,False
1,SKU0001,2024-09-14,96,287.96,27644.42,17457.6,10186.82,0.0,307.7,Fall,Saturday,False,False
1,SKU0001,2024-09-15,135,291.13,39302.28,24549.75,14752.53,0.0,303.31,Fall,Sunday,False,False
1,SKU0001,2024-09-16,90,329.85,29686.36,16366.5,13319.86,0.0,317.51,Fall,Monday,False,False
1,SKU0001,2024-09-17,96,309.45,29707.5,17457.6,12249.9,0.0,308.86,Fall,Tuesday,False,False
1,SKU0001,2024-09-19,88,307.73,27080.55,16002.8,11077.75,0.0,327.35,Fall,Thursday,False,False
1,SKU0001,2024-09-20,75,311.51,23362.88,13638.75,9724.13,0.0,314.64,Fall,Friday,False,False
1,SKU0001,2024-09-21,97,330.76,32083.75,17639.45,14444.3,0.0,330.78,Fall,Saturday,False,False
1,SKU0001,2024-09-22,103,290.8,29952.53,18730.55,11221.98,0.0,263.07,Fall,Sunday,False,False
1,SKU0001,2024-09-23,104,302.13,31421.04,18912.4,12508.64,0.0,312.78,Fall,Monday,False,False
1,SKU0001,2024-09-24,83,316.32,26254.25,15093.55,11160.7,0.0,335.88,Fall,Tuesday,False,False
1,SKU0001,2024-09-25,88,280.7,24701.47,16002.8,8698.67,0.0,308.69,Fall,Wednesday,False,False
1,SKU0001,2024-09-26,87,301.05,26191.15,15820.95,10370.2,0.0,280.16,Fall,Thursday,False,False
1,SKU0001,2024-09-27,183,244.6,44761.01,33278.55,11482.46,15.76,280.19,Fall,Friday,False,True
1,SKU0001,2024-09-28,110,282.45,31069.76,20003.5,11066.26,0.0,310.14,Fall,Saturday,False,False
1,SKU0001,2024-09-29,88,319.03,28074.58,16002.8,12071.78,0.0,304.42,Fall,Sunday,False,False
1,SKU0001,2024-10-01,94,303.41,28520.54,17093.9,11426.64,0.0,277.18,Fall,Tuesday,False,False
1,SKU0001,2024-10-02,96,275.84,26480.21,17457.6,9022.61,0.0,337.84,Fall,Wednesday,False,False
1,SKU0001,2024-10-03,85,301.3,25610.25,15457.25,10153.0,0.0,334.65,Fall,Thursday,False,False
1,SKU0001,2024-10-04,84,326.26,27406.09,15275.4,12130.69,0.0,327.07,Fall,Friday,False,False
1,SKU0001,2024-10-05,87,297.05,25843.67,15820.95,10022.72,0.0,275.32,Fall,Saturday,False,False
1,SKU0001,2024-10-06,97,277.23,26891.23,17639.45,9251.78,0.0,327.12,Fall,Sunday,False,False
1,SKU0001,2024-10-07,71,332.73,23623.6,12911.35,10712.25,0.0,268.42,Fall,Monday,False,False
1,SKU0001,2024-10-08,90,296.65,26698.4,16366.5,10331.9,0.0,288.45,Fall,Tuesday,False,False
1,SKU0001,2024-10-09,88,318.53,28031.08,16002.8,12028.28,0.0,303.91,Fall,Wednesday,False,False
1,SKU0001,2024-10-10,127,275.52,34990.8,23094.95,11895.85,0.0,287.9,Fall,Thursday,False,False
1,SKU0001,2024-10-11,103,300.47,30948.7,18730.55,12218.15,0.0,304.49,Fall,Friday,False,False
1,SKU0001,2024-10-12,103,309.93,31923.17,18730.55,13192.62,0.0,347.69,Fall,Saturday,False,False
1,SKU0001,2024-10-13,115,290.91,33454.69,20912.75,12541.94,0.0,332.93,Fall,Sunday,False,False
1,SKU0001,2024-10-14,72,315.73,22732.77,13093.2,9639.57,0.0,331.79,Fall,Monday,False,False
1,SKU0001,2024-10-15,86,313.62,26970.93,15639.1,11331.83,0.0,310.69,Fall,Tuesday,False,False
1,SKU0001,2024-10-16,81,316.74,25655.8,14729.85,10925.95,0.0,260.04,Fall,Wednesday,False,False
1,SKU0001,2024-10-17,83,331.39,27505.53,15093.55,12411.98,0.0,328.19,Fall,Thursday,False,False
1,SKU0001,2024-10-18,74,316.5,23421.03,13456.9,9964.13,0.0,273.12,Fall,Friday,False,False
1,SKU0001,2024-10-19,113,310.34,35068.18,20549.05,14519.13,0.0,271.05,Fall,Saturday,False,False
1,SKU0001,2024-10-20,154,274.69,42301.59,28004.9,14296.69,0.0,267.61,Fall,Sunday,False,False
1,SKU0001,2024-10-21,159,255.98,40700.86,28914.15,11786.71,12.27,294.93,Fall,Monday,False,True
1,SKU0001,2024-10-22,85,328.57,27928.48,15457.25,12471.23,0.0,324.52,Fall,Tuesday,False,False
1,SKU0001,2024-10-23,191,244.28,46658.23,34733.35,11924.88,13.11,317.83,Fall,Wednesday,False,True
1,SKU0001,2024-10-24,90,291.79,26261.14,16366.5,9894.64,0.0,340.55,Fall,Thursday,False,False
1,SKU0001,2024-10-25,98,294.25,28836.25,17821.3,11014.95,0.0,323.17,Fall,Friday,False,False
1,SKU0001,2024-10-26,103,314.8,32424.18,18730.55,13693.63,0.0,275.1,Fall,Saturday,False,False
1,SKU0001,2024-10-27,108,306.6,33112.91,19639.8,13473.11,0.0,346.08,Fall,Sunday,False,False
1,SKU0001,2024-10-28,85,290.29,24674.67,15457.25,9217.42,0.0,321.72,Fall,Monday,False,False
1,SKU0001,2024-10-29,95,293.92,27921.93,17275.75,10646.18,0.0,329.94,Fall,Tuesday,False,False
1,SKU0001,2024-10-30,109,280.16,30537.39,19821.65,10715.74,0.0,292.14,Fall,Wednesday,False,False
1,SKU0001,2024-10-31,131,322.38,42231.62,23822.35,18409.27,0.0,330.78,Fall,Thursday,True,False
1,SKU0001,2024-11-01,110,290.21,31922.77,20003.5,11919.27,0.0,289.11,Fall,Friday,False,False
1,SKU0001,2024-11-02,155,288.32,44689.07,28186.75,16502.32,0.0,275.99,Fall,Saturday,False,False
1,SKU0001,2024-11-03,85,329.33,27992.9,15457.25,12535.65,0.0,270.1,Fall,Sunday,False,False
1,SKU0001,2024-11-04,100,308.34,30834.33,18185.0,12649.33,0.0,318.52,Fall,Monday,False,False
1,SKU0001,2024-11-05,89,311.44,27718.31,16184.65,11533.66,0.0,295.2,Fall,Tuesday,False,False
1,SKU0001,2024-11-06,136,278.87,37925.86,24731.6,13194.26,0.0,258.09,Fall,Wednesday,False,False
1,SKU0001,2024-11-07,71,329.09,23365.41,12911.35,10454.06,0.0,342.63,Fall,Thursday,False,False
1,SKU0001,2024-11-08,79,301.71,23835.33,14366.15,9469.18,0.0,345.26,Fall,Friday,False,False
1,SKU0001,2024-11-09,95,311.92,29632.76,17275.75,12357.01,0.0,265.75,Fall,Saturday,False,False
1,SKU0001,2024-11-10,73,305.21,22280.39,13275.05,9005.34,0.0,342.78,Fall,Sunday,False,False
1,SKU0001,2024-11-11,92,283.38,26071.3,16730.2,9341.1,0.0,273.6,Fall,Monday,False,False
1,SKU0001,2024-11-12,70,333.22,23325.16,12729.5,10595.66,0.0,302.66,Fall,Tuesday,False,False
1,SKU0001,2024-11-13,81,331.09,26818.5,14729.85,12088.65,0.0,337.33,Fall,Wednesday,False,False
1,SKU0001,2024-11-14,156,271.54,42359.49,28368.6,13990.89,11.61,283.49,Fall,Thursday,False,True
1,SKU0001,2024-11-15,115,305.7,35156.04,20912.75,14243.29,0.0,342.96,Fall,Friday,False,False
1,SKU0001,2024-11-16,125,301.14,37642.69,22731.25,14911.44,0.0,267.86,Fall,Saturday,False,False
1,SKU0001,2024-11-17,100,300.59,30058.96,18185.0,11873.96,0.0,274.55,Fall,Sunday,False,False
