data/sales_data.csv
product_id,sku,date,quantity,price,revenue,cost,profit,discount_percent,competitor_price,season,day_of_week,is_holiday,promotion_active
1,SKU0001,2024-11-18,72,320.71,23090.77,13093.2,9997.57,0.0,326.47,Fall,Monday,False,False
1,SKU0001,2024-11-19,88,324.67,28570.8,16002.8,12568.0,0.0,332.81,Fall,Tuesday,False,False
1,SKU0001,2024-11-20,82,278.03,22798.44,14911.7,7886.74,0.0,274.42,Fall,Wednesday,False,False
1,SKU0001,2024-11-21,122,292.39,35671.27,22185.7,13485.57,0.0,281.33,Fall,Thursday,False,False
1,SKU0001,2024-11-22,99,318.46,31527.71,18003.15,13524.56,0.0,285.07,Fall,Friday,False,False
1,SKU0001,2024-11-23,117,273.47,31995.43,21276.45,10718.98,0.0,320.61,Fall,Saturday,False,False
1,SKU0001,2024-11-24,207,239.06,49485.72,37642.95,11842.77,14.6,303.31,Fall,Sunday,True,True
1,SKU0001,2024-11-25,134,315.42,42266.12,24367.9,17898.22,0.0,268.29,Fall,Monday,True,False
1,SKU0001,2024-11-26,94,290.66,27321.66,17093.9,10227.76,0.0,277.54,Fall,Tuesday,False,False
1,SKU0001,2024-11-27,119,282.06,33564.84,21640.15,11924.69,0.0,312.69,Fall,Wednesday,False,False
1,SKU0001,2024-11-28,68,306.06,20812.38,12365.8,8446.58,0.0,306.49,Fall,Thursday,False,False
1,SKU0001,2024-11-29,89,286.01,25455.0,16184.65,9270.35,0.0,326.24,Fall,Friday,False,False
1,SKU0001,2024-11-30,123,277.73,34161.36,22367.55,11793.81,0.0,321.61,Fall,Saturday,False,False
1,SKU0001,2024-12-01,142,273.43,38826.92,25822.7,13004.22,10.93,303.58,Winter,Sunday,False,True
1,SKU0001,2024-12-02,75,281.86,21139.16,13638.75,7500.41,0.0,304.93,Winter,Monday,False,False
1,SKU0001,2024-12-03,86,285.22,24529.15,15639.1,8890.05,0.0,265.89,Winter,Tuesday,False,False
1,SKU0001,2024-12-04,56,321.79,18020.33,10183.6,7836.73,0.0,304.28,Winter,Wednesday,False,False
1,SKU0001,2024-12-05,81,276.27,22378.01,14729.85,7648.16,0.0,330.99,Winter,Thursday,False,False
1,SKU0001,2024-12-06,76,296.77,22554.73,13820.6,8734.13,0.0,325.43,Winter,Friday,False,False
1,SKU0001,2024-12-07,107,275.52,29480.35,19457.95,10022.4,0.0,263.42,Winter,Saturday,False,False
1,SKU0001,2024-12-08,85,329.42,28000.93,15457.25,12543.68,0.0,342.52,Winter,Sunday,False,False
1,SKU0001,2024-12-09,122,233.48,28484.37,22185.7,6298.67,21.53,346.57,Winter,Monday,False,True
1,SKU0001,2024-12-10,57,298.25,17000.4,10365.45,6634.95,0.0,292.39,Winter,Tuesday,False,False
1,SKU0001,2024-12-11,77,327.74,25235.72,14002.45,11233.27,0.0,319.69,Winter,Wednesday,False,False
1,SKU0001,2024-12-12,75,305.46,22909.67,13638.75,9270.92,0.0,289.24,Winter,Thursday,False,False
1,SKU0001,2024-12-13,63,305.34,19236.32,11456.55,7779.77,0.0,323.8,Winter,Friday,False,False
1,SKU0001,2024-12-15,84,313.6,26342.14,15275.4,11066.74,0.0,305.98,Winter,Sunday,False,False
1,SKU0001,2024-12-16,92,287.78,26475.32,16730.2,9745.12,0.0,282.68,Winter,Monday,False,False
1,SKU0001,2024-12-17,69,316.72,21853.68,12547.65,9306.03,0.0,331.22,Winter,Tuesday,False,False
1,SKU0001,2024-12-18,88,319.21,28090.22,16002.8,12087.42,0.0,259.04,Winter,Wednesday,False,False
1,SKU0001,2024-12-21,102,297.16,30309.88,18548.7,11761.18,0.0,277.37,Winter,Saturday,False,False
1,SKU0001,2024-12-22,109,276.19,30105.08,19821.65,10283.43,0.0,283.92,Winter,Sunday,False,False
1,SKU0001,2024-12-23,82,317.11,26003.32,14911.7,11091.62,0.0,311.98,Winter,Monday,False,False
1,SKU0001,2024-12-24,65,292.21,18993.61,11820.25,7173.36,0.0,270.64,Winter,Tuesday,False,False
1,SKU0001,2024-12-25,113,286.17,32337.29,20549.05,11788.24,0.0,263.16,Winter,Wednesday,True,False
1,SKU0001,2024-12-26,98,326.1,31957.48,17821.3,14136.18,0.0,314.54,Winter,Thursday,True,False
1,SKU0001,2024-12-27,53,302.81,16049.17,9638.05,6411.12,0.0,343.23,Winter,Friday,False,False
1,SKU0001,2024-12-28,66,320.4,21146.69,12002.1,9144.59,0.0,295.47,Winter,Saturday,False,False
1,SKU0001,2024-12-29,62,295.59,18326.67,11274.7,7051.97,0.0,300.67,Winter,Sunday,False,False
1,SKU0001,2024-12-30,73,291.0,21243.11,13275.05,7968.06,0.0,330.88,Winter,Monday,False,False
1,SKU0001,2024-12-31,79,306.86,24242.07,14366.15,9875.92,0.0,308.29,Winter,Tuesday,False,False
1,SKU0001,2025-01-01,124,287.49,35649.15,22549.4,13099.75,0.0,316.42,Winter,Wednesday,True,False
1,SKU0001,2025-01-02,66,324.12,21392.04,12002.1,9389.94,0.0,323.5,Winter,Thursday,False,False
1,SKU0001,2025-01-03,96,289.05,27748.33,17457.6,10290.73,0.0,312.44,Winter,Friday,False,False
1,SKU0001,2025-01-04,75,284.18,21313.33,13638.75,7674.58,0.0,323.47,Winter,Saturday,False,False
1,SKU0001,2025-01-05,65,301.83,19619.01,11820.25,7798.76,0.0,287.89,Winter,Sunday,False,False
1,SKU0001,2025-01-06,83,273.7,22717.22,15093.55,7623.67,0.0,345.09,Winter,Monday,False,False
1,SKU0001,2025-01-07,67,333.36,22335.26,12183.95,10151.31,0.0,279.68,Winter,Tuesday,False,False
1,SKU0001,2025-01-08,78,285.17,22243.16,14184.3,8058.86,0.0,307.82,Winter,Wednesday,False,False
1,SKU0001,2025-01-09,51,295.85,15088.16,9274.35,5813.81,0.0,290.28,Winter,Thursday,False,False
1,SKU0001,2025-01-10,71,303.86,21573.84,12911.35,8662.49,0.0,266.58,Winter,Friday,False,False
1,SKU0001,2025-01-11,70,301.23,21086.14,12729.5,8356.64,0.0,340.75,Winter,Saturday,False,False
1,SKU0001,2025-01-12,98,297.86,29190.55,17821.3,11369.25,0.0,277.74,Winter,Sunday,False,False
1,SKU0001,2025-01-13,82,288.58,23663.48,14911.7,8751.78,0.0,310.28,Winter,Monday,False,False
1,SKU0001,2025-01-14,69,282.01,19458.73,12547.65,6911.08,0.0,292.15,Winter,Tuesday,False,False
1,SKU0001,2025-01-15,67,303.04,20303.52,12183.95,8119.57,0.0,319.89,Winter,Wednesday,False,False
1,SKU0001,2025-01-16,55,322.57,17741.55,10001.75,7739.8,0.0,315.96,Winter,Thursday,False,False
1,SKU0001,2025-01-17,79,282.97,22354.6,14366.15,7988.45,0.0,273.01,Winter,Friday,False,False
1,SKU0001,2025-01-18,100,302.37,30237.18,18185.0,12052.18,0.0,306.91,Winter,Saturday,False,False
1,SKU0001,2025-01-20,69,330.07,22774.52,12547.65,10226.87,0.0,327.11,Winter,Monday,False,False
1,SKU0001,2025-01-21,60,323.84,19430.62,10911.0,8519.62,0.0,321.92,Winter,Tuesday,False,False
1,SKU0001,2025-01-22,114,256.1,29195.27,20730.9,8464.37,15.6,318.24,Winter,Wednesday,False,True
1,SKU0001,2025-01-23,71,302.06,21446.4,12911.35,8535.05,0.0,258.22,Winter,Thursday,False,False
1,SKU0001,2025-01-24,71,273.49,19417.82,12911.35,6506.47,0.0,282.6,Winter,Friday,False,False
1,SKU0001,2025-01-25,92,273.81,25190.62,16730.2,8460.42,0.0,318.9,Winter,Saturday,False,False
1,SKU0001,2025-01-26,63,327.92,20658.89,11456.55,9202.34,0.0,266.38,Winter,Sunday,False,False
1,SKU0001,2025-01-27,103,284.41,29293.83,18730.55,10563.28,0.0,331.74,Winter,Monday,False,False
1,SKU0001,2025-01-28,75,296.83,22262.27,13638.75,8623.52,0.0,294.54,Winter,Tuesday,False,False
1,SKU0001,2025-01-29,56,332.8,18636.57,10183.6,8452.97,0.0,319.81,Winter,Wednesday,False,False
1,SKU0001,2025-01-30,71,312.4,22180.32,12911.35,9268.97,0.0,326.68,Winter,Thursday,False,False
1,SKU0001,2025-01-31,138,241.67,33349.79,25095.3,8254.49,18.29,258.48,Winter,Friday,False,True
1,SKU0001,2025-02-01,84,303.07,25458.0,15275.4,10182.6,0.0,328.94,Winter,Saturday,False,False
1,SKU0001,2025-02-02,86,324.78,27930.92,15639.1,12291.82,0.0,305.64,Winter,Sunday,False,False
1,SKU0001,2025-02-03,179,219.84,39351.37,32551.15,6800.22,23.02,300.85,Winter,Monday,False,True
1,SKU0001,2025-02-04,157,211.05,33135.49,28550.45,4585.04,23.88,308.85,Winter,Tuesday,False,True
1,SKU0001,2025-02-05,103,280.64,28905.92,18730.55,10175.37,14.72,310.99,Winter,Wednesday,False,True
1,SKU0001,2025-02-06,65,315.97,20538.29,11820.25,8718.04,0.0,264.61,Winter,Thursday,False,False
1,SKU0001,2025-02-07,51,287.35,14654.77,9274.35,5380.42,0.0,293.0,Winter,Friday,False,False
1,SKU0001,2025-02-08,70,292.88,20501.61,12729.5,7772.11,0.0,270.34,Winter,Saturday,False,False
1,SKU0001,2025-02-09,98,316.67,31033.45,17821.3,13212.15,0.0,346.21,Winter,Sunday,False,False
1,SKU0001,2025-02-10,186,231.69,43094.67,33824.1,9270.57,22.58,327.54,Winter,Monday,False,True
1,SKU0001,2025-02-11,72,296.82,21370.94,13093.2,8277.74,0.0,260.31,Winter,Tuesday,False,False
1,SKU0001,2025-02-12,69,332.94,22972.76,12547.65,10425.11,0.0,289.97,Winter,Wednesday,False,False
1,SKU0001,2025-02-13,77,298.95,23019.06,14002.45,9016.61,0.0,317.69,Winter,Thursday,False,False
1,SKU0001,2025-02-14,266,242.1,64398.9,48372.1,16026.8,21.97,265.08,Winter,Friday,True,True
1,SKU0001,2025-02-15,96,315.91,30327.46,17457.6,12869.86,0.0,324.87,Winter,Saturday,False,False
1,SKU0001,2025-02-17,64,294.59,18853.68,11638.4,7215.28,0.0,269.67,Winter,Monday,False,False
1,SKU0001,2025-02-18,56,299.98,16798.83,10183.6,6615.23,0.0,294.72,Winter,Tuesday,False,False
1,SKU0001,2025-02-19,130,260.7,33890.36,23640.5,10249.86,11.4,287.12,Winter,Wednesday,False,True
1,SKU0001,2025-02-20,68,290.46,19751.46,12365.8,7385.66,0.0,265.32,Winter,Thursday,False,False
1,SKU0001,2025-02-21,51,327.64,16709.75,9274.35,7435.4,0.0,309.62,Winter,Friday,False,False
1,SKU0001,2025-02-22,81,295.85,23963.89,14729.85,9234.04,0.0,285.0,Winter,Saturday,False,False
1,SKU0001,2025-02-23,83,276.61,22958.38,15093.55,7864.83,0.0,295.91,Winter,Sunday,False,False
1,SKU0001,2025-02-24,103,277.43,28575.77,18730.55,9845.22,0.0,280.04,Winter,Monday,False,False
1,SKU0001,2025-02-25,80,308.77,24701.29,14548.0,10153.29,0.0,267.34,Winter,Tuesday,False,False
1,SKU0001,2025-02-26,64,330.29,21138.3,11638.4,9499.9,0.0,314.01,Winter,Wednesday,False,False
1,SKU0001,2025-02-27,93,292.75,27225.52,16912.05,10313.47,0.0,331.76,Winter,Thursday,False,False
1,SKU0001,2025-02-28,64,331.83,21236.84,11638.4,9598.44,0.0,286.77,Winter,Friday,False,False
1,SKU0001,2025-03-01,124,284.95,35333.4,22549.4,12784.0,0.0,345.32,Spring,Saturday,False,False
1,SKU0001,2025-03-02,170,290.44,49374.53,30914.5,18460.03,0.0,302.26,Spring,Sunday,False,False
1,SKU0001,2025-03-03,127,287.47,36508.28,23094.95,13413.33,0.0,331.86,Spring,Monday,False,False
1,SKU0001,2025-03-04,103,279.68,28806.57,18730.55,10076.02,0.0,311.47,Spring,Tuesday,False,False
1,SKU0001,2025-03-05,100,314.09,31409.47,18185.0,13224.47,0.0,344.27,Spring,Wednesday,False,False
1,SKU0001,2025-03-06,89,315.71,28098.22,16184.65,11913.57,0.0,284.11,Spring,Thursday,False,False
1,SKU0001,2025-03-07,79,322.41,25470.74,14366.15,11104.59,0.0,294.82,Spring,Friday,False,False
1,SKU0001,2025-03-08,143,311.16,44496.21,26004.55,18491.66,0.0,317.51,Spring,Saturday,False,False
1,SKU0001,2025-03-09,155,320.6,49693.41,28186.75,21506.66,0.0,347.7,Spring,Sunday,False,False
1,SKU0001,2025-03-10,88,297.07,26141.91,16002.8,10139.11,0.0,341.3,Spring,Monday,False,False
1,SKU0001,2025-03-11,116,305.73,35464.17,21094.6,14369.57,0.0,290.31,Spring,Tuesday,False,False
1,SKU0001,2025-03-12,97,305.32,29615.76,17639.45,11976.31,0.0,265.34,Spring,Wednesday,False,False
1,SKU0001,2025-03-13,96,312.63,30012.79,17457.6,12555.19,0.0,316.45,Spring,Thursday,False,False
1,SKU0001,2025-03-14,168,265.38,44583.3,30550.8,14032.5,20.16,326.05,Spring,Friday,False,True
1,SKU0001,2025-03-16,131,303.73,39788.26,23822.35,15965.91,0.0,310.4,Spring,Sunday,False,False
1,SKU0001,2025-03-17,97,299.79,29079.95,17639.45,11440.5,0.0,327.84,Spring,Monday,False,False
1,SKU0001,2025-03-18,113,303.11,34251.23,20549.05,13702.18,0.0,259.85,Spring,Tuesday,False,False
1,SKU0001,2025-03-19,110,297.99,32778.54,20003.5,12775.04,0.0,268.17,Spring,Wednesday,False,False
1,SKU0001,2025-03-20,116,281.36,32637.73,21094.6,11543.13,0.0,299.02,Spring,Thursday,False,False
1,SKU0001,2025-03-21,94,302.05,28392.23,17093.9,11298.33,0.0,297.46,Spring,Friday,False,False
1,SKU0001,2025-03-22,126,292.1,36804.98,22913.1,13891.88,0.0,331.28,Spring,Saturday,False,False
1,SKU0001,2025-03-23,132,324.25,42800.46,24004.2,18796.26,0.0,319.19,Spring,Sunday,False,False
1,SKU0001,2025-03-24,102,332.41,33906.04,18548.7,15357.34,0.0,273.48,Spring,Monday,False,False
1,SKU0001,2025-03-25,91,306.71,27910.41,16548.35,11362.06,0.0,278.7,Spring,Tuesday,False,False
1,SKU0001,2025-03-26,121,283.95,34358.28,22003.85,12354.43,0.0,296.91,Spring,Wednesday,False,False
1,SKU0001,2025-03-27,200,269.82,53964.31,36370.0,17594.31,12.96,292.97,Spring,Thursday,False,True
1,SKU0001,2025-03-28,89,285.25,25386.88,16184.65,9202.23,0.0,331.15,Spring,Friday,False,False
1,SKU0001,2025-03-29,324,214.56,69517.88,58919.4,10598.48,23.08,287.26,Spring,Saturday,False,True
1,SKU0001,2025-03-30,126,288.67,36373.03,22913.1,13459.93,0.0,305.6,Spring,Sunday,False,False
1,SKU0001,2025-03-31,115,308.96,35530.17,20912.75,14617.42,0.0,310.99,Spring,Monday,False,False
1,SKU0001,2025-04-01,87,324.02,28190.08,15820.95,12369.13,0.0,331.61,Spring,Tuesday,False,False
1,SKU0001,2025-04-02,84,290.8,24427.36,15275.4,9151.96,0.0,265.32,Spring,Wednesday,False,False
1,SKU0001,2025-04-03,92,279.92,25752.3,16730.2,9022.1,0.0,274.26,Spring,Thursday,False,False
1,SKU0001,2025-04-04,109,303.74,33107.24,19821.65,13285.59,0.0,270.15,Spring,Friday,False,False
1,SKU0001,2025-04-05,149,284.03,42320.72,27095.65,15225.07,0.0,320.67,Spring,Saturday,False,False
1,SKU0001,2025-04-06,98,333.38,32671.43,17821.3,14850.13,0.0,302.14,Spring,Sunday,False,False
1,SKU0001,2025-04-07,126,291.84,36771.91,22913.1,13858.81,0.0,262.49,Spring,Monday,False,False
1,SKU0001,2025-04-08,94,273.35,25695.17,17093.9,8601.27,0.0,331.74,Spring,Tuesday,False,False
1,SKU0001,2025-04-09,107,303.41,32464.83,19457.95,13006.88,0.0,319.87,Spring,Wednesday,False,False
1,SKU0001,2025-04-10,81,323.68,26218.31,14729.85,11488.46,0.0,265.13,Spring,Thursday,False,False
1,SKU0001,2025-04-11,159,273.04,43413.6,28914.15,14499.45,14.38,306.5,Spring,Friday,False,True
1,SKU0001,2025-04-12,133,300.49,39965.57,24186.05,15779.52,0.0,327.26,Spring,Saturday,False,False
1,SKU0001,2025-04-13,127,279.63,35513.57,23094.95,12418.62,0.0,328.09,Spring,Sunday,False,False
1,SKU0001,2025-04-14,106,295.01,31271.03,19276.1,11994.93,0.0,261.4,Spring,Monday,False,False
1,SKU0001,2025-04-15,123,305.89,37624.44,22367.55,15256.89,0.0,266.93,Spring,Tuesday,False,False
1,SKU0001,2025-04-16,92,318.32,29285.03,16730.2,12554.83,0.0,348.48,Spring,Wednesday,False,False
1,SKU0001,2025-04-17,128,293.9,37619.37,23276.8,14342.57,0.0,297.54,Spring,Thursday,False,False
1,SKU0001,2025-04-18,83,319.79,26542.38,15093.55,11448.83,0.0,331.33,Spring,Friday,False,False
1,SKU0001,2025-04-19,147,294.03,43221.8,26731.95,16489.85,0.0,315.15,Spring,Saturday,False,False
1,SKU0001,2025-04-20,177,281.21,49774.5,32187.45,17587.05,0.0,276.43,Spring,Sunday,False,False
1,SKU0001,2025-04-21,124,252.24,31277.25,22549.4,8727.85,14.22,287.05,Spring,Monday,False,True
1,SKU0001,2025-04-22,102,290.31,29611.64,18548.7,11062.94,0.0,335.63,Spring,Tuesday,False,False
1,SKU0001,2025-04-23,112,313.95,35162.22,20367.2,14795.02,0.0,345.16,Spring,Wednesday,False,False
1,SKU0001,2025-04-24,94,328.46,30875.62,17093.9,13781.72,0.0,336.45,Spring,Thursday,False,False
1,SKU0001,2025-04-25,104,325.27,33828.1,18912.4,14915.7,0.0,322.3,Spring,Friday,False,False
1,SKU0001,2025-04-26,110,318.93,35082.24,20003.5,15078.74,0.0,302.12,Spring,Saturday,False,False
1,SKU0001,2025-04-27,141,289.06,40757.54,25640.85,15116.69,0.0,298.71,Spring,Sunday,False,False
1,SKU0001,2025-04-28,95,326.12,30981.56,17275.75,13705.81,0.0,304.5,Spring,Monday,False,False
1,SKU0001,2025-04-29,113,329.53,37236.77,20549.05,16687.72,0.0,344.02,Spring,Tuesday,False,False
1,SKU0001,2025-04-30,131,272.92,35752.77,23822.35,11930.42,0.0,324.24,Spring,Wednesday,False,False
1,SKU0001,2025-05-01,116,300.56,34865.12,21094.6,13770.52,0.0,290.19,Spring,Thursday,False,False
1,SKU0001,2025-05-02,173,264.68,45789.44,31460.05,14329.39,13.27,276.88,Spring,Friday,False,True
1,SKU0001,2025-05-03,110,322.98,35528.12,20003.5,15524.62,0.0,310.17,Spring,Saturday,False,False
1,SKU0001,2025-05-04,122,302.19,36867.33,22185.7,14681.63,0.0,319.68,Spring,Sunday,False,False
1,SKU0001,2025-05-05,258,218.14,56281.11,46917.3,9363.81,21.76,268.91,Spring,Monday,False,True
1,SKU0001,2025-05-07,124,285.04,35344.43,22549.4,12795.03,0.0,269.61,Spring,Wednesday,False,False
1,SKU0001,2025-05-08,158,282.41,44620.56,28732.3,15888.26,0.0,282.53,Spring,Thursday,False,False
1,SKU0001,2025-05-09,132,287.95,38009.35,24004.2,14005.15,0.0,339.8,Spring,Friday,False,False
1,SKU0001,2025-05-10,128,296.8,37989.97,23276.8,14713.17,0.0,321.21,Spring,Saturday,False,False
1,SKU0001,2025-05-11,147,312.5,45938.22,26731.95,19206.27,0.0,257.72,Spring,Sunday,False,False
1,SKU0001,2025-05-12,114,280.82,32012.99,20730.9,11282.09,0.0,319.44,Spring,Monday,False,False
1,SKU0001,2025-05-13,143,244.84,35012.42,26004.55,9007.87,22.26,296.02,Spring,Tuesday,False,True
1,SKU0001,2025-05-14,105,277.07,29091.86,19094.25,9997.61,0.0,324.06,Spring,Wednesday,False,False
1,SKU0001,2025-05-15,82,291.77,23924.82,14911.7,9013.12,0.0,270.09,Spring,Thursday,False,False
1,SKU0001,2025-05-16,96,318.43,30568.84,17457.6,13111.24,0.0,347.9,Spring,Friday,False,False
1,SKU0001,2025-05-18,166,299.45,49708.55,30187.1,19521.45,0.0,314.73,Spring,Sunday,False,False
1,SKU0001,2025-05-19,117,297.73,34834.2,21276.45,13557.75,0.0,335.81,Spring,Monday,False,False
1,SKU0001,2025-05-20,234,219.5,51363.32,42552.9,8810.42,21.29,292.54,Spring,Tuesday,False,True
1,SKU0001,2025-05-21,129,291.84,37646.84,23458.65,14188.19,0.0,282.8,Spring,Wednesday,False,False
1,SKU0001,2025-05-22,135,248.12,33495.68,24549.75,8945.93,19.0,328.45,Spring,Thursday,False,True
1,SKU0001,2025-05-23,102,324.17,33065.12,18548.7,14516.42,0.0,285.05,Spring,Friday,False,False
1,SKU0001,2025-05-24,145,303.66,44030.3,26368.25,17662.05,0.0,284.49,Spring,Saturday,False,False
1,SKU0001,2025-05-25,190,247.62,47048.68,34551.5,12497.18,24.32,267.87,Spring,Sunday,False,True
1,SKU0001,2025-05-26,124,308.77,38287.93,22549.4,15738.53,0.0,346.51,Spring,Monday,False,False
1,SKU0001,2025-05-27,101,329.38,33267.66,18366.85,14900.81,0.0,335.89,Spring,Tuesday,False,False
1,SKU0001,2025-05-28,106,294.92,31261.72,19276.1,11985.62,0.0,326.97,Spring,Wednesday,False,False
1,SKU0001,2025-05-30,257,258.07,66324.93,46735.45,19589.48,10.6,329.38,Spring,Friday,False,True
1,SKU0001,2025-05-31,129,310.87,40102.67,23458.65,16644.02,0.0,295.39,Spring,Saturday,False,False
1,SKU0001,2025-06-01,179,277.77,49720.55,32551.15,17169.4,0.0,313.63,Summer,Sunday,False,False
