data/sales_data.csv
product_id,sku,date,quantity,price,revenue,cost,profit,discount_percent,competitor_price,season,day_of_week,is_holiday,promotion_active
1,SKU0001,2025-06-02,125,291.56,36444.66,22731.25,13713.41,0.0,276.09,Summer,Monday,False,False
1,SKU0001,2025-06-03,109,305.29,33276.16,19821.65,13454.51,0.0,315.29,Summer,Tuesday,False,False
1,SKU0001,2025-06-04,136,314.05,42711.46,24731.6,17979.86,0.0,321.14,Summer,Wednesday,False,False
1,SKU0001,2025-06-05,100,324.08,32408.15,18185.0,14223.15,0.0,265.46,Summer,Thursday,False,False
1,SKU0001,2025-06-06,130,300.25,39032.97,23640.5,15392.47,0.0,285.74,Summer,Friday,False,False
1,SKU0001,2025-06-07,132,317.67,41932.14,24004.2,17927.94,0.0,321.98,Summer,Saturday,False,False
1,SKU0001,2025-06-08,180,282.7,50886.52,32733.0,18153.52,0.0,305.17,Summer,Sunday,False,False
1,SKU0001,2025-06-09,125,316.46,39557.74,22731.25,16826.49,0.0,269.16,Summer,Monday,False,False
1,SKU0001,2025-06-10,157,289.06,45382.96,28550.45,16832.51,0.0,327.76,Summer,Tuesday,False,False
1,SKU0001,2025-06-11,187,276.4,51687.14,34005.95,17681.19,14.08,322.39,Summer,Wednesday,False,True
1,SKU0001,2025-06-12,138,277.44,38287.23,25095.3,13191.93,0.0,290.36,Summer,Thursday,False,False
1,SKU0001,2025-06-13,106,307.13,32556.24,19276.1,13280.14,0.0,280.81,Summer,Friday,False,False
1,SKU0001,2025-06-14,139,307.56,42750.88,25277.15,17473.73,0.0,278.39,Summer,Saturday,False,False
1,SKU0001,2025-06-15,185,275.44,50956.66,33642.25,17314.41,0.0,279.85,Summer,Sunday,False,False
1,SKU0001,2025-06-16,146,295.99,43214.06,26550.1,16663.96,0.0,342.28,Summer,Monday,False,False
1,SKU0001,2025-06-17,108,306.28,33078.72,19639.8,13438.92,0.0,324.96,Summer,Tuesday,False,False
1,SKU0001,2025-06-18,151,292.28,44134.03,27459.35,16674.68,0.0,323.11,Summer,Wednesday,False,False
1,SKU0001,2025-06-19,173,277.49,48006.32,31460.05,16546.27,0.0,303.27,Summer,Thursday,False,False
1,SKU0001,2025-06-20,148,283.64,41979.18,26913.8,15065.38,0.0,346.85,Summer,Friday,False,False
1,SKU0001,2025-06-21,222,276.95,61482.91,40370.7,21112.21,0.0,283.29,Summer,Saturday,False,False
1,SKU0001,2025-06-22,141,292.61,41258.25,25640.85,15617.4,0.0,258.34,Summer,Sunday,False,False
1,SKU0001,2025-06-23,101,306.95,31001.72,18366.85,12634.87,0.0,314.24,Summer,Monday,False,False
1,SKU0001,2025-06-24,90,308.64,27777.41,16366.5,11410.91,0.0,327.87,Summer,Tuesday,False,False
1,SKU0001,2025-06-25,139,327.35,45502.1,25277.15,20224.95,0.0,279.91,Summer,Wednesday,False,False
1,SKU0001,2025-06-26,247,257.46,63593.14,44916.95,18676.19,13.49,333.96,Summer,Thursday,False,True
1,SKU0001,2025-06-28,144,324.24,46689.89,26186.4,20503.49,0.0,267.07,Summer,Saturday,False,False
1,SKU0001,2025-06-29,137,287.21,39347.6,24913.45,14434.15,0.0,263.06,Summer,Sunday,False,False
1,SKU0001,2025-06-30,163,315.91,51493.25,29641.55,21851.7,0.0,341.38,Summer,Monday,False,False
1,SKU0001,2025-07-01,129,304.28,39251.83,23458.65,15793.18,0.0,291.49,Summer,Tuesday,False,False
1,SKU0001,2025-07-02,146,277.92,40576.09,26550.1,14025.99,0.0,269.76,Summer,Wednesday,False,False
1,SKU0001,2025-07-03,160,277.31,44369.27,29096.0,15273.27,0.0,297.17,Summer,Thursday,False,False
1,SKU0001,2025-07-04,191,287.12,54840.71,34733.35,20107.36,0.0,286.26,Summer,Friday,True,False
1,SKU0001,2025-07-05,149,315.25,46971.83,27095.65,19876.18,0.0,286.54,Summer,Saturday,False,False
1,SKU0001,2025-07-06,152,277.3,42149.49,27641.2,14508.29,0.0,328.53,Summer,Sunday,False,False
1,SKU0001,2025-07-07,150,282.19,42328.85,27277.5,15051.35,0.0,299.99,Summer,Monday,False,False
1,SKU0001,2025-07-08,161,305.26,49146.47,29277.85,19868.62,0.0,276.5,Summer,Tuesday,False,False
1,SKU0001,2025-07-09,163,288.84,47080.22,29641.55,17438.67,0.0,271.95,Summer,Wednesday,False,False
1,SKU0001,2025-07-10,144,322.86,46492.45,26186.4,20306.05,0.0,261.28,Summer,Thursday,False,False
1,SKU0001,2025-07-11,123,292.64,35994.91,22367.55,13627.36,0.0,280.19,Summer,Friday,False,False
1,SKU0001,2025-07-12,129,303.9,39202.57,23458.65,15743.92,0.0,281.27,Summer,Saturday,False,False
1,SKU0001,2025-07-13,172,274.66,47240.84,31278.2,15962.64,0.0,298.73,Summer,Sunday,False,False
1,SKU0001,2025-07-14,138,287.92,39732.56,25095.3,14637.26,0.0,330.71,Summer,Monday,False,False
1,SKU0001,2025-07-15,171,273.5,46767.95,31096.35,15671.6,0.0,346.96,Summer,Tuesday,False,False
1,SKU0001,2025-07-16,86,322.7,27752.18,15639.1,12113.08,0.0,314.93,Summer,Wednesday,False,False
1,SKU0001,2025-07-17,152,308.07,46826.66,27641.2,19185.46,0.0,331.52,Summer,Thursday,False,False
1,SKU0001,2025-07-18,290,211.56,61351.42,52736.5,8614.92,23.54,269.33,Summer,Friday,False,True
1,SKU0001,2025-07-19,130,323.04,41995.75,23640.5,18355.25,0.0,261.5,Summer,Saturday,False,False
1,SKU0001,2025-07-20,142,282.95,40179.59,25822.7,14356.89,0.0,332.33,Summer,Sunday,False,False
1,SKU0001,2025-07-21,110,274.56,30201.5,20003.5,10198.0,0.0,273.33,Summer,Monday,False,False
1,SKU0001,2025-07-22,156,284.12,44322.15,28368.6,15953.55,0.0,337.94,Summer,Tuesday,False,False
1,SKU0001,2025-07-23,214,267.83,57316.35,38915.9,18400.45,13.69,295.08,Summer,Wednesday,False,True
1,SKU0001,2025-07-24,117,276.47,32346.79,21276.45,11070.34,0.0,270.1,Summer,Thursday,False,False
1,SKU0001,2025-07-25,92,326.4,30028.44,16730.2,13298.24,0.0,314.97,Summer,Friday,False,False
1,SKU0001,2025-07-26,133,320.95,42686.67,24186.05,18500.62,0.0,328.71,Summer,Saturday,False,False
1,SKU0001,2025-07-27,188,305.78,57486.36,34187.8,23298.56,0.0,340.6,Summer,Sunday,False,False
1,SKU0001,2025-07-28,126,296.31,37335.58,22913.1,14422.48,0.0,286.61,Summer,Monday,False,False
1,SKU0001,2025-07-29,88,327.07,28782.13,16002.8,12779.33,0.0,262.95,Summer,Tuesday,False,False
1,SKU0001,2025-07-30,121,304.86,36888.55,22003.85,14884.7,0.0,348.51,Summer,Wednesday,False,False
1,SKU0001,2025-07-31,137,278.84,38201.32,24913.45,13287.87,0.0,281.85,Summer,Thursday,False,False
1,SKU0001,2025-08-01,67,328.37,22000.96,12183.95,9817.01,0.0,348.21,Summer,Friday,False,False
1,SKU0001,2025-08-02,137,324.08,44399.47,24913.45,19486.02,0.0,289.88,Summer,Saturday,False,False
1,SKU0001,2025-08-03,134,324.01,43416.79,24367.9,19048.89,0.0,311.49,Summer,Sunday,False,False
1,SKU0001,2025-08-04,133,315.06,41902.89,24186.05,17716.84,0.0,260.18,Summer,Monday,False,False
1,SKU0001,2025-08-05,143,330.21,47219.92,26004.55,21215.37,0.0,308.82,Summer,Tuesday,False,False
1,SKU0001,2025-08-06,130,332.66,43245.93,23640.5,19605.43,0.0,302.37,Summer,Wednesday,False,False
1,SKU0001,2025-08-07,122,302.5,36905.04,22185.7,14719.34,0.0,278.77,Summer,Thursday,False,False
1,SKU0001,2025-08-09,231,284.98,65831.3,42007.35,23823.95,0.0,322.8,Summer,Saturday,False,False
1,SKU0001,2025-08-10,140,323.95,45352.88,25459.0,19893.88,0.0,259.61,Summer,Sunday,False,False
1,SKU0001,2025-08-11,113,328.37,37105.86,20549.05,16556.81,0.0,334.58,Summer,Monday,False,False
1,SKU0001,2025-08-12,111,331.0,36740.69,20185.35,16555.34,0.0,343.26,Summer,Tuesday,False,False
1,SKU0001,2025-08-13,147,278.9,40997.74,26731.95,14265.79,0.0,270.02,Summer,Wednesday,False,False
1,SKU0001,2025-08-14,110,330.28,36330.58,20003.5,16327.08,0.0,344.97,Summer,Thursday,False,False
1,SKU0001,2025-08-15,128,283.33,36266.43,23276.8,12989.63,0.0,320.68,Summer,Friday,False,False
1,SKU0001,2025-08-16,129,320.48,41341.44,23458.65,17882.79,0.0,311.17,Summer,Saturday,False,False
1,SKU0001,2025-08-17,160,291.37,46619.26,29096.0,17523.26,0.0,269.2,Summer,Sunday,False,False
1,SKU0001,2025-08-18,103,330.28,34019.23,18730.55,15288.68,0.0,293.22,Summer,Monday,False,False
1,SKU0001,2025-08-20,115,328.6,37789.19,20912.75,16876.44,0.0,277.7,Summer,Wednesday,False,False
1,SKU0001,2025-08-21,108,329.55,35591.43,19639.8,15951.63,0.0,325.39,Summer,Thursday,False,False
1,SKU0001,2025-08-22,136,332.32,45195.51,24731.6,20463.91,0.0,338.11,Summer,Friday,False,False
1,SKU0001,2025-08-23,165,253.9,41893.97,30005.25,11888.72,19.59,298.23,Summer,Saturday,False,True
1,SKU0001,2025-08-24,191,287.9,54988.55,34733.35,20255.2,0.0,280.95,Summer,Sunday,False,False
1,SKU0001,2025-08-25,175,272.85,47748.69,31823.75,15924.94,0.0,324.23,Summer,Monday,False,False
1,SKU0001,2025-08-26,78,326.39,25458.42,14184.3,11274.12,0.0,292.05,Summer,Tuesday,False,False
1,SKU0001,2025-08-27,135,278.92,37654.23,24549.75,13104.48,0.0,336.18,Summer,Wednesday,False,False
1,SKU0001,2025-08-28,114,314.42,35844.44,20730.9,15113.54,0.0,264.32,Summer,Thursday,False,False
1,SKU0001,2025-08-29,106,290.65,30808.71,19276.1,11532.61,0.0,344.15,Summer,Friday,False,False
1,SKU0001,2025-08-30,265,238.83,63290.46,48190.25,15100.21,15.63,307.36,Summer,Saturday,False,True
1,SKU0001,2025-08-31,143,278.42,39813.44,26004.55,13808.89,0.0,313.41,Summer,Sunday,False,False
1,SKU0001,2025-09-01,132,274.65,36253.89,24004.2,12249.69,0.0,272.62,Fall,Monday,False,False
1,SKU0001,2025-09-02,114,282.3,32181.63,20730.9,11450.73,0.0,276.31,Fall,Tuesday,False,False
1,SKU0001,2025-09-03,102,315.03,32133.39,18548.7,13584.69,0.0,323.99,Fall,Wednesday,False,False
1,SKU0001,2025-09-04,107,289.84,31012.54,19457.95,11554.59,0.0,262.13,Fall,Thursday,False,False
1,SKU0001,2025-09-05,68,323.68,22010.28,12365.8,9644.48,0.0,290.43,Fall,Friday,False,False
1,SKU0001,2025-09-06,106,290.63,30806.4,19276.1,11530.3,0.0,312.19,Fall,Saturday,False,False
1,SKU0001,2025-09-07,135,274.33,37034.82,24549.75,12485.07,0.0,284.15,Fall,Sunday,False,False
1,SKU0001,2025-09-08,118,276.54,32632.18,21458.3,11173.88,14.63,302.09,Fall,Monday,False,True
1,SKU0001,2025-09-09,113,278.3,31447.49,20549.05,10898.44,0.0,274.43,Fall,Tuesday,False,False
1,SKU0001,2025-09-10,91,295.16,26859.89,16548.35,10311.54,0.0,281.56,Fall,Wednesday,False,False
1,SKU0001,2025-09-11,93,286.49,26643.19,16912.05,9731.14,0.0,263.22,Fall,Thursday,False,False
1,SKU0001,2025-09-12,96,313.23,30070.2,17457.6,12612.6,0.0,288.88,Fall,Friday,False,False
1,SKU0001,2025-09-13,102,331.61,33824.45,18548.7,15275.75,0.0,307.95,Fall,Saturday,False,False
1,SKU0001,2025-09-14,94,322.38,30303.76,17093.9,13209.86,0.0,306.31,Fall,Sunday,False,False
1,SKU0001,2025-09-15,107,301.55,32266.27,19457.95,12808.32,0.0,300.92,Fall,Monday,False,False
1,SKU0001,2025-09-16,133,259.66,34534.19,24186.05,10348.14,20.71,339.49,Fall,Tuesday,False,True
1,SKU0001,2025-09-17,94,313.84,29501.1,17093.9,12407.2,0.0,268.55,Fall,Wednesday,False,False
1,SKU0001,2025-09-18,109,283.25,30874.38,19821.65,11052.73,0.0,346.01,Fall,Thursday,False,False
1,SKU0001,2025-09-19,96,280.42,26920.41,17457.6,9462.81,0.0,347.48,Fall,Friday,False,False
1,SKU0001,2025-09-20,99,333.22,32989.02,18003.15,14985.87,0.0,333.46,Fall,Saturday,False,False
1,SKU0001,2025-09-21,79,327.98,25910.52,14366.15,11544.37,0.0,263.71,Fall,Sunday,False,False
1,SKU0001,2025-09-22,106,296.86,31466.96,19276.1,12190.86,0.0,282.73,Fall,Monday,False,False
1,SKU0001,2025-09-23,79,325.72,25731.72,14366.15,11365.57,0.0,314.27,Fall,Tuesday,False,False
1,SKU0001,2025-09-24,85,298.21,25347.52,15457.25,9890.27,0.0,271.09,Fall,Wednesday,False,False
1,SKU0001,2025-09-25,97,318.74,30917.95,17639.45,13278.5,0.0,341.72,Fall,Thursday,False,False
1,SKU0001,2025-09-26,91,278.89,25379.32,16548.35,8830.97,0.0,306.32,Fall,Friday,False,False
1,SKU0001,2025-09-27,88,297.68,26195.71,16002.8,10192.91,0.0,301.77,Fall,Saturday,False,False
1,SKU0001,2025-09-28,96,275.04,26404.13,17457.6,8946.53,0.0,270.7,Fall,Sunday,False,False
1,SKU0001,2025-09-30,77,292.87,22550.67,14002.45,8548.22,0.0,325.42,Fall,Tuesday,False,False
1,SKU0001,2025-10-02,66,291.14,19215.37,12002.1,7213.27,0.0,302.32,Fall,Thursday,False,False
1,SKU0001,2025-10-03,128,278.73,35676.87,23276.8,12400.07,0.0,269.84,Fall,Friday,False,False
1,SKU0001,2025-10-04,114,299.63,34158.0,20730.9,13427.1,0.0,282.11,Fall,Saturday,False,False
1,SKU0001,2025-10-05,103,311.9,32126.0,18730.55,13395.45,0.0,276.84,Fall,Sunday,False,False
1,SKU0001,2025-10-06,78,317.69,24779.44,14184.3,10595.14,0.0,336.47,Fall,Monday,False,False
1,SKU0001,2025-10-07,95,304.01,28880.53,17275.75,11604.78,0.0,285.91,Fall,Tuesday,False,False
1,SKU0001,2025-10-08,100,280.99,28099.45,18185.0,9914.45,0.0,337.57,Fall,Wednesday,False,False
1,SKU0001,2025-10-09,233,220.47,51369.75,42371.05,8998.7,22.49,280.3,Fall,Thursday,False,True
1,SKU0001,2025-10-10,82,328.42,26930.39,14911.7,12018.69,0.0,282.53,Fall,Friday,False,False
1,SKU0001,2025-10-11,111,303.39,33676.37,20185.35,13491.02,0.0,268.88,Fall,Saturday,False,False
1,SKU0001,2025-10-12,202,239.5,48378.38,36733.7,11644.68,18.91,336.77,Fall,Sunday,False,True
1,SKU0001,2025-10-13,94,293.97,27633.47,17093.9,10539.57,0.0,338.95,Fall,Monday,False,False
1,SKU0001,2025-10-14,90,314.53,28307.46,16366.5,11940.96,0.0,292.77,Fall,Tuesday,False,False
1,SKU0001,2025-10-15,66,307.46,20292.36,12002.1,8290.26,0.0,335.55,Fall,Wednesday,False,False
1,SKU0001,2025-10-16,69,313.85,21655.73,12547.65,9108.08,0.0,294.85,Fall,Thursday,False,False
1,SKU0001,2025-10-18,107,312.01,33385.4,19457.95,13927.45,0.0,258.39,Fall,Saturday,False,False
1,SKU0001,2025-10-19,97,321.57,31192.59,17639.45,13553.14,0.0,345.54,Fall,Sunday,False,False
1,SKU0001,2025-10-20,93,298.46,27756.92,16912.05,10844.87,0.0,289.32,Fall,Monday,False,False
1,SKU0001,2025-10-21,96,301.06,28901.89,17457.6,11444.29,0.0,332.57,Fall,Tuesday,False,False
1,SKU0001,2025-10-22,94,278.97,26223.53,17093.9,9129.63,0.0,317.84,Fall,Wednesday,False,False
1,SKU0001,2025-10-23,83,295.46,24522.87,15093.55,9429.32,0.0,313.0,Fall,Thursday,False,False
1,SKU0001,2025-10-24,105,279.32,29329.11,19094.25,10234.86,0.0,347.48,Fall,Friday,False,False
2,SKU0002,2023-10-25,67,1288.32,86317.68,52323.65,33994.03,0.0,1277.55,Fall,Wednesday,False,False
2,SKU0002,2023-10-26,102,1153.11,117617.33,79656.9,37960.43,0.0,1297.15,Fall,Thursday,False,False
2,SKU0002,2023-10-27,60,1274.85,76491.14,46857.0,29634.14,0.0,1237.52,Fall,Friday,False,False
2,SKU0002,2023-10-28,116,1244.89,144407.72,90590.2,53817.52,0.0,1257.47,Fall,Saturday,False,False
2,SKU0002,2023-10-29,125,1143.65,142956.51,97618.75,45337.76,0.0,1161.19,Fall,Sunday,False,False
2,SKU0002,2023-10-30,174,1018.93,177293.57,135885.3,41408.27,18.58,1283.12,Fall,Monday,False,True
2,SKU0002,2023-10-31,132,1209.78,159691.29,103085.4,56605.89,0.0,1347.99,Fall,Tuesday,True,False
2,SKU0002,2023-11-01,111,1203.22,133557.16,86685.45,46871.71,0.0,1324.24,Fall,Wednesday,False,False
2,SKU0002,2023-11-02,116,1124.84,130481.38,90590.2,39891.18,0.0,1067.36,Fall,Thursday,False,False
2,SKU0002,2023-11-03,58,1275.55,73982.05,45295.1,28686.95,0.0,1087.23,Fall,Friday,False,False
2,SKU0002,2023-11-04,92,1161.96,106900.67,71847.4,35053.27,0.0,1149.3,Fall,Saturday,False,False
2,SKU0002,2023-11-05,104,1155.1,120130.83,81218.8,38912.03,0.0,1140.66,Fall,Sunday,False,False
2,SKU0002,2023-11-06,96,1151.97,110589.32,74971.2,35618.12,0.0,1190.84,Fall,Monday,False,False
2,SKU0002,2023-11-07,93,1221.54,113603.44,72628.35,40975.09,0.0,1046.91,Fall,Tuesday,False,False
2,SKU0002,2023-11-08,79,1201.57,94924.4,61695.05,33229.35,0.0,1158.81,Fall,Wednesday,False,False
2,SKU0002,2023-11-09,108,1094.3,118184.9,84342.6,33842.3,0.0,1070.75,Fall,Thursday,False,False
2,SKU0002,2023-11-10,82,1179.64,96730.44,64037.9,32692.54,0.0,1348.02,Fall,Friday,False,False
2,SKU0002,2023-11-11,104,1157.34,120363.2,81218.8,39144.4,0.0,1302.0,Fall,Saturday,False,False
2,SKU0002,2023-11-12,81,1232.95,99868.64,63256.95,36611.69,0.0,1249.94,Fall,Sunday,False,False
2,SKU0002,2023-11-13,179,901.37,161344.97,139790.05,21554.92,21.42,1296.79,Fall,Monday,False,True
2,SKU0002,2023-11-14,65,1264.79,82211.58,50761.75,31449.83,0.0,1242.72,Fall,Tuesday,False,False
2,SKU0002,2023-11-15,79,1178.25,93081.45,61695.05,31386.4,0.0,1159.4,Fall,Wednesday,False,False
2,SKU0002,2023-11-17,68,1281.53,87144.19,53104.6,34039.59,0.0,1265.17,Fall,Friday,False,False
2,SKU0002,2023-11-18,164,1141.1,187141.09,128075.8,59065.29,0.0,1145.36,Fall,Saturday,False,False
2,SKU0002,2023-11-19,120,1173.48,140817.37,93714.0,47103.37,0.0,1081.44,Fall,Sunday,False,False
2,SKU0002,2023-11-20,99,1152.97,114143.99,77314.05,36829.94,0.0,1283.58,Fall,Monday,False,False
2,SKU0002,2023-11-21,82,1162.49,95324.43,64037.9,31286.53,0.0,1380.05,Fall,Tuesday,False,False
2,SKU0002,2023-11-22,86,1297.91,111620.2,67161.7,44458.5,0.0,1089.16,Fall,Wednesday,False,False
2,SKU0002,2023-11-23,71,1301.95,92438.55,55447.45,36991.1,0.0,1103.57,Fall,Thursday,False,False
2,SKU0002,2023-11-24,135,1112.84,150233.63,105428.25,44805.38,0.0,1233.79,Fall,Friday,True,False
2,SKU0002,2023-11-25,203,1169.4,237388.81,158532.85,78855.96,0.0,1034.71,Fall,Saturday,True,False
2,SKU0002,2023-11-26,115,1142.78,131419.48,89809.25,41610.23,0.0,1038.75,Fall,Sunday,False,False
2,SKU0002,2023-11-27,99,1240.38,122797.63,77314.05,45483.58,0.0,1028.36,Fall,Monday,False,False
2,SKU0002,2023-11-28,82,1181.46,96879.87,64037.9,32841.97,0.0,1218.5,Fall,Tuesday,False,False
2,SKU0002,2023-11-29,101,1118.11,112929.03,78875.95,34053.08,0.0,1248.43,Fall,Wednesday,False,False
2,SKU0002,2023-11-30,107,1240.31,132712.82,83561.65,49151.17,0.0,1118.55,Fall,Thursday,False,False
2,SKU0002,2023-12-01,86,1114.27,95827.5,67161.7,28665.8,0.0,1059.06,Winter,Friday,False,False
2,SKU0002,2023-12-02,146,1109.6,162002.28,114018.7,47983.58,0.0,1059.54,Winter,Saturday,False,False
2,SKU0002,2023-12-03,123,1129.31,138905.4,96056.85,42848.55,0.0,1209.8,Winter,Sunday,False,False
2,SKU0002,2023-12-04,71,1250.34,88774.44,55447.45,33326.99,0.0,1035.44,Winter,Monday,False,False
2,SKU0002,2023-12-05,101,1131.22,114253.34,78875.95,35377.39,0.0,1140.4,Winter,Tuesday,False,False
2,SKU0002,2023-12-06,202,949.38,191775.69,157751.9,34023.79,23.6,1262.38,Winter,Wednesday,False,True
2,SKU0002,2023-12-07,105,1102.96,115810.82,81999.75,33811.07,0.0,1282.04,Winter,Thursday,False,False
2,SKU0002,2023-12-08,69,1142.8,78853.39,53885.55,24967.84,0.0,1377.59,Winter,Friday,False,False
2,SKU0002,2023-12-09,90,1192.88,107358.85,70285.5,37073.35,0.0,1084.21,Winter,Saturday,False,False
2,SKU0002,2023-12-10,225,897.61,201962.18,175713.75,26248.43,22.02,1287.44,Winter,Sunday,False,True
2,SKU0002,2023-12-11,128,1128.46,144442.47,99961.6,44480.87,10.69,1260.34,Winter,Monday,False,True
