data/sales_data.csv
product_id,sku,date,quantity,price,revenue,cost,profit,discount_percent,competitor_price,season,day_of_week,is_holiday,promotion_active
2,SKU0002,2023-12-12,95,1167.22,110886.37,74190.25,36696.12,0.0,1245.36,Winter,Tuesday,False,False
2,SKU0002,2023-12-13,99,1103.65,109261.3,77314.05,31947.25,0.0,1087.15,Winter,Wednesday,False,False
2,SKU0002,2023-12-14,56,1312.55,73502.77,43733.2,29769.57,0.0,1160.27,Winter,Thursday,False,False
2,SKU0002,2023-12-15,79,1273.52,100608.34,61695.05,38913.29,0.0,1308.48,Winter,Friday,False,False
2,SKU0002,2023-12-16,101,1248.6,126108.4,78875.95,47232.45,0.0,1360.94,Winter,Saturday,False,False
2,SKU0002,2023-12-17,111,1181.28,131122.32,86685.45,44436.87,0.0,1310.41,Winter,Sunday,False,False
2,SKU0002,2023-12-18,108,1124.87,121485.9,84342.6,37143.3,0.0,1150.49,Winter,Monday,False,False
2,SKU0002,2023-12-19,193,964.51,186150.68,150723.35,35427.33,22.58,1068.33,Winter,Tuesday,False,True
2,SKU0002,2023-12-20,102,1108.45,113062.1,79656.9,33405.2,0.0,1037.81,Winter,Wednesday,False,False
2,SKU0002,2023-12-21,88,1156.82,101800.41,68723.6,33076.81,0.0,1265.59,Winter,Thursday,False,False
2,SKU0002,2023-12-22,60,1219.88,73192.69,46857.0,26335.69,0.0,1373.71,Winter,Friday,False,False
2,SKU0002,2023-12-23,112,1162.6,130211.75,87466.4,42745.35,0.0,1273.76,Winter,Saturday,False,False
2,SKU0002,2023-12-24,177,1070.04,189396.97,138228.15,51168.82,13.73,1265.0,Winter,Sunday,False,True
2,SKU0002,2023-12-25,100,1282.93,128292.69,78095.0,50197.69,0.0,1377.28,Winter,Monday,True,False
2,SKU0002,2023-12-26,147,1083.23,159235.31,114799.65,44435.66,12.35,1328.29,Winter,Tuesday,True,True
2,SKU0002,2023-12-27,81,1099.3,89043.59,63256.95,25786.64,0.0,1108.07,Winter,Wednesday,False,False
2,SKU0002,2023-12-28,113,1093.41,123555.65,88247.35,35308.3,0.0,1253.12,Winter,Thursday,False,False
2,SKU0002,2023-12-29,91,1137.78,103538.22,71066.45,32471.77,0.0,1310.05,Winter,Friday,False,False
2,SKU0002,2023-12-30,97,1287.15,124853.12,75752.15,49100.97,0.0,1064.03,Winter,Saturday,False,False
2,SKU0002,2023-12-31,95,1238.31,117639.86,74190.25,43449.61,0.0,1169.86,Winter,Sunday,False,False
2,SKU0002,2024-01-01,130,1081.35,140576.12,101523.5,39052.62,0.0,1239.02,Winter,Monday,True,False
2,SKU0002,2024-01-02,101,1154.51,116605.15,78875.95,37729.2,0.0,1095.8,Winter,Tuesday,False,False
2,SKU0002,2024-01-03,65,1309.68,85128.99,50761.75,34367.24,0.0,1040.8,Winter,Wednesday,False,False
2,SKU0002,2024-01-04,85,1190.52,101193.95,66380.75,34813.2,0.0,1244.63,Winter,Thursday,False,False
2,SKU0002,2024-01-05,73,1239.23,90463.5,57009.35,33454.15,0.0,1062.34,Winter,Friday,False,False
2,SKU0002,2024-01-06,103,1134.6,116863.6,80437.85,36425.75,0.0,1320.36,Winter,Saturday,False,False
2,SKU0002,2024-01-07,102,1151.48,117450.48,79656.9,37793.58,0.0,1274.3,Winter,Sunday,False,False
2,SKU0002,2024-01-08,171,985.07,168447.28,133542.45,34904.83,12.11,1281.32,Winter,Monday,False,True
2,SKU0002,2024-01-09,74,1228.1,90879.16,57790.3,33088.86,0.0,1356.53,Winter,Tuesday,False,False
2,SKU0002,2024-01-10,100,1191.14,119113.85,78095.0,41018.85,0.0,1279.6,Winter,Wednesday,False,False
2,SKU0002,2024-01-11,74,1180.91,87387.19,57790.3,29596.89,0.0,1323.1,Winter,Thursday,False,False
2,SKU0002,2024-01-12,73,1266.85,92480.36,57009.35,35471.01,0.0,1258.57,Winter,Friday,False,False
2,SKU0002,2024-01-13,106,1113.67,118048.59,82780.7,35267.89,0.0,1212.4,Winter,Saturday,False,False
2,SKU0002,2024-01-14,230,1011.12,232558.34,179618.5,52939.84,22.58,1204.46,Winter,Sunday,False,True
2,SKU0002,2024-01-15,96,1123.89,107893.86,74971.2,32922.66,0.0,1284.54,Winter,Monday,False,False
2,SKU0002,2024-01-16,100,1174.4,117440.45,78095.0,39345.45,0.0,1339.4,Winter,Tuesday,False,False
2,SKU0002,2024-01-17,67,1173.75,78640.94,52323.65,26317.29,0.0,1351.37,Winter,Wednesday,False,False
2,SKU0002,2024-01-18,94,1147.06,107823.35,73409.3,34414.05,0.0,1371.04,Winter,Thursday,False,False
2,SKU0002,2024-01-19,107,1113.36,119129.75,83561.65,35568.1,0.0,1273.55,Winter,Friday,False,False
2,SKU0002,2024-01-20,108,1153.14,124539.17,84342.6,40196.57,0.0,1331.47,Winter,Saturday,False,False
2,SKU0002,2024-01-21,99,1306.11,129304.9,77314.05,51990.85,0.0,1093.65,Winter,Sunday,False,False
2,SKU0002,2024-01-22,82,1151.14,94393.31,64037.9,30355.41,0.0,1263.59,Winter,Monday,False,False
2,SKU0002,2024-01-23,95,1237.52,117564.83,74190.25,43374.58,0.0,1202.86,Winter,Tuesday,False,False
2,SKU0002,2024-01-24,119,1158.78,137894.78,92933.05,44961.73,0.0,1148.2,Winter,Wednesday,False,False
2,SKU0002,2024-01-25,76,1218.43,92600.97,59352.2,33248.77,0.0,1171.72,Winter,Thursday,False,False
2,SKU0002,2024-01-26,69,1283.49,88561.03,53885.55,34675.48,0.0,1326.64,Winter,Friday,False,False
2,SKU0002,2024-01-28,116,1242.37,144115.0,90590.2,53524.8,0.0,1291.64,Winter,Sunday,False,False
2,SKU0002,2024-01-29,82,1150.19,94315.2,64037.9,30277.3,0.0,1323.79,Winter,Monday,False,False
2,SKU0002,2024-01-30,84,1152.23,96787.65,65599.8,31187.85,0.0,1032.89,Winter,Tuesday,False,False
2,SKU0002,2024-01-31,92,1105.94,101746.4,71847.4,29899.0,0.0,1287.78,Winter,Wednesday,False,False
2,SKU0002,2024-02-01,61,1259.71,76842.3,47637.95,29204.35,0.0,1106.88,Winter,Thursday,False,False
2,SKU0002,2024-02-02,64,1273.26,81488.93,49980.8,31508.13,0.0,1260.75,Winter,Friday,False,False
2,SKU0002,2024-02-03,88,1174.44,103350.74,68723.6,34627.14,0.0,1372.96,Winter,Saturday,False,False
2,SKU0002,2024-02-05,79,1230.43,97203.97,61695.05,35508.92,0.0,1334.86,Winter,Monday,False,False
2,SKU0002,2024-02-06,74,1300.34,96224.93,57790.3,38434.63,0.0,1254.67,Winter,Tuesday,False,False
2,SKU0002,2024-02-07,100,1212.66,121266.12,78095.0,43171.12,0.0,1300.99,Winter,Wednesday,False,False
2,SKU0002,2024-02-08,76,1152.0,87552.19,59352.2,28199.99,0.0,1267.3,Winter,Thursday,False,False
2,SKU0002,2024-02-09,107,1123.08,120169.09,83561.65,36607.44,0.0,1157.2,Winter,Friday,False,False
2,SKU0002,2024-02-10,94,1215.06,114215.66,73409.3,40806.36,0.0,1231.73,Winter,Saturday,False,False
2,SKU0002,2024-02-11,105,1160.75,121878.29,81999.75,39878.54,0.0,1077.04,Winter,Sunday,False,False
2,SKU0002,2024-02-12,97,1158.84,112407.42,75752.15,36655.27,0.0,1357.31,Winter,Monday,False,False
2,SKU0002,2024-02-13,65,1240.36,80623.46,50761.75,29861.71,0.0,1227.66,Winter,Tuesday,False,False
2,SKU0002,2024-02-14,103,1269.71,130780.18,80437.85,50342.33,0.0,1100.52,Winter,Wednesday,True,False
2,SKU0002,2024-02-15,100,1097.7,109769.63,78095.0,31674.63,0.0,1171.16,Winter,Thursday,False,False
2,SKU0002,2024-02-16,103,1103.41,113651.0,80437.85,33213.15,0.0,1098.14,Winter,Friday,False,False
2,SKU0002,2024-02-17,109,1168.01,127313.18,85123.55,42189.63,0.0,1292.53,Winter,Saturday,False,False
2,SKU0002,2024-02-18,115,1320.8,151891.59,89809.25,62082.34,0.0,1374.88,Winter,Sunday,False,False
2,SKU0002,2024-02-19,137,1034.82,141770.02,106990.15,34779.87,16.69,1242.44,Winter,Monday,False,True
2,SKU0002,2024-02-20,65,1311.73,85262.4,50761.75,34500.65,0.0,1136.92,Winter,Tuesday,False,False
2,SKU0002,2024-02-21,64,1308.39,83736.77,49980.8,33755.97,0.0,1215.96,Winter,Wednesday,False,False
2,SKU0002,2024-02-22,66,1300.3,85819.85,51542.7,34277.15,0.0,1156.39,Winter,Thursday,False,False
2,SKU0002,2024-02-24,131,1127.57,147712.09,102304.45,45407.64,0.0,1363.01,Winter,Saturday,False,False
2,SKU0002,2024-02-25,103,1311.1,135043.25,80437.85,54605.4,0.0,1023.88,Winter,Sunday,False,False
2,SKU0002,2024-02-26,154,973.99,149994.08,120266.3,29727.78,21.6,1174.14,Winter,Monday,False,True
2,SKU0002,2024-02-27,71,1210.53,85947.77,55447.45,30500.32,0.0,1373.11,Winter,Tuesday,False,False
2,SKU0002,2024-02-28,84,1236.68,103880.91,65599.8,38281.11,0.0,1290.45,Winter,Wednesday,False,False
2,SKU0002,2024-02-29,77,1191.66,91757.99,60133.15,31624.84,0.0,1052.79,Winter,Thursday,False,False
2,SKU0002,2024-03-01,114,1038.45,118382.85,89028.3,29354.55,18.37,1103.29,Spring,Friday,False,True
2,SKU0002,2024-03-02,74,1174.56,86917.08,57790.3,29126.78,0.0,1177.32,Spring,Saturday,False,False
2,SKU0002,2024-03-03,100,1019.06,101906.4,78095.0,23811.4,18.02,1244.12,Spring,Sunday,False,True
2,SKU0002,2024-03-04,68,1222.03,83098.1,53104.6,29993.5,0.0,1047.4,Spring,Monday,False,False
2,SKU0002,2024-03-05,84,1106.82,92972.67,65599.8,27372.87,0.0,1129.86,Spring,Tuesday,False,False
2,SKU0002,2024-03-06,92,1055.62,97117.09,71847.4,25269.69,16.57,1259.39,Spring,Wednesday,False,True
2,SKU0002,2024-03-07,53,1209.5,64103.61,41390.35,22713.26,0.0,1162.17,Spring,Thursday,False,False
2,SKU0002,2024-03-08,59,1212.45,71534.39,46076.05,25458.34,0.0,1073.17,Spring,Friday,False,False
2,SKU0002,2024-03-09,63,1300.98,81961.83,49199.85,32761.98,0.0,1284.12,Spring,Saturday,False,False
2,SKU0002,2024-03-10,65,1309.46,85115.09,50761.75,34353.34,0.0,1221.31,Spring,Sunday,False,False
2,SKU0002,2024-03-11,90,1082.52,97427.04,70285.5,27141.54,0.0,1214.85,Spring,Monday,False,False
2,SKU0002,2024-03-12,60,1154.53,69271.73,46857.0,22414.73,0.0,1346.91,Spring,Tuesday,False,False
2,SKU0002,2024-03-13,52,1180.47,61384.52,40609.4,20775.12,0.0,1205.98,Spring,Wednesday,False,False
2,SKU0002,2024-03-14,50,1134.37,56718.38,39047.5,17670.88,0.0,1091.28,Spring,Thursday,False,False
2,SKU0002,2024-03-15,46,1273.47,58579.43,35923.7,22655.73,0.0,1328.11,Spring,Friday,False,False
2,SKU0002,2024-03-16,58,1320.24,76573.89,45295.1,31278.79,0.0,1219.36,Spring,Saturday,False,False
2,SKU0002,2024-03-17,103,1097.5,113042.58,80437.85,32604.73,0.0,1282.77,Spring,Sunday,False,False
2,SKU0002,2024-03-18,56,1160.81,65005.63,43733.2,21272.43,0.0,1257.5,Spring,Monday,False,False
2,SKU0002,2024-03-19,57,1230.18,70120.19,44514.15,25606.04,0.0,1135.78,Spring,Tuesday,False,False
2,SKU0002,2024-03-20,55,1229.42,67617.89,42952.25,24665.64,0.0,1231.8,Spring,Wednesday,False,False
2,SKU0002,2024-03-21,71,1168.9,82991.82,55447.45,27544.37,0.0,1175.62,Spring,Thursday,False,False
2,SKU0002,2024-03-22,157,988.52,155198.37,122609.15,32589.22,13.32,1178.44,Spring,Friday,False,True
2,SKU0002,2024-03-23,72,1113.59,80178.24,56228.4,23949.84,0.0,1337.66,Spring,Saturday,False,False
2,SKU0002,2024-03-24,67,1167.52,78223.62,52323.65,25899.97,0.0,1220.08,Spring,Sunday,False,False
2,SKU0002,2024-03-25,64,1227.08,78533.23,49980.8,28552.43,0.0,1330.75,Spring,Monday,False,False
2,SKU0002,2024-03-26,62,1210.74,75065.86,48418.9,26646.96,0.0,1340.71,Spring,Tuesday,False,False
2,SKU0002,2024-03-27,146,986.42,144016.79,114018.7,29998.09,10.28,1032.48,Spring,Wednesday,False,True
2,SKU0002,2024-03-28,64,1178.66,75434.53,49980.8,25453.73,0.0,1347.91,Spring,Thursday,False,False
2,SKU0002,2024-03-29,53,1211.91,64230.98,41390.35,22840.63,0.0,1191.41,Spring,Friday,False,False
2,SKU0002,2024-03-30,79,1169.22,92368.17,61695.05,30673.12,0.0,1299.55,Spring,Saturday,False,False
2,SKU0002,2024-03-31,87,1151.24,100157.77,67942.65,32215.12,0.0,1205.21,Spring,Sunday,False,False
2,SKU0002,2024-04-01,64,1201.98,76926.77,49980.8,26945.97,0.0,1326.89,Spring,Monday,False,False
2,SKU0002,2024-04-02,59,1228.86,72502.85,46076.05,26426.8,0.0,1206.56,Spring,Tuesday,False,False
2,SKU0002,2024-04-03,75,1124.36,84327.09,58571.25,25755.84,0.0,1258.92,Spring,Wednesday,False,False
2,SKU0002,2024-04-04,62,1258.15,78005.28,48418.9,29586.38,0.0,1150.56,Spring,Thursday,False,False
2,SKU0002,2024-04-05,69,1198.49,82695.84,53885.55,28810.29,0.0,1154.4,Spring,Friday,False,False
2,SKU0002,2024-04-06,190,863.9,164141.83,148380.5,15761.33,23.62,1190.53,Spring,Saturday,False,True
2,SKU0002,2024-04-07,79,1092.47,86305.33,61695.05,24610.28,0.0,1138.05,Spring,Sunday,False,False
2,SKU0002,2024-04-08,58,1206.6,69982.55,45295.1,24687.45,0.0,1322.16,Spring,Monday,False,False
2,SKU0002,2024-04-09,67,1212.12,81211.84,52323.65,28888.19,0.0,1256.85,Spring,Tuesday,False,False
2,SKU0002,2024-04-10,47,1238.31,58200.36,36704.65,21495.71,0.0,1207.47,Spring,Wednesday,False,False
2,SKU0002,2024-04-11,52,1299.32,67564.49,40609.4,26955.09,0.0,1148.44,Spring,Thursday,False,False
2,SKU0002,2024-04-12,54,1198.3,64708.36,42171.3,22537.06,0.0,1239.02,Spring,Friday,False,False
2,SKU0002,2024-04-13,79,1114.71,88061.85,61695.05,26366.8,0.0,1049.03,Spring,Saturday,False,False
2,SKU0002,2024-04-14,91,1132.14,103024.73,71066.45,31958.28,0.0,1151.8,Spring,Sunday,False,False
2,SKU0002,2024-04-15,68,1109.75,75462.85,53104.6,22358.25,0.0,1313.62,Spring,Monday,False,False
2,SKU0002,2024-04-16,58,1197.02,69427.08,45295.1,24131.98,0.0,1097.19,Spring,Tuesday,False,False
2,SKU0002,2024-04-18,110,1067.74,117451.52,85904.5,31547.02,12.42,1035.37,Spring,Thursday,False,True
2,SKU0002,2024-04-19,74,1094.75,81011.44,57790.3,23221.14,0.0,1086.13,Spring,Friday,False,False
2,SKU0002,2024-04-20,88,1225.33,107829.46,68723.6,39105.86,0.0,1027.95,Spring,Saturday,False,False
2,SKU0002,2024-04-21,62,1240.33,76900.21,48418.9,28481.31,0.0,1052.15,Spring,Sunday,False,False
2,SKU0002,2024-04-22,50,1319.87,65993.5,39047.5,26946.0,0.0,1082.72,Spring,Monday,False,False
2,SKU0002,2024-04-23,57,1225.69,69864.37,44514.15,25350.22,0.0,1316.96,Spring,Tuesday,False,False
2,SKU0002,2024-04-24,67,1239.82,83068.1,52323.65,30744.45,0.0,1282.27,Spring,Wednesday,False,False
2,SKU0002,2024-04-25,57,1190.28,67845.92,44514.15,23331.77,0.0,1104.07,Spring,Thursday,False,False
2,SKU0002,2024-04-26,69,1107.4,76410.77,53885.55,22525.22,0.0,1331.07,Spring,Friday,False,False
2,SKU0002,2024-04-27,77,1182.19,91028.43,60133.15,30895.28,0.0,1055.95,Spring,Saturday,False,False
2,SKU0002,2024-04-29,53,1202.26,63719.78,41390.35,22329.43,0.0,1195.06,Spring,Monday,False,False
2,SKU0002,2024-04-30,57,1226.32,69900.48,44514.15,25386.33,0.0,1344.54,Spring,Tuesday,False,False
2,SKU0002,2024-05-01,63,1237.32,77951.11,49199.85,28751.26,0.0,1154.74,Spring,Wednesday,False,False
2,SKU0002,2024-05-02,87,1046.16,91015.73,67942.65,23073.08,13.44,1305.83,Spring,Thursday,False,True
2,SKU0002,2024-05-03,56,1222.86,68480.02,43733.2,24746.82,0.0,1295.73,Spring,Friday,False,False
2,SKU0002,2024-05-04,71,1104.79,78440.42,55447.45,22992.97,0.0,1193.22,Spring,Saturday,False,False
2,SKU0002,2024-05-05,72,1287.74,92717.11,56228.4,36488.71,0.0,1337.26,Spring,Sunday,False,False
2,SKU0002,2024-05-06,49,1126.73,55209.98,38266.55,16943.43,0.0,1305.78,Spring,Monday,False,False
2,SKU0002,2024-05-08,57,1246.58,71054.99,44514.15,26540.84,0.0,1151.82,Spring,Wednesday,False,False
2,SKU0002,2024-05-09,67,1237.88,82938.13,52323.65,30614.48,0.0,1329.41,Spring,Thursday,False,False
2,SKU0002,2024-05-10,59,1169.18,68981.35,46076.05,22905.3,0.0,1266.56,Spring,Friday,False,False
2,SKU0002,2024-05-11,65,1180.61,76739.61,50761.75,25977.86,0.0,1195.14,Spring,Saturday,False,False
2,SKU0002,2024-05-12,87,1214.65,105674.96,67942.65,37732.31,0.0,1131.77,Spring,Sunday,False,False
2,SKU0002,2024-05-13,42,1250.84,52535.23,32799.9,19735.33,0.0,1329.42,Spring,Monday,False,False
2,SKU0002,2024-05-14,35,1261.01,44135.27,27333.25,16802.02,0.0,1273.3,Spring,Tuesday,False,False
2,SKU0002,2024-05-15,68,1132.85,77033.57,53104.6,23928.97,0.0,1143.23,Spring,Wednesday,False,False
2,SKU0002,2024-05-16,49,1248.81,61191.75,38266.55,22925.2,0.0,1079.18,Spring,Thursday,False,False
2,SKU0002,2024-05-17,58,1082.59,62789.95,45295.1,17494.85,0.0,1073.62,Spring,Friday,False,False
2,SKU0002,2024-05-18,78,1185.93,92502.67,60914.1,31588.57,0.0,1101.18,Spring,Saturday,False,False
2,SKU0002,2024-05-19,161,918.49,147876.58,125732.95,22143.63,15.76,1242.54,Spring,Sunday,False,True
2,SKU0002,2024-05-20,49,1252.31,61363.05,38266.55,23096.5,0.0,1362.11,Spring,Monday,False,False
2,SKU0002,2024-05-21,44,1235.17,54347.52,34361.8,19985.72,0.0,1093.94,Spring,Tuesday,False,False
2,SKU0002,2024-05-22,58,1274.49,73920.25,45295.1,28625.15,0.0,1033.36,Spring,Wednesday,False,False
2,SKU0002,2024-05-23,62,1205.26,74726.11,48418.9,26307.21,0.0,1082.33,Spring,Thursday,False,False
2,SKU0002,2024-05-24,105,1024.88,107611.96,81999.75,25612.21,10.0,1380.53,Spring,Friday,False,True
2,SKU0002,2024-05-25,93,1166.17,108453.6,72628.35,35825.25,0.0,1232.49,Spring,Saturday,False,False
2,SKU0002,2024-05-26,53,1258.39,66694.74,41390.35,25304.39,0.0,1053.74,Spring,Sunday,False,False
2,SKU0002,2024-05-27,39,1280.7,49947.29,30457.05,19490.24,0.0,1146.71,Spring,Monday,False,False
2,SKU0002,2024-05-28,56,1147.76,64274.37,43733.2,20541.17,0.0,1091.36,Spring,Tuesday,False,False
2,SKU0002,2024-05-29,55,1219.46,67070.27,42952.25,24118.02,0.0,1167.99,Spring,Wednesday,False,False
2,SKU0002,2024-05-30,69,1098.71,75810.84,53885.55,21925.29,0.0,1362.58,Spring,Thursday,False,False
2,SKU0002,2024-05-31,47,1311.2,61626.57,36704.65,24921.92,0.0,1314.33,Spring,Friday,False,False
2,SKU0002,2024-06-01,60,1248.12,74887.37,46857.0,28030.37,0.0,1224.23,Summer,Saturday,False,False
2,SKU0002,2024-06-02,45,1263.33,56849.79,35142.75,21707.04,0.0,1186.63,Summer,Sunday,False,False
2,SKU0002,2024-06-04,59,1097.55,64755.26,46076.05,18679.21,0.0,1379.59,Summer,Tuesday,False,False
2,SKU0002,2024-06-05,66,1136.56,75013.25,51542.7,23470.55,0.0,1365.62,Summer,Wednesday,False,False
2,SKU0002,2024-06-06,64,1083.65,69353.63,49980.8,19372.83,0.0,1110.72,Summer,Thursday,False,False
2,SKU0002,2024-06-07,112,965.76,108165.64,87466.4,20699.24,22.32,1356.95,Summer,Friday,False,True
2,SKU0002,2024-06-08,70,1166.27,81638.64,54666.5,26972.14,0.0,1118.23,Summer,Saturday,False,False
2,SKU0002,2024-06-09,61,1245.46,75973.01,47637.95,28335.06,0.0,1201.1,Summer,Sunday,False,False
2,SKU0002,2024-06-10,51,1258.03,64159.62,39828.45,24331.17,0.0,1095.77,Summer,Monday,False,False
2,SKU0002,2024-06-11,67,1141.31,76468.03,52323.65,24144.38,0.0,1077.47,Summer,Tuesday,False,False
2,SKU0002,2024-06-12,45,1302.43,58609.25,35142.75,23466.5,0.0,1260.36,Summer,Wednesday,False,False
2,SKU0002,2024-06-13,51,1264.96,64512.74,39828.45,24684.29,0.0,1036.47,Summer,Thursday,False,False
2,SKU0002,2024-06-14,48,1230.46,59061.86,37485.6,21576.26,0.0,1376.4,Summer,Friday,False,False
2,SKU0002,2024-06-15,65,1290.07,83854.69,50761.75,33092.94,0.0,1376.05,Summer,Saturday,False,False
2,SKU0002,2024-06-16,59,1148.66,67770.93,46076.05,21694.88,0.0,1229.09,Summer,Sunday,False,False
2,SKU0002,2024-06-17,114,1054.67,120232.73,89028.3,31204.43,17.17,1202.35,Summer,Monday,False,True
