data/sales_data.csv
product_id,sku,date,quantity,price,revenue,cost,profit,discount_percent,competitor_price,season,day_of_week,is_holiday,promotion_active
2,SKU0002,2024-06-18,47,1246.24,58573.08,36704.65,21868.43,0.0,1373.21,Summer,Tuesday,False,False
2,SKU0002,2024-06-19,40,1191.87,47674.61,31238.0,16436.61,0.0,1025.5,Summer,Wednesday,False,False
2,SKU0002,2024-06-20,50,1220.93,61046.28,39047.5,21998.78,0.0,1242.11,Summer,Thursday,False,False
2,SKU0002,2024-06-21,45,1213.13,54590.82,35142.75,19448.07,0.0,1191.13,Summer,Friday,False,False
2,SKU0002,2024-06-22,72,1169.24,84185.47,56228.4,27957.07,0.0,1097.12,Summer,Saturday,False,False
2,SKU0002,2024-06-23,58,1170.78,67905.07,45295.1,22609.97,0.0,1122.03,Summer,Sunday,False,False
2,SKU0002,2024-06-24,54,1112.83,60092.59,42171.3,17921.29,0.0,1103.63,Summer,Monday,False,False
2,SKU0002,2024-06-25,72,991.02,71353.53,56228.4,15125.13,13.54,1158.53,Summer,Tuesday,False,True
2,SKU0002,2024-06-26,40,1311.79,52471.58,31238.0,21233.58,0.0,1311.63,Summer,Wednesday,False,False
2,SKU0002,2024-06-27,32,1201.36,38443.63,24990.4,13453.23,0.0,1327.39,Summer,Thursday,False,False
2,SKU0002,2024-06-28,36,1254.46,45160.52,28114.2,17046.32,0.0,1129.38,Summer,Friday,False,False
2,SKU0002,2024-06-29,66,1217.76,80372.17,51542.7,28829.47,0.0,1270.14,Summer,Saturday,False,False
2,SKU0002,2024-06-30,120,1057.91,126949.14,93714.0,33235.14,17.15,1183.39,Summer,Sunday,False,True
2,SKU0002,2024-07-01,57,1168.05,66578.87,44514.15,22064.72,0.0,1357.11,Summer,Monday,False,False
2,SKU0002,2024-07-02,52,1086.08,56476.17,40609.4,15866.77,0.0,1333.87,Summer,Tuesday,False,False
2,SKU0002,2024-07-03,56,1129.12,63230.83,43733.2,19497.63,0.0,1255.21,Summer,Wednesday,False,False
2,SKU0002,2024-07-04,60,1268.82,76128.96,46857.0,29271.96,0.0,1263.89,Summer,Thursday,True,False
2,SKU0002,2024-07-05,39,1258.3,49073.52,30457.05,18616.47,0.0,1158.59,Summer,Friday,False,False
2,SKU0002,2024-07-06,71,1233.11,87550.77,55447.45,32103.32,0.0,1081.64,Summer,Saturday,False,False
2,SKU0002,2024-07-07,73,1162.39,84854.16,57009.35,27844.81,0.0,1227.28,Summer,Sunday,False,False
2,SKU0002,2024-07-08,58,1098.46,63710.53,45295.1,18415.43,0.0,1103.5,Summer,Monday,False,False
2,SKU0002,2024-07-09,55,1151.32,63322.85,42952.25,20370.6,0.0,1253.6,Summer,Tuesday,False,False
2,SKU0002,2024-07-10,53,1188.22,62975.63,41390.35,21585.28,0.0,1152.14,Summer,Wednesday,False,False
2,SKU0002,2024-07-11,30,1313.32,39399.67,23428.5,15971.17,0.0,1087.52,Summer,Thursday,False,False
2,SKU0002,2024-07-12,94,1005.83,94547.89,73409.3,21138.59,19.93,1273.8,Summer,Friday,False,True
2,SKU0002,2024-07-13,108,991.95,107130.77,84342.6,22788.17,11.55,1337.95,Summer,Saturday,False,True
2,SKU0002,2024-07-14,62,1087.65,67434.26,48418.9,19015.36,0.0,1296.97,Summer,Sunday,False,False
2,SKU0002,2024-07-15,94,1003.29,94309.01,73409.3,20899.71,12.33,1340.4,Summer,Monday,False,True
2,SKU0002,2024-07-16,71,1140.76,80994.06,55447.45,25546.61,0.0,1247.05,Summer,Tuesday,False,False
2,SKU0002,2024-07-18,41,1288.05,52810.2,32018.95,20791.25,0.0,1192.87,Summer,Thursday,False,False
2,SKU0002,2024-07-19,54,1211.21,65405.45,42171.3,23234.15,0.0,1181.58,Summer,Friday,False,False
2,SKU0002,2024-07-20,69,1248.95,86177.36,53885.55,32291.81,0.0,1236.63,Summer,Saturday,False,False
2,SKU0002,2024-07-21,66,1234.1,81450.86,51542.7,29908.16,0.0,1209.92,Summer,Sunday,False,False
2,SKU0002,2024-07-22,55,1155.72,63564.77,42952.25,20612.52,0.0,1215.76,Summer,Monday,False,False
2,SKU0002,2024-07-23,47,1187.49,55812.01,36704.65,19107.36,0.0,1114.89,Summer,Tuesday,False,False
2,SKU0002,2024-07-24,68,1081.34,73530.86,53104.6,20426.26,0.0,1326.87,Summer,Wednesday,False,False
2,SKU0002,2024-07-26,49,1308.86,64134.16,38266.55,25867.61,0.0,1024.53,Summer,Friday,False,False
2,SKU0002,2024-07-27,72,1151.7,82922.47,56228.4,26694.07,0.0,1023.84,Summer,Saturday,False,False
2,SKU0002,2024-07-28,73,1180.25,86158.31,57009.35,29148.96,0.0,1163.52,Summer,Sunday,False,False
2,SKU0002,2024-07-29,43,1258.44,54112.81,33580.85,20531.96,0.0,1157.62,Summer,Monday,False,False
2,SKU0002,2024-07-30,63,1182.77,74514.81,49199.85,25314.96,0.0,1296.81,Summer,Tuesday,False,False
2,SKU0002,2024-07-31,47,1275.37,59942.29,36704.65,23237.64,0.0,1123.85,Summer,Wednesday,False,False
2,SKU0002,2024-08-01,60,1275.66,76539.85,46857.0,29682.85,0.0,1328.87,Summer,Thursday,False,False
2,SKU0002,2024-08-02,49,1150.9,56394.17,38266.55,18127.62,0.0,1243.89,Summer,Friday,False,False
2,SKU0002,2024-08-03,74,1230.96,91090.8,57790.3,33300.5,0.0,1028.23,Summer,Saturday,False,False
2,SKU0002,2024-08-04,111,1055.13,117119.76,86685.45,30434.31,12.79,1118.27,Summer,Sunday,False,True
2,SKU0002,2024-08-05,42,1256.03,52753.34,32799.9,19953.44,0.0,1075.55,Summer,Monday,False,False
2,SKU0002,2024-08-06,50,1163.47,58173.65,39047.5,19126.15,0.0,1309.4,Summer,Tuesday,False,False
2,SKU0002,2024-08-07,49,1192.73,58443.95,38266.55,20177.4,0.0,1140.28,Summer,Wednesday,False,False
2,SKU0002,2024-08-08,46,1309.99,60259.38,35923.7,24335.68,0.0,1300.82,Summer,Thursday,False,False
2,SKU0002,2024-08-09,99,1040.43,103002.37,77314.05,25688.32,12.88,1315.81,Summer,Friday,False,True
2,SKU0002,2024-08-10,64,1110.62,71079.7,49980.8,21098.9,0.0,1110.98,Summer,Saturday,False,False
2,SKU0002,2024-08-11,62,1187.75,73640.75,48418.9,25221.85,0.0,1033.32,Summer,Sunday,False,False
2,SKU0002,2024-08-12,61,1266.58,77261.27,47637.95,29623.32,0.0,1375.23,Summer,Monday,False,False
2,SKU0002,2024-08-13,60,1245.06,74703.55,46857.0,27846.55,0.0,1137.69,Summer,Tuesday,False,False
2,SKU0002,2024-08-14,64,1091.45,69852.86,49980.8,19872.06,0.0,1209.0,Summer,Wednesday,False,False
2,SKU0002,2024-08-15,49,1234.75,60502.52,38266.55,22235.97,0.0,1341.14,Summer,Thursday,False,False
2,SKU0002,2024-08-16,57,1133.65,64617.87,44514.15,20103.72,0.0,1249.37,Summer,Friday,False,False
2,SKU0002,2024-08-17,75,1121.53,84114.7,58571.25,25543.45,0.0,1064.37,Summer,Saturday,False,False
2,SKU0002,2024-08-19,49,1195.52,58580.37,38266.55,20313.82,0.0,1155.11,Summer,Monday,False,False
2,SKU0002,2024-08-20,75,991.94,74395.67,58571.25,15824.42,11.37,1356.75,Summer,Tuesday,False,True
2,SKU0002,2024-08-21,51,1231.53,62807.94,39828.45,22979.49,0.0,1253.57,Summer,Wednesday,False,False
2,SKU0002,2024-08-22,50,1271.5,63574.85,39047.5,24527.35,0.0,1105.11,Summer,Thursday,False,False
2,SKU0002,2024-08-23,43,1270.8,54644.36,33580.85,21063.51,0.0,1311.58,Summer,Friday,False,False
2,SKU0002,2024-08-24,85,1127.68,95852.97,66380.75,29472.22,0.0,1150.34,Summer,Saturday,False,False
2,SKU0002,2024-08-25,43,1297.26,55781.99,33580.85,22201.14,0.0,1178.93,Summer,Sunday,False,False
2,SKU0002,2024-08-26,37,1248.81,46205.84,28895.15,17310.69,0.0,1088.51,Summer,Monday,False,False
2,SKU0002,2024-08-27,48,1257.3,60350.61,37485.6,22865.01,0.0,1320.89,Summer,Tuesday,False,False
2,SKU0002,2024-08-28,58,1214.56,70444.53,45295.1,25149.43,0.0,1077.12,Summer,Wednesday,False,False
2,SKU0002,2024-08-29,69,1144.59,78977.04,53885.55,25091.49,0.0,1021.5,Summer,Thursday,False,False
2,SKU0002,2024-08-30,49,1172.4,57447.36,38266.55,19180.81,0.0,1027.99,Summer,Friday,False,False
2,SKU0002,2024-08-31,64,1267.78,81138.21,49980.8,31157.41,0.0,1281.12,Summer,Saturday,False,False
2,SKU0002,2024-09-01,105,1210.82,127136.2,81999.75,45136.45,0.0,1210.14,Fall,Sunday,False,False
2,SKU0002,2024-09-02,85,1213.83,103175.32,66380.75,36794.57,0.0,1137.52,Fall,Monday,False,False
2,SKU0002,2024-09-03,117,1107.86,129619.34,91371.15,38248.19,0.0,1045.27,Fall,Tuesday,False,False
2,SKU0002,2024-09-04,112,1112.5,124599.74,87466.4,37133.34,0.0,1094.08,Fall,Wednesday,False,False
2,SKU0002,2024-09-05,79,1105.04,87298.45,61695.05,25603.4,0.0,1322.68,Fall,Thursday,False,False
2,SKU0002,2024-09-06,108,1207.66,130427.78,84342.6,46085.18,0.0,1113.49,Fall,Friday,False,False
2,SKU0002,2024-09-07,125,1226.92,153364.98,97618.75,55746.23,0.0,1356.52,Fall,Saturday,False,False
2,SKU0002,2024-09-08,97,1199.39,116341.3,75752.15,40589.15,0.0,1050.06,Fall,Sunday,False,False
2,SKU0002,2024-09-09,111,1095.9,121644.87,86685.45,34959.42,0.0,1359.42,Fall,Monday,False,False
2,SKU0002,2024-09-10,100,1170.0,116999.82,78095.0,38904.82,0.0,1318.11,Fall,Tuesday,False,False
2,SKU0002,2024-09-11,110,1091.08,120019.09,85904.5,34114.59,0.0,1130.78,Fall,Wednesday,False,False
2,SKU0002,2024-09-12,70,1312.14,91849.47,54666.5,37182.97,0.0,1282.62,Fall,Thursday,False,False
2,SKU0002,2024-09-13,90,1126.84,101415.58,70285.5,31130.08,0.0,1110.9,Fall,Friday,False,False
2,SKU0002,2024-09-14,120,1124.3,134916.21,93714.0,41202.21,0.0,1170.89,Fall,Saturday,False,False
2,SKU0002,2024-09-15,120,1234.77,148172.44,93714.0,54458.44,0.0,1186.58,Fall,Sunday,False,False
2,SKU0002,2024-09-16,85,1293.45,109943.21,66380.75,43562.46,0.0,1086.26,Fall,Monday,False,False
2,SKU0002,2024-09-17,89,1162.42,103454.99,69504.55,33950.44,0.0,1381.11,Fall,Tuesday,False,False
2,SKU0002,2024-09-18,105,1165.97,122427.34,81999.75,40427.59,0.0,1378.6,Fall,Wednesday,False,False
2,SKU0002,2024-09-19,53,1170.64,62043.67,41390.35,20653.32,0.0,1176.44,Fall,Thursday,False,False
2,SKU0002,2024-09-20,101,1227.51,123978.6,78875.95,45102.65,0.0,1098.35,Fall,Friday,False,False
2,SKU0002,2024-09-21,68,1303.86,88662.46,53104.6,35557.86,0.0,1367.86,Fall,Saturday,False,False
2,SKU0002,2024-09-22,105,1176.73,123556.83,81999.75,41557.08,0.0,1375.54,Fall,Sunday,False,False
2,SKU0002,2024-09-23,74,1205.69,89221.16,57790.3,31430.86,0.0,1130.04,Fall,Monday,False,False
2,SKU0002,2024-09-24,79,1134.63,89635.9,61695.05,27940.85,0.0,1029.06,Fall,Tuesday,False,False
2,SKU0002,2024-09-25,98,1247.05,122210.7,76533.1,45677.6,0.0,1220.8,Fall,Wednesday,False,False
2,SKU0002,2024-09-26,72,1303.81,93874.01,56228.4,37645.61,0.0,1034.84,Fall,Thursday,False,False
2,SKU0002,2024-09-27,107,1114.57,119259.24,83561.65,35697.59,0.0,1231.07,Fall,Friday,False,False
2,SKU0002,2024-09-28,96,1276.21,122516.03,74971.2,47544.83,0.0,1165.34,Fall,Saturday,False,False
2,SKU0002,2024-09-29,106,1257.75,133321.74,82780.7,50541.04,0.0,1307.03,Fall,Sunday,False,False
2,SKU0002,2024-09-30,81,1279.72,103657.67,63256.95,40400.72,0.0,1228.94,Fall,Monday,False,False
2,SKU0002,2024-10-01,70,1224.34,85704.03,54666.5,31037.53,0.0,1284.65,Fall,Tuesday,False,False
2,SKU0002,2024-10-02,120,1100.17,132020.58,93714.0,38306.58,0.0,1299.1,Fall,Wednesday,False,False
2,SKU0002,2024-10-03,74,1277.67,94547.33,57790.3,36757.03,0.0,1334.04,Fall,Thursday,False,False
2,SKU0002,2024-10-04,75,1135.79,85184.43,58571.25,26613.18,0.0,1238.33,Fall,Friday,False,False
2,SKU0002,2024-10-05,173,1068.55,184859.73,135104.35,49755.38,15.74,1036.08,Fall,Saturday,False,True
2,SKU0002,2024-10-06,149,1117.26,166471.28,116361.55,50109.73,0.0,1100.82,Fall,Sunday,False,False
2,SKU0002,2024-10-07,177,1057.31,187144.14,138228.15,48915.99,15.89,1235.75,Fall,Monday,False,True
2,SKU0002,2024-10-08,94,1134.68,106659.86,73409.3,33250.56,0.0,1163.37,Fall,Tuesday,False,False
2,SKU0002,2024-10-09,99,1101.15,109013.74,77314.05,31699.69,0.0,1039.01,Fall,Wednesday,False,False
2,SKU0002,2024-10-10,99,1101.76,109074.02,77314.05,31759.97,0.0,1300.16,Fall,Thursday,False,False
2,SKU0002,2024-10-11,134,1113.72,149238.8,104647.3,44591.5,0.0,1197.08,Fall,Friday,False,False
2,SKU0002,2024-10-12,127,1128.44,143311.26,99180.65,44130.61,0.0,1286.4,Fall,Saturday,False,False
2,SKU0002,2024-10-13,134,1098.53,147202.95,104647.3,42555.65,0.0,1137.81,Fall,Sunday,False,False
2,SKU0002,2024-10-14,120,1102.84,132341.15,93714.0,38627.15,0.0,1173.9,Fall,Monday,False,False
2,SKU0002,2024-10-15,99,1158.38,114680.1,77314.05,37366.05,0.0,1029.97,Fall,Tuesday,False,False
2,SKU0002,2024-10-16,73,1318.64,96260.64,57009.35,39251.29,0.0,1378.13,Fall,Wednesday,False,False
2,SKU0002,2024-10-18,98,1129.3,110671.08,76533.1,34137.98,0.0,1294.36,Fall,Friday,False,False
2,SKU0002,2024-10-19,123,1108.32,136322.87,96056.85,40266.02,0.0,1363.28,Fall,Saturday,False,False
2,SKU0002,2024-10-20,105,1290.07,135457.17,81999.75,53457.42,0.0,1026.19,Fall,Sunday,False,False
2,SKU0002,2024-10-21,104,1108.05,115237.53,81218.8,34018.73,0.0,1029.44,Fall,Monday,False,False
2,SKU0002,2024-10-22,98,1210.59,118638.06,76533.1,42104.96,0.0,1209.85,Fall,Tuesday,False,False
2,SKU0002,2024-10-23,89,1197.38,106566.94,69504.55,37062.39,0.0,1072.19,Fall,Wednesday,False,False
2,SKU0002,2024-10-24,108,1085.73,117259.12,84342.6,32916.52,0.0,1260.4,Fall,Thursday,False,False
2,SKU0002,2024-10-25,130,962.21,125086.87,101523.5,23563.37,14.26,1243.98,Fall,Friday,False,True
2,SKU0002,2024-10-26,196,1113.23,218193.85,153066.2,65127.65,10.13,1119.03,Fall,Saturday,False,True
2,SKU0002,2024-10-27,107,1239.93,132672.6,83561.65,49110.95,0.0,1028.12,Fall,Sunday,False,False
2,SKU0002,2024-10-28,97,1237.36,120024.14,75752.15,44271.99,0.0,1158.46,Fall,Monday,False,False
2,SKU0002,2024-10-29,58,1105.25,64104.38,45295.1,18809.28,0.0,1333.66,Fall,Tuesday,False,False
2,SKU0002,2024-10-30,132,1126.11,148646.34,103085.4,45560.94,0.0,1186.32,Fall,Wednesday,False,False
2,SKU0002,2024-10-31,136,1086.48,147760.94,106209.2,41551.74,0.0,1212.06,Fall,Thursday,True,False
2,SKU0002,2024-11-01,108,1175.84,126991.24,84342.6,42648.64,0.0,1146.23,Fall,Friday,False,False
2,SKU0002,2024-11-02,86,1231.55,105913.47,67161.7,38751.77,0.0,1373.84,Fall,Saturday,False,False
2,SKU0002,2024-11-03,105,1276.41,134022.56,81999.75,52022.81,0.0,1337.95,Fall,Sunday,False,False
2,SKU0002,2024-11-05,88,1148.64,101080.53,68723.6,32356.93,0.0,1344.62,Fall,Tuesday,False,False
2,SKU0002,2024-11-06,134,1102.41,147723.0,104647.3,43075.7,0.0,1367.48,Fall,Wednesday,False,False
2,SKU0002,2024-11-07,83,1231.62,102224.67,64818.85,37405.82,0.0,1107.88,Fall,Thursday,False,False
2,SKU0002,2024-11-08,78,1314.53,102533.05,60914.1,41618.95,0.0,1139.93,Fall,Friday,False,False
2,SKU0002,2024-11-09,135,1131.0,152684.48,105428.25,47256.23,0.0,1216.37,Fall,Saturday,False,False
2,SKU0002,2024-11-10,102,1288.59,131435.87,79656.9,51778.97,0.0,1275.4,Fall,Sunday,False,False
2,SKU0002,2024-11-11,104,1113.81,115836.67,81218.8,34617.87,0.0,1372.95,Fall,Monday,False,False
2,SKU0002,2024-11-12,81,1305.51,105746.6,63256.95,42489.65,0.0,1135.68,Fall,Tuesday,False,False
2,SKU0002,2024-11-13,104,1309.26,136162.56,81218.8,54943.76,0.0,1135.72,Fall,Wednesday,False,False
2,SKU0002,2024-11-14,82,1256.03,102994.08,64037.9,38956.18,0.0,1338.47,Fall,Thursday,False,False
2,SKU0002,2024-11-15,95,1180.13,112112.78,74190.25,37922.53,0.0,1357.81,Fall,Friday,False,False
2,SKU0002,2024-11-16,107,1305.57,139695.62,83561.65,56133.97,0.0,1302.06,Fall,Saturday,False,False
2,SKU0002,2024-11-17,140,1125.71,157598.99,109333.0,48265.99,0.0,1241.82,Fall,Sunday,False,False
2,SKU0002,2024-11-18,103,1217.57,125409.7,80437.85,44971.85,0.0,1104.93,Fall,Monday,False,False
2,SKU0002,2024-11-19,103,1167.64,120267.09,80437.85,39829.24,0.0,1193.03,Fall,Tuesday,False,False
2,SKU0002,2024-11-20,71,1226.62,87090.12,55447.45,31642.67,0.0,1156.03,Fall,Wednesday,False,False
2,SKU0002,2024-11-21,111,1199.4,133133.89,86685.45,46448.44,0.0,1090.9,Fall,Thursday,False,False
2,SKU0002,2024-11-22,114,1135.67,129466.94,89028.3,40438.64,10.23,1170.12,Fall,Friday,False,True
2,SKU0002,2024-11-23,95,1318.78,125284.19,74190.25,51093.94,0.0,1045.08,Fall,Saturday,False,False
2,SKU0002,2024-11-24,105,1318.15,138406.01,81999.75,56406.26,0.0,1197.84,Fall,Sunday,True,False
2,SKU0002,2024-11-25,117,1191.26,139377.23,91371.15,48006.08,0.0,1167.17,Fall,Monday,True,False
2,SKU0002,2024-11-26,164,1060.43,173910.59,128075.8,45834.79,15.71,1241.65,Fall,Tuesday,False,True
2,SKU0002,2024-11-27,90,1224.0,110160.07,70285.5,39874.57,0.0,1336.91,Fall,Wednesday,False,False
2,SKU0002,2024-11-28,94,1206.42,113403.65,73409.3,39994.35,0.0,1319.33,Fall,Thursday,False,False
2,SKU0002,2024-11-29,186,1085.79,201957.82,145256.7,56701.12,17.78,1286.22,Fall,Friday,False,True
2,SKU0002,2024-11-30,114,1205.34,137408.2,89028.3,48379.9,0.0,1039.01,Fall,Saturday,False,False
2,SKU0002,2024-12-01,99,1176.96,116519.02,77314.05,39204.97,0.0,1319.55,Winter,Sunday,False,False
2,SKU0002,2024-12-02,97,1182.83,114734.34,75752.15,38982.19,0.0,1040.9,Winter,Monday,False,False
2,SKU0002,2024-12-03,111,1115.49,123819.73,86685.45,37134.28,0.0,1184.05,Winter,Tuesday,False,False
2,SKU0002,2024-12-04,78,1108.51,86463.64,60914.1,25549.54,0.0,1359.28,Winter,Wednesday,False,False
2,SKU0002,2024-12-05,103,1113.83,114724.19,80437.85,34286.34,0.0,1183.76,Winter,Thursday,False,False
2,SKU0002,2024-12-06,89,1223.16,108861.43,69504.55,39356.88,0.0,1094.02,Winter,Friday,False,False
2,SKU0002,2024-12-07,104,1141.41,118706.3,81218.8,37487.5,0.0,1348.22,Winter,Saturday,False,False
2,SKU0002,2024-12-08,111,1253.93,139186.64,86685.45,52501.19,0.0,1062.39,Winter,Sunday,False,False
2,SKU0002,2024-12-09,85,1168.53,99324.74,66380.75,32943.99,0.0,1159.68,Winter,Monday,False,False
2,SKU0002,2024-12-10,84,1204.26,101158.12,65599.8,35558.32,0.0,1157.73,Winter,Tuesday,False,False
2,SKU0002,2024-12-11,73,1265.92,92412.22,57009.35,35402.87,0.0,1225.07,Winter,Wednesday,False,False
2,SKU0002,2024-12-12,94,1117.38,105033.66,73409.3,31624.36,0.0,1085.71,Winter,Thursday,False,False
2,SKU0002,2024-12-13,71,1182.14,83931.66,55447.45,28484.21,0.0,1298.28,Winter,Friday,False,False
2,SKU0002,2024-12-14,74,1231.85,91156.58,57790.3,33366.28,0.0,1068.66,Winter,Saturday,False,False
2,SKU0002,2024-12-15,118,1230.91,145247.41,92152.1,53095.31,0.0,1186.55,Winter,Sunday,False,False
2,SKU0002,2024-12-17,77,1138.47,87662.52,60133.15,27529.37,0.0,1192.71,Winter,Tuesday,False,False
2,SKU0002,2024-12-18,65,1100.39,71525.63,50761.75,20763.88,0.0,1109.44,Winter,Wednesday,False,False
2,SKU0002,2024-12-19,72,1230.24,88577.2,56228.4,32348.8,0.0,1318.69,Winter,Thursday,False,False
2,SKU0002,2024-12-21,117,1241.59,145265.79,91371.15,53894.64,0.0,1128.81,Winter,Saturday,False,False
2,SKU0002,2024-12-22,135,1093.1,147567.94,105428.25,42139.69,0.0,1085.49,Winter,Sunday,False,False
2,SKU0002,2024-12-23,71,1228.15,87198.93,55447.45,31751.48,0.0,1235.69,Winter,Monday,False,False
2,SKU0002,2024-12-24,125,1123.95,140493.3,97618.75,42874.55,0.0,1229.92,Winter,Tuesday,False,False
