data/sales_data.csv
product_id,sku,date,quantity,price,revenue,cost,profit,discount_percent,competitor_price,season,day_of_week,is_holiday,promotion_active
2,SKU0002,2024-12-25,144,1103.69,158931.58,112456.8,46474.78,0.0,1154.09,Winter,Wednesday,True,False
2,SKU0002,2024-12-26,120,1097.57,131708.85,93714.0,37994.85,0.0,1219.65,Winter,Thursday,True,False
2,SKU0002,2024-12-27,59,1113.64,65705.01,46076.05,19628.96,0.0,1120.15,Winter,Friday,False,False
2,SKU0002,2024-12-28,133,1207.38,160581.84,103866.35,56715.49,0.0,1241.85,Winter,Saturday,False,False
2,SKU0002,2024-12-29,73,1256.66,91736.32,57009.35,34726.97,0.0,1377.06,Winter,Sunday,False,False
2,SKU0002,2024-12-30,58,1246.79,72313.94,45295.1,27018.84,0.0,1376.73,Winter,Monday,False,False
2,SKU0002,2024-12-31,92,1227.61,112940.53,71847.4,41093.13,0.0,1210.61,Winter,Tuesday,False,False
2,SKU0002,2025-01-01,155,1166.34,180783.03,121047.25,59735.78,0.0,1224.04,Winter,Wednesday,True,False
2,SKU0002,2025-01-02,96,1233.14,118381.86,74971.2,43410.66,0.0,1086.09,Winter,Thursday,False,False
2,SKU0002,2025-01-03,84,1251.58,105132.87,65599.8,39533.07,0.0,1021.81,Winter,Friday,False,False
2,SKU0002,2025-01-04,181,1086.66,196685.6,141351.95,55333.65,11.77,1309.43,Winter,Saturday,False,True
2,SKU0002,2025-01-05,116,1180.8,136973.35,90590.2,46383.15,0.0,1223.24,Winter,Sunday,False,False
2,SKU0002,2025-01-06,111,1084.03,120327.18,86685.45,33641.73,0.0,1122.75,Winter,Monday,False,False
2,SKU0002,2025-01-07,93,1155.27,107440.04,72628.35,34811.69,0.0,1138.0,Winter,Tuesday,False,False
2,SKU0002,2025-01-08,148,1057.7,156539.16,115580.6,40958.56,15.12,1243.27,Winter,Wednesday,False,True
2,SKU0002,2025-01-09,173,955.46,165295.24,135104.35,30190.89,14.96,1263.63,Winter,Thursday,False,True
2,SKU0002,2025-01-10,66,1272.89,84010.6,51542.7,32467.9,0.0,1194.79,Winter,Friday,False,False
2,SKU0002,2025-01-11,83,1295.67,107540.48,64818.85,42721.63,0.0,1142.03,Winter,Saturday,False,False
2,SKU0002,2025-01-12,76,1180.78,89739.55,59352.2,30387.35,0.0,1322.24,Winter,Sunday,False,False
2,SKU0002,2025-01-13,75,1255.52,94163.78,58571.25,35592.53,0.0,1214.39,Winter,Monday,False,False
2,SKU0002,2025-01-14,66,1246.03,82238.15,51542.7,30695.45,0.0,1341.32,Winter,Tuesday,False,False
2,SKU0002,2025-01-15,59,1314.3,77543.95,46076.05,31467.9,0.0,1032.48,Winter,Wednesday,False,False
2,SKU0002,2025-01-16,81,1231.86,99780.62,63256.95,36523.67,0.0,1227.04,Winter,Thursday,False,False
2,SKU0002,2025-01-17,97,1224.33,118760.38,75752.15,43008.23,0.0,1292.12,Winter,Friday,False,False
2,SKU0002,2025-01-19,76,1200.75,91257.17,59352.2,31904.97,0.0,1184.13,Winter,Sunday,False,False
2,SKU0002,2025-01-20,78,1133.25,88393.55,60914.1,27479.45,0.0,1061.69,Winter,Monday,False,False
2,SKU0002,2025-01-21,86,1268.21,109066.13,67161.7,41904.43,0.0,1181.19,Winter,Tuesday,False,False
2,SKU0002,2025-01-22,140,987.76,138286.1,109333.0,28953.1,17.5,1354.15,Winter,Wednesday,False,True
2,SKU0002,2025-01-23,79,1207.14,95363.87,61695.05,33668.82,0.0,1072.89,Winter,Thursday,False,False
2,SKU0002,2025-01-24,80,1278.87,102309.38,62476.0,39833.38,0.0,1265.16,Winter,Friday,False,False
2,SKU0002,2025-01-25,79,1255.42,99178.38,61695.05,37483.33,0.0,1278.48,Winter,Saturday,False,False
2,SKU0002,2025-01-26,122,1082.3,132040.79,95275.9,36764.89,0.0,1268.88,Winter,Sunday,False,False
2,SKU0002,2025-01-27,77,1102.24,84872.3,60133.15,24739.15,0.0,1037.87,Winter,Monday,False,False
2,SKU0002,2025-01-28,71,1239.66,88016.05,55447.45,32568.6,0.0,1229.42,Winter,Tuesday,False,False
2,SKU0002,2025-01-29,76,1295.69,98472.22,59352.2,39120.02,0.0,1090.64,Winter,Wednesday,False,False
2,SKU0002,2025-01-30,67,1158.0,77586.21,52323.65,25262.56,0.0,1063.65,Winter,Thursday,False,False
2,SKU0002,2025-02-01,99,1204.84,119279.03,77314.05,41964.98,0.0,1147.51,Winter,Saturday,False,False
2,SKU0002,2025-02-02,123,1115.33,137185.46,96056.85,41128.61,0.0,1123.34,Winter,Sunday,False,False
2,SKU0002,2025-02-03,100,1098.43,109843.31,78095.0,31748.31,0.0,1143.34,Winter,Monday,False,False
2,SKU0002,2025-02-04,114,1112.57,126832.95,89028.3,37804.65,0.0,1264.72,Winter,Tuesday,False,False
2,SKU0002,2025-02-05,100,1094.24,109424.17,78095.0,31329.17,0.0,1085.75,Winter,Wednesday,False,False
2,SKU0002,2025-02-06,75,1223.75,91781.14,58571.25,33209.89,0.0,1273.32,Winter,Thursday,False,False
2,SKU0002,2025-02-07,90,1156.39,104075.19,70285.5,33789.69,0.0,1278.2,Winter,Friday,False,False
2,SKU0002,2025-02-08,106,1209.51,128207.65,82780.7,45426.95,0.0,1293.64,Winter,Saturday,False,False
2,SKU0002,2025-02-09,115,1112.98,127993.09,89809.25,38183.84,0.0,1352.73,Winter,Sunday,False,False
2,SKU0002,2025-02-10,85,1190.79,101216.91,66380.75,34836.16,0.0,1277.23,Winter,Monday,False,False
2,SKU0002,2025-02-11,82,1136.99,93233.04,64037.9,29195.14,0.0,1331.61,Winter,Tuesday,False,False
2,SKU0002,2025-02-12,65,1300.67,84543.38,50761.75,33781.63,0.0,1273.41,Winter,Wednesday,False,False
2,SKU0002,2025-02-13,59,1270.85,74980.22,46076.05,28904.17,0.0,1184.62,Winter,Thursday,False,False
2,SKU0002,2025-02-14,258,1012.96,261342.62,201485.1,59857.52,15.27,1082.8,Winter,Friday,True,True
2,SKU0002,2025-02-15,78,1226.56,95671.38,60914.1,34757.28,0.0,1058.34,Winter,Saturday,False,False
2,SKU0002,2025-02-16,80,1272.77,101821.48,62476.0,39345.48,0.0,1255.33,Winter,Sunday,False,False
2,SKU0002,2025-02-17,73,1209.33,88280.98,57009.35,31271.63,0.0,1170.26,Winter,Monday,False,False
2,SKU0002,2025-02-18,92,1212.98,111594.32,71847.4,39746.92,0.0,1159.58,Winter,Tuesday,False,False
2,SKU0002,2025-02-19,71,1276.89,90659.29,55447.45,35211.84,0.0,1303.94,Winter,Wednesday,False,False
2,SKU0002,2025-02-20,89,1270.5,113074.71,69504.55,43570.16,0.0,1106.36,Winter,Thursday,False,False
2,SKU0002,2025-02-21,87,1100.03,95702.73,67942.65,27760.08,0.0,1228.2,Winter,Friday,False,False
2,SKU0002,2025-02-22,100,1223.61,122360.61,78095.0,44265.61,0.0,1221.32,Winter,Saturday,False,False
2,SKU0002,2025-02-23,98,1123.65,110117.43,76533.1,33584.33,0.0,1046.33,Winter,Sunday,False,False
2,SKU0002,2025-02-24,98,1276.93,125138.92,76533.1,48605.82,0.0,1157.81,Winter,Monday,False,False
2,SKU0002,2025-02-25,64,1239.95,79356.56,49980.8,29375.76,0.0,1315.73,Winter,Tuesday,False,False
2,SKU0002,2025-02-26,75,1298.36,97376.94,58571.25,38805.69,0.0,1021.31,Winter,Wednesday,False,False
2,SKU0002,2025-02-27,103,1117.17,115068.46,80437.85,34630.61,0.0,1161.81,Winter,Thursday,False,False
2,SKU0002,2025-02-28,98,1128.33,110576.45,76533.1,34043.35,0.0,1135.35,Winter,Friday,False,False
2,SKU0002,2025-03-01,58,1300.75,75443.48,45295.1,30148.38,0.0,1361.25,Spring,Saturday,False,False
2,SKU0002,2025-03-02,57,1317.42,75092.95,44514.15,30578.8,0.0,1053.42,Spring,Sunday,False,False
2,SKU0002,2025-03-03,93,1106.58,102911.78,72628.35,30283.43,16.06,1127.28,Spring,Monday,False,True
2,SKU0002,2025-03-04,55,1213.21,66726.37,42952.25,23774.12,0.0,1274.76,Spring,Tuesday,False,False
2,SKU0002,2025-03-05,69,1167.64,80567.0,53885.55,26681.45,0.0,1333.26,Spring,Wednesday,False,False
2,SKU0002,2025-03-06,71,1250.05,88753.71,55447.45,33306.26,0.0,1135.91,Spring,Thursday,False,False
2,SKU0002,2025-03-07,55,1173.0,64515.06,42952.25,21562.81,0.0,1260.03,Spring,Friday,False,False
2,SKU0002,2025-03-08,61,1126.54,68719.15,47637.95,21081.2,0.0,1354.46,Spring,Saturday,False,False
2,SKU0002,2025-03-09,77,1118.38,86115.51,60133.15,25982.36,0.0,1262.76,Spring,Sunday,False,False
2,SKU0002,2025-03-11,50,1198.26,59913.22,39047.5,20865.72,0.0,1378.15,Spring,Tuesday,False,False
2,SKU0002,2025-03-12,130,1035.0,134549.83,101523.5,33026.33,16.24,1305.6,Spring,Wednesday,False,True
2,SKU0002,2025-03-13,74,1183.61,87586.94,57790.3,29796.64,0.0,1204.85,Spring,Thursday,False,False
2,SKU0002,2025-03-14,53,1189.46,63041.19,41390.35,21650.84,0.0,1088.21,Spring,Friday,False,False
2,SKU0002,2025-03-15,73,1220.19,89073.72,57009.35,32064.37,0.0,1106.57,Spring,Saturday,False,False
2,SKU0002,2025-03-16,88,1180.04,103843.08,68723.6,35119.48,0.0,1153.51,Spring,Sunday,False,False
2,SKU0002,2025-03-17,53,1217.84,64545.3,41390.35,23154.95,0.0,1062.03,Spring,Monday,False,False
2,SKU0002,2025-03-18,52,1247.23,64856.22,40609.4,24246.82,0.0,1284.83,Spring,Tuesday,False,False
2,SKU0002,2025-03-19,44,1317.68,57977.99,34361.8,23616.19,0.0,1188.82,Spring,Wednesday,False,False
2,SKU0002,2025-03-20,74,1148.46,84985.7,57790.3,27195.4,11.33,1288.57,Spring,Thursday,False,True
2,SKU0002,2025-03-21,60,1100.08,66004.59,46857.0,19147.59,0.0,1308.91,Spring,Friday,False,False
2,SKU0002,2025-03-22,66,1094.0,72203.69,51542.7,20660.99,0.0,1301.85,Spring,Saturday,False,False
2,SKU0002,2025-03-23,69,1204.5,83110.7,53885.55,29225.15,0.0,1285.74,Spring,Sunday,False,False
2,SKU0002,2025-03-24,43,1312.13,56421.76,33580.85,22840.91,0.0,1125.48,Spring,Monday,False,False
2,SKU0002,2025-03-25,110,1026.28,112890.88,85904.5,26986.38,21.24,1224.42,Spring,Tuesday,False,True
2,SKU0002,2025-03-26,79,1045.2,82570.95,61695.05,20875.9,12.54,1378.21,Spring,Wednesday,False,True
2,SKU0002,2025-03-27,57,1231.33,70185.95,44514.15,25671.8,0.0,1050.98,Spring,Thursday,False,False
2,SKU0002,2025-03-28,57,1285.91,73296.84,44514.15,28782.69,0.0,1069.01,Spring,Friday,False,False
2,SKU0002,2025-03-30,82,1123.27,92108.33,64037.9,28070.43,0.0,1075.72,Spring,Sunday,False,False
2,SKU0002,2025-03-31,61,1275.43,77801.33,47637.95,30163.38,0.0,1273.83,Spring,Monday,False,False
2,SKU0002,2025-04-01,42,1273.4,53482.66,32799.9,20682.76,0.0,1144.82,Spring,Tuesday,False,False
2,SKU0002,2025-04-02,186,848.19,157763.3,145256.7,12506.6,24.01,1200.0,Spring,Wednesday,False,True
2,SKU0002,2025-04-03,55,1266.43,69653.5,42952.25,26701.25,0.0,1179.9,Spring,Thursday,False,False
2,SKU0002,2025-04-04,57,1131.98,64522.93,44514.15,20008.78,0.0,1145.62,Spring,Friday,False,False
2,SKU0002,2025-04-05,62,1262.85,78296.75,48418.9,29877.85,0.0,1081.65,Spring,Saturday,False,False
2,SKU0002,2025-04-06,80,1153.73,92298.41,62476.0,29822.41,0.0,1292.44,Spring,Sunday,False,False
2,SKU0002,2025-04-07,60,1172.58,70354.63,46857.0,23497.63,0.0,1192.3,Spring,Monday,False,False
2,SKU0002,2025-04-09,50,1189.16,59458.1,39047.5,20410.6,0.0,1367.9,Spring,Wednesday,False,False
2,SKU0002,2025-04-10,70,1091.17,76381.91,54666.5,21715.41,0.0,1250.99,Spring,Thursday,False,False
2,SKU0002,2025-04-11,46,1185.07,54513.16,35923.7,18589.46,0.0,1330.63,Spring,Friday,False,False
2,SKU0002,2025-04-12,74,1145.49,84766.49,57790.3,26976.19,0.0,1257.09,Spring,Saturday,False,False
2,SKU0002,2025-04-13,54,1267.1,68423.18,42171.3,26251.88,0.0,1285.92,Spring,Sunday,False,False
2,SKU0002,2025-04-14,57,1128.15,64304.73,44514.15,19790.58,0.0,1270.04,Spring,Monday,False,False
2,SKU0002,2025-04-15,67,1212.9,81264.36,52323.65,28940.71,0.0,1321.01,Spring,Tuesday,False,False
2,SKU0002,2025-04-16,135,977.09,131907.4,105428.25,26479.15,11.56,1100.33,Spring,Wednesday,False,True
2,SKU0002,2025-04-18,86,1047.44,90079.47,67161.7,22917.77,19.85,1363.83,Spring,Friday,False,True
2,SKU0002,2025-04-19,61,1251.46,76338.99,47637.95,28701.04,0.0,1329.93,Spring,Saturday,False,False
2,SKU0002,2025-04-20,77,1239.04,95406.11,60133.15,35272.96,0.0,1225.27,Spring,Sunday,False,False
2,SKU0002,2025-04-21,51,1296.62,66127.42,39828.45,26298.97,0.0,1112.55,Spring,Monday,False,False
2,SKU0002,2025-04-22,67,1306.27,87520.16,52323.65,35196.51,0.0,1353.82,Spring,Tuesday,False,False
2,SKU0002,2025-04-23,62,1183.91,73402.71,48418.9,24983.81,0.0,1298.74,Spring,Wednesday,False,False
2,SKU0002,2025-04-24,67,1120.23,75055.62,52323.65,22731.97,0.0,1301.34,Spring,Thursday,False,False
2,SKU0002,2025-04-25,58,1161.25,67352.4,45295.1,22057.3,0.0,1365.68,Spring,Friday,False,False
2,SKU0002,2025-04-26,72,1187.18,85477.0,56228.4,29248.6,0.0,1355.94,Spring,Saturday,False,False
2,SKU0002,2025-04-27,76,1124.19,85438.61,59352.2,26086.41,0.0,1073.1,Spring,Sunday,False,False
2,SKU0002,2025-04-28,70,1133.79,79365.34,54666.5,24698.84,0.0,1350.18,Spring,Monday,False,False
2,SKU0002,2025-04-29,76,1106.13,84066.11,59352.2,24713.91,0.0,1227.18,Spring,Tuesday,False,False
2,SKU0002,2025-04-30,51,1188.46,60611.25,39828.45,20782.8,0.0,1074.89,Spring,Wednesday,False,False
2,SKU0002,2025-05-01,39,1305.48,50913.76,30457.05,20456.71,0.0,1117.27,Spring,Thursday,False,False
2,SKU0002,2025-05-02,36,1298.69,46752.71,28114.2,18638.51,0.0,1207.0,Spring,Friday,False,False
2,SKU0002,2025-05-03,74,1199.22,88742.31,57790.3,30952.01,0.0,1325.47,Spring,Saturday,False,False
2,SKU0002,2025-05-04,52,1270.03,66041.82,40609.4,25432.42,0.0,1022.43,Spring,Sunday,False,False
2,SKU0002,2025-05-05,35,1277.87,44725.35,27333.25,17392.1,0.0,1225.7,Spring,Monday,False,False
2,SKU0002,2025-05-06,64,1167.56,74723.79,49980.8,24742.99,0.0,1165.64,Spring,Tuesday,False,False
2,SKU0002,2025-05-07,67,1311.71,87884.68,52323.65,35561.03,0.0,1213.94,Spring,Wednesday,False,False
2,SKU0002,2025-05-08,67,1100.65,73743.36,52323.65,21419.71,0.0,1297.52,Spring,Thursday,False,False
2,SKU0002,2025-05-10,78,1127.21,87922.42,60914.1,27008.32,0.0,1344.36,Spring,Saturday,False,False
2,SKU0002,2025-05-11,71,1167.64,82902.55,55447.45,27455.1,0.0,1249.32,Spring,Sunday,False,False
2,SKU0002,2025-05-12,74,1114.94,82505.65,57790.3,24715.35,0.0,1280.66,Spring,Monday,False,False
2,SKU0002,2025-05-13,55,1198.87,65938.0,42952.25,22985.75,0.0,1216.08,Spring,Tuesday,False,False
2,SKU0002,2025-05-14,59,1209.62,71367.32,46076.05,25291.27,0.0,1183.19,Spring,Wednesday,False,False
2,SKU0002,2025-05-15,71,1090.22,77405.27,55447.45,21957.82,0.0,1305.19,Spring,Thursday,False,False
2,SKU0002,2025-05-16,129,864.39,111506.83,100742.55,10764.28,22.11,1186.46,Spring,Friday,False,True
2,SKU0002,2025-05-17,69,1291.39,89105.95,53885.55,35220.4,0.0,1230.06,Spring,Saturday,False,False
2,SKU0002,2025-05-18,79,1090.18,86123.86,61695.05,24428.81,0.0,1256.91,Spring,Sunday,False,False
2,SKU0002,2025-05-20,71,1112.68,79000.36,55447.45,23552.91,0.0,1039.25,Spring,Tuesday,False,False
2,SKU0002,2025-05-21,45,1272.03,57241.49,35142.75,22098.74,0.0,1082.76,Spring,Wednesday,False,False
2,SKU0002,2025-05-22,51,1277.82,65169.07,39828.45,25340.62,0.0,1200.43,Spring,Thursday,False,False
2,SKU0002,2025-05-23,63,1134.32,71461.9,49199.85,22262.05,0.0,1174.86,Spring,Friday,False,False
2,SKU0002,2025-05-24,68,1317.33,89578.24,53104.6,36473.64,0.0,1138.11,Spring,Saturday,False,False
2,SKU0002,2025-05-25,72,1219.71,87819.43,56228.4,31591.03,0.0,1322.72,Spring,Sunday,False,False
2,SKU0002,2025-05-26,52,1264.95,65777.5,40609.4,25168.1,0.0,1142.17,Spring,Monday,False,False
2,SKU0002,2025-05-27,73,1115.25,81413.4,57009.35,24404.05,0.0,1272.21,Spring,Tuesday,False,False
2,SKU0002,2025-05-28,71,1186.72,84257.18,55447.45,28809.73,0.0,1035.91,Spring,Wednesday,False,False
2,SKU0002,2025-05-29,113,1038.39,117338.62,88247.35,29091.27,19.19,1026.87,Spring,Thursday,False,True
2,SKU0002,2025-05-30,69,1082.84,74715.94,53885.55,20830.39,0.0,1053.37,Spring,Friday,False,False
2,SKU0002,2025-05-31,48,1294.43,62132.77,37485.6,24647.17,0.0,1312.26,Spring,Saturday,False,False
2,SKU0002,2025-06-01,48,1247.68,59888.74,37485.6,22403.14,0.0,1251.86,Summer,Sunday,False,False
2,SKU0002,2025-06-02,50,1180.32,59016.09,39047.5,19968.59,0.0,1241.3,Summer,Monday,False,False
2,SKU0002,2025-06-03,102,927.79,94634.22,79656.9,14977.32,17.5,1247.3,Summer,Tuesday,False,True
2,SKU0002,2025-06-05,59,1109.55,65463.46,46076.05,19387.41,0.0,1055.73,Summer,Thursday,False,False
2,SKU0002,2025-06-06,50,1264.21,63210.35,39047.5,24162.85,0.0,1100.28,Summer,Friday,False,False
2,SKU0002,2025-06-07,57,1239.75,70665.47,44514.15,26151.32,0.0,1091.06,Summer,Saturday,False,False
2,SKU0002,2025-06-08,61,1245.97,76004.33,47637.95,28366.38,0.0,1192.24,Summer,Sunday,False,False
2,SKU0002,2025-06-10,38,1149.81,43692.88,29676.1,14016.78,0.0,1141.73,Summer,Tuesday,False,False
2,SKU0002,2025-06-12,43,1303.55,56052.68,33580.85,22471.83,0.0,1304.36,Summer,Thursday,False,False
2,SKU0002,2025-06-13,48,1109.2,53241.77,37485.6,15756.17,0.0,1281.26,Summer,Friday,False,False
2,SKU0002,2025-06-14,71,1159.64,82334.62,55447.45,26887.17,0.0,1265.2,Summer,Saturday,False,False
2,SKU0002,2025-06-15,68,1268.5,86257.7,53104.6,33153.1,0.0,1056.59,Summer,Sunday,False,False
2,SKU0002,2025-06-16,53,1290.34,68388.06,41390.35,26997.71,0.0,1100.78,Summer,Monday,False,False
2,SKU0002,2025-06-17,49,1197.71,58687.95,38266.55,20421.4,0.0,1073.48,Summer,Tuesday,False,False
2,SKU0002,2025-06-18,63,1190.64,75010.61,49199.85,25810.76,0.0,1070.41,Summer,Wednesday,False,False
2,SKU0002,2025-06-19,50,1233.18,61659.18,39047.5,22611.68,0.0,1094.13,Summer,Thursday,False,False
2,SKU0002,2025-06-20,45,1247.65,56144.1,35142.75,21001.35,0.0,1070.44,Summer,Friday,False,False
2,SKU0002,2025-06-21,56,1191.51,66724.38,43733.2,22991.18,0.0,1145.08,Summer,Saturday,False,False
2,SKU0002,2025-06-22,56,1226.36,68676.32,43733.2,24943.12,0.0,1251.2,Summer,Sunday,False,False
2,SKU0002,2025-06-23,54,1122.15,60596.0,42171.3,18424.7,0.0,1329.42,Summer,Monday,False,False
2,SKU0002,2025-06-24,91,1064.05,96828.92,71066.45,25762.47,17.34,1234.47,Summer,Tuesday,False,True
2,SKU0002,2025-06-25,56,1148.4,64310.21,43733.2,20577.01,0.0,1286.59,Summer,Wednesday,False,False
2,SKU0002,2025-06-26,54,1159.96,62637.87,42171.3,20466.57,0.0,1342.69,Summer,Thursday,False,False
2,SKU0002,2025-06-27,62,1117.11,69260.83,48418.9,20841.93,0.0,1023.07,Summer,Friday,False,False
2,SKU0002,2025-06-28,85,1090.94,92729.88,66380.75,26349.13,0.0,1298.28,Summer,Saturday,False,False
2,SKU0002,2025-06-29,135,1001.13,135153.01,105428.25,29724.76,17.19,1317.27,Summer,Sunday,False,True
2,SKU0002,2025-06-30,43,1139.11,48981.6,33580.85,15400.75,0.0,1025.72,Summer,Monday,False,False
2,SKU0002,2025-07-01,27,1309.58,35358.54,21085.65,14272.89,0.0,1127.86,Summer,Tuesday,False,False
2,SKU0002,2025-07-02,67,1103.12,73908.74,52323.65,21585.09,0.0,1131.12,Summer,Wednesday,False,False
2,SKU0002,2025-07-03,36,1287.47,46348.77,28114.2,18234.57,0.0,1030.04,Summer,Thursday,False,False
2,SKU0002,2025-07-04,58,1266.78,73473.23,45295.1,28178.13,0.0,1167.35,Summer,Friday,True,False
2,SKU0002,2025-07-05,53,1170.32,62027.12,41390.35,20636.77,0.0,1249.54,Summer,Saturday,False,False
