data/sales_data.csv
product_id,sku,date,quantity,price,revenue,cost,profit,discount_percent,competitor_price,season,day_of_week,is_holiday,promotion_active
2,SKU0002,2025-07-06,52,1098.3,57111.72,40609.4,16502.32,0.0,1141.23,Summer,Sunday,False,False
2,SKU0002,2025-07-07,104,1017.39,105808.43,81218.8,24589.63,14.05,1216.76,Summer,Monday,False,True
2,SKU0002,2025-07-08,51,1270.59,64800.09,39828.45,24971.64,0.0,1338.73,Summer,Tuesday,False,False
2,SKU0002,2025-07-09,55,1094.48,60196.66,42952.25,17244.41,0.0,1264.41,Summer,Wednesday,False,False
2,SKU0002,2025-07-10,36,1107.98,39887.22,28114.2,11773.02,0.0,1244.4,Summer,Thursday,False,False
2,SKU0002,2025-07-11,52,1123.43,58418.33,40609.4,17808.93,0.0,1045.39,Summer,Friday,False,False
2,SKU0002,2025-07-12,72,1130.5,81396.35,56228.4,25167.95,0.0,1107.25,Summer,Saturday,False,False
2,SKU0002,2025-07-13,48,1196.29,57422.02,37485.6,19936.42,0.0,1230.34,Summer,Sunday,False,False
2,SKU0002,2025-07-14,58,1131.73,65640.1,45295.1,20345.0,0.0,1102.5,Summer,Monday,False,False
2,SKU0002,2025-07-15,55,1145.56,63005.69,42952.25,20053.44,0.0,1121.13,Summer,Tuesday,False,False
2,SKU0002,2025-07-16,115,962.93,110736.65,89809.25,20927.4,17.29,1065.47,Summer,Wednesday,False,True
2,SKU0002,2025-07-17,49,1244.31,60971.0,38266.55,22704.45,0.0,1126.58,Summer,Thursday,False,False
2,SKU0002,2025-07-18,39,1273.52,49667.46,30457.05,19210.41,0.0,1312.76,Summer,Friday,False,False
2,SKU0002,2025-07-19,85,1097.08,93252.12,66380.75,26871.37,0.0,1186.28,Summer,Saturday,False,False
2,SKU0002,2025-07-20,96,1111.27,106681.76,74971.2,31710.56,14.33,1060.66,Summer,Sunday,False,True
2,SKU0002,2025-07-21,47,1248.82,58694.41,36704.65,21989.76,0.0,1336.62,Summer,Monday,False,False
2,SKU0002,2025-07-22,42,1232.04,51745.82,32799.9,18945.92,0.0,1370.71,Summer,Tuesday,False,False
2,SKU0002,2025-07-23,54,1113.04,60104.11,42171.3,17932.81,0.0,1181.23,Summer,Wednesday,False,False
2,SKU0002,2025-07-24,47,1151.36,54114.07,36704.65,17409.42,0.0,1335.47,Summer,Thursday,False,False
2,SKU0002,2025-07-25,42,1308.98,54977.09,32799.9,22177.19,0.0,1169.63,Summer,Friday,False,False
2,SKU0002,2025-07-26,73,1236.55,90268.51,57009.35,33259.16,0.0,1235.11,Summer,Saturday,False,False
2,SKU0002,2025-07-27,43,1283.62,55195.56,33580.85,21614.71,0.0,1130.84,Summer,Sunday,False,False
2,SKU0002,2025-07-28,35,1270.99,44484.58,27333.25,17151.33,0.0,1114.96,Summer,Monday,False,False
2,SKU0002,2025-07-29,53,1314.57,69672.27,41390.35,28281.92,0.0,1038.3,Summer,Tuesday,False,False
2,SKU0002,2025-07-30,50,1190.87,59543.47,39047.5,20495.97,0.0,1354.33,Summer,Wednesday,False,False
2,SKU0002,2025-07-31,49,1149.86,56342.97,38266.55,18076.42,0.0,1323.77,Summer,Thursday,False,False
2,SKU0002,2025-08-01,55,1241.43,68278.87,42952.25,25326.62,0.0,1106.99,Summer,Friday,False,False
2,SKU0002,2025-08-02,104,1019.7,106048.8,81218.8,24830.0,11.9,1087.74,Summer,Saturday,False,True
2,SKU0002,2025-08-03,93,1089.65,101337.4,72628.35,28709.05,0.0,1145.18,Summer,Sunday,False,False
2,SKU0002,2025-08-04,55,1211.04,66607.18,42952.25,23654.93,0.0,1129.93,Summer,Monday,False,False
2,SKU0002,2025-08-05,49,1178.53,57747.83,38266.55,19481.28,0.0,1073.64,Summer,Tuesday,False,False
2,SKU0002,2025-08-07,39,1315.74,51313.98,30457.05,20856.93,0.0,1275.51,Summer,Thursday,False,False
2,SKU0002,2025-08-08,61,1150.96,70208.39,47637.95,22570.44,0.0,1374.72,Summer,Friday,False,False
2,SKU0002,2025-08-09,73,1116.66,81515.96,57009.35,24506.61,0.0,1348.12,Summer,Saturday,False,False
2,SKU0002,2025-08-10,68,1246.91,84789.91,53104.6,31685.31,0.0,1345.7,Summer,Sunday,False,False
2,SKU0002,2025-08-11,62,1213.71,75249.73,48418.9,26830.83,0.0,1166.0,Summer,Monday,False,False
2,SKU0002,2025-08-12,52,1188.48,61800.84,40609.4,21191.44,0.0,1041.08,Summer,Tuesday,False,False
2,SKU0002,2025-08-13,44,1221.51,53746.35,34361.8,19384.55,0.0,1358.49,Summer,Wednesday,False,False
2,SKU0002,2025-08-14,65,1086.73,70637.6,50761.75,19875.85,0.0,1181.8,Summer,Thursday,False,False
2,SKU0002,2025-08-15,53,1102.31,58422.43,41390.35,17032.08,0.0,1091.33,Summer,Friday,False,False
2,SKU0002,2025-08-16,77,1226.71,94456.62,60133.15,34323.47,0.0,1348.68,Summer,Saturday,False,False
2,SKU0002,2025-08-17,71,1116.86,79297.36,55447.45,23849.91,0.0,1154.47,Summer,Sunday,False,False
2,SKU0002,2025-08-18,52,1149.71,59785.09,40609.4,19175.69,0.0,1373.58,Summer,Monday,False,False
2,SKU0002,2025-08-19,61,1102.36,67244.16,47637.95,19606.21,0.0,1181.35,Summer,Tuesday,False,False
2,SKU0002,2025-08-20,36,1274.43,45879.6,28114.2,17765.4,0.0,1311.64,Summer,Wednesday,False,False
2,SKU0002,2025-08-21,44,1183.16,52058.93,34361.8,17697.13,0.0,1071.55,Summer,Thursday,False,False
2,SKU0002,2025-08-22,70,1102.0,77139.85,54666.5,22473.35,0.0,1192.31,Summer,Friday,False,False
2,SKU0002,2025-08-23,47,1318.4,61964.58,36704.65,25259.93,0.0,1367.3,Summer,Saturday,False,False
2,SKU0002,2025-08-24,60,1102.57,66154.04,46857.0,19297.04,0.0,1350.83,Summer,Sunday,False,False
2,SKU0002,2025-08-25,54,1214.87,65603.07,42171.3,23431.77,0.0,1293.46,Summer,Monday,False,False
2,SKU0002,2025-08-26,67,1126.01,75442.66,52323.65,23119.01,0.0,1220.88,Summer,Tuesday,False,False
2,SKU0002,2025-08-27,111,991.65,110072.84,86685.45,23387.39,22.52,1222.83,Summer,Wednesday,False,True
2,SKU0002,2025-08-29,38,1311.04,49819.5,29676.1,20143.4,0.0,1191.56,Summer,Friday,False,False
2,SKU0002,2025-08-30,42,1295.82,54424.42,32799.9,21624.52,0.0,1198.54,Summer,Saturday,False,False
2,SKU0002,2025-08-31,82,1140.13,93490.29,64037.9,29452.39,0.0,1121.16,Summer,Sunday,False,False
2,SKU0002,2025-09-01,100,1097.35,109734.74,78095.0,31639.74,0.0,1230.68,Fall,Monday,False,False
2,SKU0002,2025-09-02,76,1289.97,98037.76,59352.2,38685.56,0.0,1192.82,Fall,Tuesday,False,False
2,SKU0002,2025-09-03,123,1110.05,136536.03,96056.85,40479.18,0.0,1228.59,Fall,Wednesday,False,False
2,SKU0002,2025-09-04,109,1120.44,122128.49,85123.55,37004.94,0.0,1136.47,Fall,Thursday,False,False
2,SKU0002,2025-09-05,109,1113.87,121412.15,85123.55,36288.6,0.0,1119.52,Fall,Friday,False,False
2,SKU0002,2025-09-06,123,1300.49,159959.71,96056.85,63902.86,0.0,1125.72,Fall,Saturday,False,False
2,SKU0002,2025-09-07,83,1306.3,108423.19,64818.85,43604.34,0.0,1297.5,Fall,Sunday,False,False
2,SKU0002,2025-09-08,118,1104.02,130274.79,92152.1,38122.69,0.0,1217.22,Fall,Monday,False,False
2,SKU0002,2025-09-09,80,1279.99,102399.42,62476.0,39923.42,0.0,1129.76,Fall,Tuesday,False,False
2,SKU0002,2025-09-10,87,1246.72,108464.48,67942.65,40521.83,0.0,1230.31,Fall,Wednesday,False,False
2,SKU0002,2025-09-11,132,1084.41,143142.54,103085.4,40057.14,0.0,1155.69,Fall,Thursday,False,False
2,SKU0002,2025-09-12,102,1163.09,118635.03,79656.9,38978.13,0.0,1058.16,Fall,Friday,False,False
2,SKU0002,2025-09-13,128,1134.45,145209.06,99961.6,45247.46,0.0,1344.57,Fall,Saturday,False,False
2,SKU0002,2025-09-14,111,1281.1,142201.73,86685.45,55516.28,0.0,1213.03,Fall,Sunday,False,False
2,SKU0002,2025-09-15,77,1263.05,97254.73,60133.15,37121.58,0.0,1187.22,Fall,Monday,False,False
2,SKU0002,2025-09-16,159,973.24,154745.18,124171.05,30574.13,23.85,1133.54,Fall,Tuesday,False,True
2,SKU0002,2025-09-17,67,1277.64,85602.0,52323.65,33278.35,0.0,1236.66,Fall,Wednesday,False,False
2,SKU0002,2025-09-18,66,1163.5,76791.31,51542.7,25248.61,0.0,1031.61,Fall,Thursday,False,False
2,SKU0002,2025-09-19,129,1134.74,146382.08,100742.55,45639.53,0.0,1072.55,Fall,Friday,False,False
2,SKU0002,2025-09-20,103,1111.43,114477.62,80437.85,34039.77,0.0,1049.57,Fall,Saturday,False,False
2,SKU0002,2025-09-21,94,1269.71,119352.75,73409.3,45943.45,0.0,1300.47,Fall,Sunday,False,False
2,SKU0002,2025-09-22,101,1091.53,110244.58,78875.95,31368.63,0.0,1307.09,Fall,Monday,False,False
2,SKU0002,2025-09-23,110,1095.55,120511.05,85904.5,34606.55,0.0,1112.44,Fall,Tuesday,False,False
2,SKU0002,2025-09-24,203,977.01,198333.96,158532.85,39801.11,21.32,1352.88,Fall,Wednesday,False,True
2,SKU0002,2025-09-25,88,1297.86,114211.6,68723.6,45488.0,0.0,1147.95,Fall,Thursday,False,False
2,SKU0002,2025-09-26,165,974.63,160814.19,128856.75,31957.44,24.13,1146.61,Fall,Friday,False,True
2,SKU0002,2025-09-27,104,1201.61,124967.69,81218.8,43748.89,0.0,1108.4,Fall,Saturday,False,False
2,SKU0002,2025-09-28,130,1105.13,143666.68,101523.5,42143.18,0.0,1026.28,Fall,Sunday,False,False
2,SKU0002,2025-09-29,96,1127.34,108224.77,74971.2,33253.57,0.0,1346.23,Fall,Monday,False,False
2,SKU0002,2025-09-30,94,1315.26,123634.2,73409.3,50224.9,0.0,1098.38,Fall,Tuesday,False,False
2,SKU0002,2025-10-01,89,1251.38,111373.01,69504.55,41868.46,0.0,1233.68,Fall,Wednesday,False,False
2,SKU0002,2025-10-02,85,1311.45,111473.52,66380.75,45092.77,0.0,1149.13,Fall,Thursday,False,False
2,SKU0002,2025-10-03,109,1132.8,123475.45,85123.55,38351.9,0.0,1061.91,Fall,Friday,False,False
2,SKU0002,2025-10-04,145,1111.02,161097.58,113237.75,47859.83,0.0,1070.23,Fall,Saturday,False,False
2,SKU0002,2025-10-05,102,1250.66,127566.83,79656.9,47909.93,0.0,1035.88,Fall,Sunday,False,False
2,SKU0002,2025-10-06,83,1109.12,92057.06,64818.85,27238.21,0.0,1237.64,Fall,Monday,False,False
2,SKU0002,2025-10-07,80,1315.88,105270.56,62476.0,42794.56,0.0,1220.89,Fall,Tuesday,False,False
2,SKU0002,2025-10-08,71,1286.85,91366.46,55447.45,35919.01,0.0,1046.33,Fall,Wednesday,False,False
2,SKU0002,2025-10-09,83,1195.62,99236.07,64818.85,34417.22,0.0,1085.87,Fall,Thursday,False,False
2,SKU0002,2025-10-10,97,1199.45,116346.96,75752.15,40594.81,0.0,1179.13,Fall,Friday,False,False
2,SKU0002,2025-10-11,148,1101.74,163057.56,115580.6,47476.96,0.0,1165.64,Fall,Saturday,False,False
2,SKU0002,2025-10-12,125,1105.76,138219.63,97618.75,40600.88,0.0,1373.7,Fall,Sunday,False,False
2,SKU0002,2025-10-13,149,1117.26,166471.09,116361.55,50109.54,15.08,1378.31,Fall,Monday,False,True
2,SKU0002,2025-10-14,100,1282.7,128270.49,78095.0,50175.49,0.0,1121.63,Fall,Tuesday,False,False
2,SKU0002,2025-10-15,90,1221.14,109903.0,70285.5,39617.5,0.0,1305.8,Fall,Wednesday,False,False
2,SKU0002,2025-10-16,129,1177.49,151895.87,100742.55,51153.32,0.0,1238.64,Fall,Thursday,False,False
2,SKU0002,2025-10-17,97,1197.74,116181.11,75752.15,40428.96,0.0,1298.06,Fall,Friday,False,False
2,SKU0002,2025-10-18,86,1141.55,98173.54,67161.7,31011.84,0.0,1247.73,Fall,Saturday,False,False
2,SKU0002,2025-10-19,138,1105.25,152524.21,107771.1,44753.11,0.0,1045.83,Fall,Sunday,False,False
2,SKU0002,2025-10-20,80,1314.9,105191.62,62476.0,42715.62,0.0,1266.05,Fall,Monday,False,False
2,SKU0002,2025-10-21,102,1230.77,125538.3,79656.9,45881.4,0.0,1048.82,Fall,Tuesday,False,False
2,SKU0002,2025-10-22,90,1265.76,113917.99,70285.5,43632.49,0.0,1094.02,Fall,Wednesday,False,False
2,SKU0002,2025-10-23,88,1199.12,105522.32,68723.6,36798.72,0.0,1145.09,Fall,Thursday,False,False
2,SKU0002,2025-10-24,72,1212.66,87311.69,56228.4,31083.29,0.0,1032.63,Fall,Friday,False,False
3,SKU0003,2023-10-25,266,131.06,34862.81,16095.66,18767.15,0.0,114.29,Fall,Wednesday,False,False
3,SKU0003,2023-10-27,255,129.74,33084.25,15430.05,17654.2,0.0,128.5,Fall,Friday,False,False
3,SKU0003,2023-10-28,459,112.17,51487.48,27774.09,23713.39,0.0,120.56,Fall,Saturday,False,False
3,SKU0003,2023-10-29,444,125.26,55613.79,26866.44,28747.35,0.0,127.75,Fall,Sunday,False,False
3,SKU0003,2023-10-30,333,120.44,40105.5,20149.83,19955.67,0.0,121.26,Fall,Monday,False,False
3,SKU0003,2023-10-31,333,120.89,40256.87,20149.83,20107.04,0.0,125.27,Fall,Tuesday,True,False
3,SKU0003,2023-11-01,288,132.58,38184.27,17426.88,20757.39,0.0,103.89,Fall,Wednesday,False,False
3,SKU0003,2023-11-02,603,109.5,66027.12,36487.53,29539.59,15.23,103.84,Fall,Thursday,False,True
3,SKU0003,2023-11-03,298,117.18,34918.98,18031.98,16887.0,0.0,115.4,Fall,Friday,False,False
3,SKU0003,2023-11-04,385,117.42,45206.75,23296.35,21910.4,0.0,111.86,Fall,Saturday,False,False
3,SKU0003,2023-11-05,364,123.26,44866.51,22025.64,22840.87,0.0,105.25,Fall,Sunday,False,False
3,SKU0003,2023-11-07,346,120.07,41545.55,20936.46,20609.09,0.0,123.49,Fall,Tuesday,False,False
3,SKU0003,2023-11-08,330,115.37,38072.51,19968.3,18104.21,0.0,124.21,Fall,Wednesday,False,False
3,SKU0003,2023-11-09,345,118.06,40730.96,20875.95,19855.01,0.0,123.65,Fall,Thursday,False,False
3,SKU0003,2023-11-10,308,111.34,34292.65,18637.08,15655.57,0.0,115.06,Fall,Friday,False,False
3,SKU0003,2023-11-11,322,127.43,41033.02,19484.22,21548.8,0.0,125.19,Fall,Saturday,False,False
3,SKU0003,2023-11-12,423,119.47,50536.12,25595.73,24940.39,0.0,133.63,Fall,Sunday,False,False
3,SKU0003,2023-11-13,265,129.26,34253.52,16035.15,18218.37,0.0,113.3,Fall,Monday,False,False
3,SKU0003,2023-11-14,624,111.71,69704.13,37758.24,31945.89,16.03,129.84,Fall,Tuesday,False,True
3,SKU0003,2023-11-15,447,114.58,51216.17,27047.97,24168.2,11.42,105.31,Fall,Wednesday,False,True
3,SKU0003,2023-11-16,325,120.42,39136.95,19665.75,19471.2,0.0,131.75,Fall,Thursday,False,False
3,SKU0003,2023-11-17,379,116.22,44048.86,22933.29,21115.57,0.0,118.58,Fall,Friday,False,False
3,SKU0003,2023-11-18,325,113.76,36972.22,19665.75,17306.47,0.0,125.56,Fall,Saturday,False,False
3,SKU0003,2023-11-19,254,127.4,32358.67,15369.54,16989.13,0.0,103.54,Fall,Sunday,False,False
3,SKU0003,2023-11-20,215,129.8,27906.79,13009.65,14897.14,0.0,110.6,Fall,Monday,False,False
3,SKU0003,2023-11-21,344,126.88,43647.55,20815.44,22832.11,0.0,136.89,Fall,Tuesday,False,False
3,SKU0003,2023-11-22,276,123.79,34165.9,16700.76,17465.14,0.0,118.61,Fall,Wednesday,False,False
3,SKU0003,2023-11-23,415,124.09,51496.55,25111.65,26384.9,0.0,116.09,Fall,Thursday,False,False
3,SKU0003,2023-11-24,416,112.56,46824.98,25172.16,21652.82,0.0,113.77,Fall,Friday,True,False
3,SKU0003,2023-11-25,530,116.63,61814.26,32070.3,29743.96,0.0,105.21,Fall,Saturday,True,False
3,SKU0003,2023-11-26,474,118.9,56358.91,28681.74,27677.17,0.0,126.32,Fall,Sunday,False,False
3,SKU0003,2023-11-27,393,123.47,48523.8,23780.43,24743.37,0.0,106.99,Fall,Monday,False,False
3,SKU0003,2023-11-28,443,114.86,50883.94,26805.93,24078.01,0.0,119.72,Fall,Tuesday,False,False
3,SKU0003,2023-11-29,376,119.47,44922.28,22751.76,22170.52,0.0,104.21,Fall,Wednesday,False,False
3,SKU0003,2023-11-30,405,112.22,45449.17,24506.55,20942.62,0.0,132.04,Fall,Thursday,False,False
3,SKU0003,2023-12-01,348,113.18,39385.79,21057.48,18328.31,0.0,137.86,Winter,Friday,False,False
3,SKU0003,2023-12-02,452,109.4,49448.74,27350.52,22098.22,0.0,105.91,Winter,Saturday,False,False
3,SKU0003,2023-12-03,283,129.91,36763.69,17124.33,19639.36,0.0,117.64,Winter,Sunday,False,False
3,SKU0003,2023-12-04,240,124.83,29959.31,14522.4,15436.91,0.0,137.11,Winter,Monday,False,False
3,SKU0003,2023-12-05,323,112.32,36279.4,19544.73,16734.67,0.0,129.53,Winter,Tuesday,False,False
3,SKU0003,2023-12-06,279,121.55,33912.86,16882.29,17030.57,0.0,137.35,Winter,Wednesday,False,False
3,SKU0003,2023-12-07,291,115.01,33468.71,17608.41,15860.3,0.0,111.51,Winter,Thursday,False,False
3,SKU0003,2023-12-08,290,128.44,37248.49,17547.9,19700.59,0.0,124.08,Winter,Friday,False,False
3,SKU0003,2023-12-09,366,127.03,46493.58,22146.66,24346.92,0.0,118.22,Winter,Saturday,False,False
3,SKU0003,2023-12-10,389,113.16,44018.24,23538.39,20479.85,0.0,118.82,Winter,Sunday,False,False
3,SKU0003,2023-12-11,342,123.19,42129.54,20694.42,21435.12,0.0,116.47,Winter,Monday,False,False
3,SKU0003,2023-12-12,253,116.58,29494.32,15309.03,14185.29,0.0,127.65,Winter,Tuesday,False,False
3,SKU0003,2023-12-13,249,130.2,32420.75,15066.99,17353.76,0.0,116.05,Winter,Wednesday,False,False
3,SKU0003,2023-12-15,200,123.58,24716.23,12102.0,12614.23,0.0,126.91,Winter,Friday,False,False
3,SKU0003,2023-12-16,322,125.64,40454.56,19484.22,20970.34,0.0,111.57,Winter,Saturday,False,False
3,SKU0003,2023-12-17,361,116.4,42021.68,21844.11,20177.57,0.0,116.04,Winter,Sunday,False,False
3,SKU0003,2023-12-18,400,111.87,44748.88,24204.0,20544.88,0.0,134.0,Winter,Monday,False,False
3,SKU0003,2023-12-19,278,130.94,36400.91,16821.78,19579.13,0.0,138.37,Winter,Tuesday,False,False
3,SKU0003,2023-12-20,279,111.1,30997.57,16882.29,14115.28,0.0,111.42,Winter,Wednesday,False,False
3,SKU0003,2023-12-21,327,130.47,42662.23,19786.77,22875.46,0.0,125.79,Winter,Thursday,False,False
3,SKU0003,2023-12-22,314,127.48,40027.53,19000.14,21027.39,0.0,104.1,Winter,Friday,False,False
3,SKU0003,2023-12-23,340,128.84,43806.51,20573.4,23233.11,0.0,119.97,Winter,Saturday,False,False
3,SKU0003,2023-12-24,301,129.28,38912.53,18213.51,20699.02,0.0,134.7,Winter,Sunday,False,False
3,SKU0003,2023-12-25,290,128.87,37372.82,17547.9,19824.92,0.0,121.25,Winter,Monday,True,False
3,SKU0003,2023-12-26,342,123.49,42234.13,20694.42,21539.71,0.0,129.65,Winter,Tuesday,True,False
3,SKU0003,2023-12-27,391,109.58,42845.78,23659.41,19186.37,0.0,126.16,Winter,Wednesday,False,False
3,SKU0003,2023-12-28,338,128.06,43285.58,20452.38,22833.2,0.0,117.41,Winter,Thursday,False,False
3,SKU0003,2023-12-29,376,116.51,43808.26,22751.76,21056.5,0.0,108.6,Winter,Friday,False,False
3,SKU0003,2023-12-30,278,132.39,36803.8,16821.78,19982.02,0.0,130.57,Winter,Saturday,False,False
3,SKU0003,2023-12-31,271,125.52,34014.83,16398.21,17616.62,0.0,114.46,Winter,Sunday,False,False
3,SKU0003,2024-01-01,356,126.71,45109.51,21541.56,23567.95,0.0,127.83,Winter,Monday,True,False
3,SKU0003,2024-01-02,193,128.27,24756.07,11678.43,13077.64,0.0,117.92,Winter,Tuesday,False,False
3,SKU0003,2024-01-03,269,130.13,35005.01,16277.19,18727.82,0.0,134.97,Winter,Wednesday,False,False
3,SKU0003,2024-01-04,246,131.87,32439.04,14885.46,17553.58,0.0,126.36,Winter,Thursday,False,False
3,SKU0003,2024-01-05,237,130.87,31015.54,14340.87,16674.67,0.0,110.07,Winter,Friday,False,False
3,SKU0003,2024-01-06,293,113.0,33109.75,17729.43,15380.32,0.0,118.44,Winter,Saturday,False,False
3,SKU0003,2024-01-07,426,111.07,47317.37,25777.26,21540.11,0.0,137.26,Winter,Sunday,False,False
3,SKU0003,2024-01-08,248,126.31,31325.03,15006.48,16318.55,0.0,136.27,Winter,Monday,False,False
3,SKU0003,2024-01-09,225,125.22,28174.96,13614.75,14560.21,0.0,128.77,Winter,Tuesday,False,False
3,SKU0003,2024-01-10,147,129.78,19077.71,8894.97,10182.74,0.0,113.32,Winter,Wednesday,False,False
