data/sales_data.csv
product_id,sku,date,quantity,price,revenue,cost,profit,discount_percent,competitor_price,season,day_of_week,is_holiday,promotion_active
3,SKU0003,2024-01-11,323,112.07,36198.4,19544.73,16653.67,0.0,124.65,Winter,Thursday,False,False
3,SKU0003,2024-01-12,391,115.77,45264.87,23659.41,21605.46,0.0,118.05,Winter,Friday,False,False
3,SKU0003,2024-01-13,484,112.45,54425.99,29286.84,25139.15,0.0,112.37,Winter,Saturday,False,False
3,SKU0003,2024-01-14,284,130.88,37169.63,17184.84,19984.79,0.0,127.71,Winter,Sunday,False,False
3,SKU0003,2024-01-15,308,109.17,33623.68,18637.08,14986.6,0.0,114.6,Winter,Monday,False,False
3,SKU0003,2024-01-16,291,125.54,36532.89,17608.41,18924.48,0.0,128.59,Winter,Tuesday,False,False
3,SKU0003,2024-01-17,265,115.12,30506.72,16035.15,14471.57,0.0,105.0,Winter,Wednesday,False,False
3,SKU0003,2024-01-18,328,114.6,37589.49,19847.28,17742.21,0.0,139.05,Winter,Thursday,False,False
3,SKU0003,2024-01-19,279,132.33,36919.61,16882.29,20037.32,0.0,130.03,Winter,Friday,False,False
3,SKU0003,2024-01-20,869,92.86,80693.01,52583.19,28109.82,19.29,117.2,Winter,Saturday,False,True
3,SKU0003,2024-01-21,296,132.35,39175.27,17910.96,21264.31,0.0,123.94,Winter,Sunday,False,False
3,SKU0003,2024-01-22,279,121.11,33789.88,16882.29,16907.59,0.0,134.74,Winter,Monday,False,False
3,SKU0003,2024-01-23,265,116.6,30898.56,16035.15,14863.41,0.0,108.02,Winter,Tuesday,False,False
3,SKU0003,2024-01-24,293,109.99,32226.16,17729.43,14496.73,0.0,134.51,Winter,Wednesday,False,False
3,SKU0003,2024-01-25,258,127.02,32770.73,15611.58,17159.15,0.0,113.14,Winter,Thursday,False,False
3,SKU0003,2024-01-26,293,123.75,36259.74,17729.43,18530.31,0.0,112.44,Winter,Friday,False,False
3,SKU0003,2024-01-27,349,130.52,45552.96,21117.99,24434.97,0.0,138.98,Winter,Saturday,False,False
3,SKU0003,2024-01-28,340,112.58,38276.93,20573.4,17703.53,0.0,126.74,Winter,Sunday,False,False
3,SKU0003,2024-01-29,408,110.21,44964.13,24688.08,20276.05,0.0,111.21,Winter,Monday,False,False
3,SKU0003,2024-01-30,600,91.49,54896.42,36306.0,18590.42,20.59,139.0,Winter,Tuesday,False,True
3,SKU0003,2024-01-31,334,109.91,36708.38,20210.34,16498.04,0.0,128.61,Winter,Wednesday,False,False
3,SKU0003,2024-02-01,256,120.85,30937.68,15490.56,15447.12,0.0,134.34,Winter,Thursday,False,False
3,SKU0003,2024-02-02,209,111.18,23237.24,12646.59,10590.65,0.0,109.43,Winter,Friday,False,False
3,SKU0003,2024-02-03,390,121.23,47280.28,23598.9,23681.38,0.0,135.21,Winter,Saturday,False,False
3,SKU0003,2024-02-04,374,123.04,46017.78,22630.74,23387.04,0.0,121.96,Winter,Sunday,False,False
3,SKU0003,2024-02-05,283,119.0,33676.15,17124.33,16551.82,0.0,130.76,Winter,Monday,False,False
3,SKU0003,2024-02-07,293,125.39,36739.91,17729.43,19010.48,0.0,124.3,Winter,Wednesday,False,False
3,SKU0003,2024-02-08,199,129.18,25706.06,12041.49,13664.57,0.0,105.81,Winter,Thursday,False,False
3,SKU0003,2024-02-09,252,124.88,31470.14,15248.52,16221.62,0.0,137.55,Winter,Friday,False,False
3,SKU0003,2024-02-10,455,109.06,49621.62,27532.05,22089.57,0.0,126.69,Winter,Saturday,False,False
3,SKU0003,2024-02-11,297,116.78,34684.33,17971.47,16712.86,0.0,129.53,Winter,Sunday,False,False
3,SKU0003,2024-02-12,294,122.69,36072.01,17789.94,18282.07,0.0,104.63,Winter,Monday,False,False
3,SKU0003,2024-02-13,242,116.74,28251.09,14643.42,13607.67,0.0,105.43,Winter,Tuesday,False,False
3,SKU0003,2024-02-14,416,118.15,49150.06,25172.16,23977.9,0.0,109.33,Winter,Wednesday,True,False
3,SKU0003,2024-02-15,256,129.87,33245.94,15490.56,17755.38,0.0,133.81,Winter,Thursday,False,False
3,SKU0003,2024-02-16,200,127.78,25556.97,12102.0,13454.97,0.0,130.19,Winter,Friday,False,False
3,SKU0003,2024-02-17,460,111.84,51445.04,27834.6,23610.44,0.0,118.56,Winter,Saturday,False,False
3,SKU0003,2024-02-18,327,116.42,38070.55,19786.77,18283.78,0.0,107.63,Winter,Sunday,False,False
3,SKU0003,2024-02-19,228,129.06,29425.0,13796.28,15628.72,0.0,120.64,Winter,Monday,False,False
3,SKU0003,2024-02-20,299,120.45,36014.47,18092.49,17921.98,0.0,118.23,Winter,Tuesday,False,False
3,SKU0003,2024-02-21,307,128.55,39464.02,18576.57,20887.45,0.0,118.63,Winter,Wednesday,False,False
3,SKU0003,2024-02-22,284,109.9,31210.68,17184.84,14025.84,0.0,119.7,Winter,Thursday,False,False
3,SKU0003,2024-02-23,274,125.53,34394.58,16579.74,17814.84,0.0,120.85,Winter,Friday,False,False
3,SKU0003,2024-02-24,365,121.62,44390.31,22086.15,22304.16,0.0,118.75,Winter,Saturday,False,False
3,SKU0003,2024-02-25,384,120.48,46263.59,23235.84,23027.75,0.0,107.51,Winter,Sunday,False,False
3,SKU0003,2024-02-26,266,129.29,34390.23,16095.66,18294.57,0.0,113.59,Winter,Monday,False,False
3,SKU0003,2024-02-27,523,98.94,51747.75,31646.73,20101.02,10.68,118.29,Winter,Tuesday,False,True
3,SKU0003,2024-02-28,463,101.77,47119.71,28016.13,19103.58,18.53,112.12,Winter,Wednesday,False,True
3,SKU0003,2024-02-29,496,106.92,53033.98,30012.96,23021.02,11.71,109.39,Winter,Thursday,False,True
3,SKU0003,2024-03-01,229,118.43,27120.27,13856.79,13263.48,0.0,134.7,Spring,Friday,False,False
3,SKU0003,2024-03-02,173,123.13,21301.63,10468.23,10833.4,0.0,127.2,Spring,Saturday,False,False
3,SKU0003,2024-03-03,364,115.33,41981.53,22025.64,19955.89,0.0,134.5,Spring,Sunday,False,False
3,SKU0003,2024-03-04,332,113.4,37648.09,20089.32,17558.77,0.0,124.8,Spring,Monday,False,False
3,SKU0003,2024-03-05,194,111.49,21629.38,11738.94,9890.44,0.0,103.08,Spring,Tuesday,False,False
3,SKU0003,2024-03-06,249,113.07,28155.6,15066.99,13088.61,0.0,127.98,Spring,Wednesday,False,False
3,SKU0003,2024-03-07,251,132.29,33205.87,15188.01,18017.86,0.0,120.54,Spring,Thursday,False,False
3,SKU0003,2024-03-08,300,132.49,39747.24,18153.0,21594.24,0.0,127.33,Spring,Friday,False,False
3,SKU0003,2024-03-09,328,118.48,38860.95,19847.28,19013.67,0.0,107.41,Spring,Saturday,False,False
3,SKU0003,2024-03-10,531,100.2,53205.18,32130.81,21074.37,10.24,134.05,Spring,Sunday,False,True
3,SKU0003,2024-03-11,245,124.62,30531.23,14824.95,15706.28,0.0,118.69,Spring,Monday,False,False
3,SKU0003,2024-03-12,291,128.04,37259.48,17608.41,19651.07,0.0,113.79,Spring,Tuesday,False,False
3,SKU0003,2024-03-14,260,112.61,29277.88,15732.6,13545.28,0.0,137.86,Spring,Thursday,False,False
3,SKU0003,2024-03-15,219,129.73,28410.54,13251.69,15158.85,0.0,110.18,Spring,Friday,False,False
3,SKU0003,2024-03-16,245,129.1,31629.56,14824.95,16804.61,0.0,103.15,Spring,Saturday,False,False
3,SKU0003,2024-03-17,302,126.18,38105.66,18274.02,19831.64,0.0,133.68,Spring,Sunday,False,False
3,SKU0003,2024-03-18,319,123.34,39345.36,19302.69,20042.67,0.0,113.42,Spring,Monday,False,False
3,SKU0003,2024-03-19,278,120.68,33550.04,16821.78,16728.26,0.0,125.07,Spring,Tuesday,False,False
3,SKU0003,2024-03-20,230,128.69,29597.58,13917.3,15680.28,0.0,128.8,Spring,Wednesday,False,False
3,SKU0003,2024-03-21,259,119.13,30855.24,15672.09,15183.15,0.0,105.17,Spring,Thursday,False,False
3,SKU0003,2024-03-22,207,119.01,24635.98,12525.57,12110.41,0.0,120.83,Spring,Friday,False,False
3,SKU0003,2024-03-23,377,117.31,44226.28,22812.27,21414.01,0.0,103.62,Spring,Saturday,False,False
3,SKU0003,2024-03-24,346,113.57,39295.23,20936.46,18358.77,0.0,111.29,Spring,Sunday,False,False
3,SKU0003,2024-03-25,227,130.92,29719.1,13735.77,15983.33,0.0,124.73,Spring,Monday,False,False
3,SKU0003,2024-03-26,372,124.82,46432.67,22509.72,23922.95,0.0,113.52,Spring,Tuesday,False,False
3,SKU0003,2024-03-27,240,132.15,31715.78,14522.4,17193.38,0.0,127.3,Spring,Wednesday,False,False
3,SKU0003,2024-03-28,214,128.18,27431.32,12949.14,14482.18,0.0,133.53,Spring,Thursday,False,False
3,SKU0003,2024-03-29,265,115.75,30674.97,16035.15,14639.82,0.0,127.09,Spring,Friday,False,False
3,SKU0003,2024-03-30,409,113.75,46522.24,24748.59,21773.65,0.0,106.53,Spring,Saturday,False,False
3,SKU0003,2024-03-31,278,132.97,36965.98,16821.78,20144.2,0.0,110.47,Spring,Sunday,False,False
3,SKU0003,2024-04-01,514,83.97,43161.19,31102.14,12059.05,23.21,108.63,Spring,Monday,False,True
3,SKU0003,2024-04-03,476,96.35,45863.36,28802.76,17060.6,19.26,111.0,Spring,Wednesday,False,True
3,SKU0003,2024-04-04,356,117.16,41707.25,21541.56,20165.69,0.0,104.56,Spring,Thursday,False,False
3,SKU0003,2024-04-05,330,115.39,38079.48,19968.3,18111.18,0.0,127.92,Spring,Friday,False,False
3,SKU0003,2024-04-06,280,125.12,35034.23,16942.8,18091.43,0.0,136.51,Spring,Saturday,False,False
3,SKU0003,2024-04-07,383,119.98,45953.3,23175.33,22777.97,0.0,106.89,Spring,Sunday,False,False
3,SKU0003,2024-04-08,257,123.7,31789.95,15551.07,16238.88,0.0,137.26,Spring,Monday,False,False
3,SKU0003,2024-04-09,346,109.93,38037.1,20936.46,17100.64,0.0,125.74,Spring,Tuesday,False,False
3,SKU0003,2024-04-10,250,130.97,32741.87,15127.5,17614.37,0.0,113.47,Spring,Wednesday,False,False
3,SKU0003,2024-04-11,230,121.16,27867.43,13917.3,13950.13,0.0,106.47,Spring,Thursday,False,False
3,SKU0003,2024-04-12,251,117.02,29371.23,15188.01,14183.22,0.0,133.68,Spring,Friday,False,False
3,SKU0003,2024-04-13,376,118.98,44736.78,22751.76,21985.02,0.0,111.77,Spring,Saturday,False,False
3,SKU0003,2024-04-14,316,117.18,37028.66,19121.16,17907.5,0.0,105.96,Spring,Sunday,False,False
3,SKU0003,2024-04-15,229,127.19,29126.11,13856.79,15269.32,0.0,127.01,Spring,Monday,False,False
3,SKU0003,2024-04-16,209,127.16,26575.58,12646.59,13928.99,0.0,111.15,Spring,Tuesday,False,False
3,SKU0003,2024-04-17,288,118.92,34250.16,17426.88,16823.28,0.0,119.52,Spring,Wednesday,False,False
3,SKU0003,2024-04-18,316,128.15,40495.61,19121.16,21374.45,0.0,103.95,Spring,Thursday,False,False
3,SKU0003,2024-04-19,260,109.16,28381.29,15732.6,12648.69,0.0,137.13,Spring,Friday,False,False
3,SKU0003,2024-04-20,738,87.72,64736.45,44656.38,20080.07,24.73,105.1,Spring,Saturday,False,True
3,SKU0003,2024-04-21,365,124.9,45587.37,22086.15,23501.22,0.0,135.63,Spring,Sunday,False,False
3,SKU0003,2024-04-22,505,98.49,49739.59,30557.55,19182.04,20.7,121.74,Spring,Monday,False,True
3,SKU0003,2024-04-23,291,118.65,34526.59,17608.41,16918.18,0.0,122.97,Spring,Tuesday,False,False
3,SKU0003,2024-04-24,206,126.89,26140.22,12465.06,13675.16,0.0,103.15,Spring,Wednesday,False,False
3,SKU0003,2024-04-25,278,121.69,33830.56,16821.78,17008.78,0.0,128.29,Spring,Thursday,False,False
3,SKU0003,2024-04-26,282,113.88,32115.02,17063.82,15051.2,0.0,131.49,Spring,Friday,False,False
3,SKU0003,2024-04-27,342,125.8,43023.46,20694.42,22329.04,0.0,131.24,Spring,Saturday,False,False
3,SKU0003,2024-04-28,412,113.69,46841.66,24930.12,21911.54,0.0,104.21,Spring,Sunday,False,False
3,SKU0003,2024-04-29,342,126.47,43252.15,20694.42,22557.73,0.0,107.44,Spring,Monday,False,False
3,SKU0003,2024-04-30,307,115.79,35547.59,18576.57,16971.02,0.0,122.9,Spring,Tuesday,False,False
3,SKU0003,2024-05-01,256,127.24,32573.84,15490.56,17083.28,0.0,103.88,Spring,Wednesday,False,False
3,SKU0003,2024-05-02,264,123.26,32540.36,15974.64,16565.72,0.0,130.97,Spring,Thursday,False,False
3,SKU0003,2024-05-03,216,132.81,28686.15,13070.16,15615.99,0.0,105.04,Spring,Friday,False,False
3,SKU0003,2024-05-04,320,124.09,39709.97,19363.2,20346.77,0.0,104.6,Spring,Saturday,False,False
3,SKU0003,2024-05-05,342,111.94,38282.61,20694.42,17588.19,0.0,129.62,Spring,Sunday,False,False
3,SKU0003,2024-05-06,234,132.71,31053.98,14159.34,16894.64,0.0,138.77,Spring,Monday,False,False
3,SKU0003,2024-05-07,280,130.56,36558.08,16942.8,19615.28,0.0,122.23,Spring,Tuesday,False,False
3,SKU0003,2024-05-08,235,117.4,27588.43,14219.85,13368.58,0.0,131.36,Spring,Wednesday,False,False
3,SKU0003,2024-05-09,293,125.19,36681.72,17729.43,18952.29,0.0,121.73,Spring,Thursday,False,False
3,SKU0003,2024-05-10,334,116.85,39028.97,20210.34,18818.63,0.0,132.74,Spring,Friday,False,False
3,SKU0003,2024-05-11,355,111.29,39507.84,21481.05,18026.79,0.0,132.94,Spring,Saturday,False,False
3,SKU0003,2024-05-12,530,84.66,44872.01,32070.3,12801.71,23.33,119.07,Spring,Sunday,False,True
3,SKU0003,2024-05-13,238,121.66,28954.01,14401.38,14552.63,0.0,121.71,Spring,Monday,False,False
3,SKU0003,2024-05-14,340,115.3,39202.15,20573.4,18628.75,0.0,118.24,Spring,Tuesday,False,False
3,SKU0003,2024-05-15,231,131.45,30365.59,13977.81,16387.78,0.0,138.2,Spring,Wednesday,False,False
3,SKU0003,2024-05-16,252,112.41,28327.76,15248.52,13079.24,0.0,128.69,Spring,Thursday,False,False
3,SKU0003,2024-05-17,229,125.97,28847.2,13856.79,14990.41,0.0,107.15,Spring,Friday,False,False
3,SKU0003,2024-05-18,360,120.38,43335.04,21783.6,21551.44,0.0,137.14,Spring,Saturday,False,False
3,SKU0003,2024-05-19,299,131.96,39454.81,18092.49,21362.32,0.0,117.7,Spring,Sunday,False,False
3,SKU0003,2024-05-21,260,117.91,30656.34,15732.6,14923.74,0.0,113.88,Spring,Tuesday,False,False
3,SKU0003,2024-05-22,227,128.07,29071.5,13735.77,15335.73,0.0,124.27,Spring,Wednesday,False,False
3,SKU0003,2024-05-23,429,100.09,42940.59,25958.79,16981.8,23.34,132.61,Spring,Thursday,False,True
3,SKU0003,2024-05-24,371,111.88,41507.04,22449.21,19057.83,0.0,134.47,Spring,Friday,False,False
3,SKU0003,2024-05-25,295,122.79,36222.56,17850.45,18372.11,0.0,135.55,Spring,Saturday,False,False
3,SKU0003,2024-05-26,377,120.42,45398.49,22812.27,22586.22,0.0,124.86,Spring,Sunday,False,False
3,SKU0003,2024-05-27,324,121.14,39247.84,19605.24,19642.6,0.0,119.2,Spring,Monday,False,False
3,SKU0003,2024-05-28,271,129.89,35199.38,16398.21,18801.17,0.0,131.9,Spring,Tuesday,False,False
3,SKU0003,2024-05-29,254,118.83,30183.49,15369.54,14813.95,0.0,117.22,Spring,Wednesday,False,False
3,SKU0003,2024-05-30,244,132.11,32234.19,14764.44,17469.75,0.0,129.59,Spring,Thursday,False,False
3,SKU0003,2024-05-31,235,129.88,30521.22,14219.85,16301.37,0.0,123.63,Spring,Friday,False,False
3,SKU0003,2024-06-01,163,126.04,20544.5,9863.13,10681.37,0.0,107.36,Summer,Saturday,False,False
3,SKU0003,2024-06-02,233,113.58,26463.09,14098.83,12364.26,0.0,123.81,Summer,Sunday,False,False
3,SKU0003,2024-06-03,235,106.96,25136.02,14219.85,10916.17,12.84,135.43,Summer,Monday,False,True
3,SKU0003,2024-06-04,173,131.58,22762.88,10468.23,12294.65,0.0,103.56,Summer,Tuesday,False,False
3,SKU0003,2024-06-05,169,114.85,19410.48,10226.19,9184.29,0.0,135.09,Summer,Wednesday,False,False
3,SKU0003,2024-06-06,157,128.45,20166.45,9500.07,10666.38,0.0,117.45,Summer,Thursday,False,False
3,SKU0003,2024-06-07,261,116.35,30367.41,15793.11,14574.3,10.35,117.93,Summer,Friday,False,True
3,SKU0003,2024-06-08,205,116.6,23902.98,12404.55,11498.43,0.0,107.03,Summer,Saturday,False,False
3,SKU0003,2024-06-09,419,99.25,41584.96,25353.69,16231.27,12.16,106.12,Summer,Sunday,False,True
3,SKU0003,2024-06-10,160,118.78,19004.12,9681.6,9322.52,0.0,125.18,Summer,Monday,False,False
3,SKU0003,2024-06-11,222,109.58,24325.79,13433.22,10892.57,0.0,117.02,Summer,Tuesday,False,False
3,SKU0003,2024-06-12,137,118.91,16290.66,8289.87,8000.79,0.0,116.5,Summer,Wednesday,False,False
3,SKU0003,2024-06-13,193,111.85,21586.25,11678.43,9907.82,0.0,130.17,Summer,Thursday,False,False
3,SKU0003,2024-06-14,217,120.85,26224.47,13130.67,13093.8,0.0,116.85,Summer,Friday,False,False
3,SKU0003,2024-06-15,198,110.39,21856.34,11980.98,9875.36,0.0,117.65,Summer,Saturday,False,False
3,SKU0003,2024-06-16,186,118.78,22093.26,11254.86,10838.4,0.0,135.04,Summer,Sunday,False,False
3,SKU0003,2024-06-17,157,132.24,20761.36,9500.07,11261.29,0.0,111.81,Summer,Monday,False,False
3,SKU0003,2024-06-18,158,127.92,20211.89,9560.58,10651.31,0.0,117.63,Summer,Tuesday,False,False
3,SKU0003,2024-06-19,295,108.08,31884.35,17850.45,14033.9,13.05,116.42,Summer,Wednesday,False,True
3,SKU0003,2024-06-20,165,127.85,21094.61,9984.15,11110.46,0.0,118.25,Summer,Thursday,False,False
3,SKU0003,2024-06-22,212,128.99,27346.33,12828.12,14518.21,0.0,138.16,Summer,Saturday,False,False
3,SKU0003,2024-06-23,354,108.85,38532.65,21420.54,17112.11,17.23,133.35,Summer,Sunday,False,True
3,SKU0003,2024-06-24,169,117.42,19844.61,10226.19,9618.42,0.0,124.11,Summer,Monday,False,False
3,SKU0003,2024-06-25,215,110.02,23654.07,13009.65,10644.42,0.0,123.31,Summer,Tuesday,False,False
3,SKU0003,2024-06-26,223,118.49,26422.37,13493.73,12928.64,0.0,107.94,Summer,Wednesday,False,False
3,SKU0003,2024-06-27,176,115.68,20360.03,10649.76,9710.27,0.0,125.03,Summer,Thursday,False,False
3,SKU0003,2024-06-28,152,116.62,17726.58,9197.52,8529.06,0.0,115.31,Summer,Friday,False,False
3,SKU0003,2024-06-29,217,127.14,27588.56,13130.67,14457.89,0.0,111.8,Summer,Saturday,False,False
3,SKU0003,2024-06-30,208,117.19,24374.86,12586.08,11788.78,0.0,124.63,Summer,Sunday,False,False
3,SKU0003,2024-07-02,167,130.74,21833.01,10105.17,11727.84,0.0,117.87,Summer,Tuesday,False,False
3,SKU0003,2024-07-03,145,125.94,18261.4,8773.95,9487.45,0.0,122.4,Summer,Wednesday,False,False
3,SKU0003,2024-07-04,205,124.63,25548.89,12404.55,13144.34,0.0,103.99,Summer,Thursday,True,False
3,SKU0003,2024-07-05,167,125.17,20904.01,10105.17,10798.84,0.0,115.68,Summer,Friday,False,False
3,SKU0003,2024-07-06,187,128.95,24112.9,11315.37,12797.53,0.0,109.3,Summer,Saturday,False,False
3,SKU0003,2024-07-08,137,131.58,18026.32,8289.87,9736.45,0.0,110.91,Summer,Monday,False,False
3,SKU0003,2024-07-09,416,88.16,36673.03,25172.16,11500.87,23.82,106.13,Summer,Tuesday,False,True
3,SKU0003,2024-07-10,172,116.26,19996.05,10407.72,9588.33,0.0,111.37,Summer,Wednesday,False,False
3,SKU0003,2024-07-11,195,117.7,22952.29,11799.45,11152.84,0.0,135.71,Summer,Thursday,False,False
3,SKU0003,2024-07-12,201,113.98,22909.72,12162.51,10747.21,0.0,132.68,Summer,Friday,False,False
3,SKU0003,2024-07-13,155,129.97,20145.89,9379.05,10766.84,0.0,120.8,Summer,Saturday,False,False
3,SKU0003,2024-07-14,223,124.89,27850.19,13493.73,14356.46,0.0,127.64,Summer,Sunday,False,False
3,SKU0003,2024-07-15,178,110.5,19669.0,10770.78,8898.22,0.0,105.23,Summer,Monday,False,False
3,SKU0003,2024-07-16,184,122.71,22579.0,11133.84,11445.16,0.0,121.86,Summer,Tuesday,False,False
3,SKU0003,2024-07-17,196,113.56,22258.07,11859.96,10398.11,0.0,138.88,Summer,Wednesday,False,False
3,SKU0003,2024-07-18,212,121.82,25825.27,12828.12,12997.15,0.0,123.2,Summer,Thursday,False,False
3,SKU0003,2024-07-19,142,131.62,18689.86,8592.42,10097.44,0.0,137.11,Summer,Friday,False,False
