data/sales_data.csv
product_id,sku,date,quantity,price,revenue,cost,profit,discount_percent,competitor_price,season,day_of_week,is_holiday,promotion_active
3,SKU0003,2024-07-20,311,109.93,34189.69,18818.61,15371.08,16.49,112.82,Summer,Saturday,False,True
3,SKU0003,2024-07-21,203,120.21,24402.89,12283.53,12119.36,0.0,130.42,Summer,Sunday,False,False
3,SKU0003,2024-07-22,175,114.35,20011.77,10589.25,9422.52,0.0,118.12,Summer,Monday,False,False
3,SKU0003,2024-07-23,221,109.04,24098.48,13372.71,10725.77,0.0,105.84,Summer,Tuesday,False,False
3,SKU0003,2024-07-24,148,109.53,16210.75,8955.48,7255.27,0.0,138.38,Summer,Wednesday,False,False
3,SKU0003,2024-07-25,162,110.72,17936.6,9802.62,8133.98,0.0,108.84,Summer,Thursday,False,False
3,SKU0003,2024-07-26,135,124.07,16749.39,8168.85,8580.54,0.0,120.29,Summer,Friday,False,False
3,SKU0003,2024-07-27,224,123.26,27610.15,13554.24,14055.91,0.0,115.0,Summer,Saturday,False,False
3,SKU0003,2024-07-28,288,111.53,32120.11,17426.88,14693.23,0.0,115.24,Summer,Sunday,False,False
3,SKU0003,2024-07-29,360,91.36,32888.61,21783.6,11105.01,21.91,131.03,Summer,Monday,False,True
3,SKU0003,2024-07-30,151,127.41,19239.25,9137.01,10102.24,0.0,123.89,Summer,Tuesday,False,False
3,SKU0003,2024-07-31,327,98.8,32306.32,19786.77,12519.55,10.5,133.64,Summer,Wednesday,False,True
3,SKU0003,2024-08-01,478,85.36,40803.31,28923.78,11879.53,23.79,113.81,Summer,Thursday,False,True
3,SKU0003,2024-08-02,166,110.51,18344.72,10044.66,8300.06,0.0,123.17,Summer,Friday,False,False
3,SKU0003,2024-08-03,217,118.15,25638.71,13130.67,12508.04,0.0,130.17,Summer,Saturday,False,False
3,SKU0003,2024-08-04,224,123.43,27648.35,13554.24,14094.11,0.0,103.25,Summer,Sunday,False,False
3,SKU0003,2024-08-05,165,128.16,21147.09,9984.15,11162.94,0.0,125.35,Summer,Monday,False,False
3,SKU0003,2024-08-06,151,131.61,19873.31,9137.01,10736.3,0.0,119.35,Summer,Tuesday,False,False
3,SKU0003,2024-08-07,213,113.58,24191.86,12888.63,11303.23,0.0,124.48,Summer,Wednesday,False,False
3,SKU0003,2024-08-08,159,111.5,17729.2,9621.09,8108.11,12.9,126.01,Summer,Thursday,False,True
3,SKU0003,2024-08-09,189,119.11,22511.42,11436.39,11075.03,0.0,119.01,Summer,Friday,False,False
3,SKU0003,2024-08-10,166,128.21,21282.73,10044.66,11238.07,0.0,114.18,Summer,Saturday,False,False
3,SKU0003,2024-08-11,127,132.15,16782.74,7684.77,9097.97,0.0,114.17,Summer,Sunday,False,False
3,SKU0003,2024-08-12,166,127.69,21196.22,10044.66,11151.56,0.0,114.07,Summer,Monday,False,False
3,SKU0003,2024-08-14,155,125.34,19427.02,9379.05,10047.97,0.0,121.28,Summer,Wednesday,False,False
3,SKU0003,2024-08-15,172,129.7,22308.75,10407.72,11901.03,0.0,109.96,Summer,Thursday,False,False
3,SKU0003,2024-08-16,184,130.91,24086.95,11133.84,12953.11,0.0,115.27,Summer,Friday,False,False
3,SKU0003,2024-08-17,227,125.73,28541.73,13735.77,14805.96,0.0,124.64,Summer,Saturday,False,False
3,SKU0003,2024-08-18,245,122.92,30114.87,14824.95,15289.92,0.0,125.24,Summer,Sunday,False,False
3,SKU0003,2024-08-19,208,112.85,23471.93,12586.08,10885.85,0.0,131.52,Summer,Monday,False,False
3,SKU0003,2024-08-20,307,102.74,31541.89,18576.57,12965.32,10.06,111.23,Summer,Tuesday,False,True
3,SKU0003,2024-08-21,138,114.7,15829.04,8350.38,7478.66,0.0,137.45,Summer,Wednesday,False,False
3,SKU0003,2024-08-22,150,126.83,19024.64,9076.5,9948.14,0.0,109.56,Summer,Thursday,False,False
3,SKU0003,2024-08-23,153,117.7,18008.04,9258.03,8750.01,0.0,103.96,Summer,Friday,False,False
3,SKU0003,2024-08-24,286,115.95,33162.02,17305.86,15856.16,0.0,124.13,Summer,Saturday,False,False
3,SKU0003,2024-08-26,190,113.13,21495.28,11496.9,9998.38,0.0,128.97,Summer,Monday,False,False
3,SKU0003,2024-08-27,179,122.34,21898.72,10831.29,11067.43,0.0,103.65,Summer,Tuesday,False,False
3,SKU0003,2024-08-29,219,118.09,25861.59,13251.69,12609.9,0.0,106.9,Summer,Thursday,False,False
3,SKU0003,2024-08-30,162,116.3,18840.92,9802.62,9038.3,0.0,132.26,Summer,Friday,False,False
3,SKU0003,2024-08-31,181,131.7,23837.32,10952.31,12885.01,0.0,139.09,Summer,Saturday,False,False
3,SKU0003,2024-09-01,297,130.18,38663.01,17971.47,20691.54,0.0,108.11,Fall,Sunday,False,False
3,SKU0003,2024-09-02,228,128.16,29219.96,13796.28,15423.68,0.0,116.6,Fall,Monday,False,False
3,SKU0003,2024-09-03,275,123.43,33943.11,16640.25,17302.86,0.0,111.75,Fall,Tuesday,False,False
3,SKU0003,2024-09-04,520,107.93,56125.2,31465.2,24660.0,12.84,131.53,Fall,Wednesday,False,True
3,SKU0003,2024-09-05,338,110.21,37249.99,20452.38,16797.61,0.0,134.56,Fall,Thursday,False,False
3,SKU0003,2024-09-06,243,132.36,32162.7,14703.93,17458.77,0.0,110.46,Fall,Friday,False,False
3,SKU0003,2024-09-07,592,96.31,57012.64,35821.92,21190.72,19.95,121.33,Fall,Saturday,False,True
3,SKU0003,2024-09-08,353,124.53,43959.55,21360.03,22599.52,0.0,120.97,Fall,Sunday,False,False
3,SKU0003,2024-09-09,256,116.71,29877.1,15490.56,14386.54,0.0,128.08,Fall,Monday,False,False
3,SKU0003,2024-09-10,348,120.89,42071.09,21057.48,21013.61,0.0,117.42,Fall,Tuesday,False,False
3,SKU0003,2024-09-12,268,113.83,30506.82,16216.68,14290.14,0.0,117.24,Fall,Thursday,False,False
3,SKU0003,2024-09-13,264,130.43,34433.07,15974.64,18458.43,0.0,136.83,Fall,Friday,False,False
3,SKU0003,2024-09-14,327,122.24,39973.64,19786.77,20186.87,0.0,105.92,Fall,Saturday,False,False
3,SKU0003,2024-09-15,411,117.43,48262.71,24869.61,23393.1,0.0,119.76,Fall,Sunday,False,False
3,SKU0003,2024-09-16,384,119.23,45784.85,23235.84,22549.01,0.0,117.71,Fall,Monday,False,False
3,SKU0003,2024-09-17,238,116.59,27748.7,14401.38,13347.32,0.0,109.39,Fall,Tuesday,False,False
3,SKU0003,2024-09-18,303,124.54,37735.07,18334.53,19400.54,0.0,105.86,Fall,Wednesday,False,False
3,SKU0003,2024-09-19,303,121.33,36762.87,18334.53,18428.34,0.0,131.4,Fall,Thursday,False,False
3,SKU0003,2024-09-20,392,111.3,43629.56,23719.92,19909.64,0.0,104.26,Fall,Friday,False,False
3,SKU0003,2024-09-21,426,113.68,48426.67,25777.26,22649.41,0.0,113.86,Fall,Saturday,False,False
3,SKU0003,2024-09-22,314,125.46,39395.19,19000.14,20395.05,0.0,128.49,Fall,Sunday,False,False
3,SKU0003,2024-09-23,256,133.08,34069.35,15490.56,18578.79,0.0,129.73,Fall,Monday,False,False
3,SKU0003,2024-09-24,323,109.12,35247.23,19544.73,15702.5,0.0,132.72,Fall,Tuesday,False,False
3,SKU0003,2024-09-25,373,118.69,44272.06,22570.23,21701.83,0.0,123.92,Fall,Wednesday,False,False
3,SKU0003,2024-09-26,316,120.34,38028.19,19121.16,18907.03,0.0,130.5,Fall,Thursday,False,False
3,SKU0003,2024-09-27,414,118.54,49075.24,25051.14,24024.1,0.0,130.07,Fall,Friday,False,False
3,SKU0003,2024-09-28,369,121.4,44797.72,22328.19,22469.53,0.0,130.37,Fall,Saturday,False,False
3,SKU0003,2024-09-29,339,120.09,40709.07,20512.89,20196.18,0.0,114.23,Fall,Sunday,False,False
3,SKU0003,2024-09-30,222,127.56,28317.93,13433.22,14884.71,0.0,110.48,Fall,Monday,False,False
3,SKU0003,2024-10-01,223,122.43,27302.93,13493.73,13809.2,0.0,123.83,Fall,Tuesday,False,False
3,SKU0003,2024-10-03,293,129.11,37829.63,17729.43,20100.2,0.0,118.08,Fall,Thursday,False,False
3,SKU0003,2024-10-04,346,118.68,41063.67,20936.46,20127.21,0.0,122.39,Fall,Friday,False,False
3,SKU0003,2024-10-05,334,109.48,36566.49,20210.34,16356.15,0.0,136.35,Fall,Saturday,False,False
3,SKU0003,2024-10-06,371,131.98,48962.96,22449.21,26513.75,0.0,125.73,Fall,Sunday,False,False
3,SKU0003,2024-10-07,280,123.63,34616.43,16942.8,17673.63,0.0,138.45,Fall,Monday,False,False
3,SKU0003,2024-10-08,330,118.37,39063.08,19968.3,19094.78,0.0,109.7,Fall,Tuesday,False,False
3,SKU0003,2024-10-09,379,122.7,46504.26,22933.29,23570.97,0.0,135.35,Fall,Wednesday,False,False
3,SKU0003,2024-10-11,300,120.74,36223.32,18153.0,18070.32,0.0,105.39,Fall,Friday,False,False
3,SKU0003,2024-10-12,348,115.79,40294.06,21057.48,19236.58,0.0,126.81,Fall,Saturday,False,False
3,SKU0003,2024-10-13,558,90.7,50609.46,33764.58,16844.88,17.78,134.08,Fall,Sunday,False,True
3,SKU0003,2024-10-14,311,112.72,35055.57,18818.61,16236.96,0.0,122.34,Fall,Monday,False,False
3,SKU0003,2024-10-15,348,110.58,38482.65,21057.48,17425.17,0.0,134.3,Fall,Tuesday,False,False
3,SKU0003,2024-10-16,292,113.9,33257.69,17668.92,15588.77,0.0,128.63,Fall,Wednesday,False,False
3,SKU0003,2024-10-17,296,123.53,36564.93,17910.96,18653.97,0.0,124.2,Fall,Thursday,False,False
3,SKU0003,2024-10-18,298,125.49,37397.14,18031.98,19365.16,0.0,103.14,Fall,Friday,False,False
3,SKU0003,2024-10-19,417,110.47,46064.46,25232.67,20831.79,0.0,132.19,Fall,Saturday,False,False
3,SKU0003,2024-10-20,298,130.95,39023.39,18031.98,20991.41,0.0,119.58,Fall,Sunday,False,False
3,SKU0003,2024-10-21,297,126.76,37648.73,17971.47,19677.26,0.0,134.85,Fall,Monday,False,False
3,SKU0003,2024-10-22,313,125.87,39396.83,18939.63,20457.2,0.0,113.67,Fall,Tuesday,False,False
3,SKU0003,2024-10-23,237,128.52,30459.92,14340.87,16119.05,0.0,111.91,Fall,Wednesday,False,False
3,SKU0003,2024-10-24,352,126.67,44586.23,21299.52,23286.71,0.0,135.94,Fall,Thursday,False,False
3,SKU0003,2024-10-25,301,122.68,36926.91,18213.51,18713.4,0.0,137.2,Fall,Friday,False,False
3,SKU0003,2024-10-26,335,129.99,43546.16,20270.85,23275.31,0.0,125.67,Fall,Saturday,False,False
3,SKU0003,2024-10-27,365,131.1,47850.05,22086.15,25763.9,0.0,129.09,Fall,Sunday,False,False
3,SKU0003,2024-10-28,323,120.86,39038.55,19544.73,19493.82,0.0,122.94,Fall,Monday,False,False
3,SKU0003,2024-10-29,410,110.77,45415.87,24809.1,20606.77,0.0,130.7,Fall,Tuesday,False,False
3,SKU0003,2024-10-30,330,119.83,39544.71,19968.3,19576.41,0.0,121.24,Fall,Wednesday,False,False
3,SKU0003,2024-10-31,424,110.69,46932.4,25656.24,21276.16,0.0,130.09,Fall,Thursday,True,False
3,SKU0003,2024-11-01,305,126.97,38726.81,18455.55,20271.26,0.0,117.27,Fall,Friday,False,False
3,SKU0003,2024-11-02,754,85.16,64209.61,45624.54,18585.07,23.76,130.05,Fall,Saturday,False,True
3,SKU0003,2024-11-03,438,110.57,48429.49,26503.38,21926.11,0.0,111.66,Fall,Sunday,False,False
3,SKU0003,2024-11-04,349,112.31,39197.15,21117.99,18079.16,0.0,133.42,Fall,Monday,False,False
3,SKU0003,2024-11-05,354,109.36,38711.77,21420.54,17291.23,0.0,113.55,Fall,Tuesday,False,False
3,SKU0003,2024-11-06,317,118.38,37525.86,19181.67,18344.19,0.0,130.59,Fall,Wednesday,False,False
3,SKU0003,2024-11-07,250,112.63,28158.31,15127.5,13030.81,0.0,110.73,Fall,Thursday,False,False
3,SKU0003,2024-11-08,475,108.67,51618.08,28742.25,22875.83,13.24,133.24,Fall,Friday,False,True
3,SKU0003,2024-11-09,363,124.43,45169.2,21965.13,23204.07,0.0,135.43,Fall,Saturday,False,False
3,SKU0003,2024-11-10,408,116.38,47483.32,24688.08,22795.24,0.0,103.04,Fall,Sunday,False,False
3,SKU0003,2024-11-11,243,127.49,30978.91,14703.93,16274.98,0.0,116.47,Fall,Monday,False,False
3,SKU0003,2024-11-12,424,111.13,47119.08,25656.24,21462.84,0.0,138.78,Fall,Tuesday,False,False
3,SKU0003,2024-11-13,300,113.57,34070.65,18153.0,15917.65,0.0,110.87,Fall,Wednesday,False,False
3,SKU0003,2024-11-14,326,128.21,41795.4,19726.26,22069.14,0.0,108.96,Fall,Thursday,False,False
3,SKU0003,2024-11-15,341,118.98,40571.88,20633.91,19937.97,0.0,114.74,Fall,Friday,False,False
3,SKU0003,2024-11-16,374,113.51,42451.17,22630.74,19820.43,0.0,122.53,Fall,Saturday,False,False
3,SKU0003,2024-11-17,537,111.84,60059.12,32493.87,27565.25,0.0,115.81,Fall,Sunday,False,False
3,SKU0003,2024-11-18,264,118.65,31323.97,15974.64,15349.33,0.0,117.0,Fall,Monday,False,False
3,SKU0003,2024-11-19,409,110.52,45200.99,24748.59,20452.4,0.0,126.46,Fall,Tuesday,False,False
3,SKU0003,2024-11-20,414,110.55,45766.74,25051.14,20715.6,0.0,113.81,Fall,Wednesday,False,False
3,SKU0003,2024-11-21,243,132.71,32249.26,14703.93,17545.33,0.0,122.33,Fall,Thursday,False,False
3,SKU0003,2024-11-22,339,129.5,43901.4,20512.89,23388.51,0.0,137.69,Fall,Friday,False,False
3,SKU0003,2024-11-23,312,132.67,41393.72,18879.12,22514.6,0.0,127.48,Fall,Saturday,False,False
3,SKU0003,2024-11-24,478,125.71,60088.81,28923.78,31165.03,0.0,125.93,Fall,Sunday,True,False
3,SKU0003,2024-11-25,447,116.61,52126.49,27047.97,25078.52,0.0,120.37,Fall,Monday,True,False
3,SKU0003,2024-11-26,295,123.65,36475.85,17850.45,18625.4,0.0,116.75,Fall,Tuesday,False,False
3,SKU0003,2024-11-27,381,114.54,43641.12,23054.31,20586.81,0.0,138.75,Fall,Wednesday,False,False
3,SKU0003,2024-11-28,337,123.84,41732.77,20391.87,21340.9,0.0,114.08,Fall,Thursday,False,False
3,SKU0003,2024-11-29,212,127.25,26976.23,12828.12,14148.11,0.0,105.04,Fall,Friday,False,False
3,SKU0003,2024-11-30,478,116.1,55494.49,28923.78,26570.71,0.0,110.29,Fall,Saturday,False,False
3,SKU0003,2024-12-01,445,106.37,47332.49,26926.95,20405.54,18.97,129.71,Winter,Sunday,False,True
3,SKU0003,2024-12-02,357,115.65,41286.97,21602.07,19684.9,0.0,130.48,Winter,Monday,False,False
3,SKU0003,2024-12-03,292,132.58,38713.08,17668.92,21044.16,0.0,113.34,Winter,Tuesday,False,False
3,SKU0003,2024-12-04,391,110.04,43027.47,23659.41,19368.06,14.97,122.45,Winter,Wednesday,False,True
3,SKU0003,2024-12-05,257,125.01,32128.55,15551.07,16577.48,0.0,127.82,Winter,Thursday,False,False
3,SKU0003,2024-12-06,232,123.64,28683.45,14038.32,14645.13,0.0,114.54,Winter,Friday,False,False
3,SKU0003,2024-12-07,394,109.06,42971.32,23840.94,19130.38,0.0,105.41,Winter,Saturday,False,False
3,SKU0003,2024-12-08,316,124.27,39270.02,19121.16,20148.86,0.0,110.28,Winter,Sunday,False,False
3,SKU0003,2024-12-09,653,95.57,62405.34,39513.03,22892.31,22.47,111.45,Winter,Monday,False,True
3,SKU0003,2024-12-10,578,107.91,62372.37,34974.78,27397.59,14.67,111.76,Winter,Tuesday,False,True
3,SKU0003,2024-12-11,378,114.94,43448.85,22872.78,20576.07,0.0,119.14,Winter,Wednesday,False,False
3,SKU0003,2024-12-12,284,115.5,32801.47,17184.84,15616.63,0.0,105.77,Winter,Thursday,False,False
3,SKU0003,2024-12-13,288,118.56,34144.45,17426.88,16717.57,0.0,118.89,Winter,Friday,False,False
3,SKU0003,2024-12-14,240,126.71,30409.49,14522.4,15887.09,0.0,132.62,Winter,Saturday,False,False
3,SKU0003,2024-12-15,356,109.4,38945.51,21541.56,17403.95,0.0,133.87,Winter,Sunday,False,False
3,SKU0003,2024-12-16,290,131.22,38054.6,17547.9,20506.7,0.0,108.41,Winter,Monday,False,False
3,SKU0003,2024-12-17,387,115.15,44561.3,23417.37,21143.93,0.0,119.34,Winter,Tuesday,False,False
3,SKU0003,2024-12-18,227,123.59,28054.08,13735.77,14318.31,0.0,107.83,Winter,Wednesday,False,False
3,SKU0003,2024-12-19,293,112.66,33010.24,17729.43,15280.81,0.0,103.33,Winter,Thursday,False,False
3,SKU0003,2024-12-20,267,126.47,33768.63,16156.17,17612.46,0.0,136.48,Winter,Friday,False,False
3,SKU0003,2024-12-21,313,132.41,41443.64,18939.63,22504.01,0.0,120.64,Winter,Saturday,False,False
3,SKU0003,2024-12-22,295,123.16,36331.44,17850.45,18480.99,0.0,104.28,Winter,Sunday,False,False
3,SKU0003,2024-12-23,318,118.23,37597.88,19242.18,18355.7,0.0,109.92,Winter,Monday,False,False
3,SKU0003,2024-12-24,289,115.1,33262.82,17487.39,15775.43,0.0,129.09,Winter,Tuesday,False,False
3,SKU0003,2024-12-25,375,120.74,45279.23,22691.25,22587.98,0.0,128.15,Winter,Wednesday,True,False
3,SKU0003,2024-12-26,356,131.34,46758.27,21541.56,25216.71,0.0,111.67,Winter,Thursday,True,False
3,SKU0003,2024-12-27,515,103.57,53337.54,31162.65,22174.89,19.46,128.19,Winter,Friday,False,True
3,SKU0003,2024-12-28,349,115.24,40219.89,21117.99,19101.9,0.0,127.59,Winter,Saturday,False,False
3,SKU0003,2024-12-29,329,123.49,40629.01,19907.79,20721.22,0.0,133.42,Winter,Sunday,False,False
3,SKU0003,2024-12-30,516,102.49,52884.35,31223.16,21661.19,19.67,117.3,Winter,Monday,False,True
3,SKU0003,2024-12-31,241,130.73,31504.89,14582.91,16921.98,0.0,109.72,Winter,Tuesday,False,False
3,SKU0003,2025-01-01,325,129.0,41925.41,19665.75,22259.66,0.0,113.84,Winter,Wednesday,True,False
3,SKU0003,2025-01-02,340,124.86,42451.04,20573.4,21877.64,0.0,114.05,Winter,Thursday,False,False
3,SKU0003,2025-01-03,278,130.13,36176.25,16821.78,19354.47,0.0,106.09,Winter,Friday,False,False
3,SKU0003,2025-01-04,303,127.72,38698.26,18334.53,20363.73,0.0,108.05,Winter,Saturday,False,False
3,SKU0003,2025-01-05,335,131.43,44028.42,20270.85,23757.57,0.0,114.05,Winter,Sunday,False,False
3,SKU0003,2025-01-07,608,103.29,62800.74,36790.08,26010.66,17.87,129.48,Winter,Tuesday,False,True
3,SKU0003,2025-01-08,316,117.99,37283.6,19121.16,18162.44,0.0,110.06,Winter,Wednesday,False,False
3,SKU0003,2025-01-09,247,131.88,32573.15,14945.97,17627.18,0.0,132.43,Winter,Thursday,False,False
3,SKU0003,2025-01-10,355,110.35,39172.69,21481.05,17691.64,0.0,130.43,Winter,Friday,False,False
3,SKU0003,2025-01-11,234,130.76,30597.05,14159.34,16437.71,0.0,125.62,Winter,Saturday,False,False
3,SKU0003,2025-01-12,257,129.94,33393.51,15551.07,17842.44,0.0,113.51,Winter,Sunday,False,False
3,SKU0003,2025-01-13,254,115.62,29366.66,15369.54,13997.12,0.0,124.13,Winter,Monday,False,False
3,SKU0003,2025-01-14,279,125.2,34931.51,16882.29,18049.22,0.0,105.08,Winter,Tuesday,False,False
3,SKU0003,2025-01-15,427,109.09,46582.67,25837.77,20744.9,0.0,138.72,Winter,Wednesday,False,False
3,SKU0003,2025-01-16,632,109.27,69059.97,38242.32,30817.65,10.11,138.7,Winter,Thursday,False,True
3,SKU0003,2025-01-17,277,131.48,36419.75,16761.27,19658.48,0.0,115.1,Winter,Friday,False,False
3,SKU0003,2025-01-18,387,117.89,45624.39,23417.37,22207.02,0.0,139.15,Winter,Saturday,False,False
3,SKU0003,2025-01-19,221,131.69,29104.32,13372.71,15731.61,0.0,116.61,Winter,Sunday,False,False
3,SKU0003,2025-01-20,500,99.96,49979.65,30255.0,19724.65,14.95,119.46,Winter,Monday,False,True
3,SKU0003,2025-01-21,237,126.47,29973.68,14340.87,15632.81,0.0,107.91,Winter,Tuesday,False,False
3,SKU0003,2025-01-22,233,129.95,30278.68,14098.83,16179.85,0.0,128.25,Winter,Wednesday,False,False
3,SKU0003,2025-01-23,293,117.84,34525.79,17729.43,16796.36,0.0,126.79,Winter,Thursday,False,False
3,SKU0003,2025-01-24,275,118.92,32702.26,16640.25,16062.01,0.0,138.67,Winter,Friday,False,False
3,SKU0003,2025-01-26,446,110.03,49071.34,26987.46,22083.88,0.0,114.69,Winter,Sunday,False,False
3,SKU0003,2025-01-27,234,123.6,28923.36,14159.34,14764.02,0.0,125.11,Winter,Monday,False,False
3,SKU0003,2025-01-28,657,90.68,59578.28,39755.07,19823.21,23.97,138.7,Winter,Tuesday,False,True
3,SKU0003,2025-01-29,334,130.83,43696.39,20210.34,23486.05,0.0,113.54,Winter,Wednesday,False,False
