data/sales_data.csv
product_id,sku,date,quantity,price,revenue,cost,profit,discount_percent,competitor_price,season,day_of_week,is_holiday,promotion_active
3,SKU0003,2025-01-30,279,112.38,31354.88,16882.29,14472.59,0.0,123.63,Winter,Thursday,False,False
3,SKU0003,2025-01-31,178,121.13,21561.54,10770.78,10790.76,0.0,131.8,Winter,Friday,False,False
3,SKU0003,2025-02-01,313,125.21,39190.35,18939.63,20250.72,0.0,134.63,Winter,Saturday,False,False
3,SKU0003,2025-02-02,410,119.72,49085.17,24809.1,24276.07,0.0,126.92,Winter,Sunday,False,False
3,SKU0003,2025-02-03,409,114.04,46642.59,24748.59,21894.0,0.0,126.82,Winter,Monday,False,False
3,SKU0003,2025-02-04,483,94.68,45728.34,29226.33,16502.01,20.74,136.59,Winter,Tuesday,False,True
3,SKU0003,2025-02-05,285,127.47,36327.74,17245.35,19082.39,0.0,112.22,Winter,Wednesday,False,False
3,SKU0003,2025-02-06,237,130.64,30962.0,14340.87,16621.13,0.0,107.8,Winter,Thursday,False,False
3,SKU0003,2025-02-07,264,126.48,33389.65,15974.64,17415.01,0.0,127.98,Winter,Friday,False,False
3,SKU0003,2025-02-08,424,131.47,55743.62,25656.24,30087.38,0.0,124.68,Winter,Saturday,False,False
3,SKU0003,2025-02-09,278,118.04,32816.0,16821.78,15994.22,0.0,129.59,Winter,Sunday,False,False
3,SKU0003,2025-02-10,286,124.46,35595.4,17305.86,18289.54,0.0,133.95,Winter,Monday,False,False
3,SKU0003,2025-02-11,337,114.33,38528.81,20391.87,18136.94,0.0,106.05,Winter,Tuesday,False,False
3,SKU0003,2025-02-12,671,96.33,64635.37,40602.21,24033.16,24.06,107.08,Winter,Wednesday,False,True
3,SKU0003,2025-02-13,262,129.57,33947.87,15853.62,18094.25,0.0,123.81,Winter,Thursday,False,False
3,SKU0003,2025-02-14,866,90.5,78375.96,52401.66,25974.3,18.03,138.44,Winter,Friday,True,True
3,SKU0003,2025-02-15,339,117.75,39918.28,20512.89,19405.39,0.0,131.79,Winter,Saturday,False,False
3,SKU0003,2025-02-16,348,123.48,42970.88,21057.48,21913.4,0.0,117.22,Winter,Sunday,False,False
3,SKU0003,2025-02-17,276,120.07,33138.33,16700.76,16437.57,0.0,137.1,Winter,Monday,False,False
3,SKU0003,2025-02-18,315,121.02,38120.02,19060.65,19059.37,0.0,124.7,Winter,Tuesday,False,False
3,SKU0003,2025-02-19,258,125.02,32255.71,15611.58,16644.13,0.0,128.39,Winter,Wednesday,False,False
3,SKU0003,2025-02-20,323,116.39,37595.39,19544.73,18050.66,0.0,107.35,Winter,Thursday,False,False
3,SKU0003,2025-02-21,269,126.02,33899.02,16277.19,17621.83,0.0,132.95,Winter,Friday,False,False
3,SKU0003,2025-02-22,379,125.96,47739.23,22933.29,24805.94,0.0,138.49,Winter,Saturday,False,False
3,SKU0003,2025-02-23,310,128.96,39976.4,18758.1,21218.3,0.0,129.47,Winter,Sunday,False,False
3,SKU0003,2025-02-24,198,125.87,24922.39,11980.98,12941.41,0.0,134.29,Winter,Monday,False,False
3,SKU0003,2025-02-25,344,120.72,41526.84,20815.44,20711.4,0.0,138.61,Winter,Tuesday,False,False
3,SKU0003,2025-02-26,224,129.46,28998.04,13554.24,15443.8,0.0,122.76,Winter,Wednesday,False,False
3,SKU0003,2025-02-27,246,125.33,30830.16,14885.46,15944.7,0.0,130.38,Winter,Thursday,False,False
3,SKU0003,2025-02-28,260,121.69,31640.43,15732.6,15907.83,0.0,128.15,Winter,Friday,False,False
3,SKU0003,2025-03-01,343,129.64,44467.46,20754.93,23712.53,0.0,107.62,Spring,Saturday,False,False
3,SKU0003,2025-03-02,210,122.97,25822.78,12707.1,13115.68,0.0,133.72,Spring,Sunday,False,False
3,SKU0003,2025-03-03,393,119.99,47156.9,23780.43,23376.47,0.0,107.86,Spring,Monday,False,False
3,SKU0003,2025-03-04,327,115.96,37920.01,19786.77,18133.24,0.0,110.79,Spring,Tuesday,False,False
3,SKU0003,2025-03-06,256,122.85,31450.06,15490.56,15959.5,0.0,138.75,Spring,Thursday,False,False
3,SKU0003,2025-03-07,240,131.92,31661.14,14522.4,17138.74,0.0,133.42,Spring,Friday,False,False
3,SKU0003,2025-03-08,390,111.24,43384.67,23598.9,19785.77,0.0,109.39,Spring,Saturday,False,False
3,SKU0003,2025-03-09,595,106.45,63334.99,36003.45,27331.54,19.75,138.07,Spring,Sunday,False,True
3,SKU0003,2025-03-11,268,120.74,32359.58,16216.68,16142.9,0.0,137.52,Spring,Tuesday,False,False
3,SKU0003,2025-03-12,266,118.0,31388.93,16095.66,15293.27,0.0,131.74,Spring,Wednesday,False,False
3,SKU0003,2025-03-13,237,127.74,30274.9,14340.87,15934.03,0.0,126.48,Spring,Thursday,False,False
3,SKU0003,2025-03-14,244,124.73,30433.62,14764.44,15669.18,0.0,107.22,Spring,Friday,False,False
3,SKU0003,2025-03-15,740,96.57,71460.86,44777.4,26683.46,20.03,103.7,Spring,Saturday,False,True
3,SKU0003,2025-03-16,337,122.78,41376.17,20391.87,20984.3,0.0,129.93,Spring,Sunday,False,False
3,SKU0003,2025-03-17,163,113.3,18468.11,9863.13,8604.98,0.0,126.27,Spring,Monday,False,False
3,SKU0003,2025-03-18,283,122.75,34737.89,17124.33,17613.56,0.0,105.17,Spring,Tuesday,False,False
3,SKU0003,2025-03-19,248,128.17,31785.07,15006.48,16778.59,0.0,132.38,Spring,Wednesday,False,False
3,SKU0003,2025-03-20,495,100.29,49644.76,29952.45,19692.31,18.05,120.6,Spring,Thursday,False,True
3,SKU0003,2025-03-21,242,123.07,29783.09,14643.42,15139.67,0.0,131.55,Spring,Friday,False,False
3,SKU0003,2025-03-22,343,127.14,43610.16,20754.93,22855.23,0.0,135.46,Spring,Saturday,False,False
3,SKU0003,2025-03-23,351,123.42,43319.96,21239.01,22080.95,0.0,123.01,Spring,Sunday,False,False
3,SKU0003,2025-03-24,264,111.9,29540.59,15974.64,13565.95,0.0,110.35,Spring,Monday,False,False
3,SKU0003,2025-03-25,275,122.53,33696.48,16640.25,17056.23,0.0,104.14,Spring,Tuesday,False,False
3,SKU0003,2025-03-26,225,121.17,27262.98,13614.75,13648.23,0.0,122.63,Spring,Wednesday,False,False
3,SKU0003,2025-03-28,209,131.82,27550.42,12646.59,14903.83,0.0,131.29,Spring,Friday,False,False
3,SKU0003,2025-03-29,364,119.69,43566.01,22025.64,21540.37,0.0,128.1,Spring,Saturday,False,False
3,SKU0003,2025-03-30,313,132.78,41561.27,18939.63,22621.64,0.0,122.41,Spring,Sunday,False,False
3,SKU0003,2025-03-31,324,111.31,36065.87,19605.24,16460.63,0.0,111.48,Spring,Monday,False,False
3,SKU0003,2025-04-01,312,116.17,36245.71,18879.12,17366.59,0.0,137.63,Spring,Tuesday,False,False
3,SKU0003,2025-04-02,312,114.15,35613.87,18879.12,16734.75,0.0,107.53,Spring,Wednesday,False,False
3,SKU0003,2025-04-03,274,110.72,30336.68,16579.74,13756.94,0.0,116.73,Spring,Thursday,False,False
3,SKU0003,2025-04-04,290,118.6,34394.3,17547.9,16846.4,0.0,112.1,Spring,Friday,False,False
3,SKU0003,2025-04-05,334,125.73,41993.17,20210.34,21782.83,0.0,105.43,Spring,Saturday,False,False
3,SKU0003,2025-04-06,304,133.01,40434.94,18395.04,22039.9,0.0,109.86,Spring,Sunday,False,False
3,SKU0003,2025-04-07,296,124.83,36949.01,17910.96,19038.05,0.0,124.83,Spring,Monday,False,False
3,SKU0003,2025-04-08,327,112.63,36831.03,19786.77,17044.26,0.0,118.61,Spring,Tuesday,False,False
3,SKU0003,2025-04-09,454,109.74,49821.27,27471.54,22349.73,11.16,106.86,Spring,Wednesday,False,True
3,SKU0003,2025-04-10,353,110.51,39011.61,21360.03,17651.58,0.0,116.04,Spring,Thursday,False,False
3,SKU0003,2025-04-11,283,115.53,32695.5,17124.33,15571.17,0.0,111.06,Spring,Friday,False,False
3,SKU0003,2025-04-12,623,89.09,55501.79,37697.73,17804.06,24.53,106.68,Spring,Saturday,False,True
3,SKU0003,2025-04-13,343,113.17,38817.79,20754.93,18062.86,0.0,114.0,Spring,Sunday,False,False
3,SKU0003,2025-04-14,235,120.77,28380.65,14219.85,14160.8,0.0,128.3,Spring,Monday,False,False
3,SKU0003,2025-04-15,233,122.27,28488.33,14098.83,14389.5,0.0,135.42,Spring,Tuesday,False,False
3,SKU0003,2025-04-16,226,131.83,29792.98,13675.26,16117.72,0.0,115.4,Spring,Wednesday,False,False
3,SKU0003,2025-04-17,202,132.35,26734.19,12223.02,14511.17,0.0,124.46,Spring,Thursday,False,False
3,SKU0003,2025-04-18,253,120.46,30476.37,15309.03,15167.34,0.0,103.21,Spring,Friday,False,False
3,SKU0003,2025-04-19,253,112.68,28508.42,15309.03,13199.39,0.0,116.62,Spring,Saturday,False,False
3,SKU0003,2025-04-20,379,110.2,41764.87,22933.29,18831.58,0.0,138.25,Spring,Sunday,False,False
3,SKU0003,2025-04-21,286,114.95,32874.98,17305.86,15569.12,0.0,128.53,Spring,Monday,False,False
3,SKU0003,2025-04-22,200,132.79,26557.82,12102.0,14455.82,0.0,121.1,Spring,Tuesday,False,False
3,SKU0003,2025-04-23,297,119.27,35423.67,17971.47,17452.2,0.0,134.87,Spring,Wednesday,False,False
3,SKU0003,2025-04-24,320,116.3,37217.52,19363.2,17854.32,0.0,137.27,Spring,Thursday,False,False
3,SKU0003,2025-04-25,212,116.49,24695.35,12828.12,11867.23,0.0,105.75,Spring,Friday,False,False
3,SKU0003,2025-04-26,245,131.79,32287.95,14824.95,17463.0,0.0,104.95,Spring,Saturday,False,False
3,SKU0003,2025-04-27,275,122.33,33640.99,16640.25,17000.74,0.0,134.61,Spring,Sunday,False,False
3,SKU0003,2025-04-28,232,119.18,27649.78,14038.32,13611.46,0.0,129.4,Spring,Monday,False,False
3,SKU0003,2025-04-29,295,121.38,35808.08,17850.45,17957.63,0.0,135.11,Spring,Tuesday,False,False
3,SKU0003,2025-04-30,264,118.73,31345.26,15974.64,15370.62,0.0,135.94,Spring,Wednesday,False,False
3,SKU0003,2025-05-01,237,126.2,29910.24,14340.87,15569.37,0.0,130.08,Spring,Thursday,False,False
3,SKU0003,2025-05-02,171,126.8,21683.54,10347.21,11336.33,0.0,132.76,Spring,Friday,False,False
3,SKU0003,2025-05-03,344,121.7,41864.94,20815.44,21049.5,0.0,124.92,Spring,Saturday,False,False
3,SKU0003,2025-05-04,244,125.24,30559.57,14764.44,15795.13,0.0,121.87,Spring,Sunday,False,False
3,SKU0003,2025-05-05,306,110.74,33885.3,18516.06,15369.24,0.0,121.52,Spring,Monday,False,False
3,SKU0003,2025-05-06,282,119.15,33600.18,17063.82,16536.36,0.0,116.42,Spring,Tuesday,False,False
3,SKU0003,2025-05-07,280,131.04,36691.63,16942.8,19748.83,0.0,122.44,Spring,Wednesday,False,False
3,SKU0003,2025-05-08,240,111.77,26825.0,14522.4,12302.6,0.0,113.52,Spring,Thursday,False,False
3,SKU0003,2025-05-09,134,126.78,16988.68,8108.34,8880.34,0.0,110.76,Spring,Friday,False,False
3,SKU0003,2025-05-10,286,131.5,37609.87,17305.86,20304.01,0.0,132.85,Spring,Saturday,False,False
3,SKU0003,2025-05-11,798,96.98,77391.73,48286.98,29104.75,19.27,115.78,Spring,Sunday,False,True
3,SKU0003,2025-05-12,331,116.87,38684.06,20028.81,18655.25,0.0,103.05,Spring,Monday,False,False
3,SKU0003,2025-05-13,301,113.42,34140.55,18213.51,15927.04,0.0,106.55,Spring,Tuesday,False,False
3,SKU0003,2025-05-14,280,110.97,31071.36,16942.8,14128.56,0.0,108.45,Spring,Wednesday,False,False
3,SKU0003,2025-05-15,297,120.72,35852.45,17971.47,17880.98,0.0,126.71,Spring,Thursday,False,False
3,SKU0003,2025-05-16,233,118.49,27607.53,14098.83,13508.7,0.0,118.42,Spring,Friday,False,False
3,SKU0003,2025-05-17,309,128.56,39725.23,18697.59,21027.64,0.0,118.79,Spring,Saturday,False,False
3,SKU0003,2025-05-18,380,112.84,42877.31,22993.8,19883.51,0.0,118.62,Spring,Sunday,False,False
3,SKU0003,2025-05-19,273,129.99,35486.7,16519.23,18967.47,0.0,109.75,Spring,Monday,False,False
3,SKU0003,2025-05-20,785,93.4,73319.94,47500.35,25819.59,21.16,108.69,Spring,Tuesday,False,True
3,SKU0003,2025-05-21,281,120.52,33865.8,17003.31,16862.49,0.0,112.52,Spring,Wednesday,False,False
3,SKU0003,2025-05-22,240,122.23,29335.97,14522.4,14813.57,0.0,128.8,Spring,Thursday,False,False
3,SKU0003,2025-05-23,242,127.42,30835.49,14643.42,16192.07,0.0,121.09,Spring,Friday,False,False
3,SKU0003,2025-05-24,209,129.32,27028.61,12646.59,14382.02,0.0,106.85,Spring,Saturday,False,False
3,SKU0003,2025-05-25,332,109.43,36330.75,20089.32,16241.43,0.0,121.02,Spring,Sunday,False,False
3,SKU0003,2025-05-26,270,114.64,30953.44,16337.7,14615.74,0.0,115.29,Spring,Monday,False,False
3,SKU0003,2025-05-27,226,126.77,28649.3,13675.26,14974.04,0.0,113.38,Spring,Tuesday,False,False
3,SKU0003,2025-05-28,249,127.33,31706.37,15066.99,16639.38,0.0,108.4,Spring,Wednesday,False,False
3,SKU0003,2025-05-29,251,114.96,28853.98,15188.01,13665.97,0.0,134.24,Spring,Thursday,False,False
3,SKU0003,2025-05-30,334,114.9,38378.26,20210.34,18167.92,0.0,110.07,Spring,Friday,False,False
3,SKU0003,2025-05-31,288,128.52,37014.36,17426.88,19587.48,0.0,121.1,Spring,Saturday,False,False
3,SKU0003,2025-06-01,173,132.94,22998.92,10468.23,12530.69,0.0,125.9,Summer,Sunday,False,False
3,SKU0003,2025-06-03,151,131.41,19842.29,9137.01,10705.28,0.0,125.25,Summer,Tuesday,False,False
3,SKU0003,2025-06-04,404,92.41,37332.24,24446.04,12886.2,16.11,125.86,Summer,Wednesday,False,True
3,SKU0003,2025-06-05,154,117.05,18026.45,9318.54,8707.91,0.0,121.38,Summer,Thursday,False,False
3,SKU0003,2025-06-06,161,116.28,18721.57,9742.11,8979.46,0.0,113.05,Summer,Friday,False,False
3,SKU0003,2025-06-07,197,119.04,23450.3,11920.47,11529.83,0.0,104.59,Summer,Saturday,False,False
3,SKU0003,2025-06-08,379,86.85,32917.38,22933.29,9984.09,21.17,120.01,Summer,Sunday,False,True
3,SKU0003,2025-06-09,168,111.36,18707.95,10165.68,8542.27,0.0,137.3,Summer,Monday,False,False
3,SKU0003,2025-06-10,166,116.28,19303.25,10044.66,9258.59,0.0,103.36,Summer,Tuesday,False,False
3,SKU0003,2025-06-11,170,129.78,22062.81,10286.7,11776.11,0.0,129.78,Summer,Wednesday,False,False
3,SKU0003,2025-06-12,160,127.77,20442.92,9681.6,10761.32,0.0,116.36,Summer,Thursday,False,False
3,SKU0003,2025-06-13,190,114.0,21660.31,11496.9,10163.41,0.0,135.08,Summer,Friday,False,False
3,SKU0003,2025-06-14,211,126.89,26774.12,12767.61,14006.51,0.0,124.16,Summer,Saturday,False,False
3,SKU0003,2025-06-15,188,124.76,23454.13,11375.88,12078.25,0.0,128.45,Summer,Sunday,False,False
3,SKU0003,2025-06-16,204,110.73,22589.0,12344.04,10244.96,0.0,115.32,Summer,Monday,False,False
3,SKU0003,2025-06-17,143,132.87,19000.6,8652.93,10347.67,0.0,129.04,Summer,Tuesday,False,False
3,SKU0003,2025-06-18,371,92.83,34438.18,22449.21,11988.97,18.26,134.71,Summer,Wednesday,False,True
3,SKU0003,2025-06-19,135,130.87,17666.98,8168.85,9498.13,0.0,135.36,Summer,Thursday,False,False
3,SKU0003,2025-06-20,99,126.28,12501.74,5990.49,6511.25,0.0,105.33,Summer,Friday,False,False
3,SKU0003,2025-06-21,173,131.46,22742.57,10468.23,12274.34,0.0,103.66,Summer,Saturday,False,False
3,SKU0003,2025-06-22,230,125.78,28929.65,13917.3,15012.35,0.0,104.52,Summer,Sunday,False,False
3,SKU0003,2025-06-23,175,128.15,22425.45,10589.25,11836.2,0.0,129.76,Summer,Monday,False,False
3,SKU0003,2025-06-24,181,125.49,22713.75,10952.31,11761.44,0.0,138.14,Summer,Tuesday,False,False
3,SKU0003,2025-06-25,184,127.09,23384.31,11133.84,12250.47,0.0,131.16,Summer,Wednesday,False,False
3,SKU0003,2025-06-26,183,115.49,21134.53,11073.33,10061.2,0.0,108.68,Summer,Thursday,False,False
3,SKU0003,2025-06-27,162,125.78,20376.6,9802.62,10573.98,0.0,131.57,Summer,Friday,False,False
3,SKU0003,2025-06-28,171,126.05,21554.29,10347.21,11207.08,0.0,113.88,Summer,Saturday,False,False
3,SKU0003,2025-06-29,180,126.06,22690.91,10891.8,11799.11,0.0,109.08,Summer,Sunday,False,False
3,SKU0003,2025-06-30,333,102.54,34146.81,20149.83,13996.98,10.59,134.95,Summer,Monday,False,True
3,SKU0003,2025-07-01,213,115.46,24593.75,12888.63,11705.12,0.0,126.19,Summer,Tuesday,False,False
3,SKU0003,2025-07-02,149,128.85,19198.33,9015.99,10182.34,0.0,102.92,Summer,Wednesday,False,False
3,SKU0003,2025-07-03,151,123.57,18658.36,9137.01,9521.35,0.0,105.89,Summer,Thursday,False,False
3,SKU0003,2025-07-04,215,122.21,26275.72,13009.65,13266.07,0.0,117.69,Summer,Friday,True,False
3,SKU0003,2025-07-05,232,116.78,27091.91,14038.32,13053.59,0.0,132.49,Summer,Saturday,False,False
3,SKU0003,2025-07-06,173,114.23,19761.0,10468.23,9292.77,0.0,109.28,Summer,Sunday,False,False
3,SKU0003,2025-07-07,108,121.92,13167.9,6535.08,6632.82,0.0,131.12,Summer,Monday,False,False
3,SKU0003,2025-07-08,175,111.49,19511.51,10589.25,8922.26,0.0,116.74,Summer,Tuesday,False,False
3,SKU0003,2025-07-09,122,129.98,15857.08,7382.22,8474.86,0.0,122.87,Summer,Wednesday,False,False
3,SKU0003,2025-07-10,170,114.26,19423.92,10286.7,9137.22,0.0,123.98,Summer,Thursday,False,False
3,SKU0003,2025-07-11,152,127.14,19325.45,9197.52,10127.93,0.0,111.28,Summer,Friday,False,False
3,SKU0003,2025-07-12,196,117.84,23096.75,11859.96,11236.79,0.0,106.27,Summer,Saturday,False,False
3,SKU0003,2025-07-13,272,113.4,30843.83,16458.72,14385.11,0.0,109.72,Summer,Sunday,False,False
3,SKU0003,2025-07-14,164,126.57,20758.19,9923.64,10834.55,0.0,103.63,Summer,Monday,False,False
3,SKU0003,2025-07-15,195,113.22,22077.88,11799.45,10278.43,0.0,124.93,Summer,Tuesday,False,False
3,SKU0003,2025-07-16,373,95.52,35630.69,22570.23,13060.46,13.68,138.1,Summer,Wednesday,False,True
3,SKU0003,2025-07-17,138,121.67,16790.2,8350.38,8439.82,0.0,132.2,Summer,Thursday,False,False
3,SKU0003,2025-07-19,184,127.4,23440.95,11133.84,12307.11,0.0,104.46,Summer,Saturday,False,False
3,SKU0003,2025-07-20,254,110.94,28179.1,15369.54,12809.56,0.0,125.64,Summer,Sunday,False,False
3,SKU0003,2025-07-21,266,100.07,26619.14,16095.66,10523.48,24.36,129.59,Summer,Monday,False,True
3,SKU0003,2025-07-22,121,126.04,15250.99,7321.71,7929.28,0.0,120.31,Summer,Tuesday,False,False
3,SKU0003,2025-07-23,192,119.67,22977.11,11617.92,11359.19,0.0,114.91,Summer,Wednesday,False,False
3,SKU0003,2025-07-24,205,110.27,22605.43,12404.55,10200.88,0.0,125.65,Summer,Thursday,False,False
3,SKU0003,2025-07-25,131,128.88,16883.87,7926.81,8957.06,0.0,113.64,Summer,Friday,False,False
3,SKU0003,2025-07-26,158,129.16,20407.95,9560.58,10847.37,0.0,135.98,Summer,Saturday,False,False
3,SKU0003,2025-07-27,414,104.69,43343.49,25051.14,18292.35,12.21,111.07,Summer,Sunday,False,True
3,SKU0003,2025-07-28,143,118.23,16906.94,8652.93,8254.01,0.0,132.74,Summer,Monday,False,False
3,SKU0003,2025-07-29,233,113.02,26334.13,14098.83,12235.3,0.0,106.56,Summer,Tuesday,False,False
3,SKU0003,2025-07-30,152,117.57,17870.07,9197.52,8672.55,0.0,107.16,Summer,Wednesday,False,False
3,SKU0003,2025-07-31,162,131.18,21251.58,9802.62,11448.96,0.0,124.81,Summer,Thursday,False,False
3,SKU0003,2025-08-01,158,121.76,19237.73,9560.58,9677.15,0.0,127.53,Summer,Friday,False,False
3,SKU0003,2025-08-02,209,125.07,26139.36,12646.59,13492.77,0.0,132.55,Summer,Saturday,False,False
3,SKU0003,2025-08-03,210,111.43,23401.0,12707.1,10693.9,0.0,126.89,Summer,Sunday,False,False
3,SKU0003,2025-08-04,149,128.54,19152.56,9015.99,10136.57,0.0,105.64,Summer,Monday,False,False
3,SKU0003,2025-08-05,255,115.42,29432.18,15430.05,14002.13,12.23,114.49,Summer,Tuesday,False,True
3,SKU0003,2025-08-06,133,126.38,16808.19,8047.83,8760.36,0.0,120.24,Summer,Wednesday,False,False
3,SKU0003,2025-08-07,396,92.92,36797.57,23961.96,12835.61,24.39,106.15,Summer,Thursday,False,True
