data/sales_data.csv
product_id,sku,date,quantity,price,revenue,cost,profit,discount_percent,competitor_price,season,day_of_week,is_holiday,promotion_active
3,SKU0003,2025-08-08,172,113.32,19491.05,10407.72,9083.33,0.0,114.46,Summer,Friday,False,False
3,SKU0003,2025-08-09,183,125.7,23003.39,11073.33,11930.06,0.0,131.68,Summer,Saturday,False,False
3,SKU0003,2025-08-10,156,128.33,20019.95,9439.56,10580.39,0.0,111.79,Summer,Sunday,False,False
3,SKU0003,2025-08-11,103,120.95,12457.84,6232.53,6225.31,0.0,122.2,Summer,Monday,False,False
3,SKU0003,2025-08-12,169,118.23,19980.45,10226.19,9754.26,0.0,118.18,Summer,Tuesday,False,False
3,SKU0003,2025-08-13,215,125.7,27026.24,13009.65,14016.59,0.0,128.39,Summer,Wednesday,False,False
3,SKU0003,2025-08-14,221,108.99,24086.21,13372.71,10713.5,0.0,103.49,Summer,Thursday,False,False
3,SKU0003,2025-08-15,146,132.1,19286.04,8834.46,10451.58,0.0,105.03,Summer,Friday,False,False
3,SKU0003,2025-08-16,174,129.46,22526.25,10528.74,11997.51,0.0,132.6,Summer,Saturday,False,False
3,SKU0003,2025-08-17,227,112.41,25516.34,13735.77,11780.57,0.0,138.15,Summer,Sunday,False,False
3,SKU0003,2025-08-18,197,114.79,22613.12,11920.47,10692.65,0.0,104.9,Summer,Monday,False,False
3,SKU0003,2025-08-19,120,132.2,15864.42,7261.2,8603.22,0.0,116.57,Summer,Tuesday,False,False
3,SKU0003,2025-08-20,311,111.67,34729.66,18818.61,15911.05,15.58,126.93,Summer,Wednesday,False,True
3,SKU0003,2025-08-22,213,110.83,23606.78,12888.63,10718.15,0.0,123.53,Summer,Friday,False,False
3,SKU0003,2025-08-23,241,112.54,27122.56,14582.91,12539.65,0.0,129.86,Summer,Saturday,False,False
3,SKU0003,2025-08-24,190,125.83,23906.95,11496.9,12410.05,0.0,117.81,Summer,Sunday,False,False
3,SKU0003,2025-08-25,169,127.83,21603.43,10226.19,11377.24,0.0,113.28,Summer,Monday,False,False
3,SKU0003,2025-08-28,145,125.37,18179.29,8773.95,9405.34,0.0,122.99,Summer,Thursday,False,False
3,SKU0003,2025-08-29,150,131.17,19674.77,9076.5,10598.27,0.0,128.62,Summer,Friday,False,False
3,SKU0003,2025-08-30,278,112.71,31334.27,16821.78,14512.49,0.0,121.8,Summer,Saturday,False,False
3,SKU0003,2025-08-31,185,111.95,20710.14,11194.35,9515.79,0.0,125.34,Summer,Sunday,False,False
3,SKU0003,2025-09-01,269,113.36,30494.95,16277.19,14217.76,0.0,123.17,Fall,Monday,False,False
3,SKU0003,2025-09-02,290,128.68,37317.78,17547.9,19769.88,0.0,114.24,Fall,Tuesday,False,False
3,SKU0003,2025-09-03,284,128.94,36619.2,17184.84,19434.36,0.0,132.03,Fall,Wednesday,False,False
3,SKU0003,2025-09-04,353,113.63,40111.83,21360.03,18751.8,0.0,105.69,Fall,Thursday,False,False
3,SKU0003,2025-09-06,357,122.03,43563.32,21602.07,21961.25,0.0,124.55,Fall,Saturday,False,False
3,SKU0003,2025-09-07,487,116.4,56686.77,29468.37,27218.4,0.0,126.04,Fall,Sunday,False,False
3,SKU0003,2025-09-08,557,86.98,48447.18,33704.07,14743.11,24.65,123.33,Fall,Monday,False,True
3,SKU0003,2025-09-09,317,110.02,34877.5,19181.67,15695.83,0.0,137.12,Fall,Tuesday,False,False
3,SKU0003,2025-09-10,573,100.82,57767.47,34672.23,23095.24,14.24,109.94,Fall,Wednesday,False,True
3,SKU0003,2025-09-11,219,126.48,27699.68,13251.69,14447.99,0.0,128.38,Fall,Thursday,False,False
3,SKU0003,2025-09-12,636,93.69,59585.81,38484.36,21101.45,21.12,132.18,Fall,Friday,False,True
3,SKU0003,2025-09-13,455,123.13,56024.15,27532.05,28492.1,0.0,124.16,Fall,Saturday,False,False
3,SKU0003,2025-09-14,402,115.94,46607.9,24325.02,22282.88,0.0,119.68,Fall,Sunday,False,False
3,SKU0003,2025-09-15,369,111.18,41023.95,22328.19,18695.76,0.0,134.98,Fall,Monday,False,False
3,SKU0003,2025-09-16,241,124.75,30065.41,14582.91,15482.5,0.0,108.71,Fall,Tuesday,False,False
3,SKU0003,2025-09-17,282,121.41,34238.9,17063.82,17175.08,0.0,126.52,Fall,Wednesday,False,False
3,SKU0003,2025-09-18,310,117.18,36326.3,18758.1,17568.2,0.0,115.18,Fall,Thursday,False,False
3,SKU0003,2025-09-19,267,129.64,34612.67,16156.17,18456.5,0.0,135.2,Fall,Friday,False,False
3,SKU0003,2025-09-20,463,118.3,54773.04,28016.13,26756.91,0.0,125.03,Fall,Saturday,False,False
3,SKU0003,2025-09-21,893,90.74,81032.65,54035.43,26997.22,19.42,132.08,Fall,Sunday,False,True
3,SKU0003,2025-09-22,232,129.99,30156.88,14038.32,16118.56,0.0,138.05,Fall,Monday,False,False
3,SKU0003,2025-09-23,370,111.03,41080.29,22388.7,18691.59,0.0,114.26,Fall,Tuesday,False,False
3,SKU0003,2025-09-24,374,112.83,42197.03,22630.74,19566.29,0.0,116.06,Fall,Wednesday,False,False
3,SKU0003,2025-09-25,832,88.82,73894.58,50344.32,23550.26,21.58,120.05,Fall,Thursday,False,True
3,SKU0003,2025-09-26,344,130.14,44767.0,20815.44,23951.56,0.0,107.97,Fall,Friday,False,False
3,SKU0003,2025-09-28,339,118.62,40212.97,20512.89,19700.08,0.0,136.16,Fall,Sunday,False,False
3,SKU0003,2025-09-29,264,117.79,31097.72,15974.64,15123.08,0.0,137.43,Fall,Monday,False,False
3,SKU0003,2025-09-30,284,125.43,35622.12,17184.84,18437.28,0.0,112.41,Fall,Tuesday,False,False
3,SKU0003,2025-10-01,315,125.44,39513.15,19060.65,20452.5,0.0,126.24,Fall,Wednesday,False,False
3,SKU0003,2025-10-02,389,114.84,44674.14,23538.39,21135.75,0.0,103.16,Fall,Thursday,False,False
3,SKU0003,2025-10-03,330,115.95,38264.54,19968.3,18296.24,0.0,117.36,Fall,Friday,False,False
3,SKU0003,2025-10-04,692,98.28,68009.04,41872.92,26136.12,16.93,119.78,Fall,Saturday,False,True
3,SKU0003,2025-10-05,339,130.7,44308.88,20512.89,23795.99,0.0,105.98,Fall,Sunday,False,False
3,SKU0003,2025-10-06,240,131.12,31469.81,14522.4,16947.41,0.0,130.76,Fall,Monday,False,False
3,SKU0003,2025-10-07,433,116.87,50606.6,26200.83,24405.77,0.0,139.04,Fall,Tuesday,False,False
3,SKU0003,2025-10-08,222,125.92,27953.41,13433.22,14520.19,0.0,112.97,Fall,Wednesday,False,False
3,SKU0003,2025-10-09,673,93.47,62908.59,40723.23,22185.36,17.05,114.49,Fall,Thursday,False,True
3,SKU0003,2025-10-10,722,104.08,75143.57,43688.22,31455.35,15.7,115.99,Fall,Friday,False,True
3,SKU0003,2025-10-11,378,120.38,45502.28,22872.78,22629.5,0.0,134.38,Fall,Saturday,False,False
3,SKU0003,2025-10-12,344,125.47,43160.16,20815.44,22344.72,0.0,125.95,Fall,Sunday,False,False
3,SKU0003,2025-10-13,627,92.82,58195.11,37939.77,20255.34,16.08,128.72,Fall,Monday,False,True
3,SKU0003,2025-10-14,301,121.62,36607.54,18213.51,18394.03,0.0,112.29,Fall,Tuesday,False,False
3,SKU0003,2025-10-15,430,111.16,47796.84,26019.3,21777.54,0.0,115.28,Fall,Wednesday,False,False
3,SKU0003,2025-10-16,232,112.9,26192.88,14038.32,12154.56,0.0,118.08,Fall,Thursday,False,False
3,SKU0003,2025-10-17,362,125.59,45463.74,21904.62,23559.12,0.0,128.16,Fall,Friday,False,False
3,SKU0003,2025-10-18,277,125.69,34815.85,16761.27,18054.58,0.0,103.23,Fall,Saturday,False,False
3,SKU0003,2025-10-19,349,123.37,43056.44,21117.99,21938.45,0.0,127.12,Fall,Sunday,False,False
3,SKU0003,2025-10-20,309,116.75,36076.87,18697.59,17379.28,0.0,136.96,Fall,Monday,False,False
3,SKU0003,2025-10-21,316,126.75,40052.86,19121.16,20931.7,0.0,108.33,Fall,Tuesday,False,False
3,SKU0003,2025-10-22,266,112.49,29921.75,16095.66,13826.09,0.0,106.99,Fall,Wednesday,False,False
3,SKU0003,2025-10-23,344,118.75,40851.44,20815.44,20036.0,0.0,103.0,Fall,Thursday,False,False
3,SKU0003,2025-10-24,368,129.07,47497.06,22267.68,25229.38,0.0,119.18,Fall,Friday,False,False
4,SKU0004,2023-10-25,166,27.84,4621.79,3769.86,851.93,0.0,34.63,Fall,Wednesday,False,False
4,SKU0004,2023-10-26,206,30.56,6295.17,4678.26,1616.91,0.0,29.17,Fall,Thursday,False,False
4,SKU0004,2023-10-27,175,33.02,5778.43,3974.25,1804.18,0.0,30.98,Fall,Friday,False,False
4,SKU0004,2023-10-28,367,28.88,10600.45,8334.57,2265.88,10.24,30.3,Fall,Saturday,False,True
4,SKU0004,2023-10-29,239,31.49,7525.41,5427.69,2097.72,0.0,29.88,Fall,Sunday,False,False
4,SKU0004,2023-10-30,184,29.38,5406.84,4178.64,1228.2,0.0,30.49,Fall,Monday,False,False
4,SKU0004,2023-10-31,290,27.94,8102.2,6585.9,1516.3,0.0,29.63,Fall,Tuesday,True,False
4,SKU0004,2023-11-01,254,30.85,7837.08,5768.34,2068.74,0.0,29.2,Fall,Wednesday,False,False
4,SKU0004,2023-11-02,193,31.42,6064.42,4383.03,1681.39,0.0,28.31,Fall,Thursday,False,False
4,SKU0004,2023-11-03,216,32.85,7096.6,4905.36,2191.24,0.0,34.78,Fall,Friday,False,False
4,SKU0004,2023-11-04,201,27.88,5604.02,4564.71,1039.31,0.0,31.34,Fall,Saturday,False,False
4,SKU0004,2023-11-05,207,30.26,6263.45,4700.97,1562.48,0.0,34.16,Fall,Sunday,False,False
4,SKU0004,2023-11-07,248,29.8,7390.25,5632.08,1758.17,0.0,29.87,Fall,Tuesday,False,False
4,SKU0004,2023-11-08,218,28.44,6199.12,4950.78,1248.34,0.0,26.87,Fall,Wednesday,False,False
4,SKU0004,2023-11-09,186,32.79,6098.45,4224.06,1874.39,0.0,33.19,Fall,Thursday,False,False
4,SKU0004,2023-11-11,201,28.61,5750.24,4564.71,1185.53,0.0,33.73,Fall,Saturday,False,False
4,SKU0004,2023-11-12,257,32.33,8308.77,5836.47,2472.3,0.0,29.51,Fall,Sunday,False,False
4,SKU0004,2023-11-13,221,32.7,7227.48,5018.91,2208.57,0.0,25.88,Fall,Monday,False,False
4,SKU0004,2023-11-14,190,29.52,5608.69,4314.9,1293.79,0.0,33.19,Fall,Tuesday,False,False
4,SKU0004,2023-11-15,190,29.28,5563.45,4314.9,1248.55,0.0,34.76,Fall,Wednesday,False,False
4,SKU0004,2023-11-16,202,33.15,6695.79,4587.42,2108.37,0.0,31.59,Fall,Thursday,False,False
4,SKU0004,2023-11-17,184,32.1,5907.3,4178.64,1728.66,0.0,26.91,Fall,Friday,False,False
4,SKU0004,2023-11-18,231,33.17,7662.47,5246.01,2416.46,0.0,33.95,Fall,Saturday,False,False
4,SKU0004,2023-11-19,320,29.9,9568.29,7267.2,2301.09,0.0,33.02,Fall,Sunday,False,False
4,SKU0004,2023-11-20,192,31.08,5966.59,4360.32,1606.27,0.0,33.4,Fall,Monday,False,False
4,SKU0004,2023-11-21,194,28.83,5592.62,4405.74,1186.88,0.0,34.36,Fall,Tuesday,False,False
4,SKU0004,2023-11-22,188,27.82,5229.56,4269.48,960.08,0.0,31.45,Fall,Wednesday,False,False
4,SKU0004,2023-11-23,233,27.42,6388.97,5291.43,1097.54,0.0,34.1,Fall,Thursday,False,False
4,SKU0004,2023-11-24,396,23.32,9234.19,8993.16,241.03,21.14,29.86,Fall,Friday,True,True
4,SKU0004,2023-11-25,287,29.42,8443.76,6517.77,1925.99,0.0,33.89,Fall,Saturday,True,False
4,SKU0004,2023-11-26,289,30.49,8812.91,6563.19,2249.72,0.0,32.82,Fall,Sunday,False,False
4,SKU0004,2023-11-27,239,31.92,7628.28,5427.69,2200.59,0.0,28.24,Fall,Monday,False,False
4,SKU0004,2023-11-28,181,31.05,5620.37,4110.51,1509.86,0.0,31.0,Fall,Tuesday,False,False
4,SKU0004,2023-11-29,145,30.03,4354.71,3292.95,1061.76,0.0,26.71,Fall,Wednesday,False,False
4,SKU0004,2023-11-30,225,32.67,7350.69,5109.75,2240.94,0.0,30.23,Fall,Thursday,False,False
4,SKU0004,2023-12-01,176,32.33,5689.88,3996.96,1692.92,0.0,30.2,Winter,Friday,False,False
4,SKU0004,2023-12-02,439,20.94,9193.81,9969.69,-775.88,24.39,31.98,Winter,Saturday,False,True
4,SKU0004,2023-12-03,173,29.15,5043.14,3928.83,1114.31,0.0,33.08,Winter,Sunday,False,False
4,SKU0004,2023-12-04,238,27.31,6500.59,5404.98,1095.61,0.0,30.89,Winter,Monday,False,False
4,SKU0004,2023-12-05,171,27.44,4692.66,3883.41,809.25,0.0,34.77,Winter,Tuesday,False,False
4,SKU0004,2023-12-06,222,30.97,6875.43,5041.62,1833.81,0.0,27.18,Winter,Wednesday,False,False
4,SKU0004,2023-12-07,195,32.86,6408.36,4428.45,1979.91,0.0,26.01,Winter,Thursday,False,False
4,SKU0004,2023-12-08,254,26.62,6762.1,5768.34,993.76,12.29,26.78,Winter,Friday,False,True
4,SKU0004,2023-12-09,230,29.24,6724.18,5223.3,1500.88,0.0,32.35,Winter,Saturday,False,False
4,SKU0004,2023-12-10,272,28.87,7853.33,6177.12,1676.21,0.0,34.4,Winter,Sunday,False,False
4,SKU0004,2023-12-11,204,30.59,6240.74,4632.84,1607.9,0.0,32.51,Winter,Monday,False,False
4,SKU0004,2023-12-12,219,30.36,6648.11,4973.49,1674.62,0.0,27.49,Winter,Tuesday,False,False
4,SKU0004,2023-12-13,258,31.41,8104.51,5859.18,2245.33,0.0,28.29,Winter,Wednesday,False,False
4,SKU0004,2023-12-14,153,30.79,4710.35,3474.63,1235.72,0.0,28.57,Winter,Thursday,False,False
4,SKU0004,2023-12-15,242,33.03,7992.77,5495.82,2496.95,0.0,33.76,Winter,Friday,False,False
4,SKU0004,2023-12-16,241,31.78,7658.09,5473.11,2184.98,0.0,31.4,Winter,Saturday,False,False
4,SKU0004,2023-12-17,210,29.85,6268.9,4769.1,1499.8,0.0,29.14,Winter,Sunday,False,False
4,SKU0004,2023-12-18,167,27.64,4616.08,3792.57,823.51,0.0,26.04,Winter,Monday,False,False
4,SKU0004,2023-12-19,194,30.81,5976.38,4405.74,1570.64,0.0,33.25,Winter,Tuesday,False,False
4,SKU0004,2023-12-20,221,33.1,7314.42,5018.91,2295.51,0.0,26.01,Winter,Wednesday,False,False
4,SKU0004,2023-12-21,200,29.21,5841.23,4542.0,1299.23,0.0,28.99,Winter,Thursday,False,False
4,SKU0004,2023-12-22,366,26.36,9649.58,8311.86,1337.72,15.58,26.85,Winter,Friday,False,True
4,SKU0004,2023-12-23,197,27.32,5381.65,4473.87,907.78,0.0,29.97,Winter,Saturday,False,False
4,SKU0004,2023-12-24,234,32.69,7650.58,5314.14,2336.44,0.0,29.24,Winter,Sunday,False,False
4,SKU0004,2023-12-25,212,30.45,6454.36,4814.52,1639.84,0.0,28.26,Winter,Monday,True,False
4,SKU0004,2023-12-26,268,32.6,8737.24,6086.28,2650.96,0.0,26.42,Winter,Tuesday,True,False
4,SKU0004,2023-12-27,230,29.81,6855.41,5223.3,1632.11,0.0,28.62,Winter,Wednesday,False,False
4,SKU0004,2023-12-28,193,28.45,5490.04,4383.03,1107.01,0.0,30.27,Winter,Thursday,False,False
4,SKU0004,2023-12-29,123,29.8,3665.77,2793.33,872.44,0.0,27.29,Winter,Friday,False,False
4,SKU0004,2023-12-30,251,29.57,7422.22,5700.21,1722.01,0.0,28.33,Winter,Saturday,False,False
4,SKU0004,2023-12-31,251,32.44,8141.58,5700.21,2441.37,0.0,34.02,Winter,Sunday,False,False
4,SKU0004,2024-01-01,271,32.35,8766.58,6154.41,2612.17,0.0,33.88,Winter,Monday,True,False
4,SKU0004,2024-01-02,248,27.49,6817.25,5632.08,1185.17,0.0,26.37,Winter,Tuesday,False,False
4,SKU0004,2024-01-03,254,25.42,6455.93,5768.34,687.59,20.85,32.58,Winter,Wednesday,False,True
4,SKU0004,2024-01-04,221,30.62,6767.43,5018.91,1748.52,0.0,31.3,Winter,Thursday,False,False
4,SKU0004,2024-01-05,234,31.47,7363.92,5314.14,2049.78,0.0,33.45,Winter,Friday,False,False
4,SKU0004,2024-01-06,183,27.99,5121.67,4155.93,965.74,0.0,31.35,Winter,Saturday,False,False
4,SKU0004,2024-01-07,385,24.74,9526.66,8743.35,783.31,10.16,28.67,Winter,Sunday,False,True
4,SKU0004,2024-01-08,187,29.89,5589.52,4246.77,1342.75,0.0,27.47,Winter,Monday,False,False
4,SKU0004,2024-01-09,201,29.49,5926.67,4564.71,1361.96,0.0,34.73,Winter,Tuesday,False,False
4,SKU0004,2024-01-10,206,32.51,6696.79,4678.26,2018.53,0.0,32.87,Winter,Wednesday,False,False
4,SKU0004,2024-01-11,180,32.99,5937.82,4087.8,1850.02,0.0,28.73,Winter,Thursday,False,False
4,SKU0004,2024-01-12,177,32.17,5694.52,4019.67,1674.85,0.0,27.29,Winter,Friday,False,False
4,SKU0004,2024-01-13,244,30.04,7330.24,5541.24,1789.0,0.0,33.57,Winter,Saturday,False,False
4,SKU0004,2024-01-14,196,32.63,6395.19,4451.16,1944.03,0.0,29.49,Winter,Sunday,False,False
4,SKU0004,2024-01-15,174,27.99,4870.8,3951.54,919.26,0.0,30.99,Winter,Monday,False,False
4,SKU0004,2024-01-16,214,33.16,7097.26,4859.94,2237.32,0.0,32.38,Winter,Tuesday,False,False
4,SKU0004,2024-01-17,170,28.85,4904.44,3860.7,1043.74,0.0,26.49,Winter,Wednesday,False,False
4,SKU0004,2024-01-18,215,32.54,6995.69,4882.65,2113.04,0.0,32.42,Winter,Thursday,False,False
4,SKU0004,2024-01-19,223,27.72,6182.56,5064.33,1118.23,0.0,26.29,Winter,Friday,False,False
4,SKU0004,2024-01-20,284,22.2,6304.29,6449.64,-145.35,22.28,26.69,Winter,Saturday,False,True
4,SKU0004,2024-01-21,216,30.83,6658.89,4905.36,1753.53,0.0,33.54,Winter,Sunday,False,False
4,SKU0004,2024-01-22,241,29.14,7022.84,5473.11,1549.73,0.0,27.14,Winter,Monday,False,False
4,SKU0004,2024-01-23,166,32.79,5442.8,3769.86,1672.94,0.0,29.04,Winter,Tuesday,False,False
4,SKU0004,2024-01-24,182,32.51,5916.41,4133.22,1783.19,0.0,32.82,Winter,Wednesday,False,False
4,SKU0004,2024-01-25,219,28.93,6336.68,4973.49,1363.19,0.0,28.53,Winter,Thursday,False,False
4,SKU0004,2024-01-26,223,31.18,6952.83,5064.33,1888.5,0.0,33.7,Winter,Friday,False,False
4,SKU0004,2024-01-27,238,28.71,6832.71,5404.98,1427.73,0.0,27.44,Winter,Saturday,False,False
4,SKU0004,2024-01-28,327,26.01,8505.89,7426.17,1079.72,16.79,34.16,Winter,Sunday,False,True
4,SKU0004,2024-01-29,363,26.2,9511.97,8243.73,1268.24,12.26,30.35,Winter,Monday,False,True
4,SKU0004,2024-01-30,381,25.59,9749.2,8652.51,1096.69,11.47,32.39,Winter,Tuesday,False,True
4,SKU0004,2024-01-31,235,29.03,6822.64,5336.85,1485.79,0.0,31.13,Winter,Wednesday,False,False
4,SKU0004,2024-02-01,204,30.24,6169.23,4632.84,1536.39,0.0,31.93,Winter,Thursday,False,False
4,SKU0004,2024-02-02,171,33.06,5653.18,3883.41,1769.77,0.0,26.22,Winter,Friday,False,False
4,SKU0004,2024-02-03,316,25.69,8118.83,7176.36,942.47,10.99,27.8,Winter,Saturday,False,True
4,SKU0004,2024-02-04,257,31.59,8117.87,5836.47,2281.4,0.0,26.66,Winter,Sunday,False,False
4,SKU0004,2024-02-05,208,32.58,6776.31,4723.68,2052.63,0.0,27.61,Winter,Monday,False,False
4,SKU0004,2024-02-06,247,29.36,7251.24,5609.37,1641.87,0.0,31.15,Winter,Tuesday,False,False
4,SKU0004,2024-02-07,229,27.82,6371.41,5200.59,1170.82,0.0,32.1,Winter,Wednesday,False,False
4,SKU0004,2024-02-08,158,29.1,4597.96,3588.18,1009.78,0.0,27.91,Winter,Thursday,False,False
4,SKU0004,2024-02-09,242,27.67,6696.77,5495.82,1200.95,0.0,33.91,Winter,Friday,False,False
4,SKU0004,2024-02-10,214,27.33,5848.43,4859.94,988.49,0.0,28.77,Winter,Saturday,False,False
4,SKU0004,2024-02-11,232,28.85,6693.15,5268.72,1424.43,0.0,31.91,Winter,Sunday,False,False
4,SKU0004,2024-02-12,207,30.85,6385.8,4700.97,1684.83,0.0,31.04,Winter,Monday,False,False
4,SKU0004,2024-02-13,267,28.75,7676.5,6063.57,1612.93,0.0,33.18,Winter,Tuesday,False,False
4,SKU0004,2024-02-14,371,33.25,12335.73,8425.41,3910.32,0.0,30.51,Winter,Wednesday,True,False
4,SKU0004,2024-02-15,226,28.14,6359.57,5132.46,1227.11,0.0,28.51,Winter,Thursday,False,False
4,SKU0004,2024-02-16,197,29.99,5908.63,4473.87,1434.76,0.0,34.73,Winter,Friday,False,False
4,SKU0004,2024-02-17,262,30.2,7911.93,5950.02,1961.91,0.0,25.86,Winter,Saturday,False,False
4,SKU0004,2024-02-18,270,31.55,8519.23,6131.7,2387.53,0.0,32.77,Winter,Sunday,False,False
4,SKU0004,2024-02-19,186,32.72,6085.09,4224.06,1861.03,0.0,26.76,Winter,Monday,False,False
4,SKU0004,2024-02-21,203,32.44,6584.82,4610.13,1974.69,0.0,27.02,Winter,Wednesday,False,False
4,SKU0004,2024-02-22,221,28.73,6349.75,5018.91,1330.84,0.0,34.58,Winter,Thursday,False,False
4,SKU0004,2024-02-23,217,31.76,6891.89,4928.07,1963.82,0.0,34.41,Winter,Friday,False,False
