data/sales_data.csv
product_id,sku,date,quantity,price,revenue,cost,profit,discount_percent,competitor_price,season,day_of_week,is_holiday,promotion_active
4,SKU0004,2024-02-24,248,33.1,8208.5,5632.08,2576.42,0.0,31.9,Winter,Saturday,False,False
4,SKU0004,2024-02-25,273,29.97,8182.57,6199.83,1982.74,0.0,30.52,Winter,Sunday,False,False
4,SKU0004,2024-02-26,180,31.36,5645.6,4087.8,1557.8,0.0,29.29,Winter,Monday,False,False
4,SKU0004,2024-02-27,178,33.27,5922.3,4042.38,1879.92,0.0,26.11,Winter,Tuesday,False,False
4,SKU0004,2024-02-28,170,29.33,4986.25,3860.7,1125.55,0.0,29.68,Winter,Wednesday,False,False
4,SKU0004,2024-02-29,207,33.12,6854.83,4700.97,2153.86,0.0,28.36,Winter,Thursday,False,False
4,SKU0004,2024-03-01,225,30.27,6811.54,5109.75,1701.79,0.0,29.97,Spring,Friday,False,False
4,SKU0004,2024-03-02,250,33.11,8276.54,5677.5,2599.04,0.0,31.77,Spring,Saturday,False,False
4,SKU0004,2024-03-03,308,29.0,8931.29,6994.68,1936.61,0.0,25.88,Spring,Sunday,False,False
4,SKU0004,2024-03-04,312,23.49,7329.67,7085.52,244.15,18.9,28.52,Spring,Monday,False,True
4,SKU0004,2024-03-06,170,29.37,4993.4,3860.7,1132.7,0.0,33.54,Spring,Wednesday,False,False
4,SKU0004,2024-03-07,186,31.91,5934.96,4224.06,1710.9,0.0,26.52,Spring,Thursday,False,False
4,SKU0004,2024-03-08,214,33.28,7122.62,4859.94,2262.68,0.0,31.05,Spring,Friday,False,False
4,SKU0004,2024-03-09,421,23.69,9974.05,9560.91,413.14,17.1,33.11,Spring,Saturday,False,True
4,SKU0004,2024-03-10,233,29.81,6945.97,5291.43,1654.54,0.0,26.63,Spring,Sunday,False,False
4,SKU0004,2024-03-11,202,29.08,5874.37,4587.42,1286.95,0.0,30.86,Spring,Monday,False,False
4,SKU0004,2024-03-12,158,29.2,4614.38,3588.18,1026.2,0.0,31.95,Spring,Tuesday,False,False
4,SKU0004,2024-03-13,196,28.07,5502.45,4451.16,1051.29,0.0,28.47,Spring,Wednesday,False,False
4,SKU0004,2024-03-14,347,24.72,8579.05,7880.37,698.68,19.42,29.15,Spring,Thursday,False,True
4,SKU0004,2024-03-15,220,29.9,6577.52,4996.2,1581.32,0.0,29.75,Spring,Friday,False,False
4,SKU0004,2024-03-16,252,32.91,8294.24,5722.92,2571.32,0.0,29.99,Spring,Saturday,False,False
4,SKU0004,2024-03-17,245,29.8,7300.65,5563.95,1736.7,0.0,25.99,Spring,Sunday,False,False
4,SKU0004,2024-03-18,195,33.05,6444.86,4428.45,2016.41,0.0,32.6,Spring,Monday,False,False
4,SKU0004,2024-03-19,184,29.08,5351.32,4178.64,1172.68,0.0,30.39,Spring,Tuesday,False,False
4,SKU0004,2024-03-20,222,30.54,6780.33,5041.62,1738.71,0.0,28.4,Spring,Wednesday,False,False
4,SKU0004,2024-03-21,216,29.63,6400.07,4905.36,1494.71,0.0,25.79,Spring,Thursday,False,False
4,SKU0004,2024-03-22,210,32.55,6835.6,4769.1,2066.5,0.0,26.23,Spring,Friday,False,False
4,SKU0004,2024-03-23,332,25.9,8599.98,7539.72,1060.26,19.75,26.62,Spring,Saturday,False,True
4,SKU0004,2024-03-24,164,30.17,4947.51,3724.44,1223.07,0.0,26.29,Spring,Sunday,False,False
4,SKU0004,2024-03-25,232,31.34,7270.01,5268.72,2001.29,0.0,26.22,Spring,Monday,False,False
4,SKU0004,2024-03-26,192,28.12,5400.0,4360.32,1039.68,0.0,30.24,Spring,Tuesday,False,False
4,SKU0004,2024-03-27,173,31.34,5422.5,3928.83,1493.67,0.0,28.47,Spring,Wednesday,False,False
4,SKU0004,2024-03-29,187,31.42,5875.01,4246.77,1628.24,0.0,25.74,Spring,Friday,False,False
4,SKU0004,2024-03-30,289,27.98,8087.66,6563.19,1524.47,0.0,27.59,Spring,Saturday,False,False
4,SKU0004,2024-03-31,258,32.29,8332.11,5859.18,2472.93,0.0,26.24,Spring,Sunday,False,False
4,SKU0004,2024-04-01,224,29.7,6653.25,5087.04,1566.21,0.0,33.19,Spring,Monday,False,False
4,SKU0004,2024-04-02,159,30.56,4859.51,3610.89,1248.62,0.0,31.93,Spring,Tuesday,False,False
4,SKU0004,2024-04-03,236,30.99,7313.52,5359.56,1953.96,0.0,31.52,Spring,Wednesday,False,False
4,SKU0004,2024-04-04,204,32.21,6570.66,4632.84,1937.82,0.0,27.29,Spring,Thursday,False,False
4,SKU0004,2024-04-05,190,30.56,5806.91,4314.9,1492.01,0.0,28.37,Spring,Friday,False,False
4,SKU0004,2024-04-06,239,33.06,7901.4,5427.69,2473.71,0.0,31.8,Spring,Saturday,False,False
4,SKU0004,2024-04-07,175,31.48,5508.47,3974.25,1534.22,0.0,29.53,Spring,Sunday,False,False
4,SKU0004,2024-04-08,222,27.42,6087.55,5041.62,1045.93,0.0,30.86,Spring,Monday,False,False
4,SKU0004,2024-04-09,264,23.36,6167.69,5995.44,172.25,19.68,31.37,Spring,Tuesday,False,True
4,SKU0004,2024-04-10,244,24.74,6036.95,5541.24,495.71,24.44,32.31,Spring,Wednesday,False,True
4,SKU0004,2024-04-11,150,33.2,4979.63,3406.5,1573.13,0.0,33.51,Spring,Thursday,False,False
4,SKU0004,2024-04-12,238,29.36,6988.76,5404.98,1583.78,0.0,29.29,Spring,Friday,False,False
4,SKU0004,2024-04-13,324,26.45,8571.03,7358.04,1212.99,15.28,28.82,Spring,Saturday,False,True
4,SKU0004,2024-04-14,291,32.02,9316.72,6608.61,2708.11,0.0,32.67,Spring,Sunday,False,False
4,SKU0004,2024-04-15,187,29.64,5542.24,4246.77,1295.47,0.0,31.6,Spring,Monday,False,False
4,SKU0004,2024-04-16,150,30.11,4516.34,3406.5,1109.84,0.0,30.97,Spring,Tuesday,False,False
4,SKU0004,2024-04-17,164,31.95,5239.44,3724.44,1515.0,0.0,26.91,Spring,Wednesday,False,False
4,SKU0004,2024-04-18,231,33.04,7631.47,5246.01,2385.46,0.0,31.35,Spring,Thursday,False,False
4,SKU0004,2024-04-19,204,27.52,5614.91,4632.84,982.07,0.0,27.18,Spring,Friday,False,False
4,SKU0004,2024-04-20,358,21.2,7588.4,8130.18,-541.78,24.01,32.64,Spring,Saturday,False,True
4,SKU0004,2024-04-21,242,32.15,7779.96,5495.82,2284.14,0.0,27.89,Spring,Sunday,False,False
4,SKU0004,2024-04-22,223,28.31,6312.18,5064.33,1247.85,0.0,32.6,Spring,Monday,False,False
4,SKU0004,2024-04-23,244,27.64,6744.61,5541.24,1203.37,0.0,26.78,Spring,Tuesday,False,False
4,SKU0004,2024-04-24,254,27.69,7034.12,5768.34,1265.78,0.0,31.25,Spring,Wednesday,False,False
4,SKU0004,2024-04-25,185,32.85,6076.33,4201.35,1874.98,0.0,32.09,Spring,Thursday,False,False
4,SKU0004,2024-04-26,155,33.24,5152.29,3520.05,1632.24,0.0,27.55,Spring,Friday,False,False
4,SKU0004,2024-04-27,228,29.9,6817.56,5177.88,1639.68,0.0,27.57,Spring,Saturday,False,False
4,SKU0004,2024-04-28,245,32.18,7884.25,5563.95,2320.3,0.0,27.48,Spring,Sunday,False,False
4,SKU0004,2024-04-29,171,31.06,5311.59,3883.41,1428.18,0.0,27.59,Spring,Monday,False,False
4,SKU0004,2024-04-30,167,32.66,5454.52,3792.57,1661.95,0.0,29.44,Spring,Tuesday,False,False
4,SKU0004,2024-05-01,220,27.69,6091.32,4996.2,1095.12,0.0,32.37,Spring,Wednesday,False,False
4,SKU0004,2024-05-02,198,31.14,6165.99,4496.58,1669.41,0.0,33.3,Spring,Thursday,False,False
4,SKU0004,2024-05-03,203,30.12,6114.55,4610.13,1504.42,0.0,31.36,Spring,Friday,False,False
4,SKU0004,2024-05-04,221,28.09,6207.22,5018.91,1188.31,0.0,29.62,Spring,Saturday,False,False
4,SKU0004,2024-05-05,242,27.68,6698.84,5495.82,1203.02,0.0,32.85,Spring,Sunday,False,False
4,SKU0004,2024-05-06,179,27.97,5005.94,4065.09,940.85,0.0,31.2,Spring,Monday,False,False
4,SKU0004,2024-05-07,234,28.61,6694.43,5314.14,1380.29,0.0,34.12,Spring,Tuesday,False,False
4,SKU0004,2024-05-08,229,31.51,7216.02,5200.59,2015.43,0.0,33.65,Spring,Wednesday,False,False
4,SKU0004,2024-05-09,151,27.7,4183.43,3429.21,754.22,0.0,33.49,Spring,Thursday,False,False
4,SKU0004,2024-05-10,173,30.28,5238.49,3928.83,1309.66,0.0,26.25,Spring,Friday,False,False
4,SKU0004,2024-05-11,194,27.92,5417.15,4405.74,1011.41,0.0,34.07,Spring,Saturday,False,False
4,SKU0004,2024-05-12,227,27.43,6227.42,5155.17,1072.25,0.0,28.11,Spring,Sunday,False,False
4,SKU0004,2024-05-13,195,31.88,6217.23,4428.45,1788.78,0.0,30.71,Spring,Monday,False,False
4,SKU0004,2024-05-14,153,32.85,5025.87,3474.63,1551.24,0.0,33.72,Spring,Tuesday,False,False
4,SKU0004,2024-05-15,180,27.69,4984.84,4087.8,897.04,0.0,33.95,Spring,Wednesday,False,False
4,SKU0004,2024-05-17,201,33.0,6633.93,4564.71,2069.22,0.0,31.3,Spring,Friday,False,False
4,SKU0004,2024-05-18,380,23.19,8811.67,8629.8,181.87,24.2,26.12,Spring,Saturday,False,True
4,SKU0004,2024-05-19,329,24.34,8006.26,7471.59,534.67,19.76,28.49,Spring,Sunday,False,True
4,SKU0004,2024-05-21,280,24.86,6959.8,6358.8,601.0,22.17,33.55,Spring,Tuesday,False,True
4,SKU0004,2024-05-22,190,31.72,6026.96,4314.9,1712.06,0.0,26.21,Spring,Wednesday,False,False
4,SKU0004,2024-05-23,248,31.46,7802.97,5632.08,2170.89,0.0,29.62,Spring,Thursday,False,False
4,SKU0004,2024-05-24,243,29.9,7266.73,5518.53,1748.2,0.0,34.66,Spring,Friday,False,False
4,SKU0004,2024-05-25,200,28.42,5684.94,4542.0,1142.94,0.0,26.26,Spring,Saturday,False,False
4,SKU0004,2024-05-26,270,30.82,8320.5,6131.7,2188.8,0.0,32.53,Spring,Sunday,False,False
4,SKU0004,2024-05-27,221,32.06,7084.27,5018.91,2065.36,0.0,34.74,Spring,Monday,False,False
4,SKU0004,2024-05-28,254,24.6,6247.62,5768.34,479.28,22.19,26.89,Spring,Tuesday,False,True
4,SKU0004,2024-05-29,235,27.52,6466.44,5336.85,1129.59,0.0,31.69,Spring,Wednesday,False,False
4,SKU0004,2024-05-30,252,29.02,7313.76,5722.92,1590.84,0.0,30.09,Spring,Thursday,False,False
4,SKU0004,2024-05-31,173,27.72,4795.06,3928.83,866.23,0.0,30.68,Spring,Friday,False,False
4,SKU0004,2024-06-01,225,31.7,7133.51,5109.75,2023.76,0.0,34.05,Summer,Saturday,False,False
4,SKU0004,2024-06-02,302,31.57,9534.36,6858.42,2675.94,0.0,32.83,Summer,Sunday,False,False
4,SKU0004,2024-06-03,228,31.21,7115.99,5177.88,1938.11,0.0,28.17,Summer,Monday,False,False
4,SKU0004,2024-06-04,240,30.3,7272.21,5450.4,1821.81,0.0,33.92,Summer,Tuesday,False,False
4,SKU0004,2024-06-05,231,31.02,7165.17,5246.01,1919.16,0.0,27.59,Summer,Wednesday,False,False
4,SKU0004,2024-06-06,226,33.16,7494.68,5132.46,2362.22,0.0,32.48,Summer,Thursday,False,False
4,SKU0004,2024-06-07,179,29.51,5281.79,4065.09,1216.7,0.0,27.03,Summer,Friday,False,False
4,SKU0004,2024-06-08,303,31.48,9538.79,6881.13,2657.66,0.0,29.86,Summer,Saturday,False,False
4,SKU0004,2024-06-10,216,29.58,6388.97,4905.36,1483.61,0.0,26.51,Summer,Monday,False,False
4,SKU0004,2024-06-11,218,30.94,6745.93,4950.78,1795.15,0.0,33.58,Summer,Tuesday,False,False
4,SKU0004,2024-06-12,177,27.52,4871.21,4019.67,851.54,0.0,27.41,Summer,Wednesday,False,False
4,SKU0004,2024-06-13,248,27.57,6836.98,5632.08,1204.9,0.0,30.66,Summer,Thursday,False,False
4,SKU0004,2024-06-14,250,27.41,6852.35,5677.5,1174.85,0.0,33.85,Summer,Friday,False,False
4,SKU0004,2024-06-15,256,32.75,8383.36,5813.76,2569.6,0.0,31.11,Summer,Saturday,False,False
4,SKU0004,2024-06-16,315,29.32,9234.78,7153.65,2081.13,0.0,29.68,Summer,Sunday,False,False
4,SKU0004,2024-06-17,207,31.67,6555.32,4700.97,1854.35,0.0,26.26,Summer,Monday,False,False
4,SKU0004,2024-06-18,243,29.6,7193.38,5518.53,1674.85,0.0,31.9,Summer,Tuesday,False,False
4,SKU0004,2024-06-19,182,32.93,5993.69,4133.22,1860.47,0.0,30.94,Summer,Wednesday,False,False
4,SKU0004,2024-06-20,221,30.39,6717.19,5018.91,1698.28,0.0,29.2,Summer,Thursday,False,False
4,SKU0004,2024-06-21,209,32.85,6866.02,4746.39,2119.63,0.0,25.88,Summer,Friday,False,False
4,SKU0004,2024-06-22,266,33.01,8780.94,6040.86,2740.08,0.0,28.01,Summer,Saturday,False,False
4,SKU0004,2024-06-23,255,29.3,7470.5,5791.05,1679.45,0.0,31.33,Summer,Sunday,False,False
4,SKU0004,2024-06-24,215,31.24,6717.52,4882.65,1834.87,0.0,33.1,Summer,Monday,False,False
4,SKU0004,2024-06-25,257,28.0,7197.23,5836.47,1360.76,0.0,28.65,Summer,Tuesday,False,False
4,SKU0004,2024-06-26,213,28.33,6035.29,4837.23,1198.06,0.0,29.73,Summer,Wednesday,False,False
4,SKU0004,2024-06-27,162,33.1,5362.43,3679.02,1683.41,0.0,33.41,Summer,Thursday,False,False
4,SKU0004,2024-06-28,290,27.61,8005.97,6585.9,1420.07,0.0,28.25,Summer,Friday,False,False
4,SKU0004,2024-06-29,326,29.15,9504.12,7403.46,2100.66,0.0,27.37,Summer,Saturday,False,False
4,SKU0004,2024-06-30,218,28.92,6305.5,4950.78,1354.72,0.0,26.89,Summer,Sunday,False,False
4,SKU0004,2024-07-01,252,28.14,7091.69,5722.92,1368.77,0.0,26.19,Summer,Monday,False,False
4,SKU0004,2024-07-02,213,27.49,5854.34,4837.23,1017.11,0.0,33.56,Summer,Tuesday,False,False
4,SKU0004,2024-07-03,239,27.51,6573.95,5427.69,1146.26,0.0,26.29,Summer,Wednesday,False,False
4,SKU0004,2024-07-04,307,28.82,8848.0,6971.97,1876.03,0.0,31.9,Summer,Thursday,True,False
4,SKU0004,2024-07-05,216,29.39,6348.63,4905.36,1443.27,0.0,31.19,Summer,Friday,False,False
4,SKU0004,2024-07-06,243,27.72,6736.25,5518.53,1217.72,0.0,30.38,Summer,Saturday,False,False
4,SKU0004,2024-07-07,242,29.22,7072.44,5495.82,1576.62,0.0,33.21,Summer,Sunday,False,False
4,SKU0004,2024-07-08,189,31.14,5885.32,4292.19,1593.13,0.0,27.04,Summer,Monday,False,False
4,SKU0004,2024-07-09,190,32.03,6084.77,4314.9,1769.87,0.0,29.45,Summer,Tuesday,False,False
4,SKU0004,2024-07-10,220,30.1,6622.54,4996.2,1626.34,0.0,31.39,Summer,Wednesday,False,False
4,SKU0004,2024-07-11,205,27.52,5642.04,4655.55,986.49,0.0,34.02,Summer,Thursday,False,False
4,SKU0004,2024-07-12,375,24.1,9036.07,8516.25,519.82,22.12,32.83,Summer,Friday,False,True
4,SKU0004,2024-07-13,323,30.77,9939.83,7335.33,2604.5,0.0,27.69,Summer,Saturday,False,False
4,SKU0004,2024-07-14,253,27.45,6944.7,5745.63,1199.07,0.0,29.2,Summer,Sunday,False,False
4,SKU0004,2024-07-15,238,27.73,6599.04,5404.98,1194.06,0.0,34.24,Summer,Monday,False,False
4,SKU0004,2024-07-16,238,30.3,7211.68,5404.98,1806.7,0.0,30.72,Summer,Tuesday,False,False
4,SKU0004,2024-07-17,233,31.69,7384.08,5291.43,2092.65,0.0,30.53,Summer,Wednesday,False,False
4,SKU0004,2024-07-18,340,24.73,8408.99,7721.4,687.59,17.87,28.18,Summer,Thursday,False,True
4,SKU0004,2024-07-19,251,29.03,7285.73,5700.21,1585.52,0.0,27.95,Summer,Friday,False,False
4,SKU0004,2024-07-20,289,29.44,8509.33,6563.19,1946.14,0.0,32.53,Summer,Saturday,False,False
4,SKU0004,2024-07-21,221,28.71,6345.3,5018.91,1326.39,0.0,33.73,Summer,Sunday,False,False
4,SKU0004,2024-07-22,254,29.38,7463.44,5768.34,1695.1,0.0,34.05,Summer,Monday,False,False
4,SKU0004,2024-07-23,249,30.92,7698.38,5654.79,2043.59,0.0,29.54,Summer,Tuesday,False,False
4,SKU0004,2024-07-24,191,32.26,6161.47,4337.61,1823.86,0.0,30.62,Summer,Wednesday,False,False
4,SKU0004,2024-07-25,225,29.72,6687.12,5109.75,1577.37,0.0,26.99,Summer,Thursday,False,False
4,SKU0004,2024-07-26,249,28.99,7218.35,5654.79,1563.56,0.0,26.48,Summer,Friday,False,False
4,SKU0004,2024-07-27,248,33.21,8235.22,5632.08,2603.14,0.0,31.48,Summer,Saturday,False,False
4,SKU0004,2024-07-28,300,32.7,9810.49,6813.0,2997.49,0.0,25.88,Summer,Sunday,False,False
4,SKU0004,2024-07-29,306,28.85,8827.18,6949.26,1877.92,0.0,34.19,Summer,Monday,False,False
4,SKU0004,2024-07-31,173,31.43,5437.55,3928.83,1508.72,0.0,26.94,Summer,Wednesday,False,False
4,SKU0004,2024-08-01,225,32.82,7383.42,5109.75,2273.67,0.0,28.96,Summer,Thursday,False,False
4,SKU0004,2024-08-02,245,30.62,7503.08,5563.95,1939.13,0.0,26.82,Summer,Friday,False,False
4,SKU0004,2024-08-03,249,32.69,8140.42,5654.79,2485.63,0.0,31.34,Summer,Saturday,False,False
4,SKU0004,2024-08-04,337,27.53,9276.25,7653.27,1622.98,0.0,28.96,Summer,Sunday,False,False
4,SKU0004,2024-08-05,178,29.73,5291.61,4042.38,1249.23,0.0,33.32,Summer,Monday,False,False
4,SKU0004,2024-08-06,245,30.14,7384.63,5563.95,1820.68,0.0,27.4,Summer,Tuesday,False,False
4,SKU0004,2024-08-07,195,32.8,6396.27,4428.45,1967.82,0.0,26.5,Summer,Wednesday,False,False
4,SKU0004,2024-08-08,277,30.85,8544.5,6290.67,2253.83,0.0,31.64,Summer,Thursday,False,False
4,SKU0004,2024-08-09,289,29.91,8643.44,6563.19,2080.25,0.0,31.08,Summer,Friday,False,False
4,SKU0004,2024-08-10,243,27.84,6764.83,5518.53,1246.3,0.0,28.84,Summer,Saturday,False,False
4,SKU0004,2024-08-11,237,32.69,7746.6,5382.27,2364.33,0.0,33.41,Summer,Sunday,False,False
4,SKU0004,2024-08-12,254,29.21,7418.55,5768.34,1650.21,0.0,27.36,Summer,Monday,False,False
4,SKU0004,2024-08-13,204,32.18,6565.03,4632.84,1932.19,0.0,34.72,Summer,Tuesday,False,False
4,SKU0004,2024-08-14,220,30.4,6687.09,4996.2,1690.89,0.0,31.33,Summer,Wednesday,False,False
4,SKU0004,2024-08-15,333,25.56,8512.73,7562.43,950.3,11.78,29.73,Summer,Thursday,False,True
4,SKU0004,2024-08-16,160,29.0,4639.84,3633.6,1006.24,0.0,34.72,Summer,Friday,False,False
4,SKU0004,2024-08-17,257,32.85,8442.67,5836.47,2606.2,0.0,27.02,Summer,Saturday,False,False
4,SKU0004,2024-08-18,232,32.33,7500.96,5268.72,2232.24,0.0,25.99,Summer,Sunday,False,False
4,SKU0004,2024-08-19,198,33.06,6546.85,4496.58,2050.27,0.0,33.0,Summer,Monday,False,False
4,SKU0004,2024-08-20,385,28.94,11141.68,8743.35,2398.33,10.39,34.29,Summer,Tuesday,False,True
4,SKU0004,2024-08-21,177,31.69,5608.34,4019.67,1588.67,0.0,33.29,Summer,Wednesday,False,False
4,SKU0004,2024-08-22,257,27.92,7174.37,5836.47,1337.9,0.0,33.41,Summer,Thursday,False,False
4,SKU0004,2024-08-23,213,29.87,6362.27,4837.23,1525.04,0.0,33.59,Summer,Friday,False,False
4,SKU0004,2024-08-24,250,31.68,7920.69,5677.5,2243.19,0.0,28.95,Summer,Saturday,False,False
4,SKU0004,2024-08-25,447,25.35,11332.89,10151.37,1181.52,20.91,30.34,Summer,Sunday,False,True
4,SKU0004,2024-08-26,231,31.07,7177.41,5246.01,1931.4,0.0,32.8,Summer,Monday,False,False
4,SKU0004,2024-08-27,244,29.16,7114.67,5541.24,1573.43,0.0,29.67,Summer,Tuesday,False,False
4,SKU0004,2024-08-28,248,32.06,7951.29,5632.08,2319.21,0.0,33.38,Summer,Wednesday,False,False
4,SKU0004,2024-08-30,210,27.3,5733.06,4769.1,963.96,0.0,29.16,Summer,Friday,False,False
4,SKU0004,2024-08-31,220,31.33,6892.55,4996.2,1896.35,0.0,27.11,Summer,Saturday,False,False
4,SKU0004,2024-09-01,208,31.69,6592.44,4723.68,1868.76,0.0,27.54,Fall,Sunday,False,False
4,SKU0004,2024-09-02,281,33.01,9275.88,6381.51,2894.37,0.0,32.55,Fall,Monday,False,False
4,SKU0004,2024-09-03,376,22.58,8489.86,8538.96,-49.1,18.37,27.36,Fall,Tuesday,False,True
4,SKU0004,2024-09-04,164,28.85,4730.61,3724.44,1006.17,0.0,31.04,Fall,Wednesday,False,False
4,SKU0004,2024-09-05,162,30.18,4889.89,3679.02,1210.87,0.0,27.37,Fall,Thursday,False,False
4,SKU0004,2024-09-06,221,28.66,6333.05,5018.91,1314.14,0.0,30.14,Fall,Friday,False,False
4,SKU0004,2024-09-07,264,29.63,7821.59,5995.44,1826.15,0.0,30.11,Fall,Saturday,False,False
4,SKU0004,2024-09-08,420,21.45,9008.33,9538.2,-529.87,23.21,28.35,Fall,Sunday,False,True
4,SKU0004,2024-09-09,196,29.22,5727.63,4451.16,1276.47,0.0,26.79,Fall,Monday,False,False
4,SKU0004,2024-09-10,201,29.18,5865.84,4564.71,1301.13,0.0,32.07,Fall,Tuesday,False,False
4,SKU0004,2024-09-11,207,31.94,6611.05,4700.97,1910.08,0.0,33.05,Fall,Wednesday,False,False
4,SKU0004,2024-09-12,205,29.75,6098.15,4655.55,1442.6,0.0,28.38,Fall,Thursday,False,False
