data/sales_data.csv
product_id,sku,date,quantity,price,revenue,cost,profit,discount_percent,competitor_price,season,day_of_week,is_holiday,promotion_active
4,SKU0004,2024-09-13,130,32.64,4243.29,2952.3,1290.99,0.0,26.29,Fall,Friday,False,False
4,SKU0004,2024-09-14,238,28.84,6863.03,5404.98,1458.05,0.0,29.29,Fall,Saturday,False,False
4,SKU0004,2024-09-15,213,29.67,6318.94,4837.23,1481.71,0.0,28.18,Fall,Sunday,False,False
4,SKU0004,2024-09-16,209,29.31,6125.81,4746.39,1379.42,0.0,28.54,Fall,Monday,False,False
4,SKU0004,2024-09-17,290,30.72,8908.54,6585.9,2322.64,0.0,27.61,Fall,Tuesday,False,False
4,SKU0004,2024-09-18,205,32.99,6763.43,4655.55,2107.88,0.0,28.73,Fall,Wednesday,False,False
4,SKU0004,2024-09-19,200,27.37,5474.53,4542.0,932.53,0.0,33.03,Fall,Thursday,False,False
4,SKU0004,2024-09-20,352,24.05,8467.31,7993.92,473.39,23.68,30.76,Fall,Friday,False,True
4,SKU0004,2024-09-21,259,30.39,7871.77,5881.89,1989.88,0.0,27.54,Fall,Saturday,False,False
4,SKU0004,2024-09-22,256,30.5,7807.03,5813.76,1993.27,0.0,27.82,Fall,Sunday,False,False
4,SKU0004,2024-09-23,213,32.77,6979.35,4837.23,2142.12,0.0,27.7,Fall,Monday,False,False
4,SKU0004,2024-09-25,238,29.15,6936.62,5404.98,1531.64,11.54,30.14,Fall,Wednesday,False,True
4,SKU0004,2024-09-26,219,29.08,6368.01,4973.49,1394.52,0.0,32.75,Fall,Thursday,False,False
4,SKU0004,2024-09-27,177,28.9,5115.66,4019.67,1095.99,0.0,32.86,Fall,Friday,False,False
4,SKU0004,2024-09-28,270,28.05,7572.56,6131.7,1440.86,0.0,28.19,Fall,Saturday,False,False
4,SKU0004,2024-09-29,332,21.93,7280.5,7539.72,-259.22,20.83,29.51,Fall,Sunday,False,True
4,SKU0004,2024-09-30,280,26.12,7314.5,6358.8,955.7,19.07,32.42,Fall,Monday,False,True
4,SKU0004,2024-10-01,197,28.43,5600.43,4473.87,1126.56,0.0,28.57,Fall,Tuesday,False,False
4,SKU0004,2024-10-03,235,28.48,6692.65,5336.85,1355.8,0.0,31.7,Fall,Thursday,False,False
4,SKU0004,2024-10-04,167,29.02,4845.63,3792.57,1053.06,0.0,34.52,Fall,Friday,False,False
4,SKU0004,2024-10-05,244,30.18,7363.72,5541.24,1822.48,0.0,30.58,Fall,Saturday,False,False
4,SKU0004,2024-10-06,225,27.36,6155.15,5109.75,1045.4,0.0,29.31,Fall,Sunday,False,False
4,SKU0004,2024-10-07,163,30.56,4981.62,3701.73,1279.89,0.0,27.77,Fall,Monday,False,False
4,SKU0004,2024-10-08,196,29.66,5813.04,4451.16,1361.88,0.0,29.1,Fall,Tuesday,False,False
4,SKU0004,2024-10-09,190,31.14,5917.53,4314.9,1602.63,0.0,33.09,Fall,Wednesday,False,False
4,SKU0004,2024-10-10,284,27.83,7903.63,6449.64,1453.99,0.0,33.59,Fall,Thursday,False,False
4,SKU0004,2024-10-11,219,28.77,6299.71,4973.49,1326.22,0.0,31.34,Fall,Friday,False,False
4,SKU0004,2024-10-12,188,31.63,5946.57,4269.48,1677.09,0.0,27.85,Fall,Saturday,False,False
4,SKU0004,2024-10-13,226,28.78,6503.89,5132.46,1371.43,0.0,28.81,Fall,Sunday,False,False
4,SKU0004,2024-10-14,236,29.2,6890.88,5359.56,1531.32,0.0,29.43,Fall,Monday,False,False
4,SKU0004,2024-10-15,402,24.73,9941.37,9129.42,811.95,21.33,30.69,Fall,Tuesday,False,True
4,SKU0004,2024-10-16,152,31.2,4742.49,3451.92,1290.57,0.0,32.18,Fall,Wednesday,False,False
4,SKU0004,2024-10-17,141,32.45,4575.73,3202.11,1373.62,0.0,26.48,Fall,Thursday,False,False
4,SKU0004,2024-10-18,254,31.49,7997.62,5768.34,2229.28,0.0,32.61,Fall,Friday,False,False
4,SKU0004,2024-10-19,251,31.78,7977.48,5700.21,2277.27,0.0,29.71,Fall,Saturday,False,False
4,SKU0004,2024-10-20,218,27.49,5992.51,4950.78,1041.73,0.0,27.29,Fall,Sunday,False,False
4,SKU0004,2024-10-21,218,30.2,6584.13,4950.78,1633.35,0.0,30.71,Fall,Monday,False,False
4,SKU0004,2024-10-22,124,29.05,3602.09,2816.04,786.05,0.0,28.41,Fall,Tuesday,False,False
4,SKU0004,2024-10-23,199,31.35,6238.65,4519.29,1719.36,0.0,31.33,Fall,Wednesday,False,False
4,SKU0004,2024-10-24,209,31.19,6518.65,4746.39,1772.26,0.0,30.49,Fall,Thursday,False,False
4,SKU0004,2024-10-25,227,30.97,7030.28,5155.17,1875.11,0.0,30.46,Fall,Friday,False,False
4,SKU0004,2024-10-26,206,30.06,6191.37,4678.26,1513.11,0.0,34.16,Fall,Saturday,False,False
4,SKU0004,2024-10-27,238,32.41,7714.56,5404.98,2309.58,0.0,30.5,Fall,Sunday,False,False
4,SKU0004,2024-10-28,181,27.31,4943.38,4110.51,832.87,0.0,27.1,Fall,Monday,False,False
4,SKU0004,2024-10-29,301,28.3,8518.36,6835.71,1682.65,14.68,32.04,Fall,Tuesday,False,True
4,SKU0004,2024-10-30,177,29.26,5178.44,4019.67,1158.77,0.0,30.0,Fall,Wednesday,False,False
4,SKU0004,2024-10-31,249,29.37,7314.21,5654.79,1659.42,0.0,27.79,Fall,Thursday,True,False
4,SKU0004,2024-11-01,166,32.87,5456.63,3769.86,1686.77,0.0,33.19,Fall,Friday,False,False
4,SKU0004,2024-11-02,264,30.79,8128.97,5995.44,2133.53,0.0,31.41,Fall,Saturday,False,False
4,SKU0004,2024-11-03,279,28.79,8033.74,6336.09,1697.65,0.0,31.73,Fall,Sunday,False,False
4,SKU0004,2024-11-04,308,22.27,6859.04,6994.68,-135.64,20.96,28.13,Fall,Monday,False,True
4,SKU0004,2024-11-05,198,32.08,6351.43,4496.58,1854.85,0.0,32.7,Fall,Tuesday,False,False
4,SKU0004,2024-11-06,154,31.93,4916.77,3497.34,1419.43,0.0,28.26,Fall,Wednesday,False,False
4,SKU0004,2024-11-07,187,32.53,6082.89,4246.77,1836.12,0.0,30.04,Fall,Thursday,False,False
4,SKU0004,2024-11-08,196,32.0,6271.23,4451.16,1820.07,0.0,26.57,Fall,Friday,False,False
4,SKU0004,2024-11-09,347,28.14,9764.29,7880.37,1883.92,0.0,33.68,Fall,Saturday,False,False
4,SKU0004,2024-11-10,195,32.68,6372.19,4428.45,1943.74,0.0,30.39,Fall,Sunday,False,False
4,SKU0004,2024-11-11,243,31.28,7600.62,5518.53,2082.09,0.0,30.28,Fall,Monday,False,False
4,SKU0004,2024-11-12,231,30.64,7078.82,5246.01,1832.81,0.0,29.24,Fall,Tuesday,False,False
4,SKU0004,2024-11-13,213,29.14,6206.83,4837.23,1369.6,0.0,30.56,Fall,Wednesday,False,False
4,SKU0004,2024-11-14,248,32.35,8023.37,5632.08,2391.29,0.0,34.33,Fall,Thursday,False,False
4,SKU0004,2024-11-15,209,31.56,6596.02,4746.39,1849.63,0.0,30.83,Fall,Friday,False,False
4,SKU0004,2024-11-16,250,32.03,8007.49,5677.5,2329.99,0.0,30.81,Fall,Saturday,False,False
4,SKU0004,2024-11-18,239,30.07,7187.82,5427.69,1760.13,0.0,32.36,Fall,Monday,False,False
4,SKU0004,2024-11-19,234,30.64,7170.25,5314.14,1856.11,0.0,34.27,Fall,Tuesday,False,False
4,SKU0004,2024-11-20,187,28.34,5298.84,4246.77,1052.07,0.0,25.83,Fall,Wednesday,False,False
4,SKU0004,2024-11-22,202,27.82,5620.03,4587.42,1032.61,0.0,28.04,Fall,Friday,False,False
4,SKU0004,2024-11-25,317,28.78,9124.65,7199.07,1925.58,0.0,34.56,Fall,Monday,True,False
4,SKU0004,2024-11-26,182,32.48,5911.26,4133.22,1778.04,0.0,34.8,Fall,Tuesday,False,False
4,SKU0004,2024-11-27,200,30.22,6044.25,4542.0,1502.25,0.0,33.69,Fall,Wednesday,False,False
4,SKU0004,2024-11-29,325,28.65,9311.33,7380.75,1930.58,12.3,33.65,Fall,Friday,False,True
4,SKU0004,2024-11-30,161,29.79,4796.66,3656.31,1140.35,0.0,26.25,Fall,Saturday,False,False
4,SKU0004,2024-12-01,228,27.63,6299.51,5177.88,1121.63,0.0,30.68,Winter,Sunday,False,False
4,SKU0004,2024-12-02,213,28.43,6055.16,4837.23,1217.93,0.0,25.89,Winter,Monday,False,False
4,SKU0004,2024-12-03,232,32.39,7514.22,5268.72,2245.5,0.0,32.18,Winter,Tuesday,False,False
4,SKU0004,2024-12-04,185,30.81,5699.1,4201.35,1497.75,0.0,30.43,Winter,Wednesday,False,False
4,SKU0004,2024-12-05,146,29.69,4335.27,3315.66,1019.61,0.0,31.82,Winter,Thursday,False,False
4,SKU0004,2024-12-06,325,26.6,8644.23,7380.75,1263.48,17.52,26.5,Winter,Friday,False,True
4,SKU0004,2024-12-07,223,28.92,6449.29,5064.33,1384.96,0.0,30.33,Winter,Saturday,False,False
4,SKU0004,2024-12-08,195,31.77,6196.08,4428.45,1767.63,0.0,25.77,Winter,Sunday,False,False
4,SKU0004,2024-12-09,185,29.38,5434.51,4201.35,1233.16,0.0,30.9,Winter,Monday,False,False
4,SKU0004,2024-12-10,195,30.68,5982.76,4428.45,1554.31,0.0,26.79,Winter,Tuesday,False,False
4,SKU0004,2024-12-11,266,27.62,7347.23,6040.86,1306.37,12.78,34.51,Winter,Wednesday,False,True
4,SKU0004,2024-12-12,132,32.03,4227.77,2997.72,1230.05,0.0,29.14,Winter,Thursday,False,False
4,SKU0004,2024-12-13,334,27.3,9119.36,7585.14,1534.22,13.7,31.57,Winter,Friday,False,True
4,SKU0004,2024-12-14,296,28.41,8409.13,6722.16,1686.97,0.0,26.94,Winter,Saturday,False,False
4,SKU0004,2024-12-15,386,27.53,10627.55,8766.06,1861.49,12.67,28.6,Winter,Sunday,False,True
4,SKU0004,2024-12-16,171,28.39,4855.03,3883.41,971.62,0.0,27.35,Winter,Monday,False,False
4,SKU0004,2024-12-17,192,31.48,6043.47,4360.32,1683.15,0.0,30.19,Winter,Tuesday,False,False
4,SKU0004,2024-12-18,204,29.36,5990.4,4632.84,1357.56,0.0,29.82,Winter,Wednesday,False,False
4,SKU0004,2024-12-20,224,29.59,6627.64,5087.04,1540.6,0.0,27.65,Winter,Friday,False,False
4,SKU0004,2024-12-21,218,29.35,6398.94,4950.78,1448.16,0.0,32.97,Winter,Saturday,False,False
4,SKU0004,2024-12-22,241,31.49,7588.87,5473.11,2115.76,0.0,33.28,Winter,Sunday,False,False
4,SKU0004,2024-12-23,223,27.8,6199.76,5064.33,1135.43,0.0,28.08,Winter,Monday,False,False
4,SKU0004,2024-12-24,255,27.44,6997.82,5791.05,1206.77,0.0,31.72,Winter,Tuesday,False,False
4,SKU0004,2024-12-25,298,28.1,8373.42,6767.58,1605.84,0.0,29.12,Winter,Wednesday,True,False
4,SKU0004,2024-12-27,202,31.06,6274.94,4587.42,1687.52,0.0,25.81,Winter,Friday,False,False
4,SKU0004,2024-12-28,297,29.28,8695.87,6744.87,1951.0,0.0,26.65,Winter,Saturday,False,False
4,SKU0004,2024-12-29,261,29.11,7596.88,5927.31,1669.57,0.0,27.43,Winter,Sunday,False,False
4,SKU0004,2024-12-30,258,26.74,6897.89,5859.18,1038.71,16.85,29.69,Winter,Monday,False,True
4,SKU0004,2024-12-31,238,32.3,7688.18,5404.98,2283.2,0.0,29.13,Winter,Tuesday,False,False
4,SKU0004,2025-01-01,286,31.36,8969.34,6495.06,2474.28,0.0,34.56,Winter,Wednesday,True,False
4,SKU0004,2025-01-02,184,31.87,5864.77,4178.64,1686.13,0.0,30.34,Winter,Thursday,False,False
4,SKU0004,2025-01-03,183,31.94,5844.98,4155.93,1689.05,0.0,29.38,Winter,Friday,False,False
4,SKU0004,2025-01-04,394,23.12,9108.87,8947.74,161.13,23.84,34.51,Winter,Saturday,False,True
4,SKU0004,2025-01-05,265,28.45,7540.28,6018.15,1522.13,0.0,32.57,Winter,Sunday,False,False
4,SKU0004,2025-01-06,210,29.27,6146.6,4769.1,1377.5,0.0,34.55,Winter,Monday,False,False
4,SKU0004,2025-01-07,207,31.89,6601.19,4700.97,1900.22,0.0,29.9,Winter,Tuesday,False,False
4,SKU0004,2025-01-08,264,27.26,7195.88,5995.44,1200.44,0.0,33.76,Winter,Wednesday,False,False
4,SKU0004,2025-01-09,242,27.74,6712.78,5495.82,1216.96,0.0,27.58,Winter,Thursday,False,False
4,SKU0004,2025-01-10,324,22.91,7422.68,7358.04,64.64,20.27,29.14,Winter,Friday,False,True
4,SKU0004,2025-01-11,280,29.34,8215.08,6358.8,1856.28,0.0,31.98,Winter,Saturday,False,False
4,SKU0004,2025-01-12,198,32.78,6490.46,4496.58,1993.88,0.0,33.29,Winter,Sunday,False,False
4,SKU0004,2025-01-13,209,31.87,6661.47,4746.39,1915.08,0.0,26.91,Winter,Monday,False,False
4,SKU0004,2025-01-14,264,28.06,7408.01,5995.44,1412.57,0.0,33.9,Winter,Tuesday,False,False
4,SKU0004,2025-01-15,191,31.68,6049.95,4337.61,1712.34,0.0,29.32,Winter,Wednesday,False,False
4,SKU0004,2025-01-16,271,23.83,6458.77,6154.41,304.36,21.11,27.75,Winter,Thursday,False,True
4,SKU0004,2025-01-17,178,31.9,5678.57,4042.38,1636.19,0.0,28.83,Winter,Friday,False,False
4,SKU0004,2025-01-18,200,30.95,6189.92,4542.0,1647.92,0.0,34.05,Winter,Saturday,False,False
4,SKU0004,2025-01-19,220,28.09,6179.41,4996.2,1183.21,0.0,27.66,Winter,Sunday,False,False
4,SKU0004,2025-01-20,193,29.31,5656.55,4383.03,1273.52,0.0,29.61,Winter,Monday,False,False
4,SKU0004,2025-01-21,160,29.59,4735.13,3633.6,1101.53,0.0,26.05,Winter,Tuesday,False,False
4,SKU0004,2025-01-22,203,29.81,6050.63,4610.13,1440.5,0.0,31.94,Winter,Wednesday,False,False
4,SKU0004,2025-01-23,229,30.07,6885.47,5200.59,1684.88,0.0,31.97,Winter,Thursday,False,False
4,SKU0004,2025-01-24,169,32.48,5488.29,3837.99,1650.3,0.0,25.85,Winter,Friday,False,False
4,SKU0004,2025-01-25,295,30.73,9066.02,6699.45,2366.57,0.0,29.87,Winter,Saturday,False,False
4,SKU0004,2025-01-26,251,33.07,8299.39,5700.21,2599.18,0.0,32.75,Winter,Sunday,False,False
4,SKU0004,2025-01-27,237,28.82,6829.96,5382.27,1447.69,0.0,31.22,Winter,Monday,False,False
4,SKU0004,2025-01-28,182,29.98,5456.15,4133.22,1322.93,0.0,30.04,Winter,Tuesday,False,False
4,SKU0004,2025-01-29,227,30.49,6921.71,5155.17,1766.54,0.0,32.87,Winter,Wednesday,False,False
4,SKU0004,2025-01-30,168,30.47,5119.3,3815.28,1304.02,0.0,31.87,Winter,Thursday,False,False
4,SKU0004,2025-01-31,231,29.29,6766.82,5246.01,1520.81,0.0,31.1,Winter,Friday,False,False
4,SKU0004,2025-02-01,242,32.17,7786.24,5495.82,2290.42,0.0,29.87,Winter,Saturday,False,False
4,SKU0004,2025-02-02,393,25.53,10034.97,8925.03,1109.94,11.82,29.07,Winter,Sunday,False,True
4,SKU0004,2025-02-03,163,31.41,5119.63,3701.73,1417.9,0.0,28.8,Winter,Monday,False,False
4,SKU0004,2025-02-04,170,32.21,5476.19,3860.7,1615.49,0.0,27.36,Winter,Tuesday,False,False
4,SKU0004,2025-02-05,229,27.36,6265.0,5200.59,1064.41,0.0,31.52,Winter,Wednesday,False,False
4,SKU0004,2025-02-07,220,28.76,6326.69,4996.2,1330.49,0.0,26.6,Winter,Friday,False,False
4,SKU0004,2025-02-08,190,31.08,5906.14,4314.9,1591.24,0.0,28.23,Winter,Saturday,False,False
4,SKU0004,2025-02-09,269,31.42,8453.2,6108.99,2344.21,0.0,33.24,Winter,Sunday,False,False
4,SKU0004,2025-02-10,161,31.69,5101.95,3656.31,1445.64,0.0,29.9,Winter,Monday,False,False
4,SKU0004,2025-02-11,325,25.91,8420.46,7380.75,1039.71,12.2,31.53,Winter,Tuesday,False,True
4,SKU0004,2025-02-12,222,29.56,6563.4,5041.62,1521.78,0.0,26.45,Winter,Wednesday,False,False
4,SKU0004,2025-02-13,177,31.79,5626.75,4019.67,1607.08,0.0,25.94,Winter,Thursday,False,False
4,SKU0004,2025-02-14,291,28.81,8382.99,6608.61,1774.38,0.0,33.76,Winter,Friday,True,False
4,SKU0004,2025-02-15,253,29.88,7558.85,5745.63,1813.22,0.0,27.48,Winter,Saturday,False,False
4,SKU0004,2025-02-16,226,29.09,6573.93,5132.46,1441.47,0.0,33.5,Winter,Sunday,False,False
4,SKU0004,2025-02-17,167,32.09,5359.11,3792.57,1566.54,0.0,30.03,Winter,Monday,False,False
4,SKU0004,2025-02-18,143,29.9,4275.43,3247.53,1027.9,0.0,32.81,Winter,Tuesday,False,False
4,SKU0004,2025-02-19,209,31.32,6545.51,4746.39,1799.12,0.0,34.0,Winter,Wednesday,False,False
4,SKU0004,2025-02-20,157,28.9,4537.83,3565.47,972.36,0.0,25.91,Winter,Thursday,False,False
4,SKU0004,2025-02-21,211,28.04,5915.99,4791.81,1124.18,0.0,31.18,Winter,Friday,False,False
4,SKU0004,2025-02-22,236,29.18,6886.19,5359.56,1526.63,0.0,25.9,Winter,Saturday,False,False
4,SKU0004,2025-02-23,276,27.64,7628.06,6267.96,1360.1,0.0,32.21,Winter,Sunday,False,False
4,SKU0004,2025-02-24,191,30.81,5885.17,4337.61,1547.56,0.0,28.72,Winter,Monday,False,False
4,SKU0004,2025-02-26,226,29.35,6633.01,5132.46,1500.55,0.0,29.93,Winter,Wednesday,False,False
4,SKU0004,2025-02-27,217,28.53,6190.49,4928.07,1262.42,0.0,31.85,Winter,Thursday,False,False
4,SKU0004,2025-02-28,219,27.45,6010.98,4973.49,1037.49,0.0,34.53,Winter,Friday,False,False
4,SKU0004,2025-03-01,258,30.65,7908.06,5859.18,2048.88,0.0,27.62,Spring,Saturday,False,False
4,SKU0004,2025-03-02,188,29.49,5543.71,4269.48,1274.23,0.0,28.6,Spring,Sunday,False,False
4,SKU0004,2025-03-03,233,27.43,6391.43,5291.43,1100.0,0.0,27.25,Spring,Monday,False,False
4,SKU0004,2025-03-04,221,29.87,6600.24,5018.91,1581.33,0.0,25.95,Spring,Tuesday,False,False
4,SKU0004,2025-03-05,170,30.62,5205.71,3860.7,1345.01,0.0,27.87,Spring,Wednesday,False,False
4,SKU0004,2025-03-06,200,28.05,5609.91,4542.0,1067.91,0.0,33.46,Spring,Thursday,False,False
4,SKU0004,2025-03-07,322,21.46,6911.5,7312.62,-401.12,24.88,27.36,Spring,Friday,False,True
4,SKU0004,2025-03-08,232,31.96,7414.88,5268.72,2146.16,0.0,29.38,Spring,Saturday,False,False
4,SKU0004,2025-03-09,249,31.8,7918.64,5654.79,2263.85,0.0,31.18,Spring,Sunday,False,False
4,SKU0004,2025-03-10,248,29.45,7303.94,5632.08,1671.86,0.0,33.78,Spring,Monday,False,False
4,SKU0004,2025-03-11,230,31.87,7328.99,5223.3,2105.69,0.0,30.6,Spring,Tuesday,False,False
4,SKU0004,2025-03-12,157,32.45,5095.35,3565.47,1529.88,0.0,29.95,Spring,Wednesday,False,False
4,SKU0004,2025-03-13,221,29.97,6624.23,5018.91,1605.32,0.0,27.35,Spring,Thursday,False,False
4,SKU0004,2025-03-14,241,30.48,7345.16,5473.11,1872.05,0.0,29.95,Spring,Friday,False,False
4,SKU0004,2025-03-15,248,32.75,8121.13,5632.08,2489.05,0.0,31.67,Spring,Saturday,False,False
4,SKU0004,2025-03-16,284,29.74,8445.23,6449.64,1995.59,0.0,31.36,Spring,Sunday,False,False
4,SKU0004,2025-03-17,260,31.01,8061.62,5904.6,2157.02,0.0,31.18,Spring,Monday,False,False
4,SKU0004,2025-03-18,225,32.98,7420.02,5109.75,2310.27,0.0,28.01,Spring,Tuesday,False,False
4,SKU0004,2025-03-19,209,30.11,6292.97,4746.39,1546.58,0.0,29.1,Spring,Wednesday,False,False
4,SKU0004,2025-03-20,226,32.6,7368.18,5132.46,2235.72,0.0,30.75,Spring,Thursday,False,False
4,SKU0004,2025-03-21,200,32.4,6480.29,4542.0,1938.29,0.0,29.09,Spring,Friday,False,False
4,SKU0004,2025-03-22,249,28.31,7049.96,5654.79,1395.17,0.0,34.11,Spring,Saturday,False,False
4,SKU0004,2025-03-23,233,29.03,6763.13,5291.43,1471.7,0.0,27.62,Spring,Sunday,False,False
4,SKU0004,2025-03-24,254,28.74,7298.95,5768.34,1530.61,0.0,34.73,Spring,Monday,False,False
4,SKU0004,2025-03-25,170,33.14,5634.36,3860.7,1773.66,0.0,26.75,Spring,Tuesday,False,False
4,SKU0004,2025-03-26,251,29.26,7343.78,5700.21,1643.57,0.0,27.18,Spring,Wednesday,False,False
4,SKU0004,2025-03-28,244,24.14,5889.8,5541.24,348.56,23.01,33.57,Spring,Friday,False,True
4,SKU0004,2025-03-29,382,25.64,9793.96,8675.22,1118.74,13.9,26.84,Spring,Saturday,False,True
4,SKU0004,2025-03-30,164,31.17,5112.01,3724.44,1387.57,0.0,25.95,Spring,Sunday,False,False
4,SKU0004,2025-03-31,217,31.65,6867.8,4928.07,1939.73,0.0,29.36,Spring,Monday,False,False
4,SKU0004,2025-04-01,224,31.91,7147.31,5087.04,2060.27,0.0,32.25,Spring,Tuesday,False,False
4,SKU0004,2025-04-02,181,31.19,5644.69,4110.51,1534.18,0.0,26.86,Spring,Wednesday,False,False
4,SKU0004,2025-04-03,209,28.84,6027.91,4746.39,1281.52,0.0,32.58,Spring,Thursday,False,False
4,SKU0004,2025-04-04,268,28.28,7577.75,6086.28,1491.47,0.0,28.83,Spring,Friday,False,False
4,SKU0004,2025-04-05,218,32.07,6991.23,4950.78,2040.45,0.0,26.62,Spring,Saturday,False,False
4,SKU0004,2025-04-06,211,27.7,5844.82,4791.81,1053.01,0.0,30.2,Spring,Sunday,False,False
4,SKU0004,2025-04-07,251,28.83,7235.47,5700.21,1535.26,0.0,29.78,Spring,Monday,False,False
4,SKU0004,2025-04-08,257,31.49,8092.56,5836.47,2256.09,0.0,31.14,Spring,Tuesday,False,False
