data/sales_data.csv
product_id,sku,date,quantity,price,revenue,cost,profit,discount_percent,competitor_price,season,day_of_week,is_holiday,promotion_active
4,SKU0004,2025-04-09,207,28.15,5826.73,4700.97,1125.76,0.0,27.75,Spring,Wednesday,False,False
4,SKU0004,2025-04-10,235,29.45,6920.43,5336.85,1583.58,0.0,34.32,Spring,Thursday,False,False
4,SKU0004,2025-04-11,240,31.09,7461.81,5450.4,2011.41,0.0,29.73,Spring,Friday,False,False
4,SKU0004,2025-04-12,211,31.76,6700.53,4791.81,1908.72,0.0,27.07,Spring,Saturday,False,False
4,SKU0004,2025-04-13,226,29.58,6684.83,5132.46,1552.37,0.0,25.99,Spring,Sunday,False,False
4,SKU0004,2025-04-14,243,29.09,7068.07,5518.53,1549.54,0.0,28.09,Spring,Monday,False,False
4,SKU0004,2025-04-15,248,31.77,7878.09,5632.08,2246.01,0.0,29.42,Spring,Tuesday,False,False
4,SKU0004,2025-04-16,224,28.28,6335.62,5087.04,1248.58,0.0,27.15,Spring,Wednesday,False,False
4,SKU0004,2025-04-17,177,29.16,5160.5,4019.67,1140.83,0.0,33.6,Spring,Thursday,False,False
4,SKU0004,2025-04-18,269,28.28,7606.3,6108.99,1497.31,0.0,27.33,Spring,Friday,False,False
4,SKU0004,2025-04-19,232,27.34,6342.46,5268.72,1073.74,0.0,28.85,Spring,Saturday,False,False
4,SKU0004,2025-04-20,235,28.61,6723.45,5336.85,1386.6,0.0,32.81,Spring,Sunday,False,False
4,SKU0004,2025-04-21,209,31.19,6518.37,4746.39,1771.98,0.0,29.91,Spring,Monday,False,False
4,SKU0004,2025-04-22,241,32.74,7890.48,5473.11,2417.37,0.0,33.42,Spring,Tuesday,False,False
4,SKU0004,2025-04-23,227,30.43,6906.72,5155.17,1751.55,0.0,27.58,Spring,Wednesday,False,False
4,SKU0004,2025-04-24,216,29.67,6407.7,4905.36,1502.34,0.0,28.73,Spring,Thursday,False,False
4,SKU0004,2025-04-25,325,25.09,8153.5,7380.75,772.75,18.02,33.66,Spring,Friday,False,True
4,SKU0004,2025-04-26,253,27.59,6980.52,5745.63,1234.89,0.0,27.99,Spring,Saturday,False,False
4,SKU0004,2025-04-27,257,31.73,8154.62,5836.47,2318.15,0.0,31.65,Spring,Sunday,False,False
4,SKU0004,2025-04-28,123,31.43,3865.7,2793.33,1072.37,0.0,26.1,Spring,Monday,False,False
4,SKU0004,2025-04-29,192,30.59,5874.19,4360.32,1513.87,0.0,27.46,Spring,Tuesday,False,False
4,SKU0004,2025-04-30,216,27.64,5969.72,4905.36,1064.36,0.0,30.48,Spring,Wednesday,False,False
4,SKU0004,2025-05-01,259,23.25,6022.27,5881.89,140.38,18.79,29.96,Spring,Thursday,False,True
4,SKU0004,2025-05-02,209,31.98,6684.71,4746.39,1938.32,0.0,31.5,Spring,Friday,False,False
4,SKU0004,2025-05-03,242,27.96,6765.58,5495.82,1269.76,0.0,27.53,Spring,Saturday,False,False
4,SKU0004,2025-05-04,313,28.55,8937.4,7108.23,1829.17,0.0,30.91,Spring,Sunday,False,False
4,SKU0004,2025-05-05,242,32.47,7857.03,5495.82,2361.21,0.0,33.79,Spring,Monday,False,False
4,SKU0004,2025-05-06,192,28.43,5458.89,4360.32,1098.57,0.0,31.32,Spring,Tuesday,False,False
4,SKU0004,2025-05-07,205,27.25,5587.27,4655.55,931.72,0.0,31.2,Spring,Wednesday,False,False
4,SKU0004,2025-05-08,205,28.32,5805.82,4655.55,1150.27,0.0,30.41,Spring,Thursday,False,False
4,SKU0004,2025-05-09,191,29.07,5551.72,4337.61,1214.11,0.0,28.0,Spring,Friday,False,False
4,SKU0004,2025-05-10,248,30.65,7601.45,5632.08,1969.37,0.0,29.74,Spring,Saturday,False,False
4,SKU0004,2025-05-11,207,32.98,6826.68,4700.97,2125.71,0.0,28.64,Spring,Sunday,False,False
4,SKU0004,2025-05-12,168,30.1,5057.03,3815.28,1241.75,0.0,26.33,Spring,Monday,False,False
4,SKU0004,2025-05-13,224,29.1,6517.71,5087.04,1430.67,0.0,29.76,Spring,Tuesday,False,False
4,SKU0004,2025-05-14,220,30.51,6713.01,4996.2,1716.81,0.0,32.81,Spring,Wednesday,False,False
4,SKU0004,2025-05-15,181,28.54,5166.33,4110.51,1055.82,0.0,28.65,Spring,Thursday,False,False
4,SKU0004,2025-05-16,236,27.88,6578.56,5359.56,1219.0,0.0,31.27,Spring,Friday,False,False
4,SKU0004,2025-05-17,225,28.19,6342.35,5109.75,1232.6,0.0,32.7,Spring,Saturday,False,False
4,SKU0004,2025-05-18,244,32.41,7908.99,5541.24,2367.75,0.0,27.17,Spring,Sunday,False,False
4,SKU0004,2025-05-19,218,33.19,7236.26,4950.78,2285.48,0.0,32.9,Spring,Monday,False,False
4,SKU0004,2025-05-20,204,28.88,5892.21,4632.84,1259.37,0.0,30.03,Spring,Tuesday,False,False
4,SKU0004,2025-05-21,219,29.09,6370.87,4973.49,1397.38,0.0,28.77,Spring,Wednesday,False,False
4,SKU0004,2025-05-22,182,31.77,5781.23,4133.22,1648.01,0.0,29.6,Spring,Thursday,False,False
4,SKU0004,2025-05-23,197,29.78,5866.29,4473.87,1392.42,0.0,29.41,Spring,Friday,False,False
4,SKU0004,2025-05-24,237,29.39,6966.25,5382.27,1583.98,0.0,34.59,Spring,Saturday,False,False
4,SKU0004,2025-05-25,223,27.37,6103.5,5064.33,1039.17,0.0,27.63,Spring,Sunday,False,False
4,SKU0004,2025-05-26,199,29.04,5778.42,4519.29,1259.13,0.0,28.66,Spring,Monday,False,False
4,SKU0004,2025-05-27,157,29.22,4588.22,3565.47,1022.75,0.0,27.55,Spring,Tuesday,False,False
4,SKU0004,2025-05-28,187,30.3,5665.69,4246.77,1418.92,0.0,26.71,Spring,Wednesday,False,False
4,SKU0004,2025-05-29,196,29.22,5727.73,4451.16,1276.57,0.0,32.29,Spring,Thursday,False,False
4,SKU0004,2025-05-31,230,31.42,7225.98,5223.3,2002.68,0.0,30.16,Spring,Saturday,False,False
4,SKU0004,2025-06-01,261,30.93,8071.74,5927.31,2144.43,0.0,26.66,Summer,Sunday,False,False
4,SKU0004,2025-06-02,242,28.92,6999.54,5495.82,1503.72,0.0,34.13,Summer,Monday,False,False
4,SKU0004,2025-06-03,258,28.07,7240.83,5859.18,1381.65,0.0,28.69,Summer,Tuesday,False,False
4,SKU0004,2025-06-04,201,29.76,5981.32,4564.71,1416.61,0.0,27.1,Summer,Wednesday,False,False
4,SKU0004,2025-06-05,186,28.46,5294.15,4224.06,1070.09,0.0,27.97,Summer,Thursday,False,False
4,SKU0004,2025-06-06,183,31.87,5832.47,4155.93,1676.54,0.0,30.56,Summer,Friday,False,False
4,SKU0004,2025-06-07,257,27.38,7037.77,5836.47,1201.3,0.0,26.36,Summer,Saturday,False,False
4,SKU0004,2025-06-08,248,31.56,7826.94,5632.08,2194.86,0.0,33.49,Summer,Sunday,False,False
4,SKU0004,2025-06-09,197,29.95,5900.55,4473.87,1426.68,0.0,27.41,Summer,Monday,False,False
4,SKU0004,2025-06-10,179,30.04,5377.63,4065.09,1312.54,0.0,31.89,Summer,Tuesday,False,False
4,SKU0004,2025-06-11,211,28.8,6076.47,4791.81,1284.66,0.0,25.95,Summer,Wednesday,False,False
4,SKU0004,2025-06-12,229,29.74,6810.39,5200.59,1609.8,0.0,30.16,Summer,Thursday,False,False
4,SKU0004,2025-06-13,376,23.24,8736.91,8538.96,197.95,23.69,25.89,Summer,Friday,False,True
4,SKU0004,2025-06-14,253,27.45,6943.91,5745.63,1198.28,0.0,32.99,Summer,Saturday,False,False
4,SKU0004,2025-06-15,250,30.23,7557.9,5677.5,1880.4,0.0,31.5,Summer,Sunday,False,False
4,SKU0004,2025-06-16,190,30.68,5828.34,4314.9,1513.44,0.0,32.83,Summer,Monday,False,False
4,SKU0004,2025-06-17,216,32.09,6931.07,4905.36,2025.71,0.0,26.53,Summer,Tuesday,False,False
4,SKU0004,2025-06-18,192,30.95,5941.7,4360.32,1581.38,0.0,32.57,Summer,Wednesday,False,False
4,SKU0004,2025-06-19,242,29.86,7226.56,5495.82,1730.74,0.0,29.84,Summer,Thursday,False,False
4,SKU0004,2025-06-20,159,31.73,5044.59,3610.89,1433.7,0.0,26.4,Summer,Friday,False,False
4,SKU0004,2025-06-21,255,29.31,7474.02,5791.05,1682.97,0.0,32.03,Summer,Saturday,False,False
4,SKU0004,2025-06-23,237,27.29,6467.84,5382.27,1085.57,0.0,25.91,Summer,Monday,False,False
4,SKU0004,2025-06-24,313,29.84,9339.55,7108.23,2231.32,0.0,27.76,Summer,Tuesday,False,False
4,SKU0004,2025-06-25,237,29.23,6927.51,5382.27,1545.24,0.0,31.78,Summer,Wednesday,False,False
4,SKU0004,2025-06-26,187,30.73,5746.66,4246.77,1499.89,0.0,33.73,Summer,Thursday,False,False
4,SKU0004,2025-06-27,225,28.18,6339.64,5109.75,1229.89,0.0,27.61,Summer,Friday,False,False
4,SKU0004,2025-06-28,203,27.41,5564.4,4610.13,954.27,0.0,33.41,Summer,Saturday,False,False
4,SKU0004,2025-06-29,262,30.52,7996.95,5950.02,2046.93,0.0,28.71,Summer,Sunday,False,False
4,SKU0004,2025-06-30,198,28.65,5671.81,4496.58,1175.23,0.0,28.49,Summer,Monday,False,False
4,SKU0004,2025-07-01,257,28.89,7425.67,5836.47,1589.2,0.0,27.71,Summer,Tuesday,False,False
4,SKU0004,2025-07-02,209,28.08,5869.46,4746.39,1123.07,0.0,29.73,Summer,Wednesday,False,False
4,SKU0004,2025-07-03,220,29.52,6495.21,4996.2,1499.01,0.0,32.5,Summer,Thursday,False,False
4,SKU0004,2025-07-04,263,29.56,7773.18,5972.73,1800.45,0.0,29.36,Summer,Friday,True,False
4,SKU0004,2025-07-05,339,29.56,10019.6,7698.69,2320.91,0.0,26.58,Summer,Saturday,False,False
4,SKU0004,2025-07-06,245,32.78,8031.8,5563.95,2467.85,0.0,26.84,Summer,Sunday,False,False
4,SKU0004,2025-07-07,292,27.98,8170.42,6631.32,1539.1,0.0,31.23,Summer,Monday,False,False
4,SKU0004,2025-07-08,252,29.17,7351.1,5722.92,1628.18,0.0,34.69,Summer,Tuesday,False,False
4,SKU0004,2025-07-09,240,29.43,7063.51,5450.4,1613.11,0.0,26.76,Summer,Wednesday,False,False
4,SKU0004,2025-07-10,244,27.3,6660.21,5541.24,1118.97,0.0,29.37,Summer,Thursday,False,False
4,SKU0004,2025-07-11,238,29.4,6997.19,5404.98,1592.21,0.0,33.34,Summer,Friday,False,False
4,SKU0004,2025-07-12,184,32.39,5959.08,4178.64,1780.44,0.0,34.82,Summer,Saturday,False,False
4,SKU0004,2025-07-13,378,26.21,9908.82,8584.38,1324.44,15.85,34.38,Summer,Sunday,False,True
4,SKU0004,2025-07-14,247,31.17,7699.59,5609.37,2090.22,0.0,27.02,Summer,Monday,False,False
4,SKU0004,2025-07-15,219,30.67,6716.97,4973.49,1743.48,0.0,27.15,Summer,Tuesday,False,False
4,SKU0004,2025-07-16,171,31.87,5449.5,3883.41,1566.09,0.0,33.03,Summer,Wednesday,False,False
4,SKU0004,2025-07-17,217,31.25,6782.28,4928.07,1854.21,0.0,29.51,Summer,Thursday,False,False
4,SKU0004,2025-07-18,286,28.3,8092.71,6495.06,1597.65,0.0,34.51,Summer,Friday,False,False
4,SKU0004,2025-07-19,308,32.16,9905.06,6994.68,2910.38,0.0,33.72,Summer,Saturday,False,False
4,SKU0004,2025-07-20,271,28.24,7651.78,6154.41,1497.37,0.0,28.52,Summer,Sunday,False,False
4,SKU0004,2025-07-21,246,32.76,8058.17,5586.66,2471.51,0.0,28.65,Summer,Monday,False,False
4,SKU0004,2025-07-22,212,29.26,6203.13,4814.52,1388.61,0.0,26.05,Summer,Tuesday,False,False
4,SKU0004,2025-07-24,189,30.88,5835.67,4292.19,1543.48,0.0,27.17,Summer,Thursday,False,False
4,SKU0004,2025-07-25,390,28.97,11296.42,8856.9,2439.52,11.38,26.76,Summer,Friday,False,True
4,SKU0004,2025-07-26,246,33.21,8168.99,5586.66,2582.33,0.0,30.61,Summer,Saturday,False,False
4,SKU0004,2025-07-27,254,30.91,7849.97,5768.34,2081.63,0.0,28.57,Summer,Sunday,False,False
4,SKU0004,2025-07-28,205,32.72,6707.57,4655.55,2052.02,0.0,31.7,Summer,Monday,False,False
4,SKU0004,2025-07-29,283,30.97,8763.95,6426.93,2337.02,0.0,30.08,Summer,Tuesday,False,False
4,SKU0004,2025-07-30,268,32.41,8686.29,6086.28,2600.01,0.0,27.73,Summer,Wednesday,False,False
4,SKU0004,2025-07-31,286,32.96,9426.13,6495.06,2931.07,0.0,26.48,Summer,Thursday,False,False
4,SKU0004,2025-08-01,339,22.78,7721.39,7698.69,22.7,23.3,27.79,Summer,Friday,False,True
4,SKU0004,2025-08-02,274,31.25,8561.17,6222.54,2338.63,0.0,34.59,Summer,Saturday,False,False
4,SKU0004,2025-08-03,205,30.4,6232.13,4655.55,1576.58,0.0,33.76,Summer,Sunday,False,False
4,SKU0004,2025-08-04,279,28.05,7825.84,6336.09,1489.75,0.0,31.74,Summer,Monday,False,False
4,SKU0004,2025-08-07,190,28.36,5387.49,4314.9,1072.59,0.0,26.05,Summer,Thursday,False,False
4,SKU0004,2025-08-08,208,28.23,5872.33,4723.68,1148.65,0.0,30.93,Summer,Friday,False,False
4,SKU0004,2025-08-09,236,29.33,6922.98,5359.56,1563.42,0.0,33.16,Summer,Saturday,False,False
4,SKU0004,2025-08-10,243,29.99,7287.56,5518.53,1769.03,0.0,31.38,Summer,Sunday,False,False
4,SKU0004,2025-08-11,210,27.97,5872.76,4769.1,1103.66,0.0,32.72,Summer,Monday,False,False
4,SKU0004,2025-08-12,206,29.29,6034.65,4678.26,1356.39,0.0,28.06,Summer,Tuesday,False,False
4,SKU0004,2025-08-13,250,30.2,7550.86,5677.5,1873.36,0.0,31.76,Summer,Wednesday,False,False
4,SKU0004,2025-08-14,187,29.33,5483.85,4246.77,1237.08,0.0,26.31,Summer,Thursday,False,False
4,SKU0004,2025-08-15,226,31.14,7038.03,5132.46,1905.57,0.0,26.88,Summer,Friday,False,False
4,SKU0004,2025-08-16,316,30.02,9487.02,7176.36,2310.66,0.0,30.74,Summer,Saturday,False,False
4,SKU0004,2025-08-17,239,32.54,7777.24,5427.69,2349.55,0.0,29.7,Summer,Sunday,False,False
4,SKU0004,2025-08-18,205,27.75,5689.66,4655.55,1034.11,0.0,30.32,Summer,Monday,False,False
4,SKU0004,2025-08-19,207,32.95,6821.11,4700.97,2120.14,0.0,27.51,Summer,Tuesday,False,False
4,SKU0004,2025-08-21,231,29.4,6790.35,5246.01,1544.34,0.0,27.12,Summer,Thursday,False,False
4,SKU0004,2025-08-22,204,30.43,6208.06,4632.84,1575.22,0.0,29.03,Summer,Friday,False,False
4,SKU0004,2025-08-23,276,32.99,9104.69,6267.96,2836.73,0.0,29.14,Summer,Saturday,False,False
4,SKU0004,2025-08-24,228,28.26,6442.16,5177.88,1264.28,0.0,31.35,Summer,Sunday,False,False
4,SKU0004,2025-08-25,240,31.8,7632.16,5450.4,2181.76,0.0,34.3,Summer,Monday,False,False
4,SKU0004,2025-08-26,229,32.45,7431.01,5200.59,2230.42,0.0,34.45,Summer,Tuesday,False,False
4,SKU0004,2025-08-27,215,29.05,6245.23,4882.65,1362.58,0.0,34.57,Summer,Wednesday,False,False
4,SKU0004,2025-08-28,194,30.09,5836.73,4405.74,1430.99,0.0,34.26,Summer,Thursday,False,False
4,SKU0004,2025-08-29,298,23.5,7002.39,6767.58,234.81,18.34,34.12,Summer,Friday,False,True
4,SKU0004,2025-08-30,278,33.06,9191.06,6313.38,2877.68,0.0,29.47,Summer,Saturday,False,False
4,SKU0004,2025-08-31,308,32.23,9927.67,6994.68,2932.99,0.0,33.07,Summer,Sunday,False,False
4,SKU0004,2025-09-01,186,28.72,5341.99,4224.06,1117.93,0.0,31.61,Fall,Monday,False,False
4,SKU0004,2025-09-02,221,28.42,6281.5,5018.91,1262.59,0.0,26.38,Fall,Tuesday,False,False
4,SKU0004,2025-09-03,141,28.92,4078.39,3202.11,876.28,0.0,26.86,Fall,Wednesday,False,False
4,SKU0004,2025-09-04,178,32.97,5868.83,4042.38,1826.45,0.0,29.77,Fall,Thursday,False,False
4,SKU0004,2025-09-06,212,29.14,6176.91,4814.52,1362.39,0.0,31.45,Fall,Saturday,False,False
4,SKU0004,2025-09-07,205,31.25,6406.56,4655.55,1751.01,0.0,26.87,Fall,Sunday,False,False
4,SKU0004,2025-09-08,182,30.0,5460.66,4133.22,1327.44,0.0,34.63,Fall,Monday,False,False
4,SKU0004,2025-09-09,213,29.32,6245.03,4837.23,1407.8,0.0,34.71,Fall,Tuesday,False,False
4,SKU0004,2025-09-10,190,32.65,6203.23,4314.9,1888.33,0.0,29.98,Fall,Wednesday,False,False
4,SKU0004,2025-09-11,130,32.56,4232.61,2952.3,1280.31,0.0,32.95,Fall,Thursday,False,False
4,SKU0004,2025-09-12,140,28.61,4005.73,3179.4,826.33,0.0,34.8,Fall,Friday,False,False
4,SKU0004,2025-09-13,218,30.88,6731.8,4950.78,1781.02,0.0,33.64,Fall,Saturday,False,False
4,SKU0004,2025-09-14,252,32.32,8144.42,5722.92,2421.5,0.0,29.57,Fall,Sunday,False,False
4,SKU0004,2025-09-15,115,32.49,3736.52,2611.65,1124.87,0.0,32.32,Fall,Monday,False,False
4,SKU0004,2025-09-16,190,28.78,5467.46,4314.9,1152.56,0.0,29.55,Fall,Tuesday,False,False
4,SKU0004,2025-09-17,179,33.21,5943.8,4065.09,1878.71,0.0,26.66,Fall,Wednesday,False,False
4,SKU0004,2025-09-18,249,28.72,7151.79,5654.79,1497.0,0.0,31.11,Fall,Thursday,False,False
4,SKU0004,2025-09-19,196,27.88,5464.8,4451.16,1013.64,0.0,32.17,Fall,Friday,False,False
4,SKU0004,2025-09-20,249,32.32,8048.52,5654.79,2393.73,0.0,30.45,Fall,Saturday,False,False
4,SKU0004,2025-09-21,249,29.57,7362.67,5654.79,1707.88,0.0,31.1,Fall,Sunday,False,False
4,SKU0004,2025-09-22,132,33.03,4359.94,2997.72,1362.22,0.0,26.81,Fall,Monday,False,False
4,SKU0004,2025-09-23,227,29.44,6682.06,5155.17,1526.89,0.0,33.95,Fall,Tuesday,False,False
4,SKU0004,2025-09-24,210,29.64,6223.67,4769.1,1454.57,0.0,28.89,Fall,Wednesday,False,False
4,SKU0004,2025-09-25,211,32.41,6839.17,4791.81,2047.36,0.0,30.49,Fall,Thursday,False,False
4,SKU0004,2025-09-26,313,32.18,10071.24,7108.23,2963.01,0.0,32.8,Fall,Friday,False,False
4,SKU0004,2025-09-27,173,27.41,4741.46,3928.83,812.63,0.0,25.96,Fall,Saturday,False,False
4,SKU0004,2025-09-28,315,27.85,8772.86,7153.65,1619.21,0.0,33.02,Fall,Sunday,False,False
4,SKU0004,2025-09-29,188,32.4,6090.48,4269.48,1821.0,0.0,33.17,Fall,Monday,False,False
4,SKU0004,2025-09-30,203,33.15,6729.04,4610.13,2118.91,0.0,29.79,Fall,Tuesday,False,False
4,SKU0004,2025-10-01,315,22.56,7106.66,7153.65,-46.99,24.86,32.95,Fall,Wednesday,False,True
4,SKU0004,2025-10-02,185,31.92,5905.2,4201.35,1703.85,0.0,28.66,Fall,Thursday,False,False
4,SKU0004,2025-10-03,186,29.36,5461.47,4224.06,1237.41,0.0,33.41,Fall,Friday,False,False
4,SKU0004,2025-10-04,257,29.27,7523.23,5836.47,1686.76,0.0,32.46,Fall,Saturday,False,False
4,SKU0004,2025-10-05,191,28.63,5468.36,4337.61,1130.75,0.0,26.66,Fall,Sunday,False,False
4,SKU0004,2025-10-06,222,31.12,6909.64,5041.62,1868.02,0.0,30.25,Fall,Monday,False,False
4,SKU0004,2025-10-07,191,29.57,5647.8,4337.61,1310.19,0.0,32.16,Fall,Tuesday,False,False
4,SKU0004,2025-10-08,163,32.13,5237.6,3701.73,1535.87,0.0,32.59,Fall,Wednesday,False,False
4,SKU0004,2025-10-09,191,29.21,5578.47,4337.61,1240.86,0.0,31.02,Fall,Thursday,False,False
4,SKU0004,2025-10-10,236,31.49,7432.25,5359.56,2072.69,0.0,32.61,Fall,Friday,False,False
4,SKU0004,2025-10-11,224,29.66,6644.31,5087.04,1557.27,0.0,27.54,Fall,Saturday,False,False
4,SKU0004,2025-10-12,393,23.72,9323.89,8925.03,398.86,23.15,28.13,Fall,Sunday,False,True
4,SKU0004,2025-10-13,179,30.48,5455.71,4065.09,1390.62,0.0,34.11,Fall,Monday,False,False
4,SKU0004,2025-10-14,217,33.04,7170.11,4928.07,2242.04,0.0,33.8,Fall,Tuesday,False,False
4,SKU0004,2025-10-15,221,30.7,6785.71,5018.91,1766.8,0.0,34.82,Fall,Wednesday,False,False
4,SKU0004,2025-10-16,267,27.5,7342.21,6063.57,1278.64,0.0,31.8,Fall,Thursday,False,False
4,SKU0004,2025-10-17,196,30.25,5928.34,4451.16,1477.18,0.0,34.67,Fall,Friday,False,False
4,SKU0004,2025-10-18,272,28.62,7784.54,6177.12,1607.42,0.0,27.7,Fall,Saturday,False,False
4,SKU0004,2025-10-19,366,25.77,9430.15,8311.86,1118.29,10.31,33.35,Fall,Sunday,False,True
4,SKU0004,2025-10-20,240,30.59,7341.65,5450.4,1891.25,0.0,29.48,Fall,Monday,False,False
4,SKU0004,2025-10-21,179,30.77,5507.81,4065.09,1442.72,0.0,33.81,Fall,Tuesday,False,False
4,SKU0004,2025-10-22,220,31.77,6990.41,4996.2,1994.21,0.0,34.66,Fall,Wednesday,False,False
4,SKU0004,2025-10-23,199,28.85,5740.77,4519.29,1221.48,0.0,33.91,Fall,Thursday,False,False
4,SKU0004,2025-10-24,202,29.19,5896.55,4587.42,1309.13,0.0,34.44,Fall,Friday,False,False
5,SKU0005,2023-10-25,285,75.06,21392.29,9977.85,11414.44,0.0,64.7,Fall,Wednesday,False,False
5,SKU0005,2023-10-26,404,64.82,26187.77,14144.04,12043.73,0.0,75.99,Fall,Thursday,False,False
5,SKU0005,2023-10-27,326,69.68,22715.76,11413.26,11302.5,0.0,76.47,Fall,Friday,False,False
