data/sales_data.csv
product_id,sku,date,quantity,price,revenue,cost,profit,discount_percent,competitor_price,season,day_of_week,is_holiday,promotion_active
5,SKU0005,2023-10-28,369,73.1,26974.77,12918.69,14056.08,0.0,73.07,Fall,Saturday,False,False
5,SKU0005,2023-10-29,396,76.81,30417.96,13863.96,16554.0,0.0,71.58,Fall,Sunday,False,False
5,SKU0005,2023-10-30,767,59.17,45383.34,26852.67,18530.67,17.46,79.54,Fall,Monday,False,True
5,SKU0005,2023-10-31,470,70.86,33304.04,16454.7,16849.34,0.0,60.73,Fall,Tuesday,True,False
5,SKU0005,2023-11-01,261,75.17,19618.73,9137.61,10481.12,0.0,73.84,Fall,Wednesday,False,False
5,SKU0005,2023-11-02,571,59.53,33991.9,19990.71,14001.19,18.55,74.8,Fall,Thursday,False,True
5,SKU0005,2023-11-03,377,69.89,26349.02,13198.77,13150.25,0.0,79.32,Fall,Friday,False,False
5,SKU0005,2023-11-04,508,66.03,33544.11,17785.08,15759.03,0.0,70.83,Fall,Saturday,False,False
5,SKU0005,2023-11-05,519,67.65,35108.68,18170.19,16938.49,0.0,77.92,Fall,Sunday,False,False
5,SKU0005,2023-11-06,351,65.04,22828.28,12288.51,10539.77,0.0,73.83,Fall,Monday,False,False
5,SKU0005,2023-11-07,399,63.11,25182.04,13968.99,11213.05,0.0,74.48,Fall,Tuesday,False,False
5,SKU0005,2023-11-08,295,64.69,19084.74,10327.95,8756.79,0.0,72.41,Fall,Wednesday,False,False
5,SKU0005,2023-11-09,279,73.25,20435.7,9767.79,10667.91,0.0,64.74,Fall,Thursday,False,False
5,SKU0005,2023-11-10,337,73.64,24818.21,11798.37,13019.84,0.0,63.32,Fall,Friday,False,False
5,SKU0005,2023-11-11,367,69.95,25671.51,12848.67,12822.84,0.0,61.39,Fall,Saturday,False,False
5,SKU0005,2023-11-12,418,71.06,29701.55,14634.18,15067.37,0.0,67.66,Fall,Sunday,False,False
5,SKU0005,2023-11-13,292,72.77,21249.01,10222.92,11026.09,0.0,66.73,Fall,Monday,False,False
5,SKU0005,2023-11-14,859,53.98,46368.19,30073.59,16294.6,20.61,70.01,Fall,Tuesday,False,True
5,SKU0005,2023-11-15,284,68.64,19493.64,9942.84,9550.8,0.0,80.22,Fall,Wednesday,False,False
5,SKU0005,2023-11-16,357,67.78,24195.83,12498.57,11697.26,0.0,70.52,Fall,Thursday,False,False
5,SKU0005,2023-11-17,454,53.82,24435.62,15894.54,8541.08,24.73,67.36,Fall,Friday,False,True
5,SKU0005,2023-11-18,314,76.51,24024.85,10993.14,13031.71,0.0,59.61,Fall,Saturday,False,False
5,SKU0005,2023-11-19,371,63.41,23523.35,12988.71,10534.64,0.0,71.35,Fall,Sunday,False,False
5,SKU0005,2023-11-20,319,76.4,24372.17,11168.19,13203.98,0.0,72.56,Fall,Monday,False,False
5,SKU0005,2023-11-21,417,66.08,27553.74,14599.17,12954.57,0.0,77.84,Fall,Tuesday,False,False
5,SKU0005,2023-11-22,336,71.42,23995.93,11763.36,12232.57,0.0,78.24,Fall,Wednesday,False,False
5,SKU0005,2023-11-23,342,75.34,25765.23,11973.42,13791.81,0.0,62.64,Fall,Thursday,False,False
5,SKU0005,2023-11-25,532,76.43,40663.03,18625.32,22037.71,0.0,76.47,Fall,Saturday,True,False
5,SKU0005,2023-11-26,493,67.1,33079.91,17259.93,15819.98,0.0,63.31,Fall,Sunday,False,False
5,SKU0005,2023-11-27,267,75.62,20191.83,9347.67,10844.16,0.0,72.19,Fall,Monday,False,False
5,SKU0005,2023-11-28,321,75.9,24364.44,11238.21,13126.23,0.0,79.02,Fall,Tuesday,False,False
5,SKU0005,2023-11-29,288,68.46,19717.46,10082.88,9634.58,0.0,61.96,Fall,Wednesday,False,False
5,SKU0005,2023-11-30,309,67.76,20936.66,10818.09,10118.57,0.0,64.55,Fall,Thursday,False,False
5,SKU0005,2023-12-01,317,65.66,20812.8,11098.17,9714.63,0.0,67.04,Winter,Friday,False,False
5,SKU0005,2023-12-02,279,75.92,21180.96,9767.79,11413.17,0.0,78.63,Winter,Saturday,False,False
5,SKU0005,2023-12-03,264,74.77,19738.81,9242.64,10496.17,0.0,70.44,Winter,Sunday,False,False
5,SKU0005,2023-12-04,389,67.51,26260.23,13618.89,12641.34,0.0,71.6,Winter,Monday,False,False
5,SKU0005,2023-12-05,305,68.54,20904.14,10678.05,10226.09,0.0,63.74,Winter,Tuesday,False,False
5,SKU0005,2023-12-06,326,69.29,22588.69,11413.26,11175.43,0.0,79.35,Winter,Wednesday,False,False
5,SKU0005,2023-12-07,285,69.11,19696.83,9977.85,9718.98,0.0,60.02,Winter,Thursday,False,False
5,SKU0005,2023-12-08,214,70.88,15167.85,7492.14,7675.71,0.0,65.94,Winter,Friday,False,False
5,SKU0005,2023-12-09,336,73.81,24800.65,11763.36,13037.29,0.0,74.2,Winter,Saturday,False,False
5,SKU0005,2023-12-10,321,63.6,20415.93,11238.21,9177.72,0.0,65.97,Winter,Sunday,False,False
5,SKU0005,2023-12-11,252,75.63,19057.62,8822.52,10235.1,0.0,72.98,Winter,Monday,False,False
5,SKU0005,2023-12-13,454,65.65,29806.96,15894.54,13912.42,0.0,60.62,Winter,Wednesday,False,False
5,SKU0005,2023-12-14,293,75.25,22049.24,10257.93,11791.31,0.0,70.52,Winter,Thursday,False,False
5,SKU0005,2023-12-15,326,68.21,22236.79,11413.26,10823.53,0.0,78.65,Winter,Friday,False,False
5,SKU0005,2023-12-16,904,58.47,52859.87,31649.04,21210.83,23.39,61.05,Winter,Saturday,False,True
5,SKU0005,2023-12-17,363,65.91,23926.47,12708.63,11217.84,0.0,59.84,Winter,Sunday,False,False
5,SKU0005,2023-12-18,375,65.9,24713.72,13128.75,11584.97,0.0,78.93,Winter,Monday,False,False
5,SKU0005,2023-12-19,859,51.64,44362.21,30073.59,14288.62,22.2,80.2,Winter,Tuesday,False,True
5,SKU0005,2023-12-20,273,74.59,20363.98,9557.73,10806.25,0.0,77.12,Winter,Wednesday,False,False
5,SKU0005,2023-12-21,826,56.1,46339.83,28918.26,17421.57,13.69,78.04,Winter,Thursday,False,True
5,SKU0005,2023-12-22,326,71.01,23148.56,11413.26,11735.3,0.0,72.67,Winter,Friday,False,False
5,SKU0005,2023-12-23,322,75.32,24254.02,11273.22,12980.8,0.0,65.24,Winter,Saturday,False,False
5,SKU0005,2023-12-24,284,68.84,19551.15,9942.84,9608.31,0.0,65.36,Winter,Sunday,False,False
5,SKU0005,2023-12-25,294,74.46,21889.89,10292.94,11596.95,0.0,72.12,Winter,Monday,True,False
5,SKU0005,2023-12-26,405,68.56,27765.24,14179.05,13586.19,0.0,68.95,Winter,Tuesday,True,False
5,SKU0005,2023-12-27,348,66.14,23016.91,12183.48,10833.43,0.0,61.94,Winter,Wednesday,False,False
5,SKU0005,2023-12-28,253,69.86,17674.45,8857.53,8816.92,0.0,66.39,Winter,Thursday,False,False
5,SKU0005,2023-12-29,461,66.61,30707.22,16139.61,14567.61,0.0,79.07,Winter,Friday,False,False
5,SKU0005,2023-12-30,439,70.53,30961.7,15369.39,15592.31,0.0,71.49,Winter,Saturday,False,False
5,SKU0005,2023-12-31,472,64.69,30533.72,16524.72,14009.0,0.0,78.09,Winter,Sunday,False,False
5,SKU0005,2024-01-01,388,70.79,27465.25,13583.88,13881.37,0.0,62.19,Winter,Monday,True,False
5,SKU0005,2024-01-02,297,69.59,20666.83,10397.97,10268.86,0.0,64.32,Winter,Tuesday,False,False
5,SKU0005,2024-01-03,300,65.6,19680.43,10503.0,9177.43,0.0,76.46,Winter,Wednesday,False,False
5,SKU0005,2024-01-04,291,71.63,20845.77,10187.91,10657.86,0.0,62.52,Winter,Thursday,False,False
5,SKU0005,2024-01-05,390,63.59,24801.23,13653.9,11147.33,0.0,75.62,Winter,Friday,False,False
5,SKU0005,2024-01-06,338,65.96,22296.13,11833.38,10462.75,0.0,71.47,Winter,Saturday,False,False
5,SKU0005,2024-01-07,410,67.8,27797.27,14354.1,13443.17,0.0,78.88,Winter,Sunday,False,False
5,SKU0005,2024-01-08,339,65.83,22315.66,11868.39,10447.27,0.0,67.74,Winter,Monday,False,False
5,SKU0005,2024-01-09,237,67.1,15903.75,8297.37,7606.38,0.0,63.38,Winter,Tuesday,False,False
5,SKU0005,2024-01-10,246,72.23,17769.27,8612.46,9156.81,0.0,77.82,Winter,Wednesday,False,False
5,SKU0005,2024-01-11,693,54.54,37799.47,24261.93,13537.54,17.93,62.53,Winter,Thursday,False,True
5,SKU0005,2024-01-12,478,63.81,30502.24,16734.78,13767.46,0.0,68.13,Winter,Friday,False,False
5,SKU0005,2024-01-13,374,71.68,26808.57,13093.74,13714.83,0.0,79.11,Winter,Saturday,False,False
5,SKU0005,2024-01-14,342,65.03,22239.37,11973.42,10265.95,0.0,64.43,Winter,Sunday,False,False
5,SKU0005,2024-01-15,316,70.9,22403.84,11063.16,11340.68,0.0,75.66,Winter,Monday,False,False
5,SKU0005,2024-01-16,264,66.16,17466.81,9242.64,8224.17,0.0,71.36,Winter,Tuesday,False,False
5,SKU0005,2024-01-17,841,55.04,46291.28,29443.41,16847.87,23.66,73.06,Winter,Wednesday,False,True
5,SKU0005,2024-01-18,267,71.65,19129.26,9347.67,9781.59,0.0,75.23,Winter,Thursday,False,False
5,SKU0005,2024-01-19,284,71.6,20333.54,9942.84,10390.7,0.0,80.27,Winter,Friday,False,False
5,SKU0005,2024-01-20,364,75.89,27625.29,12743.64,14881.65,0.0,70.79,Winter,Saturday,False,False
5,SKU0005,2024-01-21,345,65.04,22438.9,12078.45,10360.45,0.0,63.18,Winter,Sunday,False,False
5,SKU0005,2024-01-22,194,77.01,14939.93,6791.94,8147.99,0.0,67.25,Winter,Monday,False,False
5,SKU0005,2024-01-23,452,65.26,29498.93,15824.52,13674.41,12.16,74.45,Winter,Tuesday,False,True
5,SKU0005,2024-01-24,396,66.2,26213.9,13863.96,12349.94,0.0,77.16,Winter,Wednesday,False,False
5,SKU0005,2024-01-25,194,76.21,14784.37,6791.94,7992.43,0.0,68.29,Winter,Thursday,False,False
5,SKU0005,2024-01-26,178,69.23,12323.7,6231.78,6091.92,0.0,67.15,Winter,Friday,False,False
5,SKU0005,2024-01-27,355,68.6,24354.41,12428.55,11925.86,0.0,63.84,Winter,Saturday,False,False
5,SKU0005,2024-01-28,453,65.69,29758.6,15859.53,13899.07,0.0,77.87,Winter,Sunday,False,False
5,SKU0005,2024-01-29,339,71.68,24301.13,11868.39,12432.74,0.0,71.03,Winter,Monday,False,False
5,SKU0005,2024-01-30,294,68.73,20207.96,10292.94,9915.02,0.0,64.0,Winter,Tuesday,False,False
5,SKU0005,2024-01-31,340,64.54,21943.44,11903.4,10040.04,0.0,65.83,Winter,Wednesday,False,False
5,SKU0005,2024-02-01,315,73.87,23267.53,11028.15,12239.38,0.0,60.59,Winter,Thursday,False,False
5,SKU0005,2024-02-02,213,70.74,15068.45,7457.13,7611.32,0.0,67.59,Winter,Friday,False,False
5,SKU0005,2024-02-03,396,65.54,25955.08,13863.96,12091.12,0.0,74.09,Winter,Saturday,False,False
5,SKU0005,2024-02-04,347,72.36,25108.43,12148.47,12959.96,0.0,75.19,Winter,Sunday,False,False
5,SKU0005,2024-02-05,379,65.2,24711.03,13268.79,11442.24,0.0,75.94,Winter,Monday,False,False
5,SKU0005,2024-02-06,291,68.78,20014.31,10187.91,9826.4,0.0,77.75,Winter,Tuesday,False,False
5,SKU0005,2024-02-07,253,76.06,19242.99,8857.53,10385.46,0.0,79.12,Winter,Wednesday,False,False
5,SKU0005,2024-02-08,171,73.32,12536.93,5986.71,6550.22,0.0,73.72,Winter,Thursday,False,False
5,SKU0005,2024-02-10,478,63.76,30475.73,16734.78,13740.95,0.0,66.1,Winter,Saturday,False,False
5,SKU0005,2024-02-11,355,65.86,23380.62,12428.55,10952.07,0.0,63.99,Winter,Sunday,False,False
5,SKU0005,2024-02-12,325,68.1,22132.7,11378.25,10754.45,0.0,71.77,Winter,Monday,False,False
5,SKU0005,2024-02-13,327,69.67,22782.46,11448.27,11334.19,0.0,65.6,Winter,Tuesday,False,False
5,SKU0005,2024-02-14,363,70.89,25731.86,12708.63,13023.23,0.0,62.71,Winter,Wednesday,True,False
5,SKU0005,2024-02-15,306,70.47,21564.55,10713.06,10851.49,0.0,62.84,Winter,Thursday,False,False
5,SKU0005,2024-02-16,262,69.59,18233.58,9172.62,9060.96,0.0,74.01,Winter,Friday,False,False
5,SKU0005,2024-02-17,288,76.69,22086.04,10082.88,12003.16,0.0,62.6,Winter,Saturday,False,False
5,SKU0005,2024-02-18,355,73.6,26128.16,12428.55,13699.61,0.0,67.52,Winter,Sunday,False,False
5,SKU0005,2024-02-20,241,74.47,17947.9,8437.41,9510.49,0.0,71.8,Winter,Tuesday,False,False
5,SKU0005,2024-02-21,264,75.54,19941.88,9242.64,10699.24,0.0,79.4,Winter,Wednesday,False,False
5,SKU0005,2024-02-22,284,75.42,21419.28,9942.84,11476.44,0.0,78.14,Winter,Thursday,False,False
5,SKU0005,2024-02-23,492,55.5,27303.59,17224.92,10078.67,14.5,62.66,Winter,Friday,False,True
5,SKU0005,2024-02-24,376,74.09,27859.61,13163.76,14695.85,0.0,79.72,Winter,Saturday,False,False
5,SKU0005,2024-02-25,315,72.98,22988.88,11028.15,11960.73,0.0,61.26,Winter,Sunday,False,False
5,SKU0005,2024-02-27,371,68.87,25550.03,12988.71,12561.32,0.0,77.4,Winter,Tuesday,False,False
5,SKU0005,2024-02-28,266,66.94,17806.72,9312.66,8494.06,0.0,78.76,Winter,Wednesday,False,False
5,SKU0005,2024-02-29,227,75.7,17184.59,7947.27,9237.32,0.0,64.53,Winter,Thursday,False,False
5,SKU0005,2024-03-01,272,69.3,18850.91,9522.72,9328.19,0.0,60.37,Spring,Friday,False,False
5,SKU0005,2024-03-02,263,73.66,19371.99,9207.63,10164.36,0.0,61.2,Spring,Saturday,False,False
5,SKU0005,2024-03-03,498,64.85,32294.12,17434.98,14859.14,0.0,72.63,Spring,Sunday,False,False
5,SKU0005,2024-03-04,303,63.29,19175.98,10608.03,8567.95,0.0,78.52,Spring,Monday,False,False
5,SKU0005,2024-03-05,316,63.52,20072.92,11063.16,9009.76,0.0,74.16,Spring,Tuesday,False,False
5,SKU0005,2024-03-06,251,74.27,18640.58,8787.51,9853.07,0.0,75.99,Spring,Wednesday,False,False
5,SKU0005,2024-03-07,244,67.81,16545.44,8542.44,8003.0,0.0,74.62,Spring,Thursday,False,False
5,SKU0005,2024-03-08,262,69.86,18304.26,9172.62,9131.64,0.0,78.7,Spring,Friday,False,False
5,SKU0005,2024-03-09,423,64.21,27158.92,14809.23,12349.69,0.0,66.21,Spring,Saturday,False,False
5,SKU0005,2024-03-10,378,64.61,24421.75,13233.78,11187.97,0.0,76.45,Spring,Sunday,False,False
5,SKU0005,2024-03-11,333,64.06,21332.01,11658.33,9673.68,0.0,62.75,Spring,Monday,False,False
5,SKU0005,2024-03-12,226,73.93,16707.14,7912.26,8794.88,0.0,59.72,Spring,Tuesday,False,False
5,SKU0005,2024-03-13,471,57.19,26934.94,16489.71,10445.23,23.05,62.8,Spring,Wednesday,False,True
5,SKU0005,2024-03-14,248,75.22,18654.65,8682.48,9972.17,0.0,77.86,Spring,Thursday,False,False
5,SKU0005,2024-03-15,421,64.5,27154.53,14739.21,12415.32,0.0,74.31,Spring,Friday,False,False
5,SKU0005,2024-03-16,300,73.47,22039.76,10503.0,11536.76,0.0,61.44,Spring,Saturday,False,False
5,SKU0005,2024-03-17,434,63.07,27373.16,15194.34,12178.82,0.0,64.41,Spring,Sunday,False,False
5,SKU0005,2024-03-18,745,54.63,40703.03,26082.45,14620.58,14.81,69.52,Spring,Monday,False,True
5,SKU0005,2024-03-19,183,76.85,14064.09,6406.83,7657.26,0.0,63.43,Spring,Tuesday,False,False
5,SKU0005,2024-03-20,323,72.49,23413.28,11308.23,12105.05,0.0,60.8,Spring,Wednesday,False,False
5,SKU0005,2024-03-21,360,63.11,22718.31,12603.6,10114.71,0.0,63.67,Spring,Thursday,False,False
5,SKU0005,2024-03-22,339,70.61,23936.16,11868.39,12067.77,0.0,74.22,Spring,Friday,False,False
5,SKU0005,2024-03-23,361,64.08,23132.6,12638.61,10493.99,0.0,66.27,Spring,Saturday,False,False
5,SKU0005,2024-03-24,495,65.29,32319.83,17329.95,14989.88,0.0,71.96,Spring,Sunday,False,False
5,SKU0005,2024-03-25,309,70.11,21664.98,10818.09,10846.89,0.0,68.48,Spring,Monday,False,False
5,SKU0005,2024-03-26,271,73.32,19868.95,9487.71,10381.24,0.0,73.27,Spring,Tuesday,False,False
5,SKU0005,2024-03-27,322,66.54,21426.64,11273.22,10153.42,0.0,60.88,Spring,Wednesday,False,False
5,SKU0005,2024-03-28,678,53.6,36338.55,23736.78,12601.77,20.99,76.69,Spring,Thursday,False,True
5,SKU0005,2024-03-30,412,64.25,26472.48,14424.12,12048.36,0.0,78.77,Spring,Saturday,False,False
5,SKU0005,2024-03-31,217,72.56,15744.62,7597.17,8147.45,0.0,60.9,Spring,Sunday,False,False
5,SKU0005,2024-04-01,199,74.78,14880.72,6966.99,7913.73,0.0,75.11,Spring,Monday,False,False
5,SKU0005,2024-04-02,270,70.02,18904.25,9452.7,9451.55,0.0,66.1,Spring,Tuesday,False,False
5,SKU0005,2024-04-03,335,65.68,22003.72,11728.35,10275.37,0.0,60.41,Spring,Wednesday,False,False
5,SKU0005,2024-04-04,279,69.53,19398.62,9767.79,9630.83,0.0,78.91,Spring,Thursday,False,False
5,SKU0005,2024-04-05,269,76.63,20614.48,9417.69,11196.79,0.0,78.4,Spring,Friday,False,False
5,SKU0005,2024-04-06,278,65.01,18072.15,9732.78,8339.37,0.0,68.33,Spring,Saturday,False,False
5,SKU0005,2024-04-07,802,55.39,44420.28,28078.02,16342.26,14.75,72.8,Spring,Sunday,False,True
5,SKU0005,2024-04-08,253,63.21,15992.98,8857.53,7135.45,0.0,73.42,Spring,Monday,False,False
5,SKU0005,2024-04-09,297,71.32,21182.48,10397.97,10784.51,0.0,61.51,Spring,Tuesday,False,False
5,SKU0005,2024-04-10,321,65.12,20902.62,11238.21,9664.41,0.0,59.97,Spring,Wednesday,False,False
5,SKU0005,2024-04-11,322,67.27,21660.46,11273.22,10387.24,0.0,71.06,Spring,Thursday,False,False
5,SKU0005,2024-04-12,243,69.83,16969.04,8507.43,8461.61,0.0,68.61,Spring,Friday,False,False
5,SKU0005,2024-04-13,464,65.26,30278.84,16244.64,14034.2,0.0,60.77,Spring,Saturday,False,False
5,SKU0005,2024-04-14,471,63.95,30122.78,16489.71,13633.07,0.0,69.53,Spring,Sunday,False,False
5,SKU0005,2024-04-15,341,66.31,22612.08,11938.41,10673.67,0.0,76.4,Spring,Monday,False,False
5,SKU0005,2024-04-16,342,63.2,21614.26,11973.42,9640.84,0.0,62.85,Spring,Tuesday,False,False
5,SKU0005,2024-04-17,278,72.6,20182.12,9732.78,10449.34,0.0,62.08,Spring,Wednesday,False,False
5,SKU0005,2024-04-18,274,66.97,18348.6,9592.74,8755.86,0.0,76.47,Spring,Thursday,False,False
5,SKU0005,2024-04-19,332,68.19,22640.22,11623.32,11016.9,0.0,60.84,Spring,Friday,False,False
5,SKU0005,2024-04-20,431,68.86,29677.66,15089.31,14588.35,0.0,66.37,Spring,Saturday,False,False
5,SKU0005,2024-04-21,330,75.23,24825.15,11553.3,13271.85,0.0,78.75,Spring,Sunday,False,False
5,SKU0005,2024-04-22,218,74.04,16139.94,7632.18,8507.76,0.0,71.64,Spring,Monday,False,False
5,SKU0005,2024-04-23,337,65.74,22154.4,11798.37,10356.03,0.0,66.28,Spring,Tuesday,False,False
5,SKU0005,2024-04-24,183,76.62,14021.05,6406.83,7614.22,0.0,71.97,Spring,Wednesday,False,False
5,SKU0005,2024-04-25,263,74.5,19592.57,9207.63,10384.94,0.0,69.38,Spring,Thursday,False,False
5,SKU0005,2024-04-26,541,62.15,33623.17,18940.41,14682.76,11.43,72.62,Spring,Friday,False,True
5,SKU0005,2024-04-27,539,56.59,30499.95,18870.39,11629.56,19.04,79.65,Spring,Saturday,False,True
5,SKU0005,2024-04-28,281,69.31,19476.84,9837.81,9639.03,0.0,76.14,Spring,Sunday,False,False
5,SKU0005,2024-04-29,313,65.02,20351.8,10958.13,9393.67,0.0,60.76,Spring,Monday,False,False
5,SKU0005,2024-04-30,250,71.88,17970.88,8752.5,9218.38,0.0,76.84,Spring,Tuesday,False,False
5,SKU0005,2024-05-01,267,65.06,17372.16,9347.67,8024.49,0.0,66.24,Spring,Wednesday,False,False
5,SKU0005,2024-05-02,280,71.49,20016.42,9802.8,10213.62,0.0,76.83,Spring,Thursday,False,False
5,SKU0005,2024-05-03,237,76.43,18113.91,8297.37,9816.54,0.0,62.05,Spring,Friday,False,False
5,SKU0005,2024-05-04,292,73.32,21408.82,10222.92,11185.9,0.0,76.3,Spring,Saturday,False,False
5,SKU0005,2024-05-05,260,74.09,19263.68,9102.6,10161.08,0.0,76.71,Spring,Sunday,False,False
5,SKU0005,2024-05-07,309,73.69,22771.53,10818.09,11953.44,0.0,69.28,Spring,Tuesday,False,False
5,SKU0005,2024-05-08,303,65.09,19720.81,10608.03,9112.78,0.0,71.18,Spring,Wednesday,False,False
5,SKU0005,2024-05-09,225,73.64,16568.89,7877.25,8691.64,0.0,65.26,Spring,Thursday,False,False
5,SKU0005,2024-05-10,272,72.91,19831.24,9522.72,10308.52,0.0,62.94,Spring,Friday,False,False
5,SKU0005,2024-05-11,260,76.41,19865.9,9102.6,10763.3,0.0,77.74,Spring,Saturday,False,False
