data/sales_data.csv
product_id,sku,date,quantity,price,revenue,cost,profit,discount_percent,competitor_price,season,day_of_week,is_holiday,promotion_active
5,SKU0005,2024-05-12,346,68.18,23591.31,12113.46,11477.85,0.0,74.65,Spring,Sunday,False,False
5,SKU0005,2024-05-13,291,71.82,20901.07,10187.91,10713.16,0.0,67.83,Spring,Monday,False,False
5,SKU0005,2024-05-15,323,70.94,22913.26,11308.23,11605.03,0.0,78.07,Spring,Wednesday,False,False
5,SKU0005,2024-05-16,475,64.31,30547.82,16629.75,13918.07,11.98,60.94,Spring,Thursday,False,True
5,SKU0005,2024-05-17,258,70.34,18147.47,9032.58,9114.89,0.0,64.45,Spring,Friday,False,False
5,SKU0005,2024-05-18,269,76.63,20614.64,9417.69,11196.95,0.0,68.18,Spring,Saturday,False,False
5,SKU0005,2024-05-19,332,69.91,23211.56,11623.32,11588.24,0.0,70.54,Spring,Sunday,False,False
5,SKU0005,2024-05-20,215,68.56,14741.14,7527.15,7213.99,0.0,76.8,Spring,Monday,False,False
5,SKU0005,2024-05-21,348,69.3,24115.97,12183.48,11932.49,0.0,78.66,Spring,Tuesday,False,False
5,SKU0005,2024-05-22,315,66.37,20906.13,11028.15,9877.98,0.0,71.23,Spring,Wednesday,False,False
5,SKU0005,2024-05-24,358,66.28,23726.9,12533.58,11193.32,0.0,77.8,Spring,Friday,False,False
5,SKU0005,2024-05-25,306,67.54,20667.42,10713.06,9954.36,0.0,73.6,Spring,Saturday,False,False
5,SKU0005,2024-05-26,681,60.92,41486.72,23841.81,17644.91,17.38,74.16,Spring,Sunday,False,True
5,SKU0005,2024-05-27,330,63.58,20981.39,11553.3,9428.09,0.0,63.9,Spring,Monday,False,False
5,SKU0005,2024-05-28,394,63.12,24868.56,13793.94,11074.62,0.0,71.73,Spring,Tuesday,False,False
5,SKU0005,2024-05-29,159,75.6,12020.67,5566.59,6454.08,0.0,63.99,Spring,Wednesday,False,False
5,SKU0005,2024-05-30,229,75.83,17366.09,8017.29,9348.8,0.0,65.43,Spring,Thursday,False,False
5,SKU0005,2024-05-31,251,70.17,17613.26,8787.51,8825.75,0.0,63.75,Spring,Friday,False,False
5,SKU0005,2024-06-01,243,67.7,16451.62,8507.43,7944.19,0.0,64.99,Summer,Saturday,False,False
5,SKU0005,2024-06-03,147,72.14,10604.63,5146.47,5458.16,0.0,68.04,Summer,Monday,False,False
5,SKU0005,2024-06-04,195,63.6,12402.27,6826.95,5575.32,0.0,75.12,Summer,Tuesday,False,False
5,SKU0005,2024-06-05,199,65.82,13098.34,6966.99,6131.35,0.0,75.21,Summer,Wednesday,False,False
5,SKU0005,2024-06-06,141,72.46,10216.8,4936.41,5280.39,0.0,76.7,Summer,Thursday,False,False
5,SKU0005,2024-06-07,245,63.78,15625.94,8577.45,7048.49,0.0,71.42,Summer,Friday,False,False
5,SKU0005,2024-06-08,224,66.55,14907.57,7842.24,7065.33,0.0,66.03,Summer,Saturday,False,False
5,SKU0005,2024-06-09,138,65.55,9046.12,4831.38,4214.74,0.0,70.01,Summer,Sunday,False,False
5,SKU0005,2024-06-10,151,73.1,11038.17,5286.51,5751.66,0.0,67.73,Summer,Monday,False,False
5,SKU0005,2024-06-11,124,75.91,9413.23,4341.24,5071.99,0.0,72.05,Summer,Tuesday,False,False
5,SKU0005,2024-06-12,124,72.36,8972.52,4341.24,4631.28,0.0,61.15,Summer,Wednesday,False,False
5,SKU0005,2024-06-15,230,73.22,16841.38,8052.3,8789.08,0.0,61.56,Summer,Saturday,False,False
5,SKU0005,2024-06-16,208,72.06,14988.77,7282.08,7706.69,0.0,75.1,Summer,Sunday,False,False
5,SKU0005,2024-06-17,177,66.94,11848.17,6196.77,5651.4,0.0,65.77,Summer,Monday,False,False
5,SKU0005,2024-06-18,420,56.85,23878.29,14704.2,9174.09,12.13,79.1,Summer,Tuesday,False,True
5,SKU0005,2024-06-19,138,75.83,10463.93,4831.38,5632.55,0.0,72.89,Summer,Wednesday,False,False
5,SKU0005,2024-06-20,139,74.12,10302.66,4866.39,5436.27,0.0,79.1,Summer,Thursday,False,False
5,SKU0005,2024-06-21,174,64.59,11239.47,6091.74,5147.73,0.0,69.08,Summer,Friday,False,False
5,SKU0005,2024-06-22,143,72.75,10403.2,5006.43,5396.77,0.0,59.99,Summer,Saturday,False,False
5,SKU0005,2024-06-23,244,63.9,15592.63,8542.44,7050.19,0.0,64.04,Summer,Sunday,False,False
5,SKU0005,2024-06-25,177,69.54,12308.52,6196.77,6111.75,0.0,59.8,Summer,Tuesday,False,False
5,SKU0005,2024-06-26,154,72.21,11120.83,5391.54,5729.29,0.0,77.93,Summer,Wednesday,False,False
5,SKU0005,2024-06-27,138,73.09,10085.74,4831.38,5254.36,0.0,65.13,Summer,Thursday,False,False
5,SKU0005,2024-06-28,158,76.51,12088.03,5531.58,6556.45,0.0,74.0,Summer,Friday,False,False
5,SKU0005,2024-06-30,203,75.02,15228.94,7107.03,8121.91,0.0,74.28,Summer,Sunday,False,False
5,SKU0005,2024-07-01,136,73.04,9933.28,4761.36,5171.92,0.0,65.54,Summer,Monday,False,False
5,SKU0005,2024-07-02,408,52.95,21605.35,14284.08,7321.27,22.31,67.36,Summer,Tuesday,False,True
5,SKU0005,2024-07-03,125,73.19,9148.46,4376.25,4772.21,0.0,66.25,Summer,Wednesday,False,False
5,SKU0005,2024-07-04,221,68.72,15186.6,7737.21,7449.39,0.0,67.33,Summer,Thursday,True,False
5,SKU0005,2024-07-05,180,73.76,13277.42,6301.8,6975.62,0.0,73.65,Summer,Friday,False,False
5,SKU0005,2024-07-06,211,72.48,15293.42,7387.11,7906.31,0.0,79.71,Summer,Saturday,False,False
5,SKU0005,2024-07-07,507,58.53,29676.3,17750.07,11926.23,12.06,73.08,Summer,Sunday,False,True
5,SKU0005,2024-07-08,187,70.57,13196.43,6546.87,6649.56,0.0,78.21,Summer,Monday,False,False
5,SKU0005,2024-07-09,123,75.88,9332.98,4306.23,5026.75,0.0,62.56,Summer,Tuesday,False,False
5,SKU0005,2024-07-10,158,71.88,11356.77,5531.58,5825.19,0.0,77.4,Summer,Wednesday,False,False
5,SKU0005,2024-07-11,127,76.7,9741.3,4446.27,5295.03,0.0,76.84,Summer,Thursday,False,False
5,SKU0005,2024-07-12,184,74.55,13717.11,6441.84,7275.27,0.0,80.32,Summer,Friday,False,False
5,SKU0005,2024-07-13,172,70.29,12090.58,6021.72,6068.86,0.0,64.87,Summer,Saturday,False,False
5,SKU0005,2024-07-14,199,76.21,15166.55,6966.99,8199.56,0.0,73.89,Summer,Sunday,False,False
5,SKU0005,2024-07-15,201,69.87,14043.56,7037.01,7006.55,0.0,77.09,Summer,Monday,False,False
5,SKU0005,2024-07-16,187,76.14,14237.94,6546.87,7691.07,0.0,76.73,Summer,Tuesday,False,False
5,SKU0005,2024-07-17,177,67.94,12024.55,6196.77,5827.78,0.0,75.3,Summer,Wednesday,False,False
5,SKU0005,2024-07-18,184,71.99,13245.63,6441.84,6803.79,0.0,77.04,Summer,Thursday,False,False
5,SKU0005,2024-07-20,192,70.08,13455.97,6721.92,6734.05,0.0,62.55,Summer,Saturday,False,False
5,SKU0005,2024-07-21,261,65.92,17205.74,9137.61,8068.13,13.63,76.85,Summer,Sunday,False,True
5,SKU0005,2024-07-22,153,64.37,9848.7,5356.53,4492.17,0.0,60.01,Summer,Monday,False,False
5,SKU0005,2024-07-23,442,56.44,24946.24,15474.42,9471.82,12.79,61.02,Summer,Tuesday,False,True
5,SKU0005,2024-07-24,104,76.34,7938.94,3641.04,4297.9,0.0,67.03,Summer,Wednesday,False,False
5,SKU0005,2024-07-25,153,72.79,11136.91,5356.53,5780.38,0.0,67.66,Summer,Thursday,False,False
5,SKU0005,2024-07-26,194,69.02,13389.7,6791.94,6597.76,0.0,69.57,Summer,Friday,False,False
5,SKU0005,2024-07-27,270,63.6,17173.19,9452.7,7720.49,0.0,60.18,Summer,Saturday,False,False
5,SKU0005,2024-07-28,281,63.45,17830.21,9837.81,7992.4,0.0,77.61,Summer,Sunday,False,False
5,SKU0005,2024-07-29,179,70.57,12631.39,6266.79,6364.6,0.0,73.98,Summer,Monday,False,False
5,SKU0005,2024-07-30,225,67.93,15285.19,7877.25,7407.94,0.0,69.82,Summer,Tuesday,False,False
5,SKU0005,2024-07-31,401,52.56,21075.08,14039.01,7036.07,17.31,69.49,Summer,Wednesday,False,True
5,SKU0005,2024-08-01,192,64.18,12322.53,6721.92,5600.61,0.0,74.55,Summer,Thursday,False,False
5,SKU0005,2024-08-02,159,69.39,11032.28,5566.59,5465.69,0.0,64.59,Summer,Friday,False,False
5,SKU0005,2024-08-03,296,63.5,18795.68,10362.96,8432.72,0.0,75.84,Summer,Saturday,False,False
5,SKU0005,2024-08-04,274,66.05,18097.88,9592.74,8505.14,0.0,59.73,Summer,Sunday,False,False
5,SKU0005,2024-08-05,161,75.1,12091.02,5636.61,6454.41,0.0,79.17,Summer,Monday,False,False
5,SKU0005,2024-08-06,208,70.05,14570.2,7282.08,7288.12,0.0,74.16,Summer,Tuesday,False,False
5,SKU0005,2024-08-07,121,75.97,9192.54,4236.21,4956.33,0.0,60.54,Summer,Wednesday,False,False
5,SKU0005,2024-08-08,202,72.8,14704.76,7072.02,7632.74,0.0,78.47,Summer,Thursday,False,False
5,SKU0005,2024-08-09,253,65.3,16520.17,8857.53,7662.64,0.0,66.48,Summer,Friday,False,False
5,SKU0005,2024-08-10,276,65.19,17991.27,9662.76,8328.51,0.0,63.7,Summer,Saturday,False,False
5,SKU0005,2024-08-11,338,63.1,21327.03,11833.38,9493.65,0.0,76.46,Summer,Sunday,False,False
5,SKU0005,2024-08-13,175,67.78,11861.56,6126.75,5734.81,0.0,77.28,Summer,Tuesday,False,False
5,SKU0005,2024-08-14,161,69.25,11148.46,5636.61,5511.85,0.0,78.67,Summer,Wednesday,False,False
5,SKU0005,2024-08-15,231,64.97,15007.48,8087.31,6920.17,0.0,79.4,Summer,Thursday,False,False
5,SKU0005,2024-08-16,153,69.15,10580.43,5356.53,5223.9,0.0,74.2,Summer,Friday,False,False
5,SKU0005,2024-08-17,543,56.01,30414.24,19010.43,11403.81,20.41,61.75,Summer,Saturday,False,True
5,SKU0005,2024-08-18,282,66.92,18872.5,9872.82,8999.68,0.0,68.39,Summer,Sunday,False,False
5,SKU0005,2024-08-19,564,50.54,28502.9,19745.64,8757.26,24.23,67.95,Summer,Monday,False,True
5,SKU0005,2024-08-20,155,75.71,11735.71,5426.55,6309.16,0.0,62.06,Summer,Tuesday,False,False
5,SKU0005,2024-08-21,146,71.01,10366.9,5111.46,5255.44,0.0,68.89,Summer,Wednesday,False,False
5,SKU0005,2024-08-22,163,68.25,11124.09,5706.63,5417.46,0.0,60.92,Summer,Thursday,False,False
5,SKU0005,2024-08-23,242,65.62,15879.04,8472.42,7406.62,0.0,71.27,Summer,Friday,False,False
5,SKU0005,2024-08-24,278,65.08,18092.8,9732.78,8360.02,0.0,74.25,Summer,Saturday,False,False
5,SKU0005,2024-08-25,626,49.92,31252.09,21916.26,9335.83,21.82,73.51,Summer,Sunday,False,True
5,SKU0005,2024-08-26,208,63.14,13133.54,7282.08,5851.46,0.0,62.4,Summer,Monday,False,False
5,SKU0005,2024-08-27,105,75.07,7882.31,3676.05,4206.26,0.0,63.48,Summer,Tuesday,False,False
5,SKU0005,2024-08-28,149,69.72,10388.61,5216.49,5172.12,0.0,67.66,Summer,Wednesday,False,False
5,SKU0005,2024-08-29,223,70.6,15743.76,7807.23,7936.53,0.0,62.59,Summer,Thursday,False,False
5,SKU0005,2024-08-30,142,70.16,9962.46,4971.42,4991.04,0.0,60.95,Summer,Friday,False,False
5,SKU0005,2024-08-31,177,76.85,13601.57,6196.77,7404.8,0.0,64.71,Summer,Saturday,False,False
5,SKU0005,2024-09-01,392,74.78,29313.04,13723.92,15589.12,0.0,64.25,Fall,Sunday,False,False
5,SKU0005,2024-09-02,327,63.85,20880.15,11448.27,9431.88,0.0,77.81,Fall,Monday,False,False
5,SKU0005,2024-09-03,420,63.41,26630.28,14704.2,11926.08,0.0,79.07,Fall,Tuesday,False,False
5,SKU0005,2024-09-04,357,71.51,25529.26,12498.57,13030.69,0.0,75.24,Fall,Wednesday,False,False
5,SKU0005,2024-09-05,312,71.63,22348.25,10923.12,11425.13,0.0,78.19,Fall,Thursday,False,False
5,SKU0005,2024-09-06,420,73.6,30910.76,14704.2,16206.56,0.0,72.1,Fall,Friday,False,False
5,SKU0005,2024-09-07,262,73.84,19347.25,9172.62,10174.63,0.0,60.17,Fall,Saturday,False,False
5,SKU0005,2024-09-08,1400,49.2,68877.35,49014.0,19863.35,23.37,72.99,Fall,Sunday,False,True
5,SKU0005,2024-09-09,335,68.53,22955.98,11728.35,11227.63,0.0,76.46,Fall,Monday,False,False
5,SKU0005,2024-09-10,400,67.27,26907.27,14004.0,12903.27,0.0,66.39,Fall,Tuesday,False,False
5,SKU0005,2024-09-11,289,76.3,22050.91,10117.89,11933.02,0.0,67.63,Fall,Wednesday,False,False
5,SKU0005,2024-09-12,269,72.66,19545.29,9417.69,10127.6,0.0,78.92,Fall,Thursday,False,False
5,SKU0005,2024-09-13,316,72.27,22838.83,11063.16,11775.67,0.0,69.38,Fall,Friday,False,False
5,SKU0005,2024-09-14,575,59.3,34096.91,20130.75,13966.16,15.14,72.78,Fall,Saturday,False,True
5,SKU0005,2024-09-15,477,66.77,31851.21,16699.77,15151.44,0.0,65.59,Fall,Sunday,False,False
5,SKU0005,2024-09-16,373,67.4,25140.94,13058.73,12082.21,0.0,78.57,Fall,Monday,False,False
5,SKU0005,2024-09-17,385,67.9,26140.95,13478.85,12662.1,0.0,76.86,Fall,Tuesday,False,False
5,SKU0005,2024-09-18,396,68.78,27237.35,13863.96,13373.39,0.0,68.42,Fall,Wednesday,False,False
5,SKU0005,2024-09-19,308,73.78,22723.46,10783.08,11940.38,0.0,62.44,Fall,Thursday,False,False
5,SKU0005,2024-09-20,368,67.15,24710.98,12883.68,11827.3,0.0,67.11,Fall,Friday,False,False
5,SKU0005,2024-09-21,370,67.52,24980.65,12953.7,12026.95,0.0,71.74,Fall,Saturday,False,False
5,SKU0005,2024-09-22,319,73.17,23339.7,11168.19,12171.51,0.0,72.93,Fall,Sunday,False,False
5,SKU0005,2024-09-23,341,74.08,25261.41,11938.41,13323.0,0.0,63.36,Fall,Monday,False,False
5,SKU0005,2024-09-24,399,69.98,27920.97,13968.99,13951.98,0.0,69.69,Fall,Tuesday,False,False
5,SKU0005,2024-09-25,307,70.97,21789.3,10748.07,11041.23,0.0,62.59,Fall,Wednesday,False,False
5,SKU0005,2024-09-26,370,66.55,24625.17,12953.7,11671.47,0.0,76.6,Fall,Thursday,False,False
5,SKU0005,2024-09-27,358,63.06,22576.82,12533.58,10043.24,0.0,79.14,Fall,Friday,False,False
5,SKU0005,2024-09-28,473,69.39,32819.8,16559.73,16260.07,0.0,71.78,Fall,Saturday,False,False
5,SKU0005,2024-09-29,420,70.96,29805.14,14704.2,15100.94,0.0,60.59,Fall,Sunday,False,False
5,SKU0005,2024-09-30,345,76.77,26484.16,12078.45,14405.71,0.0,69.52,Fall,Monday,False,False
5,SKU0005,2024-10-01,340,64.69,21994.84,11903.4,10091.44,0.0,67.11,Fall,Tuesday,False,False
5,SKU0005,2024-10-02,381,63.78,24300.66,13338.81,10961.85,0.0,65.34,Fall,Wednesday,False,False
5,SKU0005,2024-10-03,377,66.78,25174.88,13198.77,11976.11,0.0,78.96,Fall,Thursday,False,False
5,SKU0005,2024-10-04,412,65.89,27145.57,14424.12,12721.45,0.0,71.42,Fall,Friday,False,False
5,SKU0005,2024-10-05,926,54.63,50584.21,32419.26,18164.95,19.37,68.55,Fall,Saturday,False,True
5,SKU0005,2024-10-06,325,71.68,23294.97,11378.25,11916.72,0.0,65.12,Fall,Sunday,False,False
5,SKU0005,2024-10-07,321,74.79,24008.27,11238.21,12770.06,0.0,71.15,Fall,Monday,False,False
5,SKU0005,2024-10-08,413,66.1,27298.1,14459.13,12838.97,0.0,76.85,Fall,Tuesday,False,False
5,SKU0005,2024-10-09,269,71.65,19273.48,9417.69,9855.79,0.0,61.43,Fall,Wednesday,False,False
5,SKU0005,2024-10-10,322,76.72,24704.91,11273.22,13431.69,0.0,69.73,Fall,Thursday,False,False
5,SKU0005,2024-10-11,640,64.89,41529.51,22406.4,19123.11,13.31,63.0,Fall,Friday,False,True
5,SKU0005,2024-10-12,456,66.1,30143.27,15964.56,14178.71,0.0,64.53,Fall,Saturday,False,False
5,SKU0005,2024-10-13,385,71.14,27387.07,13478.85,13908.22,0.0,67.64,Fall,Sunday,False,False
5,SKU0005,2024-10-14,428,64.42,27573.27,14984.28,12588.99,0.0,74.48,Fall,Monday,False,False
5,SKU0005,2024-10-15,257,73.37,18855.9,8997.57,9858.33,0.0,72.44,Fall,Tuesday,False,False
5,SKU0005,2024-10-16,324,70.6,22873.71,11343.24,11530.47,0.0,78.04,Fall,Wednesday,False,False
5,SKU0005,2024-10-17,196,74.08,14518.78,6861.96,7656.82,0.0,66.28,Fall,Thursday,False,False
5,SKU0005,2024-10-18,353,71.64,25288.71,12358.53,12930.18,0.0,72.26,Fall,Friday,False,False
5,SKU0005,2024-10-19,276,72.87,20111.9,9662.76,10449.14,0.0,74.2,Fall,Saturday,False,False
5,SKU0005,2024-10-20,426,74.05,31547.06,14914.26,16632.8,0.0,66.12,Fall,Sunday,False,False
5,SKU0005,2024-10-21,350,66.5,23275.6,12253.5,11022.1,0.0,64.37,Fall,Monday,False,False
5,SKU0005,2024-10-23,334,66.44,22189.62,11693.34,10496.28,0.0,69.02,Fall,Wednesday,False,False
5,SKU0005,2024-10-24,330,68.46,22593.03,11553.3,11039.73,0.0,67.52,Fall,Thursday,False,False
5,SKU0005,2024-10-25,361,73.16,26410.54,12638.61,13771.93,0.0,61.4,Fall,Friday,False,False
5,SKU0005,2024-10-26,279,66.22,18475.02,9767.79,8707.23,0.0,80.46,Fall,Saturday,False,False
5,SKU0005,2024-10-27,546,65.38,35696.53,19115.46,16581.07,0.0,73.07,Fall,Sunday,False,False
5,SKU0005,2024-10-28,301,74.36,22383.33,10538.01,11845.32,0.0,80.09,Fall,Monday,False,False
5,SKU0005,2024-10-29,240,73.67,17681.04,8402.4,9278.64,0.0,78.76,Fall,Tuesday,False,False
5,SKU0005,2024-10-30,456,64.93,29609.57,15964.56,13645.01,10.75,79.09,Fall,Wednesday,False,True
5,SKU0005,2024-10-31,587,67.12,39401.38,20550.87,18850.51,0.0,65.37,Fall,Thursday,True,False
5,SKU0005,2024-11-01,319,66.23,21126.14,11168.19,9957.95,0.0,70.45,Fall,Friday,False,False
5,SKU0005,2024-11-02,393,64.31,25273.89,13758.93,11514.96,0.0,73.27,Fall,Saturday,False,False
5,SKU0005,2024-11-03,380,76.38,29022.71,13303.8,15718.91,0.0,63.21,Fall,Sunday,False,False
5,SKU0005,2024-11-04,286,76.21,21796.06,10012.86,11783.2,0.0,64.48,Fall,Monday,False,False
5,SKU0005,2024-11-05,324,65.75,21304.35,11343.24,9961.11,0.0,60.93,Fall,Tuesday,False,False
5,SKU0005,2024-11-06,295,74.46,21966.68,10327.95,11638.73,0.0,62.12,Fall,Wednesday,False,False
5,SKU0005,2024-11-07,248,73.67,18270.93,8682.48,9588.45,0.0,62.73,Fall,Thursday,False,False
5,SKU0005,2024-11-09,407,73.75,30016.23,14249.07,15767.16,0.0,59.95,Fall,Saturday,False,False
5,SKU0005,2024-11-10,523,63.81,33374.79,18310.23,15064.56,0.0,60.53,Fall,Sunday,False,False
5,SKU0005,2024-11-11,410,64.87,26596.95,14354.1,12242.85,0.0,77.04,Fall,Monday,False,False
5,SKU0005,2024-11-12,459,66.93,30720.41,16069.59,14650.82,0.0,63.2,Fall,Tuesday,False,False
5,SKU0005,2024-11-13,368,66.49,24469.79,12883.68,11586.11,0.0,75.37,Fall,Wednesday,False,False
5,SKU0005,2024-11-14,505,61.47,31040.96,17680.05,13360.91,10.01,76.3,Fall,Thursday,False,True
5,SKU0005,2024-11-15,367,68.55,25157.78,12848.67,12309.11,0.0,68.0,Fall,Friday,False,False
5,SKU0005,2024-11-16,425,76.49,32508.81,14879.25,17629.56,0.0,66.95,Fall,Saturday,False,False
5,SKU0005,2024-11-17,303,73.08,22142.59,10608.03,11534.56,0.0,75.31,Fall,Sunday,False,False
5,SKU0005,2024-11-18,323,68.73,22198.86,11308.23,10890.63,0.0,70.01,Fall,Monday,False,False
5,SKU0005,2024-11-19,399,65.92,26300.22,13968.99,12331.23,0.0,67.24,Fall,Tuesday,False,False
5,SKU0005,2024-11-20,311,71.48,22230.89,10888.11,11342.78,0.0,67.41,Fall,Wednesday,False,False
5,SKU0005,2024-11-21,304,67.42,20496.56,10643.04,9853.52,0.0,59.85,Fall,Thursday,False,False
5,SKU0005,2024-11-22,361,71.96,25977.16,12638.61,13338.55,0.0,77.69,Fall,Friday,False,False
5,SKU0005,2024-11-23,477,73.51,35064.34,16699.77,18364.57,0.0,65.86,Fall,Saturday,False,False
5,SKU0005,2024-11-24,661,63.25,41806.5,23141.61,18664.89,0.0,68.74,Fall,Sunday,True,False
5,SKU0005,2024-11-25,374,69.55,26011.23,13093.74,12917.49,0.0,78.05,Fall,Monday,True,False
5,SKU0005,2024-11-26,261,68.84,17967.47,9137.61,8829.86,0.0,79.42,Fall,Tuesday,False,False
5,SKU0005,2024-11-27,284,75.94,21567.0,9942.84,11624.16,0.0,60.63,Fall,Wednesday,False,False
5,SKU0005,2024-11-28,402,68.43,27509.4,14074.02,13435.38,0.0,68.62,Fall,Thursday,False,False
5,SKU0005,2024-11-29,375,67.99,25494.85,13128.75,12366.1,0.0,69.54,Fall,Friday,False,False
5,SKU0005,2024-11-30,336,75.18,25261.25,11763.36,13497.89,0.0,66.92,Fall,Saturday,False,False
