data/sales_data.csv
product_id,sku,date,quantity,price,revenue,cost,profit,discount_percent,competitor_price,season,day_of_week,is_holiday,promotion_active
5,SKU0005,2024-12-01,277,75.93,21032.47,9697.77,11334.7,0.0,80.36,Winter,Sunday,False,False
5,SKU0005,2024-12-02,231,72.98,16857.53,8087.31,8770.22,0.0,60.04,Winter,Monday,False,False
5,SKU0005,2024-12-04,303,74.2,22482.71,10608.03,11874.68,0.0,72.58,Winter,Wednesday,False,False
5,SKU0005,2024-12-05,287,63.73,18290.81,10047.87,8242.94,0.0,62.11,Winter,Thursday,False,False
5,SKU0005,2024-12-06,377,69.85,26331.63,13198.77,13132.86,0.0,60.28,Winter,Friday,False,False
5,SKU0005,2024-12-07,357,73.22,26140.33,12498.57,13641.76,0.0,60.93,Winter,Saturday,False,False
5,SKU0005,2024-12-08,366,76.08,27846.38,12813.66,15032.72,0.0,73.39,Winter,Sunday,False,False
5,SKU0005,2024-12-09,219,73.14,16016.89,7667.19,8349.7,0.0,62.5,Winter,Monday,False,False
5,SKU0005,2024-12-10,291,64.32,18718.0,10187.91,8530.09,0.0,67.8,Winter,Tuesday,False,False
5,SKU0005,2024-12-11,842,50.91,42869.17,29478.42,13390.75,24.3,71.48,Winter,Wednesday,False,True
5,SKU0005,2024-12-12,283,74.58,21107.33,9907.83,11199.5,0.0,71.01,Winter,Thursday,False,False
5,SKU0005,2024-12-14,674,64.55,43508.0,23596.74,19911.26,13.98,60.91,Winter,Saturday,False,True
5,SKU0005,2024-12-15,285,76.76,21876.23,9977.85,11898.38,0.0,69.88,Winter,Sunday,False,False
5,SKU0005,2024-12-16,662,53.14,35177.86,23176.62,12001.24,23.49,80.09,Winter,Monday,False,True
5,SKU0005,2024-12-17,295,76.4,22538.35,10327.95,12210.4,0.0,71.25,Winter,Tuesday,False,False
5,SKU0005,2024-12-18,226,74.42,16819.5,7912.26,8907.24,0.0,73.48,Winter,Wednesday,False,False
5,SKU0005,2024-12-19,350,72.37,25329.22,12253.5,13075.72,0.0,71.91,Winter,Thursday,False,False
5,SKU0005,2024-12-20,254,74.31,18874.2,8892.54,9981.66,0.0,64.67,Winter,Friday,False,False
5,SKU0005,2024-12-21,464,69.09,32059.6,16244.64,15814.96,0.0,79.26,Winter,Saturday,False,False
5,SKU0005,2024-12-22,328,76.64,25138.1,11483.28,13654.82,0.0,60.59,Winter,Sunday,False,False
5,SKU0005,2024-12-23,260,74.24,19303.61,9102.6,10201.01,0.0,76.83,Winter,Monday,False,False
5,SKU0005,2024-12-24,241,74.84,18037.46,8437.41,9600.05,0.0,79.6,Winter,Tuesday,False,False
5,SKU0005,2024-12-25,438,65.16,28541.93,15334.38,13207.55,0.0,70.91,Winter,Wednesday,True,False
5,SKU0005,2024-12-26,377,73.42,27677.95,13198.77,14479.18,0.0,66.47,Winter,Thursday,True,False
5,SKU0005,2024-12-27,762,54.05,41186.87,26677.62,14509.25,17.22,60.91,Winter,Friday,False,True
5,SKU0005,2024-12-28,280,75.47,21132.12,9802.8,11329.32,0.0,76.64,Winter,Saturday,False,False
5,SKU0005,2024-12-30,365,64.67,23605.88,12778.65,10827.23,0.0,77.98,Winter,Monday,False,False
5,SKU0005,2024-12-31,169,76.44,12917.97,5916.69,7001.28,0.0,68.03,Winter,Tuesday,False,False
5,SKU0005,2025-01-01,464,67.03,31101.78,16244.64,14857.14,0.0,62.98,Winter,Wednesday,True,False
5,SKU0005,2025-01-02,279,67.6,18860.21,9767.79,9092.42,0.0,61.26,Winter,Thursday,False,False
5,SKU0005,2025-01-03,391,66.66,26062.76,13688.91,12373.85,10.13,69.87,Winter,Friday,False,True
5,SKU0005,2025-01-04,542,59.66,32334.13,18975.42,13358.71,22.12,80.35,Winter,Saturday,False,True
5,SKU0005,2025-01-05,573,57.64,33029.26,20060.73,12968.53,12.0,67.22,Winter,Sunday,False,True
5,SKU0005,2025-01-06,209,74.6,15590.55,7317.09,8273.46,0.0,71.53,Winter,Monday,False,False
5,SKU0005,2025-01-08,318,76.86,24440.38,11133.18,13307.2,0.0,76.77,Winter,Wednesday,False,False
5,SKU0005,2025-01-09,325,65.4,21254.27,11378.25,9876.02,0.0,80.39,Winter,Thursday,False,False
5,SKU0005,2025-01-10,298,71.33,21255.61,10432.98,10822.63,0.0,70.57,Winter,Friday,False,False
5,SKU0005,2025-01-11,425,67.0,28475.58,14879.25,13596.33,0.0,72.25,Winter,Saturday,False,False
5,SKU0005,2025-01-12,348,72.03,25066.12,12183.48,12882.64,0.0,61.54,Winter,Sunday,False,False
5,SKU0005,2025-01-14,231,72.33,16708.41,8087.31,8621.1,0.0,76.54,Winter,Tuesday,False,False
5,SKU0005,2025-01-15,367,70.14,25742.96,12848.67,12894.29,0.0,74.34,Winter,Wednesday,False,False
5,SKU0005,2025-01-16,337,74.32,25045.42,11798.37,13247.05,0.0,80.2,Winter,Thursday,False,False
5,SKU0005,2025-01-17,245,67.59,16560.0,8577.45,7982.55,0.0,62.64,Winter,Friday,False,False
5,SKU0005,2025-01-18,374,64.13,23984.87,13093.74,10891.13,0.0,61.99,Winter,Saturday,False,False
5,SKU0005,2025-01-19,356,69.3,24672.47,12463.56,12208.91,0.0,61.06,Winter,Sunday,False,False
5,SKU0005,2025-01-20,238,72.65,17290.44,8332.38,8958.06,0.0,74.61,Winter,Monday,False,False
5,SKU0005,2025-01-21,388,64.74,25117.24,13583.88,11533.36,0.0,79.32,Winter,Tuesday,False,False
5,SKU0005,2025-01-22,259,71.25,18453.17,9067.59,9385.58,0.0,63.92,Winter,Wednesday,False,False
5,SKU0005,2025-01-23,499,63.49,31682.43,17469.99,14212.44,0.0,63.54,Winter,Thursday,False,False
5,SKU0005,2025-01-24,1105,48.99,54135.8,38686.05,15449.75,22.8,63.44,Winter,Friday,False,True
5,SKU0005,2025-01-25,350,72.24,25283.04,12253.5,13029.54,0.0,74.41,Winter,Saturday,False,False
5,SKU0005,2025-01-26,497,64.88,32244.95,17399.97,14844.98,0.0,79.82,Winter,Sunday,False,False
5,SKU0005,2025-01-27,384,67.43,25891.7,13443.84,12447.86,0.0,71.42,Winter,Monday,False,False
5,SKU0005,2025-01-28,349,63.12,22029.64,12218.49,9811.15,0.0,79.56,Winter,Tuesday,False,False
5,SKU0005,2025-01-29,267,69.84,18646.34,9347.67,9298.67,0.0,62.63,Winter,Wednesday,False,False
5,SKU0005,2025-01-30,345,66.38,22900.85,12078.45,10822.4,0.0,79.62,Winter,Thursday,False,False
5,SKU0005,2025-01-31,311,73.11,22737.79,10888.11,11849.68,0.0,75.71,Winter,Friday,False,False
5,SKU0005,2025-02-01,338,72.98,24667.23,11833.38,12833.85,0.0,67.35,Winter,Saturday,False,False
5,SKU0005,2025-02-02,687,54.17,37216.93,24051.87,13165.06,22.36,63.95,Winter,Sunday,False,True
5,SKU0005,2025-02-03,248,72.24,17916.0,8682.48,9233.52,0.0,70.12,Winter,Monday,False,False
5,SKU0005,2025-02-04,253,75.48,19095.37,8857.53,10237.84,0.0,72.38,Winter,Tuesday,False,False
5,SKU0005,2025-02-05,308,69.11,21285.53,10783.08,10502.45,0.0,76.33,Winter,Wednesday,False,False
5,SKU0005,2025-02-06,357,73.09,26092.55,12498.57,13593.98,0.0,70.83,Winter,Thursday,False,False
5,SKU0005,2025-02-07,296,63.64,18837.85,10362.96,8474.89,0.0,68.07,Winter,Friday,False,False
5,SKU0005,2025-02-08,345,74.11,25566.88,12078.45,13488.43,0.0,77.97,Winter,Saturday,False,False
5,SKU0005,2025-02-09,373,75.82,28280.54,13058.73,15221.81,0.0,64.37,Winter,Sunday,False,False
5,SKU0005,2025-02-10,390,71.29,27804.22,13653.9,14150.32,0.0,65.82,Winter,Monday,False,False
5,SKU0005,2025-02-11,353,63.56,22436.72,12358.53,10078.19,0.0,78.51,Winter,Tuesday,False,False
5,SKU0005,2025-02-12,362,66.73,24157.77,12673.62,11484.15,0.0,60.37,Winter,Wednesday,False,False
5,SKU0005,2025-02-13,336,69.31,23287.92,11763.36,11524.56,0.0,68.55,Winter,Thursday,False,False
5,SKU0005,2025-02-14,356,74.25,26434.67,12463.56,13971.11,0.0,76.62,Winter,Friday,True,False
5,SKU0005,2025-02-15,372,68.85,25613.78,13023.72,12590.06,0.0,79.53,Winter,Saturday,False,False
5,SKU0005,2025-02-16,364,71.98,26201.02,12743.64,13457.38,0.0,72.13,Winter,Sunday,False,False
5,SKU0005,2025-02-17,293,66.72,19548.62,10257.93,9290.69,13.2,65.56,Winter,Monday,False,True
5,SKU0005,2025-02-18,377,66.31,24997.59,13198.77,11798.82,0.0,71.3,Winter,Tuesday,False,False
5,SKU0005,2025-02-19,302,70.65,21336.62,10573.02,10763.6,0.0,73.91,Winter,Wednesday,False,False
5,SKU0005,2025-02-21,355,73.51,26097.02,12428.55,13668.47,0.0,73.33,Winter,Friday,False,False
5,SKU0005,2025-02-22,339,68.84,23335.99,11868.39,11467.6,0.0,63.8,Winter,Saturday,False,False
5,SKU0005,2025-02-23,411,64.38,26462.17,14389.11,12073.06,0.0,66.02,Winter,Sunday,False,False
5,SKU0005,2025-02-24,385,70.7,27220.16,13478.85,13741.31,0.0,80.16,Winter,Monday,False,False
5,SKU0005,2025-02-26,246,73.92,18184.92,8612.46,9572.46,0.0,79.35,Winter,Wednesday,False,False
5,SKU0005,2025-02-27,354,64.61,22870.4,12393.54,10476.86,0.0,62.07,Winter,Thursday,False,False
5,SKU0005,2025-02-28,302,73.93,22328.26,10573.02,11755.24,0.0,62.08,Winter,Friday,False,False
5,SKU0005,2025-03-01,380,66.92,25427.82,13303.8,12124.02,0.0,76.09,Spring,Saturday,False,False
5,SKU0005,2025-03-02,282,68.45,19302.87,9872.82,9430.05,0.0,79.37,Spring,Sunday,False,False
5,SKU0005,2025-03-03,214,75.77,16215.75,7492.14,8723.61,0.0,79.88,Spring,Monday,False,False
5,SKU0005,2025-03-04,205,76.91,15766.9,7177.05,8589.85,0.0,66.7,Spring,Tuesday,False,False
5,SKU0005,2025-03-05,252,72.67,18313.89,8822.52,9491.37,0.0,80.34,Spring,Wednesday,False,False
5,SKU0005,2025-03-06,316,67.94,21468.65,11063.16,10405.49,0.0,67.69,Spring,Thursday,False,False
5,SKU0005,2025-03-07,354,64.47,22821.81,12393.54,10428.27,0.0,76.57,Spring,Friday,False,False
5,SKU0005,2025-03-08,282,65.68,18521.98,9872.82,8649.16,0.0,75.76,Spring,Saturday,False,False
5,SKU0005,2025-03-09,472,63.95,30186.7,16524.72,13661.98,0.0,64.28,Spring,Sunday,False,False
5,SKU0005,2025-03-10,241,75.8,18268.28,8437.41,9830.87,0.0,75.71,Spring,Monday,False,False
5,SKU0005,2025-03-11,315,72.02,22685.03,11028.15,11656.88,0.0,60.4,Spring,Tuesday,False,False
5,SKU0005,2025-03-12,373,63.07,23525.15,13058.73,10466.42,0.0,80.26,Spring,Wednesday,False,False
5,SKU0005,2025-03-13,303,72.1,21847.1,10608.03,11239.07,0.0,77.11,Spring,Thursday,False,False
5,SKU0005,2025-03-14,254,75.09,19072.74,8892.54,10180.2,0.0,77.23,Spring,Friday,False,False
5,SKU0005,2025-03-15,390,70.88,27643.21,13653.9,13989.31,0.0,62.37,Spring,Saturday,False,False
5,SKU0005,2025-03-16,291,76.97,22397.65,10187.91,12209.74,0.0,66.67,Spring,Sunday,False,False
5,SKU0005,2025-03-17,340,63.47,21580.77,11903.4,9677.37,0.0,66.18,Spring,Monday,False,False
5,SKU0005,2025-03-18,324,74.53,24148.24,11343.24,12805.0,0.0,77.55,Spring,Tuesday,False,False
5,SKU0005,2025-03-19,900,50.78,45700.89,31509.0,14191.89,24.46,64.94,Spring,Wednesday,False,True
5,SKU0005,2025-03-20,354,65.16,23067.04,12393.54,10673.5,0.0,68.17,Spring,Thursday,False,False
5,SKU0005,2025-03-21,403,62.61,25233.62,14109.03,11124.59,11.13,65.82,Spring,Friday,False,True
5,SKU0005,2025-03-22,439,65.31,28671.0,15369.39,13301.61,14.92,77.78,Spring,Saturday,False,True
5,SKU0005,2025-03-23,332,71.46,23725.09,11623.32,12101.77,0.0,67.13,Spring,Sunday,False,False
5,SKU0005,2025-03-24,635,56.71,36008.09,22231.35,13776.74,15.01,63.35,Spring,Monday,False,True
5,SKU0005,2025-03-25,221,74.23,16404.04,7737.21,8666.83,0.0,65.33,Spring,Tuesday,False,False
5,SKU0005,2025-03-26,277,70.72,19590.3,9697.77,9892.53,0.0,77.57,Spring,Wednesday,False,False
5,SKU0005,2025-03-27,336,70.71,23756.98,11763.36,11993.62,0.0,74.02,Spring,Thursday,False,False
5,SKU0005,2025-03-28,299,70.75,21155.25,10467.99,10687.26,0.0,78.32,Spring,Friday,False,False
5,SKU0005,2025-03-29,342,63.59,21747.26,11973.42,9773.84,0.0,68.34,Spring,Saturday,False,False
5,SKU0005,2025-03-30,364,66.79,24310.01,12743.64,11566.37,0.0,60.96,Spring,Sunday,False,False
5,SKU0005,2025-03-31,235,71.26,16745.3,8227.35,8517.95,0.0,69.54,Spring,Monday,False,False
5,SKU0005,2025-04-01,278,68.08,18924.92,9732.78,9192.14,0.0,65.07,Spring,Tuesday,False,False
5,SKU0005,2025-04-02,253,70.88,17931.86,8857.53,9074.33,0.0,61.24,Spring,Wednesday,False,False
5,SKU0005,2025-04-03,241,72.1,17375.95,8437.41,8938.54,0.0,77.72,Spring,Thursday,False,False
5,SKU0005,2025-04-04,282,63.25,17837.6,9872.82,7964.78,0.0,74.39,Spring,Friday,False,False
5,SKU0005,2025-04-05,269,76.42,20558.03,9417.69,11140.34,0.0,70.22,Spring,Saturday,False,False
5,SKU0005,2025-04-06,385,63.09,24290.43,13478.85,10811.58,0.0,65.26,Spring,Sunday,False,False
5,SKU0005,2025-04-07,138,73.89,10196.65,4831.38,5365.27,0.0,71.02,Spring,Monday,False,False
5,SKU0005,2025-04-08,953,52.78,50295.74,33364.53,16931.21,20.0,70.6,Spring,Tuesday,False,True
5,SKU0005,2025-04-09,337,68.68,23146.14,11798.37,11347.77,0.0,78.65,Spring,Wednesday,False,False
5,SKU0005,2025-04-10,294,66.51,19552.6,10292.94,9259.66,0.0,62.14,Spring,Thursday,False,False
5,SKU0005,2025-04-11,261,72.1,18817.4,9137.61,9679.79,0.0,80.06,Spring,Friday,False,False
5,SKU0005,2025-04-12,316,65.7,20759.64,11063.16,9696.48,0.0,62.21,Spring,Saturday,False,False
5,SKU0005,2025-04-13,393,71.99,28292.88,13758.93,14533.95,0.0,73.61,Spring,Sunday,False,False
5,SKU0005,2025-04-14,442,63.58,28102.82,15474.42,12628.4,0.0,75.16,Spring,Monday,False,False
5,SKU0005,2025-04-15,262,72.6,19020.59,9172.62,9847.97,0.0,64.1,Spring,Tuesday,False,False
5,SKU0005,2025-04-16,310,71.06,22029.95,10853.1,11176.85,0.0,74.58,Spring,Wednesday,False,False
5,SKU0005,2025-04-17,358,63.21,22629.43,12533.58,10095.85,0.0,63.85,Spring,Thursday,False,False
5,SKU0005,2025-04-18,201,73.16,14705.42,7037.01,7668.41,0.0,77.77,Spring,Friday,False,False
5,SKU0005,2025-04-19,325,68.78,22352.01,11378.25,10973.76,0.0,73.81,Spring,Saturday,False,False
5,SKU0005,2025-04-20,389,65.84,25611.95,13618.89,11993.06,0.0,63.86,Spring,Sunday,False,False
5,SKU0005,2025-04-21,221,75.2,16619.38,7737.21,8882.17,0.0,73.43,Spring,Monday,False,False
5,SKU0005,2025-04-22,222,76.31,16940.78,7772.22,9168.56,0.0,64.81,Spring,Tuesday,False,False
5,SKU0005,2025-04-23,320,65.24,20876.51,11203.2,9673.31,0.0,77.03,Spring,Wednesday,False,False
5,SKU0005,2025-04-24,271,70.36,19067.57,9487.71,9579.86,0.0,61.84,Spring,Thursday,False,False
5,SKU0005,2025-04-25,309,66.99,20699.1,10818.09,9881.01,0.0,75.67,Spring,Friday,False,False
5,SKU0005,2025-04-26,250,73.7,18424.48,8752.5,9671.98,0.0,69.06,Spring,Saturday,False,False
5,SKU0005,2025-04-27,337,66.16,22295.69,11798.37,10497.32,0.0,77.66,Spring,Sunday,False,False
5,SKU0005,2025-04-28,184,76.51,14078.02,6441.84,7636.18,0.0,69.61,Spring,Monday,False,False
5,SKU0005,2025-04-29,377,64.89,24462.53,13198.77,11263.76,0.0,73.07,Spring,Tuesday,False,False
5,SKU0005,2025-04-30,154,76.83,11832.26,5391.54,6440.72,0.0,73.0,Spring,Wednesday,False,False
5,SKU0005,2025-05-01,362,66.77,24169.48,12673.62,11495.86,0.0,64.87,Spring,Thursday,False,False
5,SKU0005,2025-05-02,621,61.76,38354.94,21741.21,16613.73,17.75,68.0,Spring,Friday,False,True
5,SKU0005,2025-05-03,482,67.55,32559.99,16874.82,15685.17,11.61,64.81,Spring,Saturday,False,True
5,SKU0005,2025-05-04,167,76.43,12763.7,5846.67,6917.03,0.0,77.49,Spring,Sunday,False,False
5,SKU0005,2025-05-05,219,75.96,16636.06,7667.19,8968.87,0.0,72.7,Spring,Monday,False,False
5,SKU0005,2025-05-06,347,63.07,21883.63,12148.47,9735.16,0.0,66.39,Spring,Tuesday,False,False
5,SKU0005,2025-05-07,230,70.77,16278.12,8052.3,8225.82,0.0,59.55,Spring,Wednesday,False,False
5,SKU0005,2025-05-08,307,64.54,19812.85,10748.07,9064.78,0.0,75.57,Spring,Thursday,False,False
5,SKU0005,2025-05-09,299,74.29,22211.37,10467.99,11743.38,0.0,72.73,Spring,Friday,False,False
5,SKU0005,2025-05-10,301,76.47,23017.77,10538.01,12479.76,0.0,67.01,Spring,Saturday,False,False
5,SKU0005,2025-05-11,272,71.77,19520.13,9522.72,9997.41,0.0,66.34,Spring,Sunday,False,False
5,SKU0005,2025-05-12,225,68.02,15303.55,7877.25,7426.3,0.0,70.7,Spring,Monday,False,False
5,SKU0005,2025-05-13,272,69.05,18781.94,9522.72,9259.22,0.0,74.01,Spring,Tuesday,False,False
5,SKU0005,2025-05-14,227,75.56,17153.15,7947.27,9205.88,0.0,77.72,Spring,Wednesday,False,False
5,SKU0005,2025-05-15,310,68.79,21325.73,10853.1,10472.63,0.0,61.04,Spring,Thursday,False,False
5,SKU0005,2025-05-16,208,76.68,15950.46,7282.08,8668.38,0.0,62.37,Spring,Friday,False,False
5,SKU0005,2025-05-17,408,66.08,26959.6,14284.08,12675.52,0.0,64.9,Spring,Saturday,False,False
5,SKU0005,2025-05-18,448,68.75,30798.91,15684.48,15114.43,0.0,73.02,Spring,Sunday,False,False
5,SKU0005,2025-05-19,263,75.53,19863.08,9207.63,10655.45,0.0,78.92,Spring,Monday,False,False
5,SKU0005,2025-05-20,333,64.33,21421.06,11658.33,9762.73,0.0,72.09,Spring,Tuesday,False,False
5,SKU0005,2025-05-21,224,76.16,17059.29,7842.24,9217.05,0.0,69.52,Spring,Wednesday,False,False
5,SKU0005,2025-05-22,306,65.36,19999.3,10713.06,9286.24,0.0,74.82,Spring,Thursday,False,False
5,SKU0005,2025-05-23,328,69.87,22918.56,11483.28,11435.28,0.0,76.23,Spring,Friday,False,False
5,SKU0005,2025-05-24,363,64.42,23384.35,12708.63,10675.72,0.0,64.33,Spring,Saturday,False,False
5,SKU0005,2025-05-25,424,63.02,26720.18,14844.24,11875.94,0.0,79.15,Spring,Sunday,False,False
5,SKU0005,2025-05-26,273,70.81,19330.65,9557.73,9772.92,0.0,75.04,Spring,Monday,False,False
5,SKU0005,2025-05-27,249,71.02,17685.01,8717.49,8967.52,0.0,63.56,Spring,Tuesday,False,False
5,SKU0005,2025-05-29,253,74.6,18874.61,8857.53,10017.08,0.0,65.71,Spring,Thursday,False,False
5,SKU0005,2025-05-31,325,73.16,23776.27,11378.25,12398.02,0.0,75.41,Spring,Saturday,False,False
5,SKU0005,2025-06-01,169,74.71,12625.62,5916.69,6708.93,0.0,73.97,Summer,Sunday,False,False
5,SKU0005,2025-06-02,244,65.25,15919.93,8542.44,7377.49,0.0,63.12,Summer,Monday,False,False
5,SKU0005,2025-06-03,441,50.65,22334.56,15439.41,6895.15,22.64,61.3,Summer,Tuesday,False,True
5,SKU0005,2025-06-04,271,64.04,17355.73,9487.71,7868.02,0.0,68.65,Summer,Wednesday,False,False
5,SKU0005,2025-06-05,152,65.35,9932.49,5321.52,4610.97,0.0,74.51,Summer,Thursday,False,False
5,SKU0005,2025-06-06,185,70.45,13033.67,6476.85,6556.82,0.0,71.95,Summer,Friday,False,False
5,SKU0005,2025-06-07,218,71.22,15525.75,7632.18,7893.57,0.0,69.03,Summer,Saturday,False,False
5,SKU0005,2025-06-08,179,71.34,12769.89,6266.79,6503.1,0.0,64.05,Summer,Sunday,False,False
5,SKU0005,2025-06-09,218,65.43,14263.43,7632.18,6631.25,0.0,68.87,Summer,Monday,False,False
5,SKU0005,2025-06-10,201,71.51,14373.18,7037.01,7336.17,0.0,76.29,Summer,Tuesday,False,False
5,SKU0005,2025-06-11,135,65.77,8878.49,4726.35,4152.14,0.0,75.75,Summer,Wednesday,False,False
5,SKU0005,2025-06-12,229,64.29,14723.03,8017.29,6705.74,0.0,76.25,Summer,Thursday,False,False
5,SKU0005,2025-06-13,136,63.77,8672.9,4761.36,3911.54,0.0,70.72,Summer,Friday,False,False
5,SKU0005,2025-06-14,176,70.86,12471.56,6161.76,6309.8,0.0,73.16,Summer,Saturday,False,False
5,SKU0005,2025-06-15,230,74.46,17124.68,8052.3,9072.38,0.0,63.29,Summer,Sunday,False,False
5,SKU0005,2025-06-16,141,74.21,10463.1,4936.41,5526.69,0.0,60.58,Summer,Monday,False,False
5,SKU0005,2025-06-17,142,70.63,10029.68,4971.42,5058.26,0.0,70.84,Summer,Tuesday,False,False
