data/sales_data.csv
product_id,sku,date,quantity,price,revenue,cost,profit,discount_percent,competitor_price,season,day_of_week,is_holiday,promotion_active
5,SKU0005,2025-06-18,310,62.35,19327.48,10853.1,8474.38,11.4,71.05,Summer,Wednesday,False,True
5,SKU0005,2025-06-19,286,63.63,18199.45,10012.86,8186.59,0.0,77.12,Summer,Thursday,False,False
5,SKU0005,2025-06-20,113,74.08,8371.22,3956.13,4415.09,0.0,61.39,Summer,Friday,False,False
5,SKU0005,2025-06-21,183,69.21,12665.91,6406.83,6259.08,0.0,72.83,Summer,Saturday,False,False
5,SKU0005,2025-06-22,490,61.2,29989.97,17154.9,12835.07,16.91,80.37,Summer,Sunday,False,True
5,SKU0005,2025-06-24,289,64.83,18736.87,10117.89,8618.98,10.36,60.15,Summer,Tuesday,False,True
5,SKU0005,2025-06-25,128,73.63,9424.24,4481.28,4942.96,0.0,71.82,Summer,Wednesday,False,False
5,SKU0005,2025-06-26,695,49.73,34559.37,24331.95,10227.42,24.3,75.98,Summer,Thursday,False,True
5,SKU0005,2025-06-27,232,68.22,15827.28,8122.32,7704.96,0.0,75.24,Summer,Friday,False,False
5,SKU0005,2025-06-28,212,73.09,15495.09,7422.12,8072.97,0.0,66.09,Summer,Saturday,False,False
5,SKU0005,2025-06-29,164,74.15,12160.08,5741.64,6418.44,0.0,65.61,Summer,Sunday,False,False
5,SKU0005,2025-06-30,205,65.25,13375.94,7177.05,6198.89,0.0,62.62,Summer,Monday,False,False
5,SKU0005,2025-07-01,169,70.58,11928.08,5916.69,6011.39,0.0,70.49,Summer,Tuesday,False,False
5,SKU0005,2025-07-02,218,65.13,14197.62,7632.18,6565.44,0.0,65.59,Summer,Wednesday,False,False
5,SKU0005,2025-07-03,266,63.61,16920.95,9312.66,7608.29,0.0,60.37,Summer,Thursday,False,False
5,SKU0005,2025-07-04,324,63.39,20536.94,11343.24,9193.7,0.0,59.58,Summer,Friday,True,False
5,SKU0005,2025-07-05,199,66.46,13225.05,6966.99,6258.06,0.0,66.69,Summer,Saturday,False,False
5,SKU0005,2025-07-06,254,70.24,17841.6,8892.54,8949.06,0.0,68.03,Summer,Sunday,False,False
5,SKU0005,2025-07-07,208,66.32,13794.59,7282.08,6512.51,0.0,65.18,Summer,Monday,False,False
5,SKU0005,2025-07-08,211,67.52,14247.2,7387.11,6860.09,0.0,67.21,Summer,Tuesday,False,False
5,SKU0005,2025-07-09,190,74.01,14062.49,6651.9,7410.59,0.0,60.4,Summer,Wednesday,False,False
5,SKU0005,2025-07-10,139,71.77,9976.13,4866.39,5109.74,0.0,63.88,Summer,Thursday,False,False
5,SKU0005,2025-07-11,151,75.01,11325.87,5286.51,6039.36,0.0,72.5,Summer,Friday,False,False
5,SKU0005,2025-07-12,244,63.26,15434.46,8542.44,6892.02,0.0,72.88,Summer,Saturday,False,False
5,SKU0005,2025-07-13,135,75.97,10255.5,4726.35,5529.15,0.0,60.87,Summer,Sunday,False,False
5,SKU0005,2025-07-14,229,63.68,14581.8,8017.29,6564.51,0.0,67.74,Summer,Monday,False,False
5,SKU0005,2025-07-15,289,64.76,18715.12,10117.89,8597.23,0.0,70.64,Summer,Tuesday,False,False
5,SKU0005,2025-07-16,236,61.82,14588.53,8262.36,6326.17,13.88,63.24,Summer,Wednesday,False,True
5,SKU0005,2025-07-17,176,70.0,12319.69,6161.76,6157.93,0.0,70.35,Summer,Thursday,False,False
5,SKU0005,2025-07-18,172,73.71,12678.98,6021.72,6657.26,0.0,60.86,Summer,Friday,False,False
5,SKU0005,2025-07-19,253,65.19,16492.23,8857.53,7634.7,0.0,74.15,Summer,Saturday,False,False
5,SKU0005,2025-07-20,228,67.15,15310.5,7982.28,7328.22,0.0,71.52,Summer,Sunday,False,False
5,SKU0005,2025-07-21,128,73.25,9375.83,4481.28,4894.55,0.0,62.85,Summer,Monday,False,False
5,SKU0005,2025-07-22,189,68.9,13021.51,6616.89,6404.62,0.0,67.25,Summer,Tuesday,False,False
5,SKU0005,2025-07-23,154,70.42,10844.16,5391.54,5452.62,0.0,66.02,Summer,Wednesday,False,False
5,SKU0005,2025-07-24,144,64.17,9240.29,5041.44,4198.85,0.0,76.78,Summer,Thursday,False,False
5,SKU0005,2025-07-25,170,76.77,13051.38,5951.7,7099.68,0.0,66.97,Summer,Friday,False,False
5,SKU0005,2025-07-26,217,73.63,15977.33,7597.17,8380.16,0.0,60.41,Summer,Saturday,False,False
5,SKU0005,2025-07-27,242,66.23,16026.7,8472.42,7554.28,0.0,66.66,Summer,Sunday,False,False
5,SKU0005,2025-07-28,200,67.13,13426.57,7002.0,6424.57,0.0,78.66,Summer,Monday,False,False
5,SKU0005,2025-07-29,508,54.15,27507.83,17785.08,9722.75,15.66,65.39,Summer,Tuesday,False,True
5,SKU0005,2025-07-30,176,71.08,12510.12,6161.76,6348.36,0.0,70.13,Summer,Wednesday,False,False
5,SKU0005,2025-07-31,178,73.83,13141.67,6231.78,6909.89,0.0,67.26,Summer,Thursday,False,False
5,SKU0005,2025-08-01,168,70.03,11765.64,5881.68,5883.96,0.0,80.15,Summer,Friday,False,False
5,SKU0005,2025-08-02,207,76.64,15863.77,7247.07,8616.7,0.0,76.99,Summer,Saturday,False,False
5,SKU0005,2025-08-03,367,64.98,23848.24,12848.67,10999.57,10.56,60.73,Summer,Sunday,False,True
5,SKU0005,2025-08-04,205,66.36,13604.29,7177.05,6427.24,0.0,63.91,Summer,Monday,False,False
5,SKU0005,2025-08-05,152,67.99,10334.53,5321.52,5013.01,0.0,64.93,Summer,Tuesday,False,False
5,SKU0005,2025-08-06,168,72.95,12254.78,5881.68,6373.1,0.0,64.18,Summer,Wednesday,False,False
5,SKU0005,2025-08-07,186,64.45,11987.49,6511.86,5475.63,0.0,72.12,Summer,Thursday,False,False
5,SKU0005,2025-08-08,145,73.12,10602.17,5076.45,5525.72,0.0,70.95,Summer,Friday,False,False
5,SKU0005,2025-08-09,213,65.8,14015.28,7457.13,6558.15,0.0,72.77,Summer,Saturday,False,False
5,SKU0005,2025-08-10,202,66.05,13342.87,7072.02,6270.85,0.0,66.3,Summer,Sunday,False,False
5,SKU0005,2025-08-11,198,75.37,14924.23,6931.98,7992.25,0.0,74.71,Summer,Monday,False,False
5,SKU0005,2025-08-12,177,75.88,13429.96,6196.77,7233.19,0.0,70.12,Summer,Tuesday,False,False
5,SKU0005,2025-08-13,246,67.6,16630.46,8612.46,8018.0,0.0,69.22,Summer,Wednesday,False,False
5,SKU0005,2025-08-14,150,68.72,10308.06,5251.5,5056.56,0.0,77.67,Summer,Thursday,False,False
5,SKU0005,2025-08-15,224,63.17,14149.51,7842.24,6307.27,0.0,76.75,Summer,Friday,False,False
5,SKU0005,2025-08-16,213,63.43,13510.52,7457.13,6053.39,0.0,75.87,Summer,Saturday,False,False
5,SKU0005,2025-08-17,225,64.81,14582.07,7877.25,6704.82,0.0,78.93,Summer,Sunday,False,False
5,SKU0005,2025-08-18,161,68.3,10996.56,5636.61,5359.95,0.0,74.28,Summer,Monday,False,False
5,SKU0005,2025-08-19,231,66.99,15474.74,8087.31,7387.43,0.0,62.03,Summer,Tuesday,False,False
5,SKU0005,2025-08-21,233,66.01,15380.49,8157.33,7223.16,0.0,76.16,Summer,Thursday,False,False
5,SKU0005,2025-08-22,236,63.83,15063.75,8262.36,6801.39,0.0,61.01,Summer,Friday,False,False
5,SKU0005,2025-08-23,282,70.38,19848.16,9872.82,9975.34,0.0,65.54,Summer,Saturday,False,False
5,SKU0005,2025-08-24,187,66.18,12375.79,6546.87,5828.92,0.0,69.54,Summer,Sunday,False,False
5,SKU0005,2025-08-25,202,71.23,14388.89,7072.02,7316.87,0.0,68.07,Summer,Monday,False,False
5,SKU0005,2025-08-26,188,73.14,13750.74,6581.88,7168.86,0.0,72.26,Summer,Tuesday,False,False
5,SKU0005,2025-08-27,184,64.05,11784.71,6441.84,5342.87,0.0,66.56,Summer,Wednesday,False,False
5,SKU0005,2025-08-28,245,64.31,15755.83,8577.45,7178.38,0.0,74.12,Summer,Thursday,False,False
5,SKU0005,2025-08-29,204,67.13,13695.43,7142.04,6553.39,0.0,68.07,Summer,Friday,False,False
5,SKU0005,2025-08-30,177,74.64,13210.48,6196.77,7013.71,0.0,75.86,Summer,Saturday,False,False
5,SKU0005,2025-08-31,186,69.91,13003.86,6511.86,6492.0,0.0,68.66,Summer,Sunday,False,False
5,SKU0005,2025-09-01,361,63.67,22983.86,12638.61,10345.25,0.0,61.96,Fall,Monday,False,False
5,SKU0005,2025-09-03,998,49.39,49287.2,34939.98,14347.22,24.85,63.79,Fall,Wednesday,False,True
5,SKU0005,2025-09-04,311,75.41,23450.98,10888.11,12562.87,0.0,77.82,Fall,Thursday,False,False
5,SKU0005,2025-09-05,715,54.2,38754.96,25032.15,13722.81,16.83,75.17,Fall,Friday,False,True
5,SKU0005,2025-09-06,776,56.78,44062.24,27167.76,16894.48,13.28,66.99,Fall,Saturday,False,True
5,SKU0005,2025-09-07,456,70.15,31987.08,15964.56,16022.52,0.0,71.53,Fall,Sunday,False,False
5,SKU0005,2025-09-08,225,74.89,16849.22,7877.25,8971.97,0.0,71.31,Fall,Monday,False,False
5,SKU0005,2025-09-09,292,71.72,20941.36,10222.92,10718.44,0.0,76.98,Fall,Tuesday,False,False
5,SKU0005,2025-09-10,271,76.51,20733.03,9487.71,11245.32,0.0,65.9,Fall,Wednesday,False,False
5,SKU0005,2025-09-11,294,74.13,21795.55,10292.94,11502.61,0.0,75.91,Fall,Thursday,False,False
5,SKU0005,2025-09-12,360,66.34,23883.45,12603.6,11279.85,0.0,78.69,Fall,Friday,False,False
5,SKU0005,2025-09-13,412,70.42,29013.3,14424.12,14589.18,0.0,63.97,Fall,Saturday,False,False
5,SKU0005,2025-09-14,413,71.62,29580.54,14459.13,15121.41,0.0,61.67,Fall,Sunday,False,False
5,SKU0005,2025-09-16,279,70.12,19564.49,9767.79,9796.7,0.0,71.72,Fall,Tuesday,False,False
5,SKU0005,2025-09-17,765,54.59,41759.39,26782.65,14976.74,18.61,74.53,Fall,Wednesday,False,True
5,SKU0005,2025-09-18,433,66.59,28834.53,15159.33,13675.2,0.0,67.98,Fall,Thursday,False,False
5,SKU0005,2025-09-19,360,71.04,25574.15,12603.6,12970.55,0.0,68.36,Fall,Friday,False,False
5,SKU0005,2025-09-20,274,74.33,20367.57,9592.74,10774.83,0.0,73.31,Fall,Saturday,False,False
5,SKU0005,2025-09-21,390,72.01,28081.97,13653.9,14428.07,0.0,75.19,Fall,Sunday,False,False
5,SKU0005,2025-09-22,206,73.68,15177.3,7212.06,7965.24,0.0,61.4,Fall,Monday,False,False
5,SKU0005,2025-09-23,389,65.05,25304.88,13618.89,11685.99,0.0,71.69,Fall,Tuesday,False,False
5,SKU0005,2025-09-24,409,70.98,29032.02,14319.09,14712.93,0.0,71.39,Fall,Wednesday,False,False
5,SKU0005,2025-09-25,250,73.83,18458.32,8752.5,9705.82,0.0,71.48,Fall,Thursday,False,False
5,SKU0005,2025-09-26,246,75.02,18454.21,8612.46,9841.75,0.0,78.22,Fall,Friday,False,False
5,SKU0005,2025-09-27,379,74.77,28337.82,13268.79,15069.03,0.0,64.2,Fall,Saturday,False,False
5,SKU0005,2025-09-28,268,73.89,19802.22,9382.68,10419.54,0.0,71.36,Fall,Sunday,False,False
5,SKU0005,2025-09-29,365,63.79,23281.54,12778.65,10502.89,0.0,60.0,Fall,Monday,False,False
5,SKU0005,2025-09-30,419,65.19,27314.04,14669.19,12644.85,0.0,69.12,Fall,Tuesday,False,False
5,SKU0005,2025-10-01,251,75.5,18951.52,8787.51,10164.01,0.0,63.17,Fall,Wednesday,False,False
5,SKU0005,2025-10-02,308,70.88,21832.11,10783.08,11049.03,0.0,64.31,Fall,Thursday,False,False
5,SKU0005,2025-10-03,395,67.58,26694.18,13828.95,12865.23,0.0,78.59,Fall,Friday,False,False
5,SKU0005,2025-10-04,353,75.6,26687.12,12358.53,14328.59,0.0,73.32,Fall,Saturday,False,False
5,SKU0005,2025-10-05,513,63.26,32453.95,17960.13,14493.82,0.0,65.5,Fall,Sunday,False,False
5,SKU0005,2025-10-06,691,56.91,39327.37,24191.91,15135.46,16.11,80.14,Fall,Monday,False,True
5,SKU0005,2025-10-07,336,70.95,23838.53,11763.36,12075.17,0.0,60.15,Fall,Tuesday,False,False
5,SKU0005,2025-10-08,285,74.0,21089.49,9977.85,11111.64,0.0,75.55,Fall,Wednesday,False,False
5,SKU0005,2025-10-09,413,65.07,26874.39,14459.13,12415.26,0.0,61.48,Fall,Thursday,False,False
5,SKU0005,2025-10-10,294,71.04,20886.08,10292.94,10593.14,0.0,72.76,Fall,Friday,False,False
5,SKU0005,2025-10-11,436,66.05,28798.55,15264.36,13534.19,0.0,76.51,Fall,Saturday,False,False
5,SKU0005,2025-10-12,733,57.31,42004.96,25662.33,16342.63,23.23,76.47,Fall,Sunday,False,True
5,SKU0005,2025-10-13,351,67.74,23775.08,12288.51,11486.57,0.0,62.04,Fall,Monday,False,False
5,SKU0005,2025-10-14,255,73.9,18845.05,8927.55,9917.5,0.0,62.65,Fall,Tuesday,False,False
5,SKU0005,2025-10-15,243,73.85,17944.36,8507.43,9436.93,0.0,65.23,Fall,Wednesday,False,False
5,SKU0005,2025-10-16,293,74.99,21971.0,10257.93,11713.07,0.0,62.97,Fall,Thursday,False,False
5,SKU0005,2025-10-17,428,63.03,26977.57,14984.28,11993.29,0.0,70.31,Fall,Friday,False,False
5,SKU0005,2025-10-18,370,75.72,28018.02,12953.7,15064.32,0.0,80.49,Fall,Saturday,False,False
5,SKU0005,2025-10-19,300,76.74,23021.11,10503.0,12518.11,0.0,63.76,Fall,Sunday,False,False
5,SKU0005,2025-10-20,901,53.12,47861.46,31544.01,16317.45,19.18,76.81,Fall,Monday,False,True
5,SKU0005,2025-10-21,600,64.34,38603.59,21006.0,17597.59,15.63,73.13,Fall,Tuesday,False,True
5,SKU0005,2025-10-22,601,63.87,38383.67,21041.01,17342.66,11.1,60.66,Fall,Wednesday,False,True
5,SKU0005,2025-10-23,333,65.5,21811.29,11658.33,10152.96,0.0,63.63,Fall,Thursday,False,False
5,SKU0005,2025-10-24,344,69.23,23813.8,12043.44,11770.36,0.0,62.53,Fall,Friday,False,False
6,SKU0006,2023-10-25,219,225.26,49332.55,33964.71,15367.84,0.0,204.01,Fall,Wednesday,False,False
6,SKU0006,2023-10-26,199,235.87,46937.22,30862.91,16074.31,0.0,214.43,Fall,Thursday,False,False
6,SKU0006,2023-10-27,136,236.17,32118.78,21092.24,11026.54,0.0,231.67,Fall,Friday,False,False
6,SKU0006,2023-10-28,234,246.78,57746.26,36291.06,21455.2,0.0,227.47,Fall,Saturday,False,False
6,SKU0006,2023-10-29,341,219.13,74724.54,52885.69,21838.85,0.0,254.7,Fall,Sunday,False,False
6,SKU0006,2023-10-30,172,258.78,44509.71,26675.48,17834.23,0.0,273.1,Fall,Monday,False,False
6,SKU0006,2023-10-31,210,259.24,54440.02,32568.9,21871.12,0.0,258.48,Fall,Tuesday,True,False
6,SKU0006,2023-11-01,332,207.24,68802.58,51489.88,17312.7,20.12,272.26,Fall,Wednesday,False,True
6,SKU0006,2023-11-02,207,236.4,48934.49,32103.63,16830.86,0.0,212.31,Fall,Thursday,False,False
6,SKU0006,2023-11-03,238,231.82,55172.68,36911.42,18261.26,0.0,217.31,Fall,Friday,False,False
6,SKU0006,2023-11-04,195,233.89,45608.67,30242.55,15366.12,0.0,269.18,Fall,Saturday,False,False
6,SKU0006,2023-11-05,277,224.52,62191.66,42959.93,19231.73,0.0,267.78,Fall,Sunday,False,False
6,SKU0006,2023-11-06,232,218.49,50689.8,35980.88,14708.92,0.0,230.0,Fall,Monday,False,False
6,SKU0006,2023-11-07,195,234.87,45800.24,30242.55,15557.69,0.0,272.93,Fall,Tuesday,False,False
6,SKU0006,2023-11-08,208,237.06,49308.47,32258.72,17049.75,0.0,272.7,Fall,Wednesday,False,False
6,SKU0006,2023-11-09,241,223.83,53941.89,37376.69,16565.2,0.0,266.62,Fall,Thursday,False,False
6,SKU0006,2023-11-10,231,229.39,52990.18,35825.79,17164.39,0.0,254.78,Fall,Friday,False,False
6,SKU0006,2023-11-13,197,235.31,46357.04,30552.73,15804.31,0.0,206.6,Fall,Monday,False,False
6,SKU0006,2023-11-14,192,247.29,47479.17,29777.28,17701.89,0.0,231.32,Fall,Tuesday,False,False
6,SKU0006,2023-11-15,183,259.01,47398.66,28381.47,19017.19,0.0,255.84,Fall,Wednesday,False,False
6,SKU0006,2023-11-16,191,239.24,45694.65,29622.19,16072.46,0.0,208.19,Fall,Thursday,False,False
6,SKU0006,2023-11-17,225,245.24,55178.11,34895.25,20282.86,0.0,266.82,Fall,Friday,False,False
6,SKU0006,2023-11-18,219,254.22,55674.15,33964.71,21709.44,0.0,216.65,Fall,Saturday,False,False
6,SKU0006,2023-11-19,180,261.2,47016.71,27916.2,19100.51,0.0,241.9,Fall,Sunday,False,False
6,SKU0006,2023-11-20,185,238.19,44064.25,28691.65,15372.6,0.0,246.22,Fall,Monday,False,False
6,SKU0006,2023-11-21,204,235.07,47954.22,31638.36,16315.86,0.0,265.42,Fall,Tuesday,False,False
6,SKU0006,2023-11-22,217,256.57,55676.43,33654.53,22021.9,0.0,215.5,Fall,Wednesday,False,False
6,SKU0006,2023-11-24,213,250.54,53365.65,33034.17,20331.48,0.0,204.45,Fall,Friday,True,False
6,SKU0006,2023-11-25,414,242.83,100531.02,64207.26,36323.76,0.0,233.5,Fall,Saturday,True,False
6,SKU0006,2023-11-26,224,262.2,58731.9,34740.16,23991.74,0.0,252.92,Fall,Sunday,False,False
6,SKU0006,2023-11-27,216,259.51,56054.3,33499.44,22554.86,0.0,231.81,Fall,Monday,False,False
6,SKU0006,2023-11-28,206,221.73,45677.02,31948.54,13728.48,0.0,228.94,Fall,Tuesday,False,False
6,SKU0006,2023-11-29,330,213.44,70435.55,51179.7,19255.85,11.27,215.73,Fall,Wednesday,False,True
6,SKU0006,2023-11-30,229,230.39,52758.61,35515.61,17243.0,0.0,273.83,Fall,Thursday,False,False
6,SKU0006,2023-12-02,232,261.93,60767.54,35980.88,24786.66,0.0,251.97,Winter,Saturday,False,False
6,SKU0006,2023-12-03,265,221.91,58807.28,41098.85,17708.43,0.0,249.43,Winter,Sunday,False,False
6,SKU0006,2023-12-04,189,218.21,41242.03,29312.01,11930.02,0.0,226.24,Winter,Monday,False,False
6,SKU0006,2023-12-05,168,236.53,39737.87,26055.12,13682.75,0.0,205.63,Winter,Tuesday,False,False
6,SKU0006,2023-12-06,182,251.61,45792.49,28226.38,17566.11,0.0,233.59,Winter,Wednesday,False,False
6,SKU0006,2023-12-07,217,228.52,49589.22,33654.53,15934.69,0.0,203.97,Winter,Thursday,False,False
6,SKU0006,2023-12-09,279,216.36,60363.95,43270.11,17093.84,0.0,255.04,Winter,Saturday,False,False
6,SKU0006,2023-12-10,264,240.62,63523.08,40943.76,22579.32,0.0,245.63,Winter,Sunday,False,False
6,SKU0006,2023-12-11,157,238.95,37515.35,24349.13,13166.22,0.0,212.11,Winter,Monday,False,False
6,SKU0006,2023-12-12,164,230.86,37860.39,25434.76,12425.63,0.0,239.47,Winter,Tuesday,False,False
6,SKU0006,2023-12-13,174,245.63,42739.23,26985.66,15753.57,0.0,235.15,Winter,Wednesday,False,False
6,SKU0006,2023-12-14,192,236.59,45425.34,29777.28,15648.06,0.0,268.16,Winter,Thursday,False,False
6,SKU0006,2023-12-15,170,235.8,40086.66,26365.3,13721.36,0.0,215.63,Winter,Friday,False,False
6,SKU0006,2023-12-16,268,233.91,62687.05,41564.12,21122.93,0.0,216.84,Winter,Saturday,False,False
6,SKU0006,2023-12-18,192,227.86,43748.78,29777.28,13971.5,0.0,271.78,Winter,Monday,False,False
6,SKU0006,2023-12-19,256,184.5,47232.65,39703.04,7529.61,24.6,240.9,Winter,Tuesday,False,True
6,SKU0006,2023-12-20,157,221.89,34837.36,24349.13,10488.23,0.0,268.33,Winter,Wednesday,False,False
6,SKU0006,2023-12-21,182,249.03,45323.23,28226.38,17096.85,0.0,262.51,Winter,Thursday,False,False
6,SKU0006,2023-12-22,122,242.27,29556.34,18920.98,10635.36,0.0,256.48,Winter,Friday,False,False
6,SKU0006,2023-12-23,251,240.13,60273.57,38927.59,21345.98,0.0,202.86,Winter,Saturday,False,False
6,SKU0006,2023-12-24,206,247.3,50944.05,31948.54,18995.51,0.0,229.2,Winter,Sunday,False,False
6,SKU0006,2023-12-25,329,256.88,84512.78,51024.61,33488.17,0.0,264.93,Winter,Monday,True,False
6,SKU0006,2023-12-26,326,233.36,76074.76,50559.34,25515.42,0.0,226.57,Winter,Tuesday,True,False
6,SKU0006,2023-12-27,194,216.57,42014.28,30087.46,11926.82,0.0,214.83,Winter,Wednesday,False,False
6,SKU0006,2023-12-28,191,223.13,42618.65,29622.19,12996.46,0.0,263.83,Winter,Thursday,False,False
6,SKU0006,2023-12-29,223,223.45,49829.7,34585.07,15244.63,0.0,235.79,Winter,Friday,False,False
6,SKU0006,2023-12-30,295,221.44,65324.12,45751.55,19572.57,0.0,246.57,Winter,Saturday,False,False
6,SKU0006,2023-12-31,173,226.51,39186.05,26830.57,12355.48,0.0,251.74,Winter,Sunday,False,False
6,SKU0006,2024-01-01,163,255.15,41588.89,25279.67,16309.22,0.0,262.24,Winter,Monday,True,False
6,SKU0006,2024-01-02,152,259.63,39463.1,23573.68,15889.42,0.0,267.34,Winter,Tuesday,False,False
6,SKU0006,2024-01-03,214,219.66,47007.25,33189.26,13817.99,0.0,221.47,Winter,Wednesday,False,False
