data/sales_data.csv
product_id,sku,date,quantity,price,revenue,cost,profit,discount_percent,competitor_price,season,day_of_week,is_holiday,promotion_active
6,SKU0006,2024-01-04,181,258.45,46779.7,28071.29,18708.41,0.0,257.32,Winter,Thursday,False,False
6,SKU0006,2024-01-05,195,259.22,50548.43,30242.55,20305.88,0.0,270.45,Winter,Friday,False,False
6,SKU0006,2024-01-06,165,260.96,43058.88,25589.85,17469.03,0.0,270.53,Winter,Saturday,False,False
6,SKU0006,2024-01-07,137,247.89,33960.41,21247.33,12713.08,0.0,246.33,Winter,Sunday,False,False
6,SKU0006,2024-01-08,223,219.62,48974.81,34585.07,14389.74,0.0,270.07,Winter,Monday,False,False
6,SKU0006,2024-01-09,153,248.65,38043.54,23728.77,14314.77,0.0,204.65,Winter,Tuesday,False,False
6,SKU0006,2024-01-10,126,239.5,30177.45,19541.34,10636.11,0.0,270.78,Winter,Wednesday,False,False
6,SKU0006,2024-01-11,205,215.49,44174.63,31793.45,12381.18,0.0,237.72,Winter,Thursday,False,False
6,SKU0006,2024-01-12,192,254.1,48787.66,29777.28,19010.38,0.0,216.71,Winter,Friday,False,False
6,SKU0006,2024-01-13,232,220.47,51147.96,35980.88,15167.08,0.0,239.48,Winter,Saturday,False,False
6,SKU0006,2024-01-14,188,258.94,48681.46,29156.92,19524.54,0.0,237.26,Winter,Sunday,False,False
6,SKU0006,2024-01-15,195,216.98,42310.63,30242.55,12068.08,0.0,253.25,Winter,Monday,False,False
6,SKU0006,2024-01-17,154,224.77,34614.59,23883.86,10730.73,0.0,226.09,Winter,Wednesday,False,False
6,SKU0006,2024-01-18,168,230.33,38696.0,26055.12,12640.88,0.0,210.48,Winter,Thursday,False,False
6,SKU0006,2024-01-19,202,232.21,46906.58,31328.18,15578.4,0.0,261.33,Winter,Friday,False,False
6,SKU0006,2024-01-20,215,255.11,54847.61,33344.35,21503.26,0.0,219.86,Winter,Saturday,False,False
6,SKU0006,2024-01-22,162,227.42,36842.33,25124.58,11717.75,0.0,252.71,Winter,Monday,False,False
6,SKU0006,2024-01-23,192,219.95,42229.72,29777.28,12452.44,0.0,259.53,Winter,Tuesday,False,False
6,SKU0006,2024-01-24,211,192.6,40638.25,32723.99,7914.26,16.85,270.67,Winter,Wednesday,False,True
6,SKU0006,2024-01-25,184,242.98,44707.88,28536.56,16171.32,0.0,207.11,Winter,Thursday,False,False
6,SKU0006,2024-01-26,238,221.02,52603.14,36911.42,15691.72,0.0,222.26,Winter,Friday,False,False
6,SKU0006,2024-01-27,160,255.05,40807.87,24814.4,15993.47,0.0,264.11,Winter,Saturday,False,False
6,SKU0006,2024-01-28,213,222.51,47394.27,33034.17,14360.1,0.0,226.5,Winter,Sunday,False,False
6,SKU0006,2024-01-29,181,253.36,45858.92,28071.29,17787.63,0.0,206.99,Winter,Monday,False,False
6,SKU0006,2024-01-30,206,251.62,51834.55,31948.54,19886.01,0.0,259.52,Winter,Tuesday,False,False
6,SKU0006,2024-01-31,172,235.84,40564.8,26675.48,13889.32,0.0,214.81,Winter,Wednesday,False,False
6,SKU0006,2024-02-01,168,230.86,38785.17,26055.12,12730.05,0.0,255.84,Winter,Thursday,False,False
6,SKU0006,2024-02-02,127,240.57,30552.8,19696.43,10856.37,0.0,244.92,Winter,Friday,False,False
6,SKU0006,2024-02-03,210,252.75,53078.31,32568.9,20509.41,0.0,253.82,Winter,Saturday,False,False
6,SKU0006,2024-02-04,305,223.22,68083.15,47302.45,20780.7,0.0,271.38,Winter,Sunday,False,False
6,SKU0006,2024-02-05,174,260.92,45399.3,26985.66,18413.64,0.0,233.45,Winter,Monday,False,False
6,SKU0006,2024-02-06,195,221.24,43141.0,30242.55,12898.45,0.0,265.98,Winter,Tuesday,False,False
6,SKU0006,2024-02-07,298,213.56,63640.25,46216.82,17423.43,15.59,249.15,Winter,Wednesday,False,True
6,SKU0006,2024-02-08,167,260.48,43499.79,25900.03,17599.76,0.0,265.61,Winter,Thursday,False,False
6,SKU0006,2024-02-09,151,254.21,38385.42,23418.59,14966.83,0.0,264.98,Winter,Friday,False,False
6,SKU0006,2024-02-11,221,244.95,54133.29,34274.89,19858.4,0.0,215.85,Winter,Sunday,False,False
6,SKU0006,2024-02-12,190,229.21,43550.22,29467.1,14083.12,0.0,240.37,Winter,Monday,False,False
6,SKU0006,2024-02-13,153,242.72,37136.86,23728.77,13408.09,0.0,237.93,Winter,Tuesday,False,False
6,SKU0006,2024-02-14,266,255.32,67914.67,41253.94,26660.73,0.0,218.71,Winter,Wednesday,True,False
6,SKU0006,2024-02-15,195,245.15,47804.83,30242.55,17562.28,0.0,270.77,Winter,Thursday,False,False
6,SKU0006,2024-02-17,251,239.33,60072.03,38927.59,21144.44,0.0,214.81,Winter,Saturday,False,False
6,SKU0006,2024-02-18,214,224.72,48090.22,33189.26,14900.96,0.0,240.45,Winter,Sunday,False,False
6,SKU0006,2024-02-19,172,222.99,38354.2,26675.48,11678.72,0.0,261.24,Winter,Monday,False,False
6,SKU0006,2024-02-20,172,223.83,38498.25,26675.48,11822.77,0.0,217.14,Winter,Tuesday,False,False
6,SKU0006,2024-02-22,212,219.16,46461.72,32879.08,13582.64,0.0,203.39,Winter,Thursday,False,False
6,SKU0006,2024-02-23,225,194.87,43844.83,34895.25,8949.58,13.94,254.17,Winter,Friday,False,True
6,SKU0006,2024-02-24,196,215.9,42315.62,30397.64,11917.98,0.0,236.57,Winter,Saturday,False,False
6,SKU0006,2024-02-25,163,218.9,35680.05,25279.67,10400.38,0.0,259.14,Winter,Sunday,False,False
6,SKU0006,2024-02-26,181,237.65,43014.54,28071.29,14943.25,0.0,256.27,Winter,Monday,False,False
6,SKU0006,2024-02-27,174,244.7,42577.02,26985.66,15591.36,0.0,229.93,Winter,Tuesday,False,False
6,SKU0006,2024-02-28,160,259.7,41551.81,24814.4,16737.41,0.0,247.09,Winter,Wednesday,False,False
6,SKU0006,2024-02-29,146,251.75,36755.17,22643.14,14112.03,0.0,235.28,Winter,Thursday,False,False
6,SKU0006,2024-03-01,103,241.17,24840.23,15974.27,8865.96,0.0,230.9,Spring,Friday,False,False
6,SKU0006,2024-03-02,172,223.41,38426.25,26675.48,11750.77,0.0,211.47,Spring,Saturday,False,False
6,SKU0006,2024-03-03,151,217.76,32882.02,23418.59,9463.43,0.0,217.01,Spring,Sunday,False,False
6,SKU0006,2024-03-04,126,249.49,31436.32,19541.34,11894.98,0.0,249.72,Spring,Monday,False,False
6,SKU0006,2024-03-05,100,260.39,26039.33,15509.0,10530.33,0.0,226.13,Spring,Tuesday,False,False
6,SKU0006,2024-03-06,128,242.26,31008.98,19851.52,11157.46,0.0,246.82,Spring,Wednesday,False,False
6,SKU0006,2024-03-07,141,256.81,36209.93,21867.69,14342.24,0.0,255.26,Spring,Thursday,False,False
6,SKU0006,2024-03-08,133,246.1,32731.81,20626.97,12104.84,0.0,248.65,Spring,Friday,False,False
6,SKU0006,2024-03-09,141,241.02,33983.46,21867.69,12115.77,0.0,214.73,Spring,Saturday,False,False
6,SKU0006,2024-03-10,151,248.26,37487.54,23418.59,14068.95,0.0,244.15,Spring,Sunday,False,False
6,SKU0006,2024-03-11,129,224.44,28952.25,20006.61,8945.64,0.0,224.86,Spring,Monday,False,False
6,SKU0006,2024-03-12,126,238.08,29998.08,19541.34,10456.74,0.0,255.57,Spring,Tuesday,False,False
6,SKU0006,2024-03-13,127,225.18,28598.4,19696.43,8901.97,0.0,223.56,Spring,Wednesday,False,False
6,SKU0006,2024-03-14,121,241.99,29280.81,18765.89,10514.92,0.0,220.98,Spring,Thursday,False,False
6,SKU0006,2024-03-15,124,251.72,31213.24,19231.16,11982.08,0.0,254.71,Spring,Friday,False,False
6,SKU0006,2024-03-16,130,236.06,30688.13,20161.7,10526.43,0.0,264.41,Spring,Saturday,False,False
6,SKU0006,2024-03-17,136,223.65,30416.92,21092.24,9324.68,0.0,207.81,Spring,Sunday,False,False
6,SKU0006,2024-03-18,190,173.24,32915.21,29467.1,3448.11,23.52,240.53,Spring,Monday,False,True
6,SKU0006,2024-03-19,103,220.11,22671.24,15974.27,6696.97,0.0,266.9,Spring,Tuesday,False,False
6,SKU0006,2024-03-20,101,242.4,24482.15,15664.09,8818.06,0.0,268.3,Spring,Wednesday,False,False
6,SKU0006,2024-03-21,138,221.86,30616.92,21402.42,9214.5,0.0,256.69,Spring,Thursday,False,False
6,SKU0006,2024-03-22,171,212.29,36301.06,26520.39,9780.67,15.96,264.58,Spring,Friday,False,True
6,SKU0006,2024-03-23,174,223.01,38803.44,26985.66,11817.78,0.0,221.8,Spring,Saturday,False,False
6,SKU0006,2024-03-24,149,243.69,36309.21,23108.41,13200.8,0.0,266.15,Spring,Sunday,False,False
6,SKU0006,2024-03-25,89,238.88,21260.52,13803.01,7457.51,0.0,227.81,Spring,Monday,False,False
6,SKU0006,2024-03-26,132,250.05,33006.85,20471.88,12534.97,0.0,229.45,Spring,Tuesday,False,False
6,SKU0006,2024-03-27,150,223.55,33532.77,23263.5,10269.27,0.0,231.04,Spring,Wednesday,False,False
6,SKU0006,2024-03-28,177,200.57,35501.02,27450.93,8050.09,21.26,257.82,Spring,Thursday,False,True
6,SKU0006,2024-03-29,140,228.01,31921.73,21712.6,10209.13,0.0,268.85,Spring,Friday,False,False
6,SKU0006,2024-03-30,124,253.62,31448.41,19231.16,12217.25,0.0,243.89,Spring,Saturday,False,False
6,SKU0006,2024-03-31,167,217.91,36390.8,25900.03,10490.77,0.0,214.48,Spring,Sunday,False,False
6,SKU0006,2024-04-01,98,249.48,24448.86,15198.82,9250.04,0.0,264.91,Spring,Monday,False,False
6,SKU0006,2024-04-02,168,180.47,30318.32,26055.12,4263.2,18.66,255.05,Spring,Tuesday,False,True
6,SKU0006,2024-04-04,124,237.55,29456.03,19231.16,10224.87,0.0,255.42,Spring,Thursday,False,False
6,SKU0006,2024-04-05,116,243.95,28298.02,17990.44,10307.58,0.0,203.16,Spring,Friday,False,False
6,SKU0006,2024-04-06,125,237.17,29646.63,19386.25,10260.38,0.0,245.29,Spring,Saturday,False,False
6,SKU0006,2024-04-08,140,221.98,31077.66,21712.6,9365.06,0.0,211.26,Spring,Monday,False,False
6,SKU0006,2024-04-09,121,248.16,30027.75,18765.89,11261.86,0.0,236.21,Spring,Tuesday,False,False
6,SKU0006,2024-04-10,142,217.29,30855.63,22022.78,8832.85,0.0,256.21,Spring,Wednesday,False,False
6,SKU0006,2024-04-11,203,184.81,37516.53,31483.27,6033.26,16.04,215.75,Spring,Thursday,False,True
6,SKU0006,2024-04-12,142,249.18,35383.29,22022.78,13360.51,0.0,254.56,Spring,Friday,False,False
6,SKU0006,2024-04-13,115,258.91,29774.23,17835.35,11938.88,0.0,269.55,Spring,Saturday,False,False
6,SKU0006,2024-04-14,159,244.47,38870.46,24659.31,14211.15,0.0,205.46,Spring,Sunday,False,False
6,SKU0006,2024-04-15,150,235.33,35299.31,23263.5,12035.81,0.0,241.19,Spring,Monday,False,False
6,SKU0006,2024-04-16,136,236.47,32159.78,21092.24,11067.54,0.0,260.88,Spring,Tuesday,False,False
6,SKU0006,2024-04-17,132,219.69,28998.45,20471.88,8526.57,0.0,223.0,Spring,Wednesday,False,False
6,SKU0006,2024-04-18,121,228.31,27625.99,18765.89,8860.1,0.0,251.7,Spring,Thursday,False,False
6,SKU0006,2024-04-19,156,221.45,34546.19,24194.04,10352.15,0.0,203.44,Spring,Friday,False,False
6,SKU0006,2024-04-20,109,261.6,28514.43,16904.81,11609.62,0.0,223.33,Spring,Saturday,False,False
6,SKU0006,2024-04-21,121,254.82,30833.75,18765.89,12067.86,0.0,252.96,Spring,Sunday,False,False
6,SKU0006,2024-04-22,109,260.92,28440.01,16904.81,11535.2,0.0,262.91,Spring,Monday,False,False
6,SKU0006,2024-04-23,247,200.55,49537.03,38307.23,11229.8,19.83,218.17,Spring,Tuesday,False,True
6,SKU0006,2024-04-24,131,243.19,31857.99,20316.79,11541.2,0.0,252.53,Spring,Wednesday,False,False
6,SKU0006,2024-04-25,119,215.56,25651.1,18455.71,7195.39,0.0,272.16,Spring,Thursday,False,False
6,SKU0006,2024-04-26,126,227.89,28713.52,19541.34,9172.18,0.0,228.51,Spring,Friday,False,False
6,SKU0006,2024-04-27,141,232.24,32745.63,21867.69,10877.94,0.0,268.95,Spring,Saturday,False,False
6,SKU0006,2024-04-28,149,216.03,32188.54,23108.41,9080.13,0.0,266.38,Spring,Sunday,False,False
6,SKU0006,2024-04-29,159,215.96,34338.25,24659.31,9678.94,0.0,269.39,Spring,Monday,False,False
6,SKU0006,2024-04-30,103,232.01,23896.64,15974.27,7922.37,0.0,219.33,Spring,Tuesday,False,False
6,SKU0006,2024-05-01,171,217.62,37212.67,26520.39,10692.28,0.0,207.21,Spring,Wednesday,False,False
6,SKU0006,2024-05-02,130,260.74,33896.43,20161.7,13734.73,0.0,264.51,Spring,Thursday,False,False
6,SKU0006,2024-05-03,245,198.79,48702.58,37997.05,10705.53,11.9,249.34,Spring,Friday,False,True
6,SKU0006,2024-05-04,145,231.08,33506.44,22488.05,11018.39,0.0,264.66,Spring,Saturday,False,False
6,SKU0006,2024-05-05,143,247.4,35378.47,22177.87,13200.6,0.0,218.69,Spring,Sunday,False,False
6,SKU0006,2024-05-06,103,228.36,23521.28,15974.27,7547.01,0.0,211.74,Spring,Monday,False,False
6,SKU0006,2024-05-07,108,258.07,27871.43,16749.72,11121.71,0.0,238.34,Spring,Tuesday,False,False
6,SKU0006,2024-05-08,132,245.27,32376.05,20471.88,11904.17,0.0,266.73,Spring,Wednesday,False,False
6,SKU0006,2024-05-09,164,217.84,35725.13,25434.76,10290.37,0.0,251.27,Spring,Thursday,False,False
6,SKU0006,2024-05-10,108,232.49,25108.96,16749.72,8359.24,0.0,215.16,Spring,Friday,False,False
6,SKU0006,2024-05-11,144,237.63,34218.02,22332.96,11885.06,0.0,262.71,Spring,Saturday,False,False
6,SKU0006,2024-05-12,150,235.46,35318.9,23263.5,12055.4,0.0,242.53,Spring,Sunday,False,False
6,SKU0006,2024-05-13,94,252.79,23761.81,14578.46,9183.35,0.0,205.58,Spring,Monday,False,False
6,SKU0006,2024-05-14,226,201.71,45587.1,35050.34,10536.76,21.89,209.99,Spring,Tuesday,False,True
6,SKU0006,2024-05-15,107,251.17,26875.36,16594.63,10280.73,0.0,214.4,Spring,Wednesday,False,False
6,SKU0006,2024-05-16,121,240.72,29126.81,18765.89,10360.92,0.0,260.96,Spring,Thursday,False,False
6,SKU0006,2024-05-17,119,236.11,28096.75,18455.71,9641.04,0.0,204.99,Spring,Friday,False,False
6,SKU0006,2024-05-18,122,261.23,31869.92,18920.98,12948.94,0.0,235.98,Spring,Saturday,False,False
6,SKU0006,2024-05-19,166,216.77,35983.11,25744.94,10238.17,0.0,220.45,Spring,Sunday,False,False
6,SKU0006,2024-05-20,129,225.68,29112.32,20006.61,9105.71,0.0,206.23,Spring,Monday,False,False
6,SKU0006,2024-05-21,122,231.97,28300.67,18920.98,9379.69,0.0,222.53,Spring,Tuesday,False,False
6,SKU0006,2024-05-22,106,252.96,26814.29,16439.54,10374.75,0.0,253.21,Spring,Wednesday,False,False
6,SKU0006,2024-05-23,208,210.95,43877.3,32258.72,11618.58,12.73,240.61,Spring,Thursday,False,True
6,SKU0006,2024-05-24,160,235.06,37610.3,24814.4,12795.9,0.0,220.97,Spring,Friday,False,False
6,SKU0006,2024-05-25,258,198.26,51151.15,40013.22,11137.93,10.08,250.84,Spring,Saturday,False,True
6,SKU0006,2024-05-26,185,224.3,41495.77,28691.65,12804.12,0.0,261.69,Spring,Sunday,False,False
6,SKU0006,2024-05-27,101,235.71,23806.89,15664.09,8142.8,0.0,234.12,Spring,Monday,False,False
6,SKU0006,2024-05-28,121,254.02,30736.76,18765.89,11970.87,0.0,244.69,Spring,Tuesday,False,False
6,SKU0006,2024-05-29,99,254.38,25183.69,15353.91,9829.78,0.0,236.81,Spring,Wednesday,False,False
6,SKU0006,2024-05-30,149,219.54,32711.54,23108.41,9603.13,16.04,225.04,Spring,Thursday,False,True
6,SKU0006,2024-05-31,110,242.86,26714.83,17059.9,9654.93,0.0,259.72,Spring,Friday,False,False
6,SKU0006,2024-06-01,270,194.26,52451.24,41874.3,10576.94,20.0,220.87,Summer,Saturday,False,True
6,SKU0006,2024-06-02,255,199.79,50947.45,39547.95,11399.5,18.78,270.2,Summer,Sunday,False,True
6,SKU0006,2024-06-03,197,195.7,38553.18,30552.73,8000.45,21.36,247.98,Summer,Monday,False,True
6,SKU0006,2024-06-04,95,214.88,20414.02,14733.55,5680.47,0.0,274.21,Summer,Tuesday,False,False
6,SKU0006,2024-06-05,161,225.36,36282.47,24969.49,11312.98,10.63,238.73,Summer,Wednesday,False,True
6,SKU0006,2024-06-06,122,228.94,27931.03,18920.98,9010.05,0.0,261.63,Summer,Thursday,False,False
6,SKU0006,2024-06-07,117,233.59,27329.96,18145.53,9184.43,0.0,273.65,Summer,Friday,False,False
6,SKU0006,2024-06-08,94,245.66,23092.4,14578.46,8513.94,0.0,245.06,Summer,Saturday,False,False
6,SKU0006,2024-06-09,110,253.57,27892.49,17059.9,10832.59,0.0,242.65,Summer,Sunday,False,False
6,SKU0006,2024-06-10,113,234.35,26481.27,17525.17,8956.1,0.0,209.94,Summer,Monday,False,False
6,SKU0006,2024-06-12,78,227.44,17740.46,12097.02,5643.44,0.0,215.28,Summer,Wednesday,False,False
6,SKU0006,2024-06-13,116,223.47,25922.93,17990.44,7932.49,0.0,272.03,Summer,Thursday,False,False
6,SKU0006,2024-06-14,112,243.14,27231.59,17370.08,9861.51,0.0,268.09,Summer,Friday,False,False
6,SKU0006,2024-06-16,138,258.22,35633.85,21402.42,14231.43,0.0,233.65,Summer,Sunday,False,False
6,SKU0006,2024-06-18,98,239.34,23455.62,15198.82,8256.8,0.0,241.5,Summer,Tuesday,False,False
6,SKU0006,2024-06-19,87,218.99,19051.97,13492.83,5559.14,0.0,214.15,Summer,Wednesday,False,False
6,SKU0006,2024-06-20,116,216.05,25061.68,17990.44,7071.24,0.0,247.75,Summer,Thursday,False,False
6,SKU0006,2024-06-21,217,196.84,42714.18,33654.53,9059.65,24.05,260.02,Summer,Friday,False,True
6,SKU0006,2024-06-22,157,247.4,38841.33,24349.13,14492.2,0.0,243.72,Summer,Saturday,False,False
6,SKU0006,2024-06-23,139,256.97,35718.81,21557.51,14161.3,0.0,234.92,Summer,Sunday,False,False
6,SKU0006,2024-06-24,129,220.08,28390.65,20006.61,8384.04,0.0,271.71,Summer,Monday,False,False
6,SKU0006,2024-06-25,118,240.39,28365.97,18300.62,10065.35,0.0,271.85,Summer,Tuesday,False,False
6,SKU0006,2024-06-26,102,238.99,24377.2,15819.18,8558.02,0.0,263.75,Summer,Wednesday,False,False
6,SKU0006,2024-06-27,101,259.03,26161.81,15664.09,10497.72,0.0,224.58,Summer,Thursday,False,False
6,SKU0006,2024-06-28,134,250.9,33621.11,20782.06,12839.05,0.0,265.81,Summer,Friday,False,False
6,SKU0006,2024-06-29,115,239.23,27511.14,17835.35,9675.79,0.0,243.69,Summer,Saturday,False,False
6,SKU0006,2024-06-30,167,238.93,39900.77,25900.03,14000.74,0.0,203.64,Summer,Sunday,False,False
6,SKU0006,2024-07-01,101,253.48,25601.73,15664.09,9937.64,0.0,206.16,Summer,Monday,False,False
6,SKU0006,2024-07-02,135,237.32,32038.83,20937.15,11101.68,0.0,263.12,Summer,Tuesday,False,False
6,SKU0006,2024-07-03,90,232.89,20959.7,13958.1,7001.6,0.0,245.45,Summer,Wednesday,False,False
6,SKU0006,2024-07-04,242,218.0,52755.45,37531.78,15223.67,11.26,266.59,Summer,Thursday,True,True
6,SKU0006,2024-07-05,98,242.92,23805.7,15198.82,8606.88,0.0,245.75,Summer,Friday,False,False
6,SKU0006,2024-07-06,98,257.87,25271.25,15198.82,10072.43,0.0,254.79,Summer,Saturday,False,False
6,SKU0006,2024-07-07,128,259.75,33248.37,19851.52,13396.85,0.0,263.5,Summer,Sunday,False,False
6,SKU0006,2024-07-09,94,248.78,23385.56,14578.46,8807.1,0.0,259.39,Summer,Tuesday,False,False
6,SKU0006,2024-07-10,88,234.95,20675.64,13647.92,7027.72,0.0,205.96,Summer,Wednesday,False,False
6,SKU0006,2024-07-11,107,245.39,26256.93,16594.63,9662.3,0.0,223.15,Summer,Thursday,False,False
6,SKU0006,2024-07-12,107,247.71,26505.1,16594.63,9910.47,0.0,226.67,Summer,Friday,False,False
6,SKU0006,2024-07-13,157,219.85,34515.89,24349.13,10166.76,0.0,244.4,Summer,Saturday,False,False
6,SKU0006,2024-07-14,149,246.17,36679.31,23108.41,13570.9,0.0,215.82,Summer,Sunday,False,False
6,SKU0006,2024-07-15,103,256.96,26466.99,15974.27,10492.72,0.0,253.06,Summer,Monday,False,False
6,SKU0006,2024-07-16,140,243.84,34137.72,21712.6,12425.12,0.0,220.61,Summer,Tuesday,False,False
6,SKU0006,2024-07-18,110,229.65,25261.22,17059.9,8201.32,0.0,203.64,Summer,Thursday,False,False
