data/sales_data.csv
product_id,sku,date,quantity,price,revenue,cost,profit,discount_percent,competitor_price,season,day_of_week,is_holiday,promotion_active
6,SKU0006,2024-07-19,92,219.62,20204.81,14268.28,5936.53,0.0,273.05,Summer,Friday,False,False
6,SKU0006,2024-07-20,123,251.01,30874.17,19076.07,11798.1,0.0,231.92,Summer,Saturday,False,False
6,SKU0006,2024-07-21,138,220.71,30457.67,21402.42,9055.25,0.0,243.89,Summer,Sunday,False,False
6,SKU0006,2024-07-22,135,225.33,30420.09,20937.15,9482.94,0.0,240.94,Summer,Monday,False,False
6,SKU0006,2024-07-23,117,244.04,28553.14,18145.53,10407.61,0.0,212.65,Summer,Tuesday,False,False
6,SKU0006,2024-07-24,92,237.62,21861.3,14268.28,7593.02,0.0,256.7,Summer,Wednesday,False,False
6,SKU0006,2024-07-25,113,242.21,27370.27,17525.17,9845.1,0.0,247.42,Summer,Thursday,False,False
6,SKU0006,2024-07-26,206,198.78,40948.27,31948.54,8999.73,13.22,244.79,Summer,Friday,False,True
6,SKU0006,2024-07-27,159,249.33,39642.84,24659.31,14983.53,0.0,256.89,Summer,Saturday,False,False
6,SKU0006,2024-07-28,144,253.63,36522.04,22332.96,14189.08,0.0,265.31,Summer,Sunday,False,False
6,SKU0006,2024-07-29,135,219.89,29685.4,20937.15,8748.25,0.0,254.33,Summer,Monday,False,False
6,SKU0006,2024-07-30,116,231.05,26801.49,17990.44,8811.05,0.0,205.94,Summer,Tuesday,False,False
6,SKU0006,2024-07-31,117,241.29,28230.5,18145.53,10084.97,0.0,226.61,Summer,Wednesday,False,False
6,SKU0006,2024-08-01,146,215.79,31504.84,22643.14,8861.7,0.0,267.69,Summer,Thursday,False,False
6,SKU0006,2024-08-02,93,229.16,21311.48,14423.37,6888.11,0.0,211.73,Summer,Friday,False,False
6,SKU0006,2024-08-03,206,205.83,42400.95,31948.54,10452.41,10.47,223.51,Summer,Saturday,False,True
6,SKU0006,2024-08-04,194,203.04,39390.46,30087.46,9303.0,16.03,256.9,Summer,Sunday,False,True
6,SKU0006,2024-08-05,110,258.24,28406.33,17059.9,11346.43,0.0,258.1,Summer,Monday,False,False
6,SKU0006,2024-08-06,139,227.08,31564.78,21557.51,10007.27,0.0,256.71,Summer,Tuesday,False,False
6,SKU0006,2024-08-07,101,240.83,24323.7,15664.09,8659.61,0.0,255.03,Summer,Wednesday,False,False
6,SKU0006,2024-08-08,72,236.77,17047.69,11166.48,5881.21,0.0,209.75,Summer,Thursday,False,False
6,SKU0006,2024-08-09,186,187.24,34827.53,28846.74,5980.79,17.75,259.16,Summer,Friday,False,True
6,SKU0006,2024-08-10,149,244.45,36422.75,23108.41,13314.34,0.0,247.66,Summer,Saturday,False,False
6,SKU0006,2024-08-11,144,240.79,34673.91,22332.96,12340.95,0.0,241.35,Summer,Sunday,False,False
6,SKU0006,2024-08-12,125,226.62,28327.64,19386.25,8941.39,0.0,231.14,Summer,Monday,False,False
6,SKU0006,2024-08-13,108,235.75,25461.36,16749.72,8711.64,0.0,230.09,Summer,Tuesday,False,False
6,SKU0006,2024-08-14,84,257.33,21615.82,13027.56,8588.26,0.0,227.17,Summer,Wednesday,False,False
6,SKU0006,2024-08-15,125,229.7,28712.86,19386.25,9326.61,0.0,210.73,Summer,Thursday,False,False
6,SKU0006,2024-08-16,94,249.21,23425.93,14578.46,8847.47,0.0,207.0,Summer,Friday,False,False
6,SKU0006,2024-08-17,179,237.54,42519.4,27761.11,14758.29,0.0,252.7,Summer,Saturday,False,False
6,SKU0006,2024-08-18,141,247.89,34953.09,21867.69,13085.4,0.0,207.85,Summer,Sunday,False,False
6,SKU0006,2024-08-19,155,220.29,34145.61,24038.95,10106.66,10.93,241.31,Summer,Monday,False,True
6,SKU0006,2024-08-20,96,253.27,24314.31,14888.64,9425.67,0.0,225.31,Summer,Tuesday,False,False
6,SKU0006,2024-08-21,106,248.59,26350.59,16439.54,9911.05,0.0,239.65,Summer,Wednesday,False,False
6,SKU0006,2024-08-22,111,232.51,25808.65,17214.99,8593.66,0.0,237.56,Summer,Thursday,False,False
6,SKU0006,2024-08-23,222,195.03,43297.18,34429.98,8867.2,19.77,212.54,Summer,Friday,False,True
6,SKU0006,2024-08-24,136,242.43,32971.16,21092.24,11878.92,0.0,223.81,Summer,Saturday,False,False
6,SKU0006,2024-08-25,123,232.64,28614.37,19076.07,9538.3,0.0,259.04,Summer,Sunday,False,False
6,SKU0006,2024-08-26,142,241.31,34265.77,22022.78,12242.99,0.0,238.42,Summer,Monday,False,False
6,SKU0006,2024-08-28,130,229.57,29843.92,20161.7,9682.22,0.0,228.88,Summer,Wednesday,False,False
6,SKU0006,2024-08-29,105,230.96,24250.89,16284.45,7966.44,0.0,243.7,Summer,Thursday,False,False
6,SKU0006,2024-08-30,123,229.46,28223.9,19076.07,9147.83,0.0,218.61,Summer,Friday,False,False
6,SKU0006,2024-09-01,158,255.64,40390.78,24504.22,15886.56,0.0,260.0,Fall,Sunday,False,False
6,SKU0006,2024-09-02,243,252.12,61264.69,37686.87,23577.82,0.0,216.0,Fall,Monday,False,False
6,SKU0006,2024-09-03,226,248.17,56087.0,35050.34,21036.66,0.0,231.19,Fall,Tuesday,False,False
6,SKU0006,2024-09-04,181,243.77,44121.5,28071.29,16050.21,0.0,206.65,Fall,Wednesday,False,False
6,SKU0006,2024-09-05,158,246.96,39020.28,24504.22,14516.06,0.0,216.18,Fall,Thursday,False,False
6,SKU0006,2024-09-06,215,228.78,49186.63,33344.35,15842.28,0.0,259.94,Fall,Friday,False,False
6,SKU0006,2024-09-07,223,256.8,57266.0,34585.07,22680.93,0.0,236.74,Fall,Saturday,False,False
6,SKU0006,2024-09-08,236,251.19,59280.59,36601.24,22679.35,0.0,230.74,Fall,Sunday,False,False
6,SKU0006,2024-09-09,215,223.18,47983.83,33344.35,14639.48,0.0,209.96,Fall,Monday,False,False
6,SKU0006,2024-09-10,194,261.14,50661.84,30087.46,20574.38,0.0,271.28,Fall,Tuesday,False,False
6,SKU0006,2024-09-11,238,239.41,56980.66,36911.42,20069.24,0.0,207.1,Fall,Wednesday,False,False
6,SKU0006,2024-09-13,165,239.38,39497.11,25589.85,13907.26,0.0,253.7,Fall,Friday,False,False
6,SKU0006,2024-09-14,306,220.84,67577.38,47457.54,20119.84,0.0,215.19,Fall,Saturday,False,False
6,SKU0006,2024-09-15,271,259.68,70373.6,42029.39,28344.21,0.0,259.04,Fall,Sunday,False,False
6,SKU0006,2024-09-16,456,210.78,96113.87,70721.04,25392.83,16.69,232.05,Fall,Monday,False,True
6,SKU0006,2024-09-17,174,222.57,38727.41,26985.66,11741.75,0.0,208.26,Fall,Tuesday,False,False
6,SKU0006,2024-09-18,188,258.62,48620.48,29156.92,19463.56,0.0,240.66,Fall,Wednesday,False,False
6,SKU0006,2024-09-19,128,250.99,32127.22,19851.52,12275.7,0.0,219.13,Fall,Thursday,False,False
6,SKU0006,2024-09-20,209,242.83,50752.47,32413.81,18338.66,0.0,256.68,Fall,Friday,False,False
6,SKU0006,2024-09-21,393,181.84,71462.28,60950.37,10511.91,24.61,229.19,Fall,Saturday,False,True
6,SKU0006,2024-09-22,303,239.27,72499.04,46992.27,25506.77,0.0,211.64,Fall,Sunday,False,False
6,SKU0006,2024-09-23,165,250.59,41346.73,25589.85,15756.88,0.0,265.7,Fall,Monday,False,False
6,SKU0006,2024-09-24,140,250.65,35090.38,21712.6,13377.78,0.0,206.18,Fall,Tuesday,False,False
6,SKU0006,2024-09-25,185,235.22,43516.29,28691.65,14824.64,0.0,229.11,Fall,Wednesday,False,False
6,SKU0006,2024-09-26,142,230.9,32787.1,22022.78,10764.32,0.0,216.9,Fall,Thursday,False,False
6,SKU0006,2024-09-27,236,220.06,51933.26,36601.24,15332.02,0.0,213.85,Fall,Friday,False,False
6,SKU0006,2024-09-28,164,236.09,38719.13,25434.76,13284.37,0.0,246.82,Fall,Saturday,False,False
6,SKU0006,2024-09-29,217,261.37,56717.21,33654.53,23062.68,0.0,247.25,Fall,Sunday,False,False
6,SKU0006,2024-09-30,147,218.79,32162.11,22798.23,9363.88,0.0,258.18,Fall,Monday,False,False
6,SKU0006,2024-10-01,196,226.33,44360.88,30397.64,13963.24,0.0,248.73,Fall,Tuesday,False,False
6,SKU0006,2024-10-03,205,241.23,49451.91,31793.45,17658.46,0.0,214.96,Fall,Thursday,False,False
6,SKU0006,2024-10-04,300,188.22,56466.65,46527.0,9939.65,20.71,207.16,Fall,Friday,False,True
6,SKU0006,2024-10-05,230,243.69,56049.54,35670.7,20378.84,0.0,220.49,Fall,Saturday,False,False
6,SKU0006,2024-10-07,199,252.57,50262.16,30862.91,19399.25,0.0,254.29,Fall,Monday,False,False
6,SKU0006,2024-10-08,167,221.65,37015.74,25900.03,11115.71,0.0,219.23,Fall,Tuesday,False,False
6,SKU0006,2024-10-10,109,255.93,27896.7,16904.81,10991.89,0.0,255.8,Fall,Thursday,False,False
6,SKU0006,2024-10-11,171,248.87,42556.29,26520.39,16035.9,0.0,236.75,Fall,Friday,False,False
6,SKU0006,2024-10-12,203,257.93,52359.13,31483.27,20875.86,0.0,227.53,Fall,Saturday,False,False
6,SKU0006,2024-10-13,271,226.87,61480.63,42029.39,19451.24,0.0,271.21,Fall,Sunday,False,False
6,SKU0006,2024-10-14,200,235.14,47028.04,31018.0,16010.04,0.0,217.86,Fall,Monday,False,False
6,SKU0006,2024-10-15,159,232.0,36887.53,24659.31,12228.22,0.0,245.96,Fall,Tuesday,False,False
6,SKU0006,2024-10-16,161,248.36,39986.35,24969.49,15016.86,0.0,203.92,Fall,Wednesday,False,False
6,SKU0006,2024-10-17,193,250.8,48404.34,29932.37,18471.97,0.0,250.73,Fall,Thursday,False,False
6,SKU0006,2024-10-18,190,243.17,46202.2,29467.1,16735.1,0.0,235.49,Fall,Friday,False,False
6,SKU0006,2024-10-19,209,246.29,51473.83,32413.81,19060.02,0.0,255.45,Fall,Saturday,False,False
6,SKU0006,2024-10-20,216,241.84,52237.47,33499.44,18738.03,0.0,244.78,Fall,Sunday,False,False
6,SKU0006,2024-10-21,232,222.14,51535.73,35980.88,15554.85,0.0,252.24,Fall,Monday,False,False
6,SKU0006,2024-10-22,270,223.56,60360.1,41874.3,18485.8,14.72,212.32,Fall,Tuesday,False,True
6,SKU0006,2024-10-23,202,227.83,46021.01,31328.18,14692.83,0.0,212.65,Fall,Wednesday,False,False
6,SKU0006,2024-10-24,286,216.48,61912.82,44355.74,17557.08,0.0,254.98,Fall,Thursday,False,False
6,SKU0006,2024-10-25,147,250.42,36811.77,22798.23,14013.54,0.0,220.89,Fall,Friday,False,False
6,SKU0006,2024-10-26,158,257.91,40749.07,24504.22,16244.85,0.0,249.24,Fall,Saturday,False,False
6,SKU0006,2024-10-27,282,222.51,62746.6,43735.38,19011.22,0.0,243.47,Fall,Sunday,False,False
6,SKU0006,2024-10-28,162,261.3,42331.33,25124.58,17206.75,0.0,250.02,Fall,Monday,False,False
6,SKU0006,2024-10-29,191,233.44,44587.29,29622.19,14965.1,0.0,270.36,Fall,Tuesday,False,False
6,SKU0006,2024-10-30,159,261.67,41605.23,24659.31,16945.92,0.0,239.65,Fall,Wednesday,False,False
6,SKU0006,2024-10-31,439,184.5,80996.51,68084.51,12912.0,23.86,211.48,Fall,Thursday,True,True
6,SKU0006,2024-11-01,268,215.45,57740.91,41564.12,16176.79,0.0,266.44,Fall,Friday,False,False
6,SKU0006,2024-11-02,420,208.63,87624.33,65137.8,22486.53,15.79,211.01,Fall,Saturday,False,True
6,SKU0006,2024-11-03,266,238.98,63568.17,41253.94,22314.23,0.0,250.87,Fall,Sunday,False,False
6,SKU0006,2024-11-04,146,253.01,36939.94,22643.14,14296.8,0.0,230.46,Fall,Monday,False,False
6,SKU0006,2024-11-05,287,187.16,53715.69,44510.83,9204.86,14.43,259.85,Fall,Tuesday,False,True
6,SKU0006,2024-11-06,104,258.51,26885.26,16129.36,10755.9,0.0,242.4,Fall,Wednesday,False,False
6,SKU0006,2024-11-07,168,245.75,41286.35,26055.12,15231.23,0.0,208.9,Fall,Thursday,False,False
6,SKU0006,2024-11-08,246,217.0,53382.06,38152.14,15229.92,0.0,232.96,Fall,Friday,False,False
6,SKU0006,2024-11-09,238,255.6,60832.46,36911.42,23921.04,0.0,216.77,Fall,Saturday,False,False
6,SKU0006,2024-11-10,213,256.08,54545.56,33034.17,21511.39,0.0,262.37,Fall,Sunday,False,False
6,SKU0006,2024-11-11,215,216.4,46526.85,33344.35,13182.5,0.0,258.15,Fall,Monday,False,False
6,SKU0006,2024-11-12,274,213.7,58554.1,42494.66,16059.44,16.06,229.3,Fall,Tuesday,False,True
6,SKU0006,2024-11-13,187,259.76,48575.46,29001.83,19573.63,0.0,244.92,Fall,Wednesday,False,False
6,SKU0006,2024-11-15,150,235.54,35331.26,23263.5,12067.76,0.0,250.66,Fall,Friday,False,False
6,SKU0006,2024-11-17,249,258.46,64356.09,38617.41,25738.68,0.0,209.0,Fall,Sunday,False,False
6,SKU0006,2024-11-18,318,191.41,60867.62,49318.62,11549.0,24.9,223.01,Fall,Monday,False,True
6,SKU0006,2024-11-19,215,240.59,51726.36,33344.35,18382.01,0.0,246.77,Fall,Tuesday,False,False
6,SKU0006,2024-11-20,275,242.97,66815.51,42649.75,24165.76,0.0,236.41,Fall,Wednesday,False,False
6,SKU0006,2024-11-21,213,215.46,45892.54,33034.17,12858.37,0.0,257.23,Fall,Thursday,False,False
6,SKU0006,2024-11-22,206,240.9,49625.76,31948.54,17677.22,0.0,212.89,Fall,Friday,False,False
6,SKU0006,2024-11-23,207,241.82,50056.65,32103.63,17953.02,0.0,214.21,Fall,Saturday,False,False
6,SKU0006,2024-11-24,299,252.2,75406.6,46371.91,29034.69,0.0,241.46,Fall,Sunday,True,False
6,SKU0006,2024-11-25,272,239.56,65159.3,42184.48,22974.82,0.0,211.28,Fall,Monday,True,False
6,SKU0006,2024-11-26,195,247.29,48221.78,30242.55,17979.23,0.0,258.76,Fall,Tuesday,False,False
6,SKU0006,2024-11-27,324,168.55,54608.59,50249.16,4359.43,22.04,228.8,Fall,Wednesday,False,True
6,SKU0006,2024-11-28,200,241.91,48381.87,31018.0,17363.87,0.0,204.48,Fall,Thursday,False,False
6,SKU0006,2024-11-29,258,220.78,56960.41,40013.22,16947.19,0.0,212.31,Fall,Friday,False,False
6,SKU0006,2024-11-30,239,251.2,60036.35,37066.51,22969.84,0.0,263.6,Fall,Saturday,False,False
6,SKU0006,2024-12-01,247,242.29,59845.47,38307.23,21538.24,0.0,216.18,Winter,Sunday,False,False
6,SKU0006,2024-12-03,189,257.56,48678.88,29312.01,19366.87,0.0,212.77,Winter,Tuesday,False,False
6,SKU0006,2024-12-04,313,201.15,62958.85,48543.17,14415.68,15.03,271.34,Winter,Wednesday,False,True
6,SKU0006,2024-12-05,157,236.54,37137.43,24349.13,12788.3,0.0,250.84,Winter,Thursday,False,False
6,SKU0006,2024-12-06,199,228.9,45551.74,30862.91,14688.83,0.0,258.93,Winter,Friday,False,False
6,SKU0006,2024-12-07,322,191.26,61585.18,49938.98,11646.2,22.52,222.88,Winter,Saturday,False,True
6,SKU0006,2024-12-08,195,243.0,47385.15,30242.55,17142.6,0.0,234.0,Winter,Sunday,False,False
6,SKU0006,2024-12-09,201,221.46,44514.34,31173.09,13341.25,0.0,226.74,Winter,Monday,False,False
6,SKU0006,2024-12-10,192,236.18,45346.48,29777.28,15569.2,0.0,265.92,Winter,Tuesday,False,False
6,SKU0006,2024-12-11,157,227.35,35694.58,24349.13,11345.45,0.0,221.88,Winter,Wednesday,False,False
6,SKU0006,2024-12-12,199,254.03,50551.62,30862.91,19688.71,0.0,223.83,Winter,Thursday,False,False
6,SKU0006,2024-12-13,186,254.59,47353.11,28846.74,18506.37,0.0,258.61,Winter,Friday,False,False
6,SKU0006,2024-12-14,184,255.06,46930.98,28536.56,18394.42,0.0,263.26,Winter,Saturday,False,False
6,SKU0006,2024-12-15,158,254.37,40190.72,24504.22,15686.5,0.0,204.1,Winter,Sunday,False,False
6,SKU0006,2024-12-16,195,217.76,42463.98,30242.55,12221.43,0.0,269.05,Winter,Monday,False,False
6,SKU0006,2024-12-17,173,234.31,40534.87,26830.57,13704.3,0.0,235.69,Winter,Tuesday,False,False
6,SKU0006,2024-12-18,199,221.23,44024.87,30862.91,13161.96,0.0,236.45,Winter,Wednesday,False,False
6,SKU0006,2024-12-19,184,222.52,40942.98,28536.56,12406.42,0.0,226.3,Winter,Thursday,False,False
6,SKU0006,2024-12-21,374,181.64,67932.16,58003.66,9928.5,24.18,215.89,Winter,Saturday,False,True
6,SKU0006,2024-12-22,200,248.96,49791.78,31018.0,18773.78,0.0,212.56,Winter,Sunday,False,False
6,SKU0006,2024-12-23,204,233.33,47598.56,31638.36,15960.2,0.0,268.96,Winter,Monday,False,False
6,SKU0006,2024-12-24,167,232.55,38835.24,25900.03,12935.21,0.0,207.03,Winter,Tuesday,False,False
6,SKU0006,2024-12-25,293,241.58,70783.09,45441.37,25341.72,0.0,270.72,Winter,Wednesday,True,False
6,SKU0006,2024-12-26,306,182.53,55854.01,47457.54,8396.47,24.62,263.21,Winter,Thursday,True,True
6,SKU0006,2024-12-27,236,219.95,51908.52,36601.24,15307.28,0.0,208.98,Winter,Friday,False,False
6,SKU0006,2024-12-28,230,218.6,50277.81,35670.7,14607.11,0.0,256.06,Winter,Saturday,False,False
6,SKU0006,2024-12-29,233,253.72,59117.78,36135.97,22981.81,0.0,206.62,Winter,Sunday,False,False
6,SKU0006,2025-01-01,234,226.98,53112.53,36291.06,16821.47,0.0,273.53,Winter,Wednesday,True,False
6,SKU0006,2025-01-02,269,186.79,50247.44,41719.21,8528.23,21.78,226.23,Winter,Thursday,False,True
6,SKU0006,2025-01-03,209,253.43,52966.44,32413.81,20552.63,0.0,243.43,Winter,Friday,False,False
6,SKU0006,2025-01-04,211,243.04,51282.0,32723.99,18558.01,0.0,264.74,Winter,Saturday,False,False
6,SKU0006,2025-01-05,243,221.02,53706.75,37686.87,16019.88,0.0,271.28,Winter,Sunday,False,False
6,SKU0006,2025-01-06,220,234.47,51583.04,34119.8,17463.24,0.0,271.48,Winter,Monday,False,False
6,SKU0006,2025-01-07,154,239.3,36852.21,23883.86,12968.35,0.0,236.75,Winter,Tuesday,False,False
6,SKU0006,2025-01-08,187,253.44,47392.89,29001.83,18391.06,0.0,267.35,Winter,Wednesday,False,False
6,SKU0006,2025-01-09,181,218.11,39478.8,28071.29,11407.51,0.0,206.06,Winter,Thursday,False,False
6,SKU0006,2025-01-10,177,241.53,42751.49,27450.93,15300.56,0.0,218.68,Winter,Friday,False,False
6,SKU0006,2025-01-11,222,237.09,52633.08,34429.98,18203.1,0.0,272.3,Winter,Saturday,False,False
6,SKU0006,2025-01-12,162,249.5,40418.66,25124.58,15294.08,0.0,240.32,Winter,Sunday,False,False
6,SKU0006,2025-01-13,169,226.29,38242.36,26210.21,12032.15,0.0,213.65,Winter,Monday,False,False
6,SKU0006,2025-01-14,223,234.1,52203.57,34585.07,17618.5,0.0,241.87,Winter,Tuesday,False,False
6,SKU0006,2025-01-15,335,204.87,68630.02,51955.15,16674.87,12.91,273.65,Winter,Wednesday,False,True
6,SKU0006,2025-01-16,168,257.26,43219.4,26055.12,17164.28,0.0,238.84,Winter,Thursday,False,False
6,SKU0006,2025-01-17,173,260.92,45138.7,26830.57,18308.13,0.0,219.12,Winter,Friday,False,False
6,SKU0006,2025-01-18,198,252.81,50056.52,30707.82,19348.7,0.0,263.64,Winter,Saturday,False,False
6,SKU0006,2025-01-20,179,236.0,42244.0,27761.11,14482.89,0.0,222.62,Winter,Monday,False,False
6,SKU0006,2025-01-21,333,187.17,62326.69,51644.97,10681.72,19.3,228.88,Winter,Tuesday,False,True
6,SKU0006,2025-01-22,226,224.57,50752.78,35050.34,15702.44,0.0,261.84,Winter,Wednesday,False,False
6,SKU0006,2025-01-23,160,240.55,38487.84,24814.4,13673.44,0.0,257.62,Winter,Thursday,False,False
6,SKU0006,2025-01-24,225,238.28,53613.97,34895.25,18718.72,0.0,255.11,Winter,Friday,False,False
6,SKU0006,2025-01-25,165,243.38,40157.08,25589.85,14567.23,0.0,209.95,Winter,Saturday,False,False
6,SKU0006,2025-01-26,522,171.92,89741.29,80956.98,8784.31,21.68,209.59,Winter,Sunday,False,True
6,SKU0006,2025-01-27,189,215.65,40758.09,29312.01,11446.08,0.0,223.92,Winter,Monday,False,False
6,SKU0006,2025-01-28,170,247.28,42038.27,26365.3,15672.97,0.0,253.11,Winter,Tuesday,False,False
6,SKU0006,2025-01-29,144,215.88,31086.06,22332.96,8753.1,0.0,229.36,Winter,Wednesday,False,False
6,SKU0006,2025-01-30,160,253.75,40600.73,24814.4,15786.33,0.0,252.82,Winter,Thursday,False,False
6,SKU0006,2025-01-31,254,200.85,51016.27,39392.86,11623.41,10.01,212.49,Winter,Friday,False,True
6,SKU0006,2025-02-01,206,229.71,47320.67,31948.54,15372.13,0.0,243.32,Winter,Saturday,False,False
6,SKU0006,2025-02-02,234,217.58,50913.8,36291.06,14622.74,0.0,232.71,Winter,Sunday,False,False
