data/sales_data.csv
product_id,sku,date,quantity,price,revenue,cost,profit,discount_percent,competitor_price,season,day_of_week,is_holiday,promotion_active
6,SKU0006,2025-02-03,193,258.59,49908.52,29932.37,19976.15,0.0,210.75,Winter,Monday,False,False
6,SKU0006,2025-02-04,180,249.07,44833.2,27916.2,16917.0,0.0,265.69,Winter,Tuesday,False,False
6,SKU0006,2025-02-05,185,245.98,45506.51,28691.65,16814.86,0.0,221.39,Winter,Wednesday,False,False
6,SKU0006,2025-02-07,145,260.35,37751.29,22488.05,15263.24,0.0,257.57,Winter,Friday,False,False
6,SKU0006,2025-02-08,261,255.04,66565.63,40478.49,26087.14,0.0,242.23,Winter,Saturday,False,False
6,SKU0006,2025-02-09,187,248.54,46476.97,29001.83,17475.14,0.0,229.02,Winter,Sunday,False,False
6,SKU0006,2025-02-10,422,177.74,75006.21,65447.98,9558.23,21.26,203.51,Winter,Monday,False,True
6,SKU0006,2025-02-11,161,260.43,41928.71,24969.49,16959.22,0.0,272.23,Winter,Tuesday,False,False
6,SKU0006,2025-02-12,201,215.32,43279.81,31173.09,12106.72,0.0,244.25,Winter,Wednesday,False,False
6,SKU0006,2025-02-13,397,175.68,69744.91,61570.73,8174.18,24.07,233.48,Winter,Thursday,False,True
6,SKU0006,2025-02-14,272,248.08,67478.68,42184.48,25294.2,0.0,207.42,Winter,Friday,True,False
6,SKU0006,2025-02-15,210,244.65,51377.3,32568.9,18808.4,0.0,271.2,Winter,Saturday,False,False
6,SKU0006,2025-02-16,213,230.81,49163.09,33034.17,16128.92,0.0,266.65,Winter,Sunday,False,False
6,SKU0006,2025-02-17,186,231.88,43129.64,28846.74,14282.9,0.0,220.25,Winter,Monday,False,False
6,SKU0006,2025-02-18,189,241.8,45700.42,29312.01,16388.41,0.0,228.68,Winter,Tuesday,False,False
6,SKU0006,2025-02-19,413,164.36,67881.15,64052.17,3828.98,24.46,244.16,Winter,Wednesday,False,True
6,SKU0006,2025-02-20,186,233.72,43472.33,28846.74,14625.59,0.0,268.23,Winter,Thursday,False,False
6,SKU0006,2025-02-21,218,217.55,47424.91,33809.62,13615.29,0.0,254.14,Winter,Friday,False,False
6,SKU0006,2025-02-22,299,216.84,64836.33,46371.91,18464.42,0.0,220.11,Winter,Saturday,False,False
6,SKU0006,2025-02-23,242,227.48,55051.11,37531.78,17519.33,0.0,254.11,Winter,Sunday,False,False
6,SKU0006,2025-02-24,185,246.34,45573.04,28691.65,16881.39,0.0,223.49,Winter,Monday,False,False
6,SKU0006,2025-02-25,129,260.7,33630.68,20006.61,13624.07,0.0,218.92,Winter,Tuesday,False,False
6,SKU0006,2025-02-26,182,200.88,36559.57,28226.38,8333.19,15.65,214.06,Winter,Wednesday,False,True
6,SKU0006,2025-02-27,204,225.14,45928.83,31638.36,14290.47,0.0,262.11,Winter,Thursday,False,False
6,SKU0006,2025-02-28,313,189.59,59342.41,48543.17,10799.24,15.69,267.15,Winter,Friday,False,True
6,SKU0006,2025-03-01,151,219.79,33187.87,23418.59,9769.28,0.0,215.96,Spring,Saturday,False,False
6,SKU0006,2025-03-02,305,169.52,51702.6,47302.45,4400.15,24.21,213.51,Spring,Sunday,False,True
6,SKU0006,2025-03-03,130,229.42,29825.14,20161.7,9663.44,0.0,207.8,Spring,Monday,False,False
6,SKU0006,2025-03-05,130,234.87,30532.6,20161.7,10370.9,0.0,228.3,Spring,Wednesday,False,False
6,SKU0006,2025-03-06,181,205.7,37232.6,28071.29,9161.31,18.12,239.35,Spring,Thursday,False,True
6,SKU0006,2025-03-07,155,221.97,34405.04,24038.95,10366.09,0.0,209.14,Spring,Friday,False,False
6,SKU0006,2025-03-08,155,225.24,34911.54,24038.95,10872.59,0.0,269.2,Spring,Saturday,False,False
6,SKU0006,2025-03-09,158,247.11,39043.43,24504.22,14539.21,0.0,268.92,Spring,Sunday,False,False
6,SKU0006,2025-03-10,112,250.73,28082.01,17370.08,10711.93,0.0,242.64,Spring,Monday,False,False
6,SKU0006,2025-03-11,115,236.27,27170.91,17835.35,9335.56,0.0,264.42,Spring,Tuesday,False,False
6,SKU0006,2025-03-12,215,197.11,42378.74,33344.35,9034.39,18.9,214.8,Spring,Wednesday,False,True
6,SKU0006,2025-03-13,187,224.83,42042.74,29001.83,13040.91,13.6,265.97,Spring,Thursday,False,True
6,SKU0006,2025-03-14,126,256.96,32376.96,19541.34,12835.62,0.0,229.3,Spring,Friday,False,False
6,SKU0006,2025-03-15,158,218.45,34515.04,24504.22,10010.82,0.0,235.98,Spring,Saturday,False,False
6,SKU0006,2025-03-16,167,218.82,36542.27,25900.03,10642.24,10.02,209.31,Spring,Sunday,False,True
6,SKU0006,2025-03-17,126,222.48,28031.92,19541.34,8490.58,0.0,242.23,Spring,Monday,False,False
6,SKU0006,2025-03-18,143,235.33,33652.01,22177.87,11474.14,0.0,209.89,Spring,Tuesday,False,False
6,SKU0006,2025-03-19,115,249.36,28676.81,17835.35,10841.46,0.0,228.05,Spring,Wednesday,False,False
6,SKU0006,2025-03-20,115,252.23,29006.73,17835.35,11171.38,0.0,267.94,Spring,Thursday,False,False
6,SKU0006,2025-03-21,140,247.49,34649.27,21712.6,12936.67,0.0,233.86,Spring,Friday,False,False
6,SKU0006,2025-03-22,135,238.75,32231.18,20937.15,11294.03,0.0,229.4,Spring,Saturday,False,False
6,SKU0006,2025-03-23,126,218.63,27547.6,19541.34,8006.26,0.0,225.21,Spring,Sunday,False,False
6,SKU0006,2025-03-24,119,247.68,29473.87,18455.71,11018.16,0.0,253.2,Spring,Monday,False,False
6,SKU0006,2025-03-25,180,215.54,38796.61,27916.2,10880.41,10.67,273.85,Spring,Tuesday,False,True
6,SKU0006,2025-03-26,113,226.02,25540.01,17525.17,8014.84,0.0,260.67,Spring,Wednesday,False,False
6,SKU0006,2025-03-27,130,225.05,29255.85,20161.7,9094.15,0.0,229.68,Spring,Thursday,False,False
6,SKU0006,2025-03-28,135,239.01,32265.89,20937.15,11328.74,0.0,267.18,Spring,Friday,False,False
6,SKU0006,2025-03-29,158,227.92,36010.73,24504.22,11506.51,0.0,225.07,Spring,Saturday,False,False
6,SKU0006,2025-03-30,290,180.48,52339.54,44976.1,7363.44,17.71,256.78,Spring,Sunday,False,True
6,SKU0006,2025-03-31,175,217.32,38030.24,27140.75,10889.49,0.0,246.83,Spring,Monday,False,False
6,SKU0006,2025-04-01,117,244.58,28615.62,18145.53,10470.09,0.0,219.18,Spring,Tuesday,False,False
6,SKU0006,2025-04-02,141,222.16,31324.54,21867.69,9456.85,0.0,222.67,Spring,Wednesday,False,False
6,SKU0006,2025-04-03,121,228.04,27593.14,18765.89,8827.25,0.0,212.24,Spring,Thursday,False,False
6,SKU0006,2025-04-04,109,239.79,26136.92,16904.81,9232.11,0.0,232.98,Spring,Friday,False,False
6,SKU0006,2025-04-05,142,231.91,32931.86,22022.78,10909.08,0.0,216.86,Spring,Saturday,False,False
6,SKU0006,2025-04-07,220,200.48,44106.54,34119.8,9986.74,10.76,252.62,Spring,Monday,False,True
6,SKU0006,2025-04-08,184,221.0,40664.16,28536.56,12127.6,0.0,238.46,Spring,Tuesday,False,False
6,SKU0006,2025-04-09,121,220.81,26717.96,18765.89,7952.07,0.0,220.25,Spring,Wednesday,False,False
6,SKU0006,2025-04-10,129,216.72,27956.49,20006.61,7949.88,0.0,212.16,Spring,Thursday,False,False
6,SKU0006,2025-04-11,201,206.05,41415.16,31173.09,10242.07,10.71,216.91,Spring,Friday,False,True
6,SKU0006,2025-04-12,151,254.1,38369.58,23418.59,14950.99,0.0,259.58,Spring,Saturday,False,False
6,SKU0006,2025-04-13,148,254.26,37630.57,22953.32,14677.25,0.0,228.28,Spring,Sunday,False,False
6,SKU0006,2025-04-14,163,219.32,35748.98,25279.67,10469.31,0.0,212.26,Spring,Monday,False,False
6,SKU0006,2025-04-15,140,189.01,26461.23,21712.6,4748.63,12.43,232.57,Spring,Tuesday,False,True
6,SKU0006,2025-04-16,78,247.47,19302.33,12097.02,7205.31,0.0,236.43,Spring,Wednesday,False,False
6,SKU0006,2025-04-17,114,243.76,27788.57,17680.26,10108.31,0.0,214.2,Spring,Thursday,False,False
6,SKU0006,2025-04-18,146,240.07,35050.79,22643.14,12407.65,0.0,259.01,Spring,Friday,False,False
6,SKU0006,2025-04-19,109,254.93,27787.07,16904.81,10882.26,0.0,261.59,Spring,Saturday,False,False
6,SKU0006,2025-04-20,135,204.22,27569.3,20937.15,6632.15,12.43,260.18,Spring,Sunday,False,True
6,SKU0006,2025-04-21,148,220.4,32618.54,22953.32,9665.22,0.0,238.68,Spring,Monday,False,False
6,SKU0006,2025-04-22,129,241.33,31131.39,20006.61,11124.78,0.0,263.03,Spring,Tuesday,False,False
6,SKU0006,2025-04-23,98,258.04,25288.08,15198.82,10089.26,0.0,256.72,Spring,Wednesday,False,False
6,SKU0006,2025-04-24,110,233.02,25632.71,17059.9,8572.81,0.0,269.37,Spring,Thursday,False,False
6,SKU0006,2025-04-25,178,201.14,35802.26,27606.02,8196.24,15.91,224.51,Spring,Friday,False,True
6,SKU0006,2025-04-26,146,251.15,36668.42,22643.14,14025.28,0.0,249.77,Spring,Saturday,False,False
6,SKU0006,2025-04-27,139,235.33,32710.94,21557.51,11153.43,0.0,251.83,Spring,Sunday,False,False
6,SKU0006,2025-04-28,144,223.74,32218.32,22332.96,9885.36,0.0,232.65,Spring,Monday,False,False
6,SKU0006,2025-04-29,115,207.18,23825.18,17835.35,5989.83,15.65,212.08,Spring,Tuesday,False,True
6,SKU0006,2025-04-30,118,221.17,26097.75,18300.62,7797.13,0.0,211.22,Spring,Wednesday,False,False
6,SKU0006,2025-05-01,112,221.75,24835.78,17370.08,7465.7,0.0,232.22,Spring,Thursday,False,False
6,SKU0006,2025-05-02,114,254.29,28988.82,17680.26,11308.56,0.0,249.66,Spring,Friday,False,False
6,SKU0006,2025-05-03,146,227.46,33209.16,22643.14,10566.02,0.0,251.43,Spring,Saturday,False,False
6,SKU0006,2025-05-04,165,245.1,40441.67,25589.85,14851.82,0.0,241.02,Spring,Sunday,False,False
6,SKU0006,2025-05-05,83,261.81,21730.03,12872.47,8857.56,0.0,247.02,Spring,Monday,False,False
6,SKU0006,2025-05-06,117,259.13,30318.7,18145.53,12173.17,0.0,220.0,Spring,Tuesday,False,False
6,SKU0006,2025-05-07,129,253.9,32753.35,20006.61,12746.74,0.0,245.81,Spring,Wednesday,False,False
6,SKU0006,2025-05-08,169,227.32,38417.47,26210.21,12207.26,0.0,227.06,Spring,Thursday,False,False
6,SKU0006,2025-05-09,126,221.13,27862.81,19541.34,8321.47,0.0,273.63,Spring,Friday,False,False
6,SKU0006,2025-05-10,146,261.22,38138.77,22643.14,15495.63,0.0,228.98,Spring,Saturday,False,False
6,SKU0006,2025-05-11,176,208.0,36607.62,27295.84,9311.78,13.37,217.29,Spring,Sunday,False,True
6,SKU0006,2025-05-12,76,253.34,19253.95,11786.84,7467.11,0.0,208.44,Spring,Monday,False,False
6,SKU0006,2025-05-13,133,255.22,33944.63,20626.97,13317.66,0.0,231.85,Spring,Tuesday,False,False
6,SKU0006,2025-05-14,121,249.04,30133.79,18765.89,11367.9,0.0,236.23,Spring,Wednesday,False,False
6,SKU0006,2025-05-15,137,258.46,35408.76,21247.33,14161.43,0.0,222.03,Spring,Thursday,False,False
6,SKU0006,2025-05-16,101,236.38,23874.63,15664.09,8210.54,0.0,266.87,Spring,Friday,False,False
6,SKU0006,2025-05-17,171,227.54,38909.5,26520.39,12389.11,0.0,267.34,Spring,Saturday,False,False
6,SKU0006,2025-05-18,179,259.93,46527.53,27761.11,18766.42,0.0,219.98,Spring,Sunday,False,False
6,SKU0006,2025-05-19,135,237.27,32031.83,20937.15,11094.68,0.0,230.94,Spring,Monday,False,False
6,SKU0006,2025-05-20,129,243.12,31362.04,20006.61,11355.43,0.0,271.69,Spring,Tuesday,False,False
6,SKU0006,2025-05-21,217,192.78,41832.53,33654.53,8178.0,14.21,227.38,Spring,Wednesday,False,True
6,SKU0006,2025-05-22,96,240.29,23068.17,14888.64,8179.53,0.0,243.8,Spring,Thursday,False,False
6,SKU0006,2025-05-23,140,259.45,36322.48,21712.6,14609.88,0.0,224.74,Spring,Friday,False,False
6,SKU0006,2025-05-24,250,181.59,45396.81,38772.5,6624.31,21.41,225.94,Spring,Saturday,False,True
6,SKU0006,2025-05-25,160,242.21,38754.11,24814.4,13939.71,0.0,263.24,Spring,Sunday,False,False
6,SKU0006,2025-05-26,90,255.47,22991.99,13958.1,9033.89,0.0,235.25,Spring,Monday,False,False
6,SKU0006,2025-05-27,111,221.26,24560.28,17214.99,7345.29,0.0,254.16,Spring,Tuesday,False,False
6,SKU0006,2025-05-28,160,227.42,36387.04,24814.4,11572.64,0.0,269.6,Spring,Wednesday,False,False
6,SKU0006,2025-05-29,109,262.35,28596.16,16904.81,11691.35,0.0,249.38,Spring,Thursday,False,False
6,SKU0006,2025-05-30,161,226.57,36477.06,24969.49,11507.57,0.0,270.16,Spring,Friday,False,False
6,SKU0006,2025-05-31,155,229.1,35511.06,24038.95,11472.11,0.0,224.92,Spring,Saturday,False,False
6,SKU0006,2025-06-01,106,217.4,23044.88,16439.54,6605.34,0.0,218.56,Summer,Sunday,False,False
6,SKU0006,2025-06-02,134,225.52,30220.35,20782.06,9438.29,0.0,251.53,Summer,Monday,False,False
6,SKU0006,2025-06-03,176,191.48,33700.13,27295.84,6404.29,20.29,270.11,Summer,Tuesday,False,True
6,SKU0006,2025-06-04,115,258.63,29742.52,17835.35,11907.17,0.0,211.42,Summer,Wednesday,False,False
6,SKU0006,2025-06-05,111,240.94,26744.06,17214.99,9529.07,0.0,269.56,Summer,Thursday,False,False
6,SKU0006,2025-06-06,92,222.2,20442.79,14268.28,6174.51,0.0,272.2,Summer,Friday,False,False
6,SKU0006,2025-06-07,128,257.51,32961.23,19851.52,13109.71,0.0,267.65,Summer,Saturday,False,False
6,SKU0006,2025-06-08,188,227.14,42701.53,29156.92,13544.61,0.0,249.37,Summer,Sunday,False,False
6,SKU0006,2025-06-09,132,217.06,28651.87,20471.88,8179.99,0.0,248.82,Summer,Monday,False,False
6,SKU0006,2025-06-10,108,245.67,26532.1,16749.72,9782.38,0.0,204.62,Summer,Tuesday,False,False
6,SKU0006,2025-06-11,123,252.76,31088.9,19076.07,12012.83,0.0,261.53,Summer,Wednesday,False,False
6,SKU0006,2025-06-12,117,235.96,27607.5,18145.53,9461.97,0.0,244.13,Summer,Thursday,False,False
6,SKU0006,2025-06-13,120,230.2,27623.66,18610.8,9012.86,0.0,236.31,Summer,Friday,False,False
6,SKU0006,2025-06-14,104,258.21,26854.28,16129.36,10724.92,0.0,206.15,Summer,Saturday,False,False
6,SKU0006,2025-06-15,134,248.16,33253.0,20782.06,12470.94,0.0,261.05,Summer,Sunday,False,False
6,SKU0006,2025-06-16,141,217.74,30701.44,21867.69,8833.75,0.0,229.11,Summer,Monday,False,False
6,SKU0006,2025-06-18,262,171.28,44874.93,40633.58,4241.35,22.85,211.97,Summer,Wednesday,False,True
6,SKU0006,2025-06-19,114,230.0,26220.04,17680.26,8539.78,0.0,270.48,Summer,Thursday,False,False
6,SKU0006,2025-06-20,107,216.0,23112.34,16594.63,6517.71,0.0,272.08,Summer,Friday,False,False
6,SKU0006,2025-06-21,167,220.63,36845.13,25900.03,10945.1,0.0,257.43,Summer,Saturday,False,False
6,SKU0006,2025-06-22,126,244.69,30830.5,19541.34,11289.16,0.0,273.92,Summer,Sunday,False,False
6,SKU0006,2025-06-23,132,224.21,29595.78,20471.88,9123.9,0.0,247.36,Summer,Monday,False,False
6,SKU0006,2025-06-24,115,222.1,25541.18,17835.35,7705.83,0.0,215.41,Summer,Tuesday,False,False
6,SKU0006,2025-06-25,109,243.42,26532.4,16904.81,9627.59,0.0,254.8,Summer,Wednesday,False,False
6,SKU0006,2025-06-26,114,252.16,28745.89,17680.26,11065.63,0.0,254.29,Summer,Thursday,False,False
6,SKU0006,2025-06-27,120,231.55,27785.92,18610.8,9175.12,0.0,250.0,Summer,Friday,False,False
6,SKU0006,2025-06-28,99,225.94,22367.72,15353.91,7013.81,0.0,248.62,Summer,Saturday,False,False
6,SKU0006,2025-06-29,113,235.87,26652.79,17525.17,9127.62,0.0,216.42,Summer,Sunday,False,False
6,SKU0006,2025-07-01,110,237.34,26107.85,17059.9,9047.95,0.0,266.83,Summer,Tuesday,False,False
6,SKU0006,2025-07-02,98,252.05,24700.93,15198.82,9502.11,0.0,219.03,Summer,Wednesday,False,False
6,SKU0006,2025-07-03,89,238.95,21266.3,13803.01,7463.29,0.0,236.42,Summer,Thursday,False,False
6,SKU0006,2025-07-05,92,243.71,22421.55,14268.28,8153.27,0.0,211.46,Summer,Saturday,False,False
6,SKU0006,2025-07-06,142,222.3,31566.4,22022.78,9543.62,0.0,230.09,Summer,Sunday,False,False
6,SKU0006,2025-07-07,162,208.8,33825.23,25124.58,8700.65,12.34,248.97,Summer,Monday,False,True
6,SKU0006,2025-07-08,88,261.53,23014.53,13647.92,9366.61,0.0,271.72,Summer,Tuesday,False,False
6,SKU0006,2025-07-09,108,244.9,26449.71,16749.72,9699.99,0.0,209.23,Summer,Wednesday,False,False
6,SKU0006,2025-07-10,114,246.53,28104.65,17680.26,10424.39,0.0,233.93,Summer,Thursday,False,False
6,SKU0006,2025-07-11,154,227.25,34996.38,23883.86,11112.52,0.0,258.6,Summer,Friday,False,False
6,SKU0006,2025-07-12,107,230.22,24633.13,16594.63,8038.5,0.0,212.19,Summer,Saturday,False,False
6,SKU0006,2025-07-13,145,261.02,37848.18,22488.05,15360.13,0.0,252.26,Summer,Sunday,False,False
6,SKU0006,2025-07-14,118,260.18,30701.59,18300.62,12400.97,0.0,239.2,Summer,Monday,False,False
6,SKU0006,2025-07-15,94,250.74,23569.47,14578.46,8991.01,0.0,274.19,Summer,Tuesday,False,False
6,SKU0006,2025-07-16,105,262.0,27510.15,16284.45,11225.7,0.0,243.33,Summer,Wednesday,False,False
6,SKU0006,2025-07-17,101,246.47,24893.87,15664.09,9229.78,0.0,264.39,Summer,Thursday,False,False
6,SKU0006,2025-07-18,106,260.47,27610.1,16439.54,11170.56,0.0,229.8,Summer,Friday,False,False
6,SKU0006,2025-07-19,161,244.23,39320.67,24969.49,14351.18,0.0,217.92,Summer,Saturday,False,False
6,SKU0006,2025-07-20,136,257.7,35046.98,21092.24,13954.74,0.0,267.02,Summer,Sunday,False,False
6,SKU0006,2025-07-21,121,237.59,28748.12,18765.89,9982.23,0.0,207.58,Summer,Monday,False,False
6,SKU0006,2025-07-22,104,240.11,24971.09,16129.36,8841.73,0.0,251.75,Summer,Tuesday,False,False
6,SKU0006,2025-07-23,94,219.73,20654.5,14578.46,6076.04,0.0,237.57,Summer,Wednesday,False,False
6,SKU0006,2025-07-24,102,255.63,26073.77,15819.18,10254.59,0.0,258.08,Summer,Thursday,False,False
6,SKU0006,2025-07-26,109,225.23,24549.69,16904.81,7644.88,0.0,231.53,Summer,Saturday,False,False
6,SKU0006,2025-07-27,186,201.84,37543.13,28846.74,8696.39,19.96,262.09,Summer,Sunday,False,True
6,SKU0006,2025-07-28,117,232.18,27164.56,18145.53,9019.03,0.0,255.1,Summer,Monday,False,False
6,SKU0006,2025-07-29,104,216.89,22556.45,16129.36,6427.09,0.0,243.52,Summer,Tuesday,False,False
6,SKU0006,2025-07-30,91,259.44,23609.34,14113.19,9496.15,0.0,229.17,Summer,Wednesday,False,False
6,SKU0006,2025-07-31,101,249.12,25160.77,15664.09,9496.68,0.0,243.34,Summer,Thursday,False,False
6,SKU0006,2025-08-01,92,231.07,21258.51,14268.28,6990.23,0.0,204.02,Summer,Friday,False,False
6,SKU0006,2025-08-02,124,219.1,27168.15,19231.16,7936.99,0.0,245.22,Summer,Saturday,False,False
6,SKU0006,2025-08-03,154,230.06,35429.25,23883.86,11545.39,0.0,228.42,Summer,Sunday,False,False
6,SKU0006,2025-08-05,89,226.84,20189.01,13803.01,6386.0,0.0,214.14,Summer,Tuesday,False,False
6,SKU0006,2025-08-06,171,196.1,33533.58,26520.39,7013.19,19.78,254.99,Summer,Wednesday,False,True
6,SKU0006,2025-08-07,235,174.1,40912.77,36446.15,4466.62,24.11,256.63,Summer,Thursday,False,True
6,SKU0006,2025-08-08,100,259.91,25991.34,15509.0,10482.34,0.0,240.89,Summer,Friday,False,False
6,SKU0006,2025-08-09,127,234.11,29732.42,19696.43,10035.99,0.0,240.26,Summer,Saturday,False,False
6,SKU0006,2025-08-10,145,222.61,32278.82,22488.05,9790.77,0.0,237.45,Summer,Sunday,False,False
6,SKU0006,2025-08-11,143,190.98,27310.15,22177.87,5132.28,21.56,249.48,Summer,Monday,False,True
6,SKU0006,2025-08-12,132,216.09,28524.06,20471.88,8052.18,0.0,252.59,Summer,Tuesday,False,False
6,SKU0006,2025-08-13,118,240.26,28350.56,18300.62,10049.94,0.0,241.8,Summer,Wednesday,False,False
6,SKU0006,2025-08-14,99,254.86,25230.77,15353.91,9876.86,0.0,270.15,Summer,Thursday,False,False
