data/sales_data.csv
product_id,sku,date,quantity,price,revenue,cost,profit,discount_percent,competitor_price,season,day_of_week,is_holiday,promotion_active
6,SKU0006,2025-08-15,120,257.69,30923.19,18610.8,12312.39,0.0,224.91,Summer,Friday,False,False
6,SKU0006,2025-08-16,121,219.12,26513.0,18765.89,7747.11,0.0,226.35,Summer,Saturday,False,False
6,SKU0006,2025-08-17,145,260.26,37737.11,22488.05,15249.06,0.0,259.05,Summer,Sunday,False,False
6,SKU0006,2025-08-18,122,223.41,27256.04,18920.98,8335.06,0.0,206.08,Summer,Monday,False,False
6,SKU0006,2025-08-19,116,218.04,25293.19,17990.44,7302.75,0.0,258.26,Summer,Tuesday,False,False
6,SKU0006,2025-08-20,114,232.78,26537.45,17680.26,8857.19,0.0,243.11,Summer,Wednesday,False,False
6,SKU0006,2025-08-21,102,258.72,26389.61,15819.18,10570.43,0.0,253.7,Summer,Thursday,False,False
6,SKU0006,2025-08-22,229,191.57,43869.91,35515.61,8354.3,18.42,224.94,Summer,Friday,False,True
6,SKU0006,2025-08-23,114,235.51,26848.2,17680.26,9167.94,0.0,243.78,Summer,Saturday,False,False
6,SKU0006,2025-08-24,110,258.8,28468.29,17059.9,11408.39,0.0,209.18,Summer,Sunday,False,False
6,SKU0006,2025-08-25,132,233.14,30774.95,20471.88,10303.07,0.0,252.25,Summer,Monday,False,False
6,SKU0006,2025-08-26,149,228.84,34097.83,23108.41,10989.42,10.5,228.08,Summer,Tuesday,False,True
6,SKU0006,2025-08-28,129,261.27,33703.76,20006.61,13697.15,0.0,246.94,Summer,Thursday,False,False
6,SKU0006,2025-08-29,106,235.8,24995.08,16439.54,8555.54,0.0,248.26,Summer,Friday,False,False
6,SKU0006,2025-08-30,159,221.29,35185.82,24659.31,10526.51,0.0,218.75,Summer,Saturday,False,False
6,SKU0006,2025-08-31,107,247.89,26524.46,16594.63,9929.83,0.0,254.28,Summer,Sunday,False,False
6,SKU0006,2025-09-01,225,231.43,52071.92,34895.25,17176.67,0.0,214.34,Fall,Monday,False,False
6,SKU0006,2025-09-02,214,224.59,48061.83,33189.26,14872.57,0.0,273.49,Fall,Tuesday,False,False
6,SKU0006,2025-09-03,206,244.04,50273.06,31948.54,18324.52,0.0,247.24,Fall,Wednesday,False,False
6,SKU0006,2025-09-04,175,241.94,42338.87,27140.75,15198.12,0.0,230.97,Fall,Thursday,False,False
6,SKU0006,2025-09-05,150,234.49,35174.04,23263.5,11910.54,0.0,224.18,Fall,Friday,False,False
6,SKU0006,2025-09-06,266,227.23,60443.05,41253.94,19189.11,0.0,268.9,Fall,Saturday,False,False
6,SKU0006,2025-09-07,169,229.41,38770.07,26210.21,12559.86,0.0,208.03,Fall,Sunday,False,False
6,SKU0006,2025-09-08,183,243.94,44641.75,28381.47,16260.28,0.0,269.24,Fall,Monday,False,False
6,SKU0006,2025-09-09,214,250.67,53643.87,33189.26,20454.61,0.0,253.32,Fall,Tuesday,False,False
6,SKU0006,2025-09-10,211,227.9,48087.03,32723.99,15363.04,0.0,219.02,Fall,Wednesday,False,False
6,SKU0006,2025-09-11,237,256.59,60812.76,36756.33,24056.43,0.0,240.45,Fall,Thursday,False,False
6,SKU0006,2025-09-12,220,246.11,54144.27,34119.8,20024.47,0.0,213.27,Fall,Friday,False,False
6,SKU0006,2025-09-13,365,192.84,70387.08,56607.85,13779.23,16.3,236.96,Fall,Saturday,False,True
6,SKU0006,2025-09-14,216,261.9,56571.04,33499.44,23071.6,0.0,240.97,Fall,Sunday,False,False
6,SKU0006,2025-09-15,194,239.67,46495.63,30087.46,16408.17,0.0,222.11,Fall,Monday,False,False
6,SKU0006,2025-09-17,166,241.99,40170.08,25744.94,14425.14,0.0,252.29,Fall,Wednesday,False,False
6,SKU0006,2025-09-19,127,257.65,32721.76,19696.43,13025.33,0.0,216.6,Fall,Friday,False,False
6,SKU0006,2025-09-20,225,252.17,56738.27,34895.25,21843.02,0.0,236.64,Fall,Saturday,False,False
6,SKU0006,2025-09-21,212,255.74,54216.53,32879.08,21337.45,0.0,220.31,Fall,Sunday,False,False
6,SKU0006,2025-09-22,255,190.41,48553.94,39547.95,9005.99,16.49,269.3,Fall,Monday,False,True
6,SKU0006,2025-09-23,204,243.89,49754.37,31638.36,18116.01,0.0,261.72,Fall,Tuesday,False,False
6,SKU0006,2025-09-24,208,249.92,51984.15,32258.72,19725.43,0.0,212.57,Fall,Wednesday,False,False
6,SKU0006,2025-09-25,194,249.76,48453.21,30087.46,18365.75,0.0,264.26,Fall,Thursday,False,False
6,SKU0006,2025-09-26,186,239.97,44634.92,28846.74,15788.18,0.0,216.43,Fall,Friday,False,False
6,SKU0006,2025-09-27,250,244.71,61177.09,38772.5,22404.59,0.0,271.8,Fall,Saturday,False,False
6,SKU0006,2025-09-28,263,235.27,61876.34,40788.67,21087.67,0.0,268.86,Fall,Sunday,False,False
6,SKU0006,2025-09-29,189,259.81,49103.32,29312.01,19791.31,0.0,228.61,Fall,Monday,False,False
6,SKU0006,2025-09-30,180,227.12,40881.13,27916.2,12964.93,0.0,230.57,Fall,Tuesday,False,False
6,SKU0006,2025-10-01,366,184.51,67531.24,56762.94,10768.3,18.13,266.16,Fall,Wednesday,False,True
6,SKU0006,2025-10-02,246,223.5,54980.96,38152.14,16828.82,0.0,214.09,Fall,Thursday,False,False
6,SKU0006,2025-10-03,192,221.22,42473.69,29777.28,12696.41,0.0,216.76,Fall,Friday,False,False
6,SKU0006,2025-10-04,330,223.48,73747.77,51179.7,22568.07,0.0,249.77,Fall,Saturday,False,False
6,SKU0006,2025-10-05,382,187.96,71801.29,59244.38,12556.91,16.76,238.92,Fall,Sunday,False,True
6,SKU0006,2025-10-06,187,252.96,47304.18,29001.83,18302.35,0.0,261.62,Fall,Monday,False,False
6,SKU0006,2025-10-07,194,216.3,41962.0,30087.46,11874.54,0.0,273.57,Fall,Tuesday,False,False
6,SKU0006,2025-10-08,195,248.66,48488.17,30242.55,18245.62,0.0,243.54,Fall,Wednesday,False,False
6,SKU0006,2025-10-09,138,250.69,34594.63,21402.42,13192.21,0.0,213.76,Fall,Thursday,False,False
6,SKU0006,2025-10-10,196,219.02,42927.74,30397.64,12530.1,0.0,237.69,Fall,Friday,False,False
6,SKU0006,2025-10-11,215,217.81,46829.95,33344.35,13485.6,0.0,273.93,Fall,Saturday,False,False
6,SKU0006,2025-10-12,226,254.9,57606.28,35050.34,22555.94,0.0,219.16,Fall,Sunday,False,False
6,SKU0006,2025-10-13,212,254.57,53969.39,32879.08,21090.31,0.0,214.5,Fall,Monday,False,False
6,SKU0006,2025-10-14,211,243.83,51447.17,32723.99,18723.18,0.0,230.79,Fall,Tuesday,False,False
6,SKU0006,2025-10-15,120,250.61,30072.8,18610.8,11462.0,0.0,256.77,Fall,Wednesday,False,False
6,SKU0006,2025-10-16,272,224.23,60991.88,42184.48,18807.4,0.0,273.96,Fall,Thursday,False,False
6,SKU0006,2025-10-17,216,225.9,48793.46,33499.44,15294.02,0.0,212.43,Fall,Friday,False,False
6,SKU0006,2025-10-18,190,262.05,49790.39,29467.1,20323.29,0.0,265.64,Fall,Saturday,False,False
6,SKU0006,2025-10-19,255,225.21,57429.22,39547.95,17881.27,0.0,236.34,Fall,Sunday,False,False
6,SKU0006,2025-10-20,337,198.08,66754.17,52265.33,14488.84,20.05,235.47,Fall,Monday,False,True
6,SKU0006,2025-10-21,195,215.25,41973.93,30242.55,11731.38,0.0,212.97,Fall,Tuesday,False,False
6,SKU0006,2025-10-22,198,243.85,48281.77,30707.82,17573.95,0.0,225.37,Fall,Wednesday,False,False
6,SKU0006,2025-10-23,195,217.44,42401.6,30242.55,12159.05,0.0,229.31,Fall,Thursday,False,False
6,SKU0006,2025-10-24,271,226.96,61507.28,42029.39,19477.89,12.6,244.45,Fall,Friday,False,True
7,SKU0007,2023-10-25,152,2070.69,314745.23,192419.84,122325.39,0.0,1672.41,Fall,Wednesday,False,False
7,SKU0007,2023-10-26,130,2110.36,274346.63,164569.6,109777.03,0.0,1682.71,Fall,Thursday,False,False
7,SKU0007,2023-10-27,192,1931.4,370828.16,243056.64,127771.52,0.0,2122.6,Fall,Friday,False,False
7,SKU0007,2023-10-28,223,2063.33,460122.56,282300.16,177822.4,0.0,1665.02,Fall,Saturday,False,False
7,SKU0007,2023-10-29,265,1816.33,481327.54,335468.8,145858.74,0.0,2121.15,Fall,Sunday,False,False
7,SKU0007,2023-10-30,188,2096.02,394051.15,237992.96,156058.19,0.0,2131.23,Fall,Monday,False,False
7,SKU0007,2023-10-31,226,2109.73,476799.51,286097.92,190701.59,0.0,2171.41,Fall,Tuesday,True,False
7,SKU0007,2023-11-01,158,2055.16,324715.22,200015.36,124699.86,0.0,2191.42,Fall,Wednesday,False,False
7,SKU0007,2023-11-02,198,2021.97,400350.31,250652.16,149698.15,0.0,1807.62,Fall,Thursday,False,False
7,SKU0007,2023-11-03,136,2059.24,280056.44,172165.12,107891.32,0.0,2159.24,Fall,Friday,False,False
7,SKU0007,2023-11-04,220,1772.32,389909.5,278502.4,111407.1,0.0,1971.9,Fall,Saturday,False,False
7,SKU0007,2023-11-05,170,2111.37,358933.03,215206.4,143726.63,0.0,2051.37,Fall,Sunday,False,False
7,SKU0007,2023-11-06,226,1885.05,426022.26,286097.92,139924.34,0.0,1692.89,Fall,Monday,False,False
7,SKU0007,2023-11-07,206,1986.06,409129.0,260779.52,148349.48,0.0,1997.2,Fall,Tuesday,False,False
7,SKU0007,2023-11-08,206,1902.89,391996.1,260779.52,131216.58,0.0,1820.06,Fall,Wednesday,False,False
7,SKU0007,2023-11-09,215,1950.36,419327.08,272172.8,147154.28,0.0,2208.84,Fall,Thursday,False,False
7,SKU0007,2023-11-10,155,1997.13,309554.66,196217.6,113337.06,0.0,2105.0,Fall,Friday,False,False
7,SKU0007,2023-11-11,431,1607.26,692728.96,545611.52,147117.44,11.95,1682.99,Fall,Saturday,False,True
